
> build
> vite build

vite v6.4.2 building for production...
<script src="/assets/vendor/bootstrap/js/bootstrap.bundle.min.js"> in "/lab-whole-brain/index.html" can't be bundled without type="module" attribute
<script src="/assets/vendor/php-email-form/validate.js"> in "/lab-whole-brain/index.html" can't be bundled without type="module" attribute
<script src="/assets/vendor/aos/aos.js"> in "/lab-whole-brain/index.html" can't be bundled without type="module" attribute
<script src="/assets/vendor/glightbox/js/glightbox.min.js"> in "/lab-whole-brain/index.html" can't be bundled without type="module" attribute
<script src="/assets/vendor/purecounter/purecounter_vanilla.js"> in "/lab-whole-brain/index.html" can't be bundled without type="module" attribute
<script src="/assets/vendor/imagesloaded/imagesloaded.pkgd.min.js"> in "/lab-whole-brain/index.html" can't be bundled without type="module" attribute
<script src="/assets/vendor/isotope-layout/isotope.pkgd.min.js"> in "/lab-whole-brain/index.html" can't be bundled without type="module" attribute
<script src="/assets/vendor/swiper/swiper-bundle.min.js"> in "/lab-whole-brain/index.html" can't be bundled without type="module" attribute
<script src="/assets/js/main.js"> in "/lab-whole-brain/index.html" can't be bundled without type="module" attribute
<script src="/assets/vendor/bootstrap/js/bootstrap.bundle.min.js"> in "/lab/index.html" can't be bundled without type="module" attribute
<script src="/assets/vendor/php-email-form/validate.js"> in "/lab/index.html" can't be bundled without type="module" attribute
<script src="/assets/vendor/aos/aos.js"> in "/lab/index.html" can't be bundled without type="module" attribute
<script src="/assets/vendor/glightbox/js/glightbox.min.js"> in "/lab/index.html" can't be bundled without type="module" attribute
<script src="/assets/vendor/purecounter/purecounter_vanilla.js"> in "/lab/index.html" can't be bundled without type="module" attribute
<script src="/assets/vendor/imagesloaded/imagesloaded.pkgd.min.js"> in "/lab/index.html" can't be bundled without type="module" attribute
<script src="/assets/vendor/isotope-layout/isotope.pkgd.min.js"> in "/lab/index.html" can't be bundled without type="module" attribute
<script src="/assets/vendor/swiper/swiper-bundle.min.js"> in "/lab/index.html" can't be bundled without type="module" attribute
<script src="/assets/js/main.js"> in "/lab/index.html" can't be bundled without type="module" attribute
<script src="/assets/js/chatbot/chatbot-widget.js"> in "/lab/index.html" can't be bundled without type="module" attribute
<script src="/assets/vendor/bootstrap/js/bootstrap.bundle.min.js"> in "/scoreboardLanding/index.html" can't be bundled without type="module" attribute
<script src="/assets/vendor/php-email-form/validate.js"> in "/scoreboardLanding/index.html" can't be bundled without type="module" attribute
<script src="/assets/vendor/aos/aos.js"> in "/scoreboardLanding/index.html" can't be bundled without type="module" attribute
<script src="/assets/vendor/glightbox/js/glightbox.min.js"> in "/scoreboardLanding/index.html" can't be bundled without type="module" attribute
<script src="/assets/vendor/purecounter/purecounter_vanilla.js"> in "/scoreboardLanding/index.html" can't be bundled without type="module" attribute
<script src="/assets/vendor/imagesloaded/imagesloaded.pkgd.min.js"> in "/scoreboardLanding/index.html" can't be bundled without type="module" attribute
<script src="/assets/vendor/isotope-layout/isotope.pkgd.min.js"> in "/scoreboardLanding/index.html" can't be bundled without type="module" attribute
<script src="/assets/vendor/swiper/swiper-bundle.min.js"> in "/scoreboardLanding/index.html" can't be bundled without type="module" attribute
<script src="/assets/js/main.js"> in "/scoreboardLanding/index.html" can't be bundled without type="module" attribute
<script src="/assets/js/chatbot/chatbot-widget.js"> in "/scoreboardLanding/index.html" can't be bundled without type="module" attribute
<script src="/assets/js/chatbot/chatbot-widget.js"> in "/index.html" can't be bundled without type="module" attribute
<script src="/assets/vendor/bootstrap/js/bootstrap.bundle.min.js"> in "/scoreboardQualitative/index.html" can't be bundled without type="module" attribute
<script src="/assets/vendor/php-email-form/validate.js"> in "/scoreboardQualitative/index.html" can't be bundled without type="module" attribute
<script src="/assets/vendor/aos/aos.js"> in "/scoreboardQualitative/index.html" can't be bundled without type="module" attribute
<script src="/assets/vendor/glightbox/js/glightbox.min.js"> in "/scoreboardQualitative/index.html" can't be bundled without type="module" attribute
<script src="/assets/vendor/purecounter/purecounter_vanilla.js"> in "/scoreboardQualitative/index.html" can't be bundled without type="module" attribute
<script src="/assets/vendor/imagesloaded/imagesloaded.pkgd.min.js"> in "/scoreboardQualitative/index.html" can't be bundled without type="module" attribute
<script src="/assets/vendor/isotope-layout/isotope.pkgd.min.js"> in "/scoreboardQualitative/index.html" can't be bundled without type="module" attribute
<script src="/assets/vendor/swiper/swiper-bundle.min.js"> in "/scoreboardQualitative/index.html" can't be bundled without type="module" attribute
<script src="/assets/js/main.js"> in "/scoreboardQualitative/index.html" can't be bundled without type="module" attribute
<script src="/assets/js/chatbot/chatbot-widget.js"> in "/scoreboardQualitative/index.html" can't be bundled without type="module" attribute
<script src="/assets/vendor/bootstrap/js/bootstrap.bundle.min.js"> in "/labLanding/index.html" can't be bundled without type="module" attribute
<script src="/assets/vendor/php-email-form/validate.js"> in "/labLanding/index.html" can't be bundled without type="module" attribute
<script src="/assets/vendor/aos/aos.js"> in "/labLanding/index.html" can't be bundled without type="module" attribute
<script src="/assets/vendor/glightbox/js/glightbox.min.js"> in "/labLanding/index.html" can't be bundled without type="module" attribute
<script src="/assets/vendor/purecounter/purecounter_vanilla.js"> in "/labLanding/index.html" can't be bundled without type="module" attribute
<script src="/assets/vendor/imagesloaded/imagesloaded.pkgd.min.js"> in "/labLanding/index.html" can't be bundled without type="module" attribute
<script src="/assets/vendor/isotope-layout/isotope.pkgd.min.js"> in "/labLanding/index.html" can't be bundled without type="module" attribute
<script src="/assets/vendor/swiper/swiper-bundle.min.js"> in "/labLanding/index.html" can't be bundled without type="module" attribute
<script src="/assets/js/main.js"> in "/labLanding/index.html" can't be bundled without type="module" attribute
<script src="/assets/js/chatbot/chatbot-widget.js"> in "/labLanding/index.html" can't be bundled without type="module" attribute
<script src="/assets/vendor/bootstrap/js/bootstrap.bundle.min.js"> in "/walkthrough/index.html" can't be bundled without type="module" attribute
<script src="/assets/vendor/bootstrap/js/bootstrap.bundle.min.js"> in "/scoreboardQuantitative/index.html" can't be bundled without type="module" attribute
<script src="/assets/vendor/php-email-form/validate.js"> in "/scoreboardQuantitative/index.html" can't be bundled without type="module" attribute
<script src="/assets/vendor/aos/aos.js"> in "/scoreboardQuantitative/index.html" can't be bundled without type="module" attribute
<script src="/assets/vendor/glightbox/js/glightbox.min.js"> in "/scoreboardQuantitative/index.html" can't be bundled without type="module" attribute
<script src="/assets/vendor/purecounter/purecounter_vanilla.js"> in "/scoreboardQuantitative/index.html" can't be bundled without type="module" attribute
<script src="/assets/vendor/imagesloaded/imagesloaded.pkgd.min.js"> in "/scoreboardQuantitative/index.html" can't be bundled without type="module" attribute
<script src="/assets/vendor/isotope-layout/isotope.pkgd.min.js"> in "/scoreboardQuantitative/index.html" can't be bundled without type="module" attribute
<script src="/assets/vendor/swiper/swiper-bundle.min.js"> in "/scoreboardQuantitative/index.html" can't be bundled without type="module" attribute
<script src="/assets/js/main.js"> in "/scoreboardQuantitative/index.html" can't be bundled without type="module" attribute
<script src="/assets/js/chatbot/chatbot-widget.js"> in "/scoreboardQuantitative/index.html" can't be bundled without type="module" attribute
transforming...
✓ 8498 modules transformed.
rendering chunks...
computing gzip size...
[vite-plugin-static-copy] Copied 2 items.
dist/assets/bp35-ZaU5Q3sS.jpeg                                                     4.13 kB
dist/assets/bp8-Bbt4xVkt.jpeg                                                      4.19 kB
dist/assets/bp24-dLdLeFeO.jpeg                                                     4.24 kB
dist/assets/bp30-BEUpg5-8.jpeg                                                     4.26 kB
dist/assets/bp41-Ci1k0dhn.jpeg                                                     4.26 kB
dist/assets/bp6-BBfpQMbw.jpeg                                                      4.31 kB
dist/assets/bp52-DxZm9pGK.jpeg                                                     4.31 kB
dist/assets/bf48-AmDXjvdl.jpeg                                                     4.32 kB
dist/assets/bp19-G_7i5RIY.jpeg                                                     4.36 kB
dist/assets/bf36-CtRAGEcs.jpeg                                                     4.38 kB
dist/assets/bf46-xmNuBiZw.jpeg                                                     4.42 kB
dist/assets/stim13-DrMjKVWK.jpeg                                                   4.49 kB
dist/assets/bf33-CpniVBZR.jpeg                                                     4.51 kB
dist/assets/stim26-Bc2jZuJy.jpeg                                                   4.52 kB
dist/assets/hammers2-Du702Sbg.jpg                                                  4.55 kB
dist/assets/pixplace17-B61QrFPZ.jpeg                                               4.57 kB
dist/assets/bp28-Cd1jXh8r.jpeg                                                     4.61 kB
dist/assets/stim21-BPaoc4A3.jpeg                                                   4.61 kB
dist/assets/1-1-closet_3-BryiuosZ.jpg                                              4.61 kB
dist/assets/stim14-BpQGAxUL.jpeg                                                   4.61 kB
dist/assets/bf39-BZBBfFwG.jpeg                                                     4.62 kB
dist/assets/bf42-fYPR_GXY.jpeg                                                     4.62 kB
dist/assets/bf20-CTwHsQP9.jpeg                                                     4.62 kB
dist/assets/pixplace13-BaOZW_8E.jpeg                                               4.64 kB
dist/assets/stim06-CwfcAmdU.jpeg                                                   4.64 kB
dist/assets/bf25-D-PFpMYn.jpeg                                                     4.67 kB
dist/assets/stim25-BIsZn-Q-.jpeg                                                   4.69 kB
dist/assets/stim18-Qi6UYaxa.jpeg                                                   4.71 kB
dist/assets/bf24-kgJ0iSyw.jpeg                                                     4.72 kB
dist/assets/stim01-CnR8pdbD.jpeg                                                   4.72 kB
dist/assets/stim29-DlXd0IJd.jpeg                                                   4.73 kB
dist/assets/bf11-CBnussW_.jpeg                                                     4.73 kB
dist/assets/stim17-Bo-b1e5V.jpeg                                                   4.74 kB
dist/assets/stim03-CJL1i7Jv.jpeg                                                   4.74 kB
dist/assets/pixplace24-DQFcLDnX.jpeg                                               4.75 kB
dist/assets/bf22-BXq6G5kX.jpeg                                                     4.75 kB
dist/assets/stim27-BvPMHAnT.jpeg                                                   4.75 kB
dist/assets/bf19-Ce32M9KV.jpeg                                                     4.76 kB
dist/assets/stim22-DJhviuwi.jpeg                                                   4.76 kB
dist/assets/hammers22-CAn92YUV.jpg                                                 4.77 kB
dist/assets/stim28-BCggahzx.jpeg                                                   4.77 kB
dist/assets/1-1-closet_5-DztFofkA.jpg                                              4.77 kB
dist/assets/pixplace32-Nq1jG8aQ.jpeg                                               4.77 kB
dist/assets/stim15-DSW_sfWm.jpeg                                                   4.80 kB
dist/assets/stim08-BuhzVr9v.jpeg                                                   4.80 kB
dist/assets/pointplace41-l0Q-mFAS.jpeg                                             4.81 kB
dist/assets/stim20-B2xI-AYz.jpeg                                                   4.82 kB
dist/assets/bf4-OHNFfRl2.jpeg                                                      4.82 kB
dist/assets/stim02-D7OVRxhu.jpeg                                                   4.83 kB
dist/assets/bf9-Cz-H0d42.jpeg                                                      4.83 kB
dist/assets/stim40-Hx7QOJTd.jpeg                                                   4.83 kB
dist/assets/stim41-CFklCFtP.jpeg                                                   4.84 kB
dist/assets/stim38-0SjjVceq.jpeg                                                   4.84 kB
dist/assets/stim35-BgWNNryf.jpeg                                                   4.84 kB
dist/assets/stim07-B9FOSKZy.jpeg                                                   4.85 kB
dist/assets/pointplace50-DTk3Gz6V.jpeg                                             4.86 kB
dist/assets/stim05-Dtjr6cf9.jpeg                                                   4.86 kB
dist/assets/hammers16-D-1X7Yhn.jpg                                                 4.86 kB
dist/assets/stim42-Bvt_VB4M.jpeg                                                   4.87 kB
dist/assets/stim54-C3KZR3i7.jpeg                                                   4.87 kB
dist/assets/stim16-Z_dFvXXl.jpeg                                                   4.88 kB
dist/assets/bp11-ZQ9vF36S.jpeg                                                     4.89 kB
dist/assets/stim24-C_wbdPya.jpeg                                                   4.90 kB
dist/assets/stim11-CsCqeo3f.jpeg                                                   4.90 kB
dist/assets/pixplace46-DDmpxbtP.jpeg                                               4.90 kB
dist/assets/stim10-DdQIiTKk.jpeg                                                   4.90 kB
dist/assets/pixplace42-CUjFjGGu.jpeg                                               4.90 kB
dist/assets/stim58-IFp48enL.jpeg                                                   4.91 kB
dist/assets/stim44-D654dKN8.jpeg                                                   4.92 kB
dist/assets/stim36-DwBJoJB5.jpeg                                                   4.93 kB
dist/assets/stim09-CETjZ5yo.jpeg                                                   4.94 kB
dist/assets/bp3-DuBJl_EJ.jpeg                                                      4.94 kB
dist/assets/pointplace49-DeAdBwtw.jpeg                                             4.94 kB
dist/assets/stim19-D3uNCpBV.jpeg                                                   4.94 kB
dist/assets/hammers23-TrMoMwDt.jpg                                                 4.94 kB
dist/assets/pixplace38-BWkCnMYX.jpeg                                               4.95 kB
dist/assets/stim59-DrO7MLUo.jpeg                                                   4.96 kB
dist/assets/stim04-Nwr6tUyj.jpeg                                                   4.97 kB
dist/assets/stim46-DujmK_05.jpeg                                                   4.97 kB
dist/assets/bf3-Bdn6NNK-.jpeg                                                      4.97 kB
dist/assets/bf32-D4_tuzQr.jpeg                                                     4.97 kB
dist/assets/stim23-CzGA3qgP.jpeg                                                   4.97 kB
dist/assets/stim12-CO3gAZaT.jpeg                                                   4.98 kB
dist/assets/hammers28-Cop8QZ4c.jpg                                                 4.98 kB
dist/assets/stim45-BRiCTMvL.jpeg                                                   4.99 kB
dist/assets/stim51-ngMAclih.jpeg                                                   5.00 kB
dist/assets/bf7-haKtA93L.jpeg                                                      5.00 kB
dist/assets/bf8-CI1xFMpR.jpeg                                                      5.00 kB
dist/assets/stim31-DKMlRDHw.jpeg                                                   5.01 kB
dist/assets/stim33-UOtHlblO.jpeg                                                   5.01 kB
dist/assets/cars11-B_JS-Y39.jpg                                                    5.02 kB
dist/assets/stim47-BmiG-Ysj.jpeg                                                   5.03 kB
dist/assets/stim49-DkJxIHtW.jpeg                                                   5.03 kB
dist/assets/bf51-CW3KZGd-.jpeg                                                     5.03 kB
dist/assets/stim30-CIeqiGlJ.jpeg                                                   5.04 kB
dist/assets/stim53-CQ_pj11o.jpeg                                                   5.04 kB
dist/assets/phones19-CydhuM6Y.jpg                                                  5.04 kB
dist/assets/3-1-garage_12-z1zqfjP0.jpg                                             5.05 kB
dist/assets/stim48-CNfrW9nX.jpeg                                                   5.05 kB
dist/assets/hammers15-B7Hvpe2m.jpg                                                 5.05 kB
dist/assets/stim43-DVAazJs6.jpeg                                                   5.05 kB
dist/assets/bf12-BBL2jO7G.jpeg                                                     5.06 kB
dist/assets/1-1-closet_7-Cqii9xpP.jpg                                              5.06 kB
dist/assets/hammers26-BYAwIN55.jpg                                                 5.06 kB
dist/assets/stim39-BclznMjX.jpeg                                                   5.06 kB
dist/assets/pixplace23-Boh4COCe.jpeg                                               5.07 kB
dist/assets/stim57-C2OOE7rL.jpeg                                                   5.09 kB
dist/assets/bf17-DK5QnDdE.jpeg                                                     5.12 kB
dist/assets/stim37-gfN8jogR.jpeg                                                   5.12 kB
dist/assets/stim52-BK6im3es.jpeg                                                   5.12 kB
dist/assets/hammers21-OpngIwhR.jpg                                                 5.13 kB
dist/assets/pixplace19-CuVMK4SQ.jpeg                                               5.14 kB
dist/assets/stim56-xkM_x-Ne.jpeg                                                   5.14 kB
dist/assets/bp25-D8_NpIit.jpeg                                                     5.15 kB
dist/assets/stim50-DqHuSbNG.jpeg                                                   5.17 kB
dist/assets/bf30-x1JgQTsd.jpeg                                                     5.18 kB
dist/assets/phones1-CPGZCJf5.jpg                                                   5.19 kB
dist/assets/bf40-B3dNX9x7.jpeg                                                     5.21 kB
dist/assets/phones17-BjVp78PJ.jpg                                                  5.21 kB
dist/assets/stim34-xZbRnwjW.jpeg                                                   5.21 kB
dist/assets/pointplace11-kX-tThvT.jpeg                                             5.22 kB
dist/assets/pointplace35-BwJRkhPs.jpeg                                             5.22 kB
dist/assets/stim32-CoFhUk2K.jpeg                                                   5.22 kB
dist/assets/phones18-moCQCsbu.jpg                                                  5.24 kB
dist/assets/tp51-CFCKSDzD.jpeg                                                     5.26 kB
dist/assets/hammers24-DKOld_ir.jpg                                                 5.27 kB
dist/assets/stim55-BmRCjiOD.jpeg                                                   5.29 kB
dist/assets/hammers17-I5Wt7rdm.jpg                                                 5.32 kB
dist/assets/1-1-closet_11-DBXa3FPH.jpg                                             5.33 kB
dist/assets/buildings2-BGRzRE5p.jpg                                                5.33 kB
dist/assets/bf10-DZahc6au.jpeg                                                     5.34 kB
dist/assets/hammers25-zwGvo8Wz.jpg                                                 5.35 kB
dist/assets/cigarette03-D83S8CbK.jpeg                                              5.36 kB
dist/assets/cats7-D9H8Xpo7.jpg                                                     5.36 kB
dist/assets/hammers27-DC1mtTao.jpg                                                 5.37 kB
dist/assets/hammers6-Dy709Iqq.jpg                                                  5.40 kB
dist/assets/pointplace30-Ke3TJ7SS.jpeg                                             5.40 kB
dist/assets/bf13-B2FM8Yo4.jpeg                                                     5.42 kB
dist/assets/hammers12-Df2tvc_t.jpg                                                 5.42 kB
dist/assets/phones12-wYnZhWH3.jpg                                                  5.43 kB
dist/assets/pointplace17-BGOxPO5n.jpeg                                             5.43 kB
dist/assets/hammers3-C09wB-w_.jpg                                                  5.43 kB
dist/assets/chairs16-ZLYh5ULG.jpg                                                  5.44 kB
dist/assets/5-4-movietheater_5-DBsDGggN.jpg                                        5.45 kB
dist/assets/bf45-BNx-KH6t.jpeg                                                     5.45 kB
dist/assets/bp44-2dywx5Hv.jpeg                                                     5.45 kB
dist/assets/bp27-BXF9llqo.jpeg                                                     5.45 kB
dist/assets/3-1-garage_5-CmDw2J94.jpg                                              5.47 kB
dist/assets/bf47-CJ75R7SC.jpeg                                                     5.49 kB
dist/assets/pixplace44-D7qJ8QzS.jpeg                                               5.49 kB
dist/assets/phones26-yUq-bXmV.jpg                                                  5.49 kB
dist/assets/bodies15-CqH9wqLN.jpg                                                  5.49 kB
dist/assets/1-1-closet_1-BuiURepf.jpg                                              5.52 kB
dist/assets/bf50-BFB71GCw.jpeg                                                     5.53 kB
dist/assets/cats29-C-4ymt1y.jpg                                                    5.55 kB
dist/assets/hammers4-Arp9eozZ.jpg                                                  5.56 kB
dist/assets/bp19-D_yqdnx6.jpeg                                                     5.57 kB
dist/assets/phones3-Bz4bJ50C.jpg                                                   5.58 kB
dist/assets/bodies2-BuRvQd37.jpg                                                   5.60 kB
dist/assets/bodies1-D74fBdLK.jpg                                                   5.62 kB
dist/assets/phones24-B-Zdv0Lc.jpg                                                  5.62 kB
dist/assets/bodies22-BMLiSlyC.jpg                                                  5.62 kB
dist/assets/phones23-op4ObhBl.jpg                                                  5.63 kB
dist/assets/pixplace51-Dj2pqPVh.jpeg                                               5.63 kB
dist/assets/bp36-BRQ2DJlS.jpeg                                                     5.63 kB
dist/assets/chairs28-DpSPECri.jpg                                                  5.63 kB
dist/assets/cars13-WzMigc0A.jpg                                                    5.65 kB
dist/assets/cars9-Cd5LOuWr.jpg                                                     5.65 kB
dist/assets/cats5-BMlC4NHd.jpg                                                     5.65 kB
dist/assets/bodies12-BxKEUCW3.jpg                                                  5.65 kB
dist/assets/bodies9-CyqA1O88.jpg                                                   5.65 kB
dist/assets/hammers1-CqdiIMwV.jpg                                                  5.68 kB
dist/assets/phones16-zWo1mKrl.jpg                                                  5.68 kB
dist/assets/cars28-B-i2Gmv3.jpg                                                    5.69 kB
dist/assets/phones27-DPdV5Hen.jpg                                                  5.70 kB
dist/assets/bf49-CCYbCvJC.jpeg                                                     5.70 kB
dist/assets/bodies18-B_wlHzkX.jpg                                                  5.71 kB
dist/assets/bf21-CCOyUou0.jpeg                                                     5.71 kB
dist/assets/bodies13-o1yn7LeB.jpg                                                  5.72 kB
dist/assets/cats4-C-lLcwCa.jpg                                                     5.72 kB
dist/assets/phones25-Dv9s4CUi.jpg                                                  5.72 kB
dist/assets/hammers13-OvyvkM2a.jpg                                                 5.72 kB
dist/assets/phones15-CanzVxhl.jpg                                                  5.72 kB
dist/assets/bf18-C-1megjL.jpeg                                                     5.73 kB
dist/assets/cars22-B654L6nr.jpg                                                    5.73 kB
dist/assets/hammers20-q6UmVtqS.jpg                                                 5.73 kB
dist/assets/cars6-XKYS7eSS.jpg                                                     5.74 kB
dist/assets/bf27-CpKcVq9A.jpeg                                                     5.74 kB
dist/assets/cars27-CM4lAlC_.jpg                                                    5.75 kB
dist/assets/Acastingladl2-DIGvQIV4.jpeg                                            5.75 kB
dist/assets/chairs21-uYiqdBUL.jpg                                                  5.76 kB
dist/assets/bf35-BQErngnE.jpeg                                                     5.77 kB
dist/assets/bp51-O9qjpoQ2.jpeg                                                     5.77 kB
dist/assets/tp26-8HRxwgfh.jpeg                                                     5.77 kB
dist/assets/cars12-B_J6H3b4.jpg                                                    5.77 kB
dist/assets/tp5-CllMGl5K.jpeg                                                      5.78 kB
dist/assets/bp26-tu3bHj3M.jpeg                                                     5.79 kB
dist/assets/pointplace20-DOseklEY.jpeg                                             5.79 kB
dist/assets/phones7-BQe60uyS.jpg                                                   5.79 kB
dist/assets/pointplace44-B9MSWgAV.jpeg                                             5.80 kB
dist/assets/5-4-movietheater_10-D0B8f14U.jpg                                       5.80 kB
dist/assets/2-3-restroom_7-oFKc0-e6.jpg                                            5.81 kB
dist/assets/pixplace1-CEaXSxDM.jpeg                                                5.82 kB
dist/assets/bodies21-DLc8KvN5.jpg                                                  5.82 kB
dist/assets/bf6-BX3P1puj.jpeg                                                      5.83 kB
dist/assets/bf34-ipNXukyt.jpeg                                                     5.83 kB
dist/assets/bf5-dpsbdQ6W.jpeg                                                      5.84 kB
dist/assets/cats12-sLcBdvZF.jpg                                                    5.86 kB
dist/assets/tp2-Bi4w4opX.jpeg                                                      5.86 kB
dist/assets/3-1-garage_6-BiEkIcVA.jpg                                              5.86 kB
dist/assets/bodies14-B8ETm7Mg.jpg                                                  5.86 kB
dist/assets/cars5-B2bg9TvY.jpg                                                     5.87 kB
dist/assets/hammers10-ChZMBHAr.jpg                                                 5.87 kB
dist/assets/pointplace43-DTfSOdy2.jpeg                                             5.87 kB
dist/assets/bodies10-VKb_hfmy.jpg                                                  5.87 kB
dist/assets/buildings26-BKZanLbb.jpg                                               5.87 kB
dist/assets/phones9-9-aQgNjy.jpg                                                   5.88 kB
dist/assets/cats21-OfTQ7UnM.jpg                                                    5.88 kB
dist/assets/faces30-BM3ETtNu.jpg                                                   5.89 kB
dist/assets/bodies16-CXnvhCfx.jpg                                                  5.90 kB
dist/assets/chairs20-DbXZWZ9V.jpg                                                  5.90 kB
dist/assets/cats9-BirfvB2t.jpg                                                     5.91 kB
dist/assets/pointplace4-DMBVSo3K.jpeg                                              5.92 kB
dist/assets/hammers9-BXgcpxgJ.jpg                                                  5.92 kB
dist/assets/hammers29-BVemvaA0.jpg                                                 5.93 kB
dist/assets/hammers8-C1wbdwDF.jpg                                                  5.93 kB
dist/assets/phones30-DWZPBFKQ.jpg                                                  5.93 kB
dist/assets/Agardeningrak-BrBsz18i.jpeg                                            5.94 kB
dist/assets/Ashovel8-zQ7YYylG.jpeg                                                 5.95 kB
dist/assets/chairs1-CbZ3P5HI.jpg                                                   5.95 kB
dist/assets/bf28-DWEXIErK.jpeg                                                     5.95 kB
dist/assets/cars16-KzqQc0Xj.jpg                                                    5.96 kB
dist/assets/phones21-CjP4brwW.jpg                                                  5.97 kB
dist/assets/bf2-tifvIgLO.jpeg                                                      5.99 kB
dist/assets/bf44-D9Apw0AU.jpeg                                                     5.99 kB
dist/assets/hammers18-C7M4qSOq.jpg                                                 5.99 kB
dist/assets/pointplace18-kvZCTdOY.jpeg                                             5.99 kB
dist/assets/cars17-DjAqeEVt.jpg                                                    6.00 kB
dist/assets/4-2-artgallery_10-mxCrbYH-.jpg                                         6.00 kB
dist/assets/bodies24-hYF1buNr.jpg                                                  6.00 kB
dist/assets/buildings20-hQ0fRC_P.jpg                                               6.01 kB
dist/assets/chairs4-BnVEn9qn.jpg                                                   6.01 kB
dist/assets/bf14-BslSxgUx.jpeg                                                     6.01 kB
dist/assets/buildings5-D9GdahOS.jpg                                                6.01 kB
dist/assets/pixplace8-mKDtrfQm.jpeg                                                6.02 kB
dist/walkthrough/index.html                                                        6.03 kB │ gzip:     2.04 kB
dist/assets/chairs15-BemfCrlq.jpg                                                  6.03 kB
dist/assets/cars8-CZyIPpzq.jpg                                                     6.03 kB
dist/assets/chairs23-C83DxLP3.jpg                                                  6.03 kB
dist/assets/bf1-BiXBlDrD.jpeg                                                      6.04 kB
dist/assets/chairs19-DxrruXQ7.jpg                                                  6.04 kB
dist/assets/bf38-D8g7y-fH.jpeg                                                     6.05 kB
dist/assets/bodies11-By568xNM.jpg                                                  6.05 kB
dist/assets/cars24-DCuKvMXN.jpg                                                    6.06 kB
dist/assets/hammers7-D7lK2StA.jpg                                                  6.07 kB
dist/assets/pointplace33-IESskscn.jpeg                                             6.08 kB
dist/assets/buildings13-C3E4waqY.jpg                                               6.08 kB
dist/assets/cars1-DVouYr9z.jpg                                                     6.08 kB
dist/assets/cats25-DfcdiJWV.jpg                                                    6.09 kB
dist/assets/pointplace37-lCE6LOp2.jpeg                                             6.09 kB
dist/assets/bp20-CI27eM4F.jpeg                                                     6.11 kB
dist/assets/pointplace29-DdVQ2oJl.jpeg                                             6.11 kB
dist/assets/chairs29-D3b0cftm.jpg                                                  6.11 kB
dist/assets/pointplace36-CDL8Zj2t.jpeg                                             6.12 kB
dist/assets/cats30-e3GOjjGC.jpg                                                    6.12 kB
dist/assets/chairs10-BNetvbtl.jpg                                                  6.12 kB
dist/assets/bf43-Bs_O3yRA.jpeg                                                     6.14 kB
dist/assets/bf37-C9Ik8NRU.jpeg                                                     6.15 kB
dist/assets/faces12-DoKmh9-r.jpg                                                   6.15 kB
dist/assets/chairs13-B7np0svM.jpg                                                  6.16 kB
dist/assets/hammers5-CtrrmLbi.jpg                                                  6.16 kB
dist/assets/phones5-CMDUuEj2.jpg                                                   6.17 kB
dist/assets/chairs6-C7nTs162.jpg                                                   6.17 kB
dist/assets/bodies20-D6IbhTSv.jpg                                                  6.18 kB
dist/assets/chairs24-Yvp5P9jl.jpg                                                  6.18 kB
dist/assets/chairs2-BgwqjG9w.jpg                                                   6.19 kB
dist/assets/pixplace29-Co_4r7ni.jpeg                                               6.19 kB
dist/assets/cats28-CGziHQ7Z.jpg                                                    6.20 kB
dist/assets/pointplace27-mBWOOl_0.jpeg                                             6.20 kB
dist/assets/pixplace40-ev-A5DiU.jpeg                                               6.20 kB
dist/assets/3-1-garage_2-CopZpnhz.jpg                                              6.21 kB
dist/assets/cats18-CRveaiY1.jpg                                                    6.21 kB
dist/assets/hammers11-xuktUCYa.jpg                                                 6.21 kB
dist/assets/pointplace34-D78vA_pJ.jpeg                                             6.21 kB
dist/assets/cats23-BIjeKJSL.jpg                                                    6.22 kB
dist/assets/pointplace9-B4pdshbz.jpeg                                              6.22 kB
dist/assets/faces17-BD6VUfgO.jpg                                                   6.23 kB
dist/assets/tp46-BlcIfYqT.jpeg                                                     6.24 kB
dist/assets/pixplace12-D5aA2eou.jpeg                                               6.24 kB
dist/assets/hammers19-DjRZPWjj.jpg                                                 6.24 kB
dist/assets/1-3-fittingroom_11-DP-B-o-a.jpg                                        6.24 kB
dist/assets/phones8-CwVjNj_W.jpg                                                   6.24 kB
dist/assets/cars23-C1zo7fI8.jpg                                                    6.25 kB
dist/assets/pointplace7-CeZTknu6.jpeg                                              6.25 kB
dist/assets/chairs3-BecAYIDg.jpg                                                   6.26 kB
dist/assets/cars30-Ds2j9S9i.jpg                                                    6.27 kB
dist/assets/cars7-DEDiyWTS.jpg                                                     6.27 kB
dist/assets/faces6-mFHvnldy.jpg                                                    6.27 kB
dist/assets/bp45-MBgC-5AB.jpeg                                                     6.27 kB
dist/assets/chairs30-DYlqtAct.jpg                                                  6.27 kB
dist/assets/cats8-ezvf3h5P.jpg                                                     6.28 kB
dist/assets/cats26-C9eA4HrS.jpg                                                    6.28 kB
dist/assets/cats19-BWJHRNTA.jpg                                                    6.28 kB
dist/assets/pixplace4-Bs2EgcFU.jpeg                                                6.29 kB
dist/assets/pixplace43-CWg7NF6X.jpeg                                               6.29 kB
dist/assets/phones22-D7gS-t_c.jpg                                                  6.29 kB
dist/assets/hammers14-BITAh33H.jpg                                                 6.30 kB
dist/assets/cats15-D9gvsLa4.jpg                                                    6.30 kB
dist/assets/pointplace31-CPrU0j0R.jpeg                                             6.30 kB
dist/assets/phones29-Ba_96c5r.jpg                                                  6.30 kB
dist/assets/pointplace3-919b4bfE.jpeg                                              6.30 kB
dist/assets/Acablelatch---CRvCv-.jpeg                                              6.31 kB
dist/assets/pointplace1-eRAoD4bX.jpeg                                              6.31 kB
dist/assets/phones13-BIhLQiLK.jpg                                                  6.32 kB
dist/assets/cars21-1V5wXYRT.jpg                                                    6.33 kB
dist/assets/5-1-ballroom_9-Cb-yD4ps.jpg                                            6.33 kB
dist/assets/cats1-B5usE_ot.jpg                                                     6.33 kB
dist/assets/cars14-DHfmTrF4.jpg                                                    6.33 kB
dist/assets/chairs25-C6gBFTTl.jpg                                                  6.34 kB
dist/assets/phones2-BGkWvzVs.jpg                                                   6.35 kB
dist/assets/faces23-LEiXUaKq.jpg                                                   6.36 kB
dist/assets/pointplace28-9kbQOvCU.jpeg                                             6.36 kB
dist/assets/cars19-DsQdg_9D.jpg                                                    6.36 kB
dist/assets/pointplace25-CJgb0JZU.jpeg                                             6.36 kB
dist/assets/pixplace5-Da2VJPUY.jpeg                                                6.37 kB
dist/assets/hammers30-Cc55_4dO.jpg                                                 6.37 kB
dist/assets/phones14-CJtTSMcF.jpg                                                  6.38 kB
dist/assets/3-1-garage_11-BD20TsiQ.jpg                                             6.39 kB
dist/assets/phones6-CAao6lly.jpg                                                   6.39 kB
dist/lab-whole-brain/index.html                                                    6.39 kB │ gzip:     2.02 kB
dist/assets/1-3-fittingroom_6-DA8QEihR.jpg                                         6.40 kB
dist/assets/pointplace46-BpHgEK3P.jpeg                                             6.40 kB
dist/assets/cats2-sG0gn2bx.jpg                                                     6.40 kB
dist/assets/faces25-DYs-T45h.jpg                                                   6.41 kB
dist/assets/chairs5-CtynPBEU.jpg                                                   6.42 kB
dist/assets/cars20-CfdXl5hd.jpg                                                    6.43 kB
dist/assets/faces22-D2kLdnMf.jpg                                                   6.43 kB
dist/assets/cats17-Dz3_qDQA.jpg                                                    6.43 kB
dist/assets/faces11-BZ-6G605.jpg                                                   6.44 kB
dist/assets/chairs17-BJDQZ4m_.jpg                                                  6.45 kB
dist/assets/phones10-9AFWUBMN.jpg                                                  6.45 kB
dist/assets/chairs14-dvWw6ADy.jpg                                                  6.45 kB
dist/assets/faces3-w-7K4JIz.jpg                                                    6.46 kB
dist/assets/cars29-C6lRrGos.jpg                                                    6.48 kB
dist/assets/bodies19-DIAjkIM3.jpg                                                  6.48 kB
dist/assets/cars2-JegwbieI.jpg                                                     6.48 kB
dist/assets/2-1-elevator_2-COT0y2lJ.jpg                                            6.49 kB
dist/assets/pointplace52-2gzjj1Xx.jpeg                                             6.51 kB
dist/assets/cats10-DoW4fhHX.jpg                                                    6.51 kB
dist/assets/2-3-restroom_1-FVQRxxs7.jpg                                            6.51 kB
dist/assets/AAGSPOON2-Df0tdFSF.jpeg                                                6.51 kB
dist/assets/pointplace24-C47bgOkY.jpeg                                             6.51 kB
dist/assets/cats14-BFjuF1sP.jpg                                                    6.52 kB
dist/assets/cats3-Clv3J8h1.jpg                                                     6.53 kB
dist/assets/cats13-kKuYk6W5.jpg                                                    6.53 kB
dist/assets/faces13-BbCaOLaj.jpg                                                   6.54 kB
dist/assets/pointplace39-BT0c9LKs.jpeg                                             6.54 kB
dist/assets/Awatch53-Df5hVEpP.jpeg                                                 6.55 kB
dist/assets/pointplace21-BR2j1o1R.jpeg                                             6.55 kB
dist/assets/cats6-yEWiOXaJ.jpg                                                     6.56 kB
dist/assets/bodies17-gt_-6aCN.jpg                                                  6.56 kB
dist/assets/faces18-DpB8B2ii.jpg                                                   6.57 kB
dist/assets/chairs18-CMIrtYaM.jpg                                                  6.59 kB
dist/assets/bf16-D5M5RSIk.jpeg                                                     6.59 kB
dist/assets/faces5-npneH32i.jpg                                                    6.59 kB
dist/assets/faces1-D7COJcou.jpg                                                    6.60 kB
dist/assets/bodies3-Bcj6CYFO.jpg                                                   6.61 kB
dist/assets/faces14-C7nmD0_Y.jpg                                                   6.61 kB
dist/assets/4-2-artgallery_1-DoaEgn2D.jpg                                          6.61 kB
dist/assets/faces10-BBwt-Rmq.jpg                                                   6.62 kB
dist/assets/bp34-ULpWvsb4.jpeg                                                     6.62 kB
dist/assets/faces15-7xlTlLV7.jpg                                                   6.62 kB
dist/assets/chairs22-BgBNerDJ.jpg                                                  6.62 kB
dist/assets/pixplace36-CEsBSi-B.jpeg                                               6.63 kB
dist/assets/cats11-DqiuqUDZ.jpg                                                    6.63 kB
dist/assets/faces7-B0Gvy1_u.jpg                                                    6.64 kB
dist/assets/cats27-CZfCXkpf.jpg                                                    6.64 kB
dist/assets/pointplace40-Ya8iYchO.jpeg                                             6.65 kB
dist/assets/pixplace31-BbuqaX5S.jpeg                                               6.66 kB
dist/assets/pixplace2-BpRB1gSg.jpeg                                                6.67 kB
dist/assets/tp18-CmMFDGST.jpeg                                                     6.67 kB
dist/assets/bodies29-CY5V3KfC.jpg                                                  6.68 kB
dist/assets/bodies7-Coydqipn.jpg                                                   6.69 kB
dist/assets/bf15-CKt-cfbq.jpeg                                                     6.69 kB
dist/assets/faces16-BOxVn-hv.jpg                                                   6.70 kB
dist/assets/cars15-BIn564Qj.jpg                                                    6.71 kB
dist/scoreboardQualitative/index.html                                              6.73 kB │ gzip:     2.12 kB
dist/assets/4-2-artgallery_6-BeTSnq3g.jpg                                          6.73 kB
dist/assets/cats22-DTRPLsOq.jpg                                                    6.73 kB
dist/assets/phones4-CMeb6hQ8.jpg                                                   6.74 kB
dist/assets/bodies23-D36zgZnD.jpg                                                  6.74 kB
dist/assets/3-1-garage_10-CP4gR-4P.jpg                                             6.74 kB
dist/assets/cats20-BUO5xpem.jpg                                                    6.74 kB
dist/assets/tp33-B-t7dUf4.jpeg                                                     6.75 kB
dist/assets/bf23-Z6l5ZqOX.jpeg                                                     6.75 kB
dist/assets/bp25-lMvlpxlq.jpeg                                                     6.76 kB
dist/assets/bp50-qSim_VZv.jpeg                                                     6.76 kB
dist/assets/chairs27-DUFRmOJw.jpg                                                  6.77 kB
dist/assets/pixplace47-DnOcObJF.jpeg                                               6.77 kB
dist/assets/bf41-xJmkgCCF.jpeg                                                     6.77 kB
dist/assets/3-2-anechoicchamber_11-B-29TXLl.jpg                                    6.77 kB
dist/assets/cars4-BFO0SEbV.jpg                                                     6.78 kB
dist/assets/phones11-DZTiiSPi.jpg                                                  6.78 kB
dist/assets/chairs8-13eEFc1i.jpg                                                   6.81 kB
dist/assets/chairs26-DLecyTNI.jpg                                                  6.81 kB
dist/assets/cars18-CsQGHbzf.jpg                                                    6.82 kB
dist/assets/pointplace8-CJKf1XTA.jpeg                                              6.82 kB
dist/assets/faces27-DonTPFEB.jpg                                                   6.83 kB
dist/assets/pointplace32-CEYNp9FN.jpeg                                             6.84 kB
dist/assets/cats24-BIaTtwFj.jpg                                                    6.85 kB
dist/assets/cars3-qKgKI-pd.jpg                                                     6.86 kB
dist/assets/bf31-3P-1cNKr.jpeg                                                     6.87 kB
dist/assets/bf29-jfCm7E1R.jpeg                                                     6.87 kB
dist/assets/chairs9-8zLJusty.jpg                                                   6.87 kB
dist/assets/pixplace20-D0TOxbLu.jpeg                                               6.88 kB
dist/assets/4-2-artgallery_11-PkRVPCPF.jpg                                         6.88 kB
dist/assets/4-1-loft_11-D1bf71L1.jpg                                               6.90 kB
dist/assets/faces2-CR2Fi_Ib.jpg                                                    6.91 kB
dist/assets/2-3-restroom_11-BYKxz5nr.jpg                                           6.91 kB
dist/assets/faces24-CJGbAkeP.jpg                                                   6.92 kB
dist/assets/phones20-D3AaAtns.jpg                                                  6.92 kB
dist/assets/4-2-artgallery_9-CvzyX7J4.jpg                                          6.93 kB
dist/assets/pixplace6-P4oXF_yD.jpeg                                                6.93 kB
dist/assets/cats16-C5emfhWw.jpg                                                    6.94 kB
dist/assets/pointplace45-CZ4j20Ol.jpeg                                             6.94 kB
dist/assets/pixplace10-SLyBuqLG.jpeg                                               6.94 kB
dist/assets/bodies8-OSsqP_hX.jpg                                                   6.95 kB
dist/assets/pixplace18-B_DyqbcO.jpeg                                               6.95 kB
dist/assets/chairs11-DHAWEOq9.jpg                                                  6.95 kB
dist/assets/pixplace26-BAJ1Jlzu.jpeg                                               6.96 kB
dist/assets/phones28-BUqN1Buk.jpg                                                  6.96 kB
dist/assets/faces9-BEBZ8Qn5.jpg                                                    6.97 kB
dist/assets/cars26-mnelh_KJ.jpg                                                    6.97 kB
dist/assets/buildings17-dq_d0zc7.jpg                                               6.97 kB
dist/assets/bf26-Di5KbYI8.jpeg                                                     7.00 kB
dist/assets/bodies27-BZhEbw2u.jpg                                                  7.00 kB
dist/assets/pointplace51-DUyJtpY-.jpeg                                             7.00 kB
dist/assets/pointplace26-KuPlmNVZ.jpeg                                             7.02 kB
dist/assets/faces26-DOYjT3aL.jpg                                                   7.04 kB
dist/assets/chairs12-Bq3cDgTT.jpg                                                  7.04 kB
dist/assets/bodies28-0UPxR0VD.jpg                                                  7.05 kB
dist/assets/bp17-FpSpKbbG.jpeg                                                     7.06 kB
dist/assets/cars10-HJR9RV3u.jpg                                                    7.06 kB
dist/assets/buildings25-ByZ3JAB4.jpg                                               7.06 kB
dist/assets/chairs7-BBNeBcux.jpg                                                   7.07 kB
dist/assets/2-3-restroom_9-C29NdM0q.jpg                                            7.08 kB
dist/assets/buildings7-CysOufVP.jpg                                                7.09 kB
dist/assets/bf52-lgSb-yvI.jpeg                                                     7.10 kB
dist/assets/pixplace11-wGIB66_-.jpeg                                               7.12 kB
dist/assets/buildings1-BtYtE4Jt.jpg                                                7.15 kB
dist/assets/4-1-loft_1-Cg3IwhrX.jpg                                                7.17 kB
dist/assets/pixplace37-BOlbm2o_.jpeg                                               7.17 kB
dist/assets/tp13-BOzymKLG.jpeg                                                     7.19 kB
dist/assets/pointplace38-4wLYABaM.jpeg                                             7.19 kB
dist/assets/bp39-Czuij2uL.jpeg                                                     7.19 kB
dist/assets/bodies4-BiMTjNXe.jpg                                                   7.20 kB
dist/assets/bp9-BraeTSgr.jpeg                                                      7.20 kB
dist/assets/buildings15-E-Zqr6Ba.jpg                                               7.22 kB
dist/assets/buildings21-CI_tNdGz.jpg                                               7.23 kB
dist/assets/bodies25-D7M9fA1D.jpg                                                  7.24 kB
dist/assets/hero-bg-DP_h3F8G.png                                                   7.25 kB
dist/assets/pointplace47-BggDOZ68.jpeg                                             7.26 kB
dist/assets/bodies6-BA1bGZDB.jpg                                                   7.26 kB
dist/assets/pixplace48-LNovEbcA.jpeg                                               7.27 kB
dist/assets/pointplace15-BDBywU0C.jpeg                                             7.28 kB
dist/lab/index.html                                                                7.28 kB │ gzip:     2.36 kB
dist/assets/buildings28-SQUIvU2k.jpg                                               7.29 kB
dist/assets/3-1-garage_4-D0fr6pO3.jpg                                              7.31 kB
dist/assets/5-1-ballroom_12-CoHwZTL3.jpg                                           7.31 kB
dist/assets/faces21-BcyIzeZp.jpg                                                   7.33 kB
dist/assets/bodies30-Di_o34MB.jpg                                                  7.33 kB
dist/assets/faces28-BYsnqmGi.jpg                                                   7.33 kB
dist/assets/3-3-japaneseroom_12-Dohgt31s.jpg                                       7.35 kB
dist/assets/buildings23-CdRGqo86.jpg                                               7.36 kB
dist/assets/pointplace42-C7pxkwZo.jpeg                                             7.36 kB
dist/assets/1-3-fittingroom_2-CyHnaRaS.jpg                                         7.38 kB
dist/assets/Atrowel37-DgOF7wMg.jpeg                                                7.41 kB
dist/assets/3-3-japaneseroom_1-BNTKCRSD.jpg                                        7.41 kB
dist/scoreboardQuantitative/index.html                                             7.41 kB │ gzip:     2.36 kB
dist/assets/buildings3-BENPPRR5.jpg                                                7.42 kB
dist/assets/Afeatherdust2-CFAc7wK3.jpeg                                            7.42 kB
dist/assets/1.73_Atrowel37-ivOIKNom.jpeg                                           7.42 kB
dist/assets/bf3-CvRT-pU5.jpeg                                                      7.44 kB
dist/assets/6-1-parkinggarage_7-Ie6nDSjY.jpg                                       7.44 kB
dist/assets/faces19-DtIMUVSU.jpg                                                   7.44 kB
dist/assets/pointplace48-Cw5GD2Hg.jpeg                                             7.45 kB
dist/assets/faces8-DriLiEvU.jpg                                                    7.45 kB
dist/assets/pixplace35-5RK6pkFO.jpeg                                               7.46 kB
dist/assets/pixplace15-VKl2EVMp.jpeg                                               7.46 kB
dist/assets/bp35-Wz8uJAFp.jpeg                                                     7.48 kB
dist/assets/pointplace10-rUWlKLuU.jpeg                                             7.48 kB
dist/assets/Acanopener4-QE_1zWLc.jpeg                                              7.48 kB
dist/assets/apple-touch-icon-CxPMkhUV.png                                          7.49 kB
dist/assets/refridgerator-5uG7L5DI.jpeg                                            7.50 kB
dist/assets/tp17--NwzuI-1.jpeg                                                     7.51 kB
dist/assets/bodies26-DZcZOZiX.jpg                                                  7.51 kB
dist/assets/buildings27-BPnbbxFf.jpg                                               7.51 kB
dist/assets/buildings30-B56346ba.jpg                                               7.52 kB
dist/assets/1-4-tent_4-CNuAtNry.jpg                                                7.52 kB
dist/assets/buildings14-COrSPXVU.jpg                                               7.52 kB
dist/assets/buildings19-DTJKCn8N.jpg                                               7.54 kB
dist/assets/pointplace19-qyB4LwZx.jpeg                                             7.54 kB
dist/assets/0.56_refridgerator-B0TDlXJZ.jpeg                                       7.55 kB
dist/assets/5-4-movietheater_4-BrbQpIdR.jpg                                        7.55 kB
dist/assets/1-4-tent_11-gI6fa9__.jpg                                               7.55 kB
dist/assets/cars25--NfixOcZ.jpg                                                    7.56 kB
dist/assets/tp20-B3Uqgmis.jpeg                                                     7.56 kB
dist/assets/buildings9-Cj-6TNeA.jpg                                                7.61 kB
dist/assets/buildings29-BGvex7pa.jpg                                               7.61 kB
dist/assets/pixplace52-CxIwTfwx.jpeg                                               7.62 kB
dist/assets/pointplace22-Dshxb0iG.jpeg                                             7.64 kB
dist/assets/5-3-hangar_8-D_8KH95l.jpg                                              7.65 kB
dist/assets/faces20-D3q2aymM.jpg                                                   7.65 kB
dist/assets/pointplace2-DQeEQzGC.jpeg                                              7.65 kB
dist/assets/bodies5-DfY-Drs5.jpg                                                   7.65 kB
dist/assets/1-2-shower_2-B9KguM1Z.jpg                                              7.65 kB
dist/assets/pixface24-CMXx7KlH.jpeg                                                7.66 kB
dist/assets/3-1-garage_7-C7oNHlqx.jpg                                              7.68 kB
dist/assets/4-1-loft_2-B6KZ7piw.jpg                                                7.71 kB
dist/assets/buildings6-DIlZc--r.jpg                                                7.71 kB
dist/assets/bp30-BqPMSFvX.jpeg                                                     7.73 kB
dist/assets/bp1-CX18NLXa.jpeg                                                      7.74 kB
dist/assets/6-1-parkinggarage_4-C6isBmd0.jpg                                       7.76 kB
dist/assets/pixplace16-BrJoSwkM.jpeg                                               7.77 kB
dist/assets/3-3-japaneseroom_8-cl1LHs6m.jpg                                        7.78 kB
dist/assets/4-6-airplane_3-D5i3r5W_.jpg                                            7.80 kB
dist/assets/0.65_5.6_obj_3688-CasTFeLC.jpeg                                        7.80 kB
dist/assets/stim04-DK5Jt4XK.jpeg                                                   7.82 kB
dist/assets/bp15-BEFplAAF.jpeg                                                     7.84 kB
dist/assets/buildings4-CNWGMKm1.jpg                                                7.84 kB
dist/assets/buildings18-Dxfc1YSI.jpg                                               7.84 kB
dist/assets/bp31-AFHu5-aA.jpeg                                                     7.85 kB
dist/assets/Anetworkplug3-CLRciE0O.jpeg                                            7.86 kB
dist/assets/4-1-loft_9-BzWhW7GW.jpg                                                7.88 kB
dist/assets/6-1-parkinggarage_2-Ba3kHaG8.jpg                                       7.90 kB
dist/assets/pixplace34-CarSxsjq.jpeg                                               7.91 kB
dist/assets/pixplace33-CrwW3ojd.jpeg                                               7.91 kB
dist/assets/tp9-DqYT-EhO.jpeg                                                      7.94 kB
dist/assets/pointplace5-D9VIbZ_A.jpeg                                              7.94 kB
dist/assets/faces4-4au7T5Hd.jpg                                                    7.94 kB
dist/assets/pixplace30-BdMiW4C6.jpeg                                               7.95 kB
dist/assets/drumsticks01-C1zqmko3.jpeg                                             7.96 kB
dist/assets/APEN3-DRAdgz8W.jpeg                                                    7.96 kB
dist/assets/4-1-loft_7-D4vWf37f.jpg                                                7.96 kB
dist/assets/buildings22-BxOfucFd.jpg                                               7.97 kB
dist/assets/buildings24-C8xe11Mj.jpg                                               7.97 kB
dist/assets/pixplace27-Bzga0l1n.jpeg                                               7.97 kB
dist/assets/pixplace28-CbnERlwR.jpeg                                               7.98 kB
dist/assets/4-2-artgallery_3-CFmMUYZs.jpg                                          8.00 kB
dist/assets/pixface36-C5ZR6fIH.jpeg                                                8.00 kB
dist/assets/bf46-CIcm0kT7.jpeg                                                     8.01 kB
dist/assets/bp4-CE5ZU245.jpeg                                                      8.01 kB
dist/assets/1-3-fittingroom_5-BzH1QrvF.jpg                                         8.02 kB
dist/assets/5-1-ballroom_5-7SgC7zKd.jpg                                            8.03 kB
dist/assets/buildings8-DigDATfA.jpg                                                8.03 kB
dist/assets/6-1-parkinggarage_10-DfOaIL0o.jpg                                      8.04 kB
dist/assets/4-1-loft_4-oXK1MTU-.jpg                                                8.05 kB
dist/assets/6-3-airport_11-DQ3xLzgl.jpg                                            8.06 kB
dist/assets/logo-VayNE7NI.svg                                                      8.07 kB │ gzip:     3.50 kB
dist/assets/Aclothespin2-D0tU7n4a.jpeg                                             8.07 kB
dist/assets/pixplace39-BxMQ4cnM.jpeg                                               8.08 kB
dist/assets/buildings11-CCCceh6q.jpg                                               8.08 kB
dist/assets/tf25-8gVMvACU.jpeg                                                     8.10 kB
dist/assets/6-1-parkinggarage_11-Bu9gx4-v.jpg                                      8.11 kB
dist/assets/bp38-Z-She55j.jpeg                                                     8.12 kB
dist/assets/pixplace9-ChOeZYlq.jpeg                                                8.12 kB
dist/assets/3-3-japaneseroom_3-Cw6jJkjv.jpg                                        8.12 kB
dist/assets/pixface37-DCOVxSlB.jpeg                                                8.13 kB
dist/assets/pointface38-B9ljsY-z.jpeg                                              8.13 kB
dist/assets/2-3-restroom_6-bLv6s04u.jpg                                            8.13 kB
dist/assets/faces29-CYw8rYY8.jpg                                                   8.13 kB
dist/assets/4-3-lobby_6-BfpeSdAF.jpg                                               8.14 kB
dist/assets/tp27-jfBdJxhR.jpeg                                                     8.15 kB
dist/assets/buildings16-BkqBmToq.jpg                                               8.16 kB
dist/assets/2-1-elevator_3-B2uU2BBC.jpg                                            8.17 kB
dist/assets/1-3-fittingroom_12-CAh62LFH.jpg                                        8.19 kB
dist/assets/pointplace23-BhT92LpU.jpeg                                             8.20 kB
dist/assets/5-4-movietheater_6-B7WWN1lJ.jpg                                        8.21 kB
dist/assets/pixplace7-BGPkAadF.jpeg                                                8.21 kB
dist/assets/5-4-movietheater_3-CPeu8mh1.jpg                                        8.21 kB
dist/assets/ASCISSO29-DPf4w3TB.jpeg                                                8.22 kB
dist/assets/bp3-vMltbWXG.jpeg                                                      8.22 kB
dist/assets/pixface7-B8k8uBLB.jpeg                                                 8.23 kB
dist/assets/bf2-nn_jxKeu.jpeg                                                      8.26 kB
dist/assets/pixplace14-BQ0_S0Fj.jpeg                                               8.26 kB
dist/assets/furnarr20-D9j0nkPm.jpeg                                                8.28 kB
dist/assets/2-1-elevator_9-DASVI1hU.jpg                                            8.28 kB
dist/assets/pixface9-7TC8A7DC.jpeg                                                 8.28 kB
dist/assets/tp22-U2kvJFOs.jpeg                                                     8.29 kB
dist/assets/bp46-BL3TLvMB.jpeg                                                     8.29 kB
dist/assets/buildings12-DkwfSN01.jpg                                               8.29 kB
dist/assets/pixface4-CY_Amgjk.jpeg                                                 8.33 kB
dist/assets/bp21-H-r7jtDH.jpeg                                                     8.33 kB
dist/assets/2-4-bathroom_7-CWctGCUt.jpg                                            8.34 kB
dist/assets/0.82_D_bathtub-B_xGYyLC.jpeg                                           8.34 kB
dist/assets/D_bathtub-d1X6RfqO.jpeg                                                8.34 kB
dist/assets/pixface45-CeZjFx6_.jpeg                                                8.35 kB
dist/assets/pixface51-BOfCog3V.jpeg                                                8.35 kB
dist/assets/3-3-japaneseroom_10-BC0Ou56Z.jpg                                       8.37 kB
dist/assets/6-1-parkinggarage_6-BW1AenJM.jpg                                       8.39 kB
dist/assets/4-2-artgallery_2-C327cgxK.jpg                                          8.40 kB
dist/assets/2-1-elevator_11-Bze0qyn4.jpg                                           8.40 kB
dist/assets/4-1-loft_5-CSNdiiLl.jpg                                                8.41 kB
dist/assets/2-1-elevator_5-BHgpXWuh.jpg                                            8.41 kB
dist/assets/pixface39-v52JsbOK.jpeg                                                8.42 kB
dist/assets/2-3-restroom_4-CoK9F_Z4.jpg                                            8.42 kB
dist/assets/pointplace14-BRq3dBiJ.jpeg                                             8.43 kB
dist/assets/tp49-BoCL7v4L.jpeg                                                     8.43 kB
dist/assets/3-1-garage_9-BD5XpG3T.jpg                                              8.43 kB
dist/assets/4-6-airplane_4-BcxlrBkS.jpg                                            8.44 kB
dist/assets/6-1-parkinggarage_5-CawoPa3X.jpg                                       8.44 kB
dist/assets/bf40-03vgGffP.jpeg                                                     8.45 kB
dist/assets/pixface28-CLblAuZ2.jpeg                                                8.46 kB
dist/assets/2-1-elevator_1-BHzM24Rh.jpg                                            8.48 kB
dist/assets/pointface18-T_0YrNn2.jpeg                                              8.48 kB
dist/assets/Aantiquekey3-De_T28uG.jpeg                                             8.49 kB
dist/assets/pixface5-D82wJYcR.jpeg                                                 8.49 kB
dist/assets/pointface40-dmuo0hn2.jpeg                                              8.50 kB
dist/assets/3-3-japaneseroom_4-Dib39lbF.jpg                                        8.50 kB
dist/assets/2-4-bathroom_2-CFiwtz-m.jpg                                            8.51 kB
dist/assets/bf25-C-dt2fp8.jpeg                                                     8.51 kB
dist/assets/3-3-japaneseroom_7-gpBw8se3.jpg                                        8.51 kB
dist/assets/pointface8-D5GKHNYw.jpeg                                               8.51 kB
dist/assets/3-4-hairsalon_2-Cn0zhrlp.jpg                                           8.52 kB
dist/assets/pixplace45-voqwXcFm.jpeg                                               8.52 kB
dist/assets/2-3-restroom_12-Bp7Tq3_k.jpg                                           8.53 kB
dist/assets/5-5-barrelstorage_11-B8Cy-k4B.jpg                                      8.54 kB
dist/assets/6-1-parkinggarage_1-B934yypc.jpg                                       8.55 kB
dist/assets/3-3-japaneseroom_6-CI_7CAGb.jpg                                        8.55 kB
dist/assets/bf19-Cclcd0zS.jpeg                                                     8.56 kB
dist/assets/bp12-Dd68k05H.jpeg                                                     8.56 kB
dist/assets/pixface25-C6J80OXY.jpeg                                                8.58 kB
dist/assets/1-3-fittingroom_4-DG2ASoS9.jpg                                         8.58 kB
dist/assets/bp49-B7MRL75V.jpeg                                                     8.58 kB
dist/assets/pointface19-Dr9yldcA.jpeg                                              8.59 kB
dist/assets/tp15-CIkib6Nj.jpeg                                                     8.60 kB
dist/assets/6-2-warehouse_1-CYi5ABS3.jpg                                           8.61 kB
dist/assets/Aclock261-CenHjt7h.jpeg                                                8.62 kB
dist/assets/Acucumber2-DIEDqDKI.jpeg                                               8.63 kB
dist/assets/pixplace41-B67LNp31.jpeg                                               8.63 kB
dist/assets/tf39-DTw5hRlF.jpeg                                                     8.64 kB
dist/assets/pixface41-0N9MZnWC.jpeg                                                8.64 kB
dist/assets/pointface14-CHEGf5IF.jpeg                                              8.64 kB
dist/assets/pixface49-CU7f_Od6.jpeg                                                8.66 kB
dist/assets/pointface34-Dp1653TO.jpeg                                              8.68 kB
dist/assets/tf23-DHnd5WTs.jpeg                                                     8.68 kB
dist/assets/1-2-shower_5-BqI6ieng.jpg                                              8.68 kB
dist/assets/pointface36-Bf6JA6pF.jpeg                                              8.68 kB
dist/assets/tf41-DFK2YQXj.jpeg                                                     8.68 kB
dist/assets/2-3-restroom_8-BC3RdkLG.jpg                                            8.69 kB
dist/assets/pixface6-587FF8xf.jpeg                                                 8.69 kB
dist/assets/pointface52-BvZcKRLQ.jpeg                                              8.71 kB
dist/assets/buildings10-Cun8Fnaf.jpg                                               8.71 kB
dist/assets/tf31-BedIA2sP.jpeg                                                     8.72 kB
dist/assets/pointface10-DmqF-WaT.jpeg                                              8.73 kB
dist/assets/1-4-tent_7-B3DLOmcR.jpg                                                8.73 kB
dist/assets/pixface34-Bn7coxiw.jpeg                                                8.73 kB
dist/assets/Aenvelope3-Cu6tVASo.jpeg                                               8.73 kB
dist/assets/pixface38-Ophwk6wC.jpeg                                                8.74 kB
dist/assets/4-6-airplane_5-VJsiiPzy.jpg                                            8.77 kB
dist/assets/1.96_Acoathanger4-CV6lX_z3.jpeg                                        8.79 kB
dist/assets/Acoathanger4-3n9OM3sG.jpeg                                             8.79 kB
dist/assets/6-1-parkinggarage_3-C_A77cxp.jpg                                       8.79 kB
dist/assets/pixface20-iBzJsm4J.jpeg                                                8.80 kB
dist/assets/4-1-loft_6-W5XzrV1P.jpg                                                8.80 kB
dist/assets/0.55_AMAGNGLA3-CVWwUmpi.jpeg                                           8.81 kB
dist/assets/tp1-DpaNlvem.jpeg                                                      8.83 kB
dist/assets/pointface50-hgpUPrjY.jpeg                                              8.86 kB
dist/assets/4-1-loft_8-DNaJ25-2.jpg                                                8.86 kB
dist/assets/AMAGNGLA3-D77Fw3Qk.jpeg                                                8.86 kB
dist/assets/pixplace50-BF3SBT1q.jpeg                                               8.86 kB
dist/assets/tf19-LHd3qjV4.jpeg                                                     8.87 kB
dist/assets/bp23-_AWxQxUO.jpeg                                                     8.87 kB
dist/assets/4-3-lobby_10-B-KiFnyq.jpg                                              8.88 kB
dist/assets/2-3-restroom_10-CSIX9XBB.jpg                                           8.89 kB
dist/assets/bf16-Ddcs5Dkn.jpeg                                                     8.90 kB
dist/assets/tf14-xraTcGBP.jpeg                                                     8.90 kB
dist/assets/6-3-airport_2-6pHinBud.jpg                                             8.90 kB
dist/assets/bf29-BBTK3ht_.jpeg                                                     8.90 kB
dist/assets/pointplace6-210PXr-c.jpeg                                              8.92 kB
dist/assets/pointface5-Cbrbp9Ig.jpeg                                               8.93 kB
dist/assets/6-3-airport_3-DzvldmN9.jpg                                             8.94 kB
dist/assets/4-4-gym_10-7jAdQADY.jpg                                                8.94 kB
dist/assets/pixplace21-BaLsHsLX.jpeg                                               8.94 kB
dist/assets/pointface29-BCh0d-d3.jpeg                                              8.94 kB
dist/assets/6-3-airport_6-DZ0CUI19.jpg                                             8.95 kB
dist/assets/tf16-FI6hkbC5.jpeg                                                     8.96 kB
dist/assets/pixface19-DLVOY3cs.jpeg                                                8.96 kB
dist/assets/tf22-CKO9cJ_N.jpeg                                                     8.96 kB
dist/assets/tf37-DxQOJ18N.jpeg                                                     8.96 kB
dist/assets/bf8-XN984wvg.jpeg                                                      8.97 kB
dist/assets/pixplace22-CU70q02C.jpeg                                               8.97 kB
dist/assets/AMAILBO28-D_0pj9x0.jpeg                                                8.97 kB
dist/assets/bf4-C7yPq1Om.jpeg                                                      8.99 kB
dist/assets/4-2-artgallery_5-BRe0AWyu.jpg                                          8.99 kB
dist/assets/pixface10-BWTtYehH.jpeg                                                9.00 kB
dist/assets/1-2-shower_4-CCaWFFMl.jpg                                              9.01 kB
dist/assets/4-6-airplane_2-CBFDesDh.jpg                                            9.01 kB
dist/assets/2-4-bathroom_6-BvCyVYa-.jpg                                            9.02 kB
dist/assets/pointface43-Cr3zani5.jpeg                                              9.03 kB
dist/assets/pointface22-B4e5HbIC.jpeg                                              9.04 kB
dist/assets/bf14-eJQUj-CP.jpeg                                                     9.04 kB
dist/assets/pixface16-CqcngQca.jpeg                                                9.05 kB
dist/assets/4-6-airplane_6-CzR0MphT.jpg                                            9.05 kB
dist/assets/pointface45-H07T0oKq.jpeg                                              9.07 kB
dist/assets/3-2-anechoicchamber_1-Bge5REZq.jpg                                     9.07 kB
dist/assets/pixface32-D71aTM9S.jpeg                                                9.08 kB
dist/assets/tf52-ihxNO99_.jpeg                                                     9.11 kB
dist/assets/pixface35-B2rvtEbN.jpeg                                                9.11 kB
dist/assets/pixface8-saIFETtr.jpeg                                                 9.11 kB
dist/assets/pointface31-BJDnIKr4.jpeg                                              9.13 kB
dist/assets/2-6-movingtruck_11-BjySjrfR.jpg                                        9.13 kB
dist/assets/pixface18-AZahrWPO.jpeg                                                9.13 kB
dist/assets/bf12-CXInDAG0.jpeg                                                     9.14 kB
dist/assets/pixface52-BnrLbmdC.jpeg                                                9.14 kB
dist/assets/5-1-ballroom_7-ICObiGP7.jpg                                            9.14 kB
dist/assets/5-5-barrelstorage_12-xRFaNz-Z.jpg                                      9.16 kB
dist/assets/1-5-cockpit_6-BN4eTXjo.jpg                                             9.16 kB
dist/assets/pointface46-CRFvcYK3.jpeg                                              9.16 kB
dist/assets/pointface17-DMH2OTcN.jpeg                                              9.16 kB
dist/assets/bf10-D6Nk0gqQ.jpeg                                                     9.17 kB
dist/assets/A_teabag-CO-ePG0C.jpeg                                                 9.18 kB
dist/assets/pointface1-Cc4S4Zji.jpeg                                               9.19 kB
dist/assets/1-2-shower_12-BkUf8O6T.jpg                                             9.19 kB
dist/assets/Adart7-BiTrhezl.jpeg                                                   9.19 kB
dist/assets/bf7-B4mIKvcy.jpeg                                                      9.20 kB
dist/assets/9-IntScram_20_nobackground-BbVQloSh.jpeg                               9.20 kB
dist/assets/2-1-elevator_6-CC-1lLys.jpg                                            9.20 kB
dist/assets/pixface12-Dodiglp8.jpeg                                                9.20 kB
dist/assets/pixface21-DgFpn1xj.jpeg                                                9.20 kB
dist/assets/pixface43-B2vjq6Fp.jpeg                                                9.20 kB
dist/assets/3-5-workshop_2-SWM3f_C7.jpg                                            9.21 kB
dist/assets/pixface31-FSSakswq.jpeg                                                9.21 kB
dist/assets/3-3-japaneseroom_2-CYrT9txA.jpg                                        9.21 kB
dist/assets/pixface29-DutHfXc-.jpeg                                                9.23 kB
dist/assets/3-2-anechoicchamber_4-BtjXUr6W.jpg                                     9.23 kB
dist/assets/Azucchini9-Dp45nxkU.jpeg                                               9.24 kB
dist/assets/pointface48-DDsyp4jK.jpeg                                              9.24 kB
dist/assets/2-2-sauna_2-Br2wd49_.jpg                                               9.24 kB
dist/assets/2-3-restroom_5-Ca1gyh34.jpg                                            9.25 kB
dist/assets/tf38-DvXOrDxs.jpeg                                                     9.25 kB
dist/assets/pixface27-C5jvNXG7.jpeg                                                9.25 kB
dist/assets/pixface33-BEJfXUU9.jpeg                                                9.25 kB
dist/assets/tf48-B8hxBny8.jpeg                                                     9.26 kB
dist/assets/tf11-CTTQuqPC.jpeg                                                     9.27 kB
dist/assets/tf51-C3cSRaP3.jpeg                                                     9.28 kB
dist/assets/4-6-airplane_11-BYjRD1nA.jpg                                           9.28 kB
dist/assets/tf10-Mh4H3ddb.jpeg                                                     9.28 kB
dist/assets/tf21-xkfphXha.jpeg                                                     9.29 kB
dist/assets/tf47-eF7wZeot.jpeg                                                     9.29 kB
dist/assets/pixface2-DzzHvTJb.jpeg                                                 9.29 kB
dist/assets/bf9-tpYdjxYL.jpeg                                                      9.31 kB
dist/assets/bf23-pdfWzf1j.jpeg                                                     9.31 kB
dist/assets/5-1-ballroom_4-CeANBRFs.jpg                                            9.32 kB
dist/assets/pixface48-C9cifES8.jpeg                                                9.34 kB
dist/assets/2-4-bathroom_9-Bfak-7_V.jpg                                            9.34 kB
dist/assets/pixface44-DUPZyCkQ.jpeg                                                9.35 kB
dist/assets/bf39-z3aLtKlF.jpeg                                                     9.36 kB
dist/assets/pixface1-BNdSjkmi.jpeg                                                 9.37 kB
dist/assets/pixface11-BNQwxRSa.jpeg                                                9.37 kB
dist/assets/tf29-D3mzXXCT.jpeg                                                     9.37 kB
dist/assets/bp42-CnAk6NEE.jpeg                                                     9.38 kB
dist/assets/tf5-CZYXAuY5.jpeg                                                      9.39 kB
dist/assets/tf50-CxKfqvBf.jpeg                                                     9.40 kB
dist/assets/2-5-walkincloset_9-s_Zi5pKA.jpg                                        9.40 kB
dist/assets/bf52-niJZorPa.jpeg                                                     9.40 kB
dist/assets/pointface20-DVz0GXF9.jpeg                                              9.40 kB
dist/assets/tf24-BbRVZyRM.jpeg                                                     9.40 kB
dist/assets/tf35-vD5b0Pjr.jpeg                                                     9.40 kB
dist/assets/1-2-shower_1-CKn5OX8m.jpg                                              9.40 kB
dist/assets/pointplace13-Ci8__M2J.jpeg                                             9.41 kB
dist/assets/5-3-hangar_9-3cTvAVMu.jpg                                              9.41 kB
dist/assets/tf6-DnVthJJT.jpeg                                                      9.41 kB
dist/assets/pointface28-NcxADIhD.jpeg                                              9.42 kB
dist/assets/1-3-fittingroom_8-DaAeIR-t.jpg                                         9.42 kB
dist/assets/pixface30-DV5wkC1K.jpeg                                                9.42 kB
dist/assets/4-3-lobby_8-CXCXtpgT.jpg                                               9.44 kB
dist/assets/pixface42-Dnpx7QJZ.jpeg                                                9.45 kB
dist/assets/tf43-DmbiPYLC.jpeg                                                     9.46 kB
dist/assets/2-5-walkincloset_5-Bclrsu8w.jpg                                        9.47 kB
dist/assets/pixplace3-B4egbR0M.jpeg                                                9.48 kB
dist/assets/2-2-sauna_1-BT6LjJgV.jpg                                               9.48 kB
dist/assets/pixface15-DaFbiJOg.jpeg                                                9.49 kB
dist/assets/pointface11-DGCSEC89.jpeg                                              9.49 kB
dist/assets/pointplace12-CTHqKJ62.jpeg                                             9.49 kB
dist/assets/4-5-banquethall_4-C2tBmpp-.jpg                                         9.49 kB
dist/assets/pointface44-CAdGDbnz.jpeg                                              9.50 kB
dist/assets/1-2-shower_6-DFnT65aq.jpg                                              9.51 kB
dist/assets/bp10-B94upM8u.jpeg                                                     9.51 kB
dist/assets/pixface23-Des1zExT.jpeg                                                9.51 kB
dist/assets/tf18-BPY1zg9n.jpeg                                                     9.51 kB
dist/assets/Anailpolish-CcUaJbj1.jpeg                                              9.51 kB
dist/assets/tf45-DaN4LpQs.jpeg                                                     9.51 kB
dist/assets/tp11-DlCQw0HQ.jpeg                                                     9.52 kB
dist/assets/pointface25-D2B13O8M.jpeg                                              9.53 kB
dist/assets/pointface9-gs6qKoTO.jpeg                                               9.53 kB
dist/assets/3-1-garage_1-C__Nwui-.jpg                                              9.53 kB
dist/assets/tf27-D1w9o3_B.jpeg                                                     9.53 kB
dist/assets/4-2-artgallery_12-BtkvmIp0.jpg                                         9.54 kB
dist/assets/tp31-BOmqpj_J.jpeg                                                     9.54 kB
dist/assets/tf46-1DZT6gzo.jpeg                                                     9.55 kB
dist/assets/tf1-D4mam77n.jpeg                                                      9.55 kB
dist/assets/2-1-elevator_4-ZK0hDTz8.jpg                                            9.56 kB
dist/assets/1-3-fittingroom_7-CTPtRGhx.jpg                                         9.56 kB
dist/assets/pointface15-C0QG0G77.jpeg                                              9.57 kB
dist/assets/4-1-loft_12-D6B6ZZ02.jpg                                               9.58 kB
dist/assets/pointface37-DGl87TFp.jpeg                                              9.58 kB
dist/assets/4-2-artgallery_4-DyjobC45.jpg                                          9.58 kB
dist/assets/pointface47-DrNNmfbH.jpeg                                              9.58 kB
dist/assets/tf36-CErj474-.jpeg                                                     9.59 kB
dist/assets/2-1-elevator_8-BITazvQa.jpg                                            9.60 kB
dist/assets/2-4-bathroom_1-wRrkA4_b.jpg                                            9.60 kB
dist/assets/pointface30-C54l4j6D.jpeg                                              9.61 kB
dist/assets/1-2-shower_11-DiWLUNmv.jpg                                             9.61 kB
dist/assets/6-1-parkinggarage_8-BuvP3Z6z.jpg                                       9.62 kB
dist/assets/2-6-movingtruck_3-Mn_zwwbC.jpg                                         9.62 kB
dist/assets/tf44-C9iYKEId.jpeg                                                     9.63 kB
dist/assets/bf26-BXvCayY0.jpeg                                                     9.63 kB
dist/assets/pointface24-DcADpKYv.jpeg                                              9.65 kB
dist/assets/2-1-elevator_7-tSQRlnVI.jpg                                            9.65 kB
dist/assets/4-6-airplane_1-Cu4Xnv_C.jpg                                            9.65 kB
dist/assets/2-2-sauna_5-iBrJuuwX.jpg                                               9.65 kB
dist/assets/tf7-DM_waBgi.jpeg                                                      9.65 kB
dist/assets/pointface42-rGj9s7rr.jpeg                                              9.65 kB
dist/assets/tp10-D4tUZ9ad.jpeg                                                     9.65 kB
dist/assets/2-2-sauna_9-BLjIdYTv.jpg                                               9.67 kB
dist/assets/pointplace16-B_5LRjbh.jpeg                                             9.67 kB
dist/assets/1-4-tent_6-DjObkMaJ.jpg                                                9.68 kB
dist/assets/bf47-D-m-OFDT.jpeg                                                     9.69 kB
dist/assets/bf1-Bxvf-FTD.jpeg                                                      9.69 kB
dist/assets/pixface22-V92ej8Oe.jpeg                                                9.70 kB
dist/assets/stim29-enC36rmO.jpeg                                                   9.70 kB
dist/assets/1-3-fittingroom_10-DQZpaPad.jpg                                        9.70 kB
dist/assets/5-3-hangar_10-B8elVJu4.jpg                                             9.70 kB
dist/assets/mailbox-DC4Nd6Mo.jpeg                                                  9.70 kB
dist/labLanding/index.html                                                         9.70 kB │ gzip:     3.12 kB
dist/assets/1-2-shower_3-BG6pJpuH.jpg                                              9.73 kB
dist/assets/tf28-DUVWl-VL.jpeg                                                     9.73 kB
dist/assets/pixface26-CwyLYGUO.jpeg                                                9.74 kB
dist/assets/pixface17-CsThyaTJ.jpeg                                                9.74 kB
dist/assets/pointface12-kC0S_r9W.jpeg                                              9.74 kB
dist/assets/bf27-BVMYb01K.jpeg                                                     9.75 kB
dist/assets/pointface13-yEley6RI.jpeg                                              9.75 kB
dist/assets/tf30-D78wc224.jpeg                                                     9.76 kB
dist/assets/pointface3-wxvFUdpt.jpeg                                               9.76 kB
dist/assets/tf4-D7P2v36r.jpeg                                                      9.76 kB
dist/assets/2-2-sauna_4-Bj1LBhkH.jpg                                               9.77 kB
dist/assets/1-3-fittingroom_9-DlYZIZpE.jpg                                         9.77 kB
dist/assets/1-4-tent_9-Q_wW44io.jpg                                                9.77 kB
dist/assets/Ascrewdriver-CndwcRW2.jpeg                                             9.77 kB
dist/assets/pixface14-DOrLm059.jpeg                                                9.78 kB
dist/assets/pointface32-CNyLBMoS.jpeg                                              9.78 kB
dist/assets/3-6-messygarage_9-Bnnur-Zy.jpg                                         9.78 kB
dist/assets/6-3-airport_7-B1CBfnTT.jpg                                             9.78 kB
dist/assets/stim25-hnB-0-fm.jpeg                                                   9.78 kB
dist/assets/tf15-CtbZje6R.jpeg                                                     9.79 kB
dist/assets/3-3-japaneseroom_9-9HvhVGGp.jpg                                        9.79 kB
dist/assets/pixface50-CIEOrKv9.jpeg                                                9.80 kB
dist/assets/1-2-shower_8-CtYETa8o.jpg                                              9.82 kB
dist/assets/pointface4-mUcuTpKJ.jpeg                                               9.82 kB
dist/assets/bp2-CiZoJnTU.jpeg                                                      9.83 kB
dist/assets/AFEATHE36-2s333Uo5.jpeg                                                9.84 kB
dist/assets/2-4-bathroom_4-C34Fd9X3.jpg                                            9.86 kB
dist/assets/6-2-warehouse_12-BA0TxpfO.jpg                                          9.86 kB
dist/assets/4-1-loft_3-X_B1vXOx.jpg                                                9.87 kB
dist/assets/pointface16-UuWe_Sfc.jpeg                                              9.87 kB
dist/assets/4-6-airplane_12-CdPt0qZJ.jpg                                           9.87 kB
dist/assets/stim21-Vl7qk6OS.jpeg                                                   9.87 kB
dist/assets/5-3-hangar_3-BX5AjAnr.jpg                                              9.88 kB
dist/assets/stim33-KsEBNRZ8.jpeg                                                   9.88 kB
dist/assets/bf45-CHz62l8Z.jpeg                                                     9.89 kB
dist/assets/bf21-Co54dVDK.jpeg                                                     9.90 kB
dist/assets/1-2-shower_7-BqQef4Ac.jpg                                              9.91 kB
dist/assets/pointface26-CjAFA3Vm.jpeg                                              9.91 kB
dist/assets/pixface3-B8p2Z91z.jpeg                                                 9.92 kB
dist/assets/bp32-DfTEOFeD.jpeg                                                     9.92 kB
dist/assets/tf2-BE_q8rRn.jpeg                                                      9.93 kB
dist/assets/pointface35-SORrEJgV.jpeg                                              9.93 kB
dist/assets/6-2-warehouse_3-C5ATSLzU.jpg                                           9.93 kB
dist/assets/pixface40-yVWB3Q1x.jpeg                                                9.95 kB
dist/assets/ALOVSEA14-nxn7vnJ2.jpeg                                                9.95 kB
dist/assets/tf17-BGlLHNLe.jpeg                                                     9.95 kB
dist/assets/bf43-C2ZPRyug.jpeg                                                     9.95 kB
dist/assets/pointface49-DwU2niDv.jpeg                                              9.96 kB
dist/assets/bf32-G_Up06Ew.jpeg                                                     9.97 kB
dist/assets/bp41-CsdXRTAr.jpeg                                                     9.97 kB
dist/assets/pointface33-BPXZHBLp.jpeg                                              9.97 kB
dist/assets/bf18-CLc4BA4f.jpeg                                                     9.97 kB
dist/assets/2-4-bathroom_10-kXdiJu9i.jpg                                           9.97 kB
dist/assets/pointface6-CSD9oxK8.jpeg                                               9.99 kB
dist/assets/4-6-airplane_9-CHlzpyjk.jpg                                            9.99 kB
dist/assets/tf26-D23NmFmi.jpeg                                                    10.01 kB
dist/assets/bed-C-IvFqpB.jpeg                                                     10.01 kB
dist/assets/single_furn18-BmPsSNbr.jpeg                                           10.02 kB
dist/assets/5-3-hangar_1-CP8-GdL7.jpg                                             10.04 kB
dist/assets/bf17-BXwxjHIn.jpeg                                                    10.04 kB
dist/assets/bf6-Dxv7WqDl.jpeg                                                     10.04 kB
dist/assets/3-4-hairsalon_1-m2vQZFPI.jpg                                          10.05 kB
dist/assets/tf9-j8KQcvt4.jpeg                                                     10.05 kB
dist/assets/5-4-movietheater_7-CGZcoSw9.jpg                                       10.06 kB
dist/assets/4-6-airplane_10-BzSkCLSR.jpg                                          10.06 kB
dist/assets/tf3-DLtkZESZ.jpeg                                                     10.06 kB
dist/assets/tf40-DVBAxwb1.jpeg                                                    10.06 kB
dist/assets/2-4-bathroom_8-B-uhthi6.jpg                                           10.06 kB
dist/assets/bp47-BbL_FKrg.jpeg                                                    10.06 kB
dist/assets/bf38-BS_fiYxV.jpeg                                                    10.08 kB
dist/assets/Afishhook2-zqHlQDrO.jpeg                                              10.08 kB
dist/assets/bf24-B29hClOg.jpeg                                                    10.08 kB
dist/scoreboardLanding/index.html                                                 10.08 kB │ gzip:     3.12 kB
dist/assets/pointface51-B_3p04Tx.jpeg                                             10.09 kB
dist/assets/pixface13-B7lEHYnb.jpeg                                               10.11 kB
dist/assets/bf48-BxLKKlaY.jpeg                                                    10.11 kB
dist/assets/2-2-sauna_3-CacE9Qqv.jpg                                              10.12 kB
dist/assets/tf34-PcWZ53OP.jpeg                                                    10.12 kB
dist/assets/pixface46-ClYsO_IV.jpeg                                               10.12 kB
dist/assets/3-1-garage_3-R-KH8C8P.jpg                                             10.13 kB
dist/assets/pointface7-BShCuktH.jpeg                                              10.16 kB
dist/assets/stim15-Dn9SWHYt.jpeg                                                  10.16 kB
dist/assets/1-3-fittingroom_1-eQK7ZkuL.jpg                                        10.16 kB
dist/assets/stim13-DXsT3BIv.jpeg                                                  10.17 kB
dist/assets/pixplace25-YWSijiQr.jpeg                                              10.17 kB
dist/assets/tp48-B0SG5qiD.jpeg                                                    10.19 kB
dist/assets/2-4-bathroom_11-CJ8DMofY.jpg                                          10.19 kB
dist/assets/pointface2-D191xnX4.jpeg                                              10.20 kB
dist/assets/6-2-warehouse_2-CbKYcnD3.jpg                                          10.21 kB
dist/assets/Aladle18-D_PcHsF3.jpeg                                                10.22 kB
dist/assets/tf42-eFnRtZGt.jpeg                                                    10.23 kB
dist/assets/5-3-hangar_2-DwNNCJxJ.jpg                                             10.23 kB
dist/assets/bp43-02z5guzw.jpeg                                                    10.24 kB
dist/assets/tf33-BxD9wBQ8.jpeg                                                    10.24 kB
dist/assets/bf41-Dd8oofO5.jpeg                                                    10.24 kB
dist/assets/3-4-hairsalon_3-CrQ6SxDQ.jpg                                          10.24 kB
dist/assets/bp24-fr2DohXd.jpeg                                                    10.24 kB
dist/assets/4-2-artgallery_8-BGWb_I5H.jpg                                         10.25 kB
dist/assets/3-4-hairsalon_4-CALRykz3.jpg                                          10.25 kB
dist/assets/5-6-warehouse_11-vZNWcvP4.jpg                                         10.25 kB
dist/assets/pointface23-BxWmnj9w.jpeg                                             10.26 kB
dist/assets/stim30-BERGJQ--.jpeg                                                  10.27 kB
dist/assets/bf11-D4YhDNqK.jpeg                                                    10.27 kB
dist/assets/3-4-hairsalon_6-BpKJRkLA.jpg                                          10.28 kB
dist/assets/tf49-CHIAuYy0.jpeg                                                    10.28 kB
dist/assets/1-4-tent_2-DpqftqNs.jpg                                               10.30 kB
dist/assets/3-5-workshop_4-Cfy3mygP.jpg                                           10.30 kB
dist/assets/Acorkscrew3-BgBlXvFc.jpeg                                             10.30 kB
dist/assets/Arazor23-Bkp1NYrW.jpeg                                                10.31 kB
dist/assets/3-4-hairsalon_10-D_lRETm7.jpg                                         10.32 kB
dist/assets/bf35-tap_Da2P.jpeg                                                    10.33 kB
dist/assets/1-4-tent_8-D4RRsV_8.jpg                                               10.33 kB
dist/assets/6-4-concerthall_3-Sbk51j1I.jpg                                        10.35 kB
dist/assets/bf22-B1127TyX.jpeg                                                    10.35 kB
dist/assets/bf37-DSTJPNSk.jpeg                                                    10.36 kB
dist/assets/bp7-Bxt1-B5A.jpeg                                                     10.36 kB
dist/assets/A_computerkey-FeNi77_k.jpeg                                           10.36 kB
dist/assets/bf49-D7QUpZK6.jpeg                                                    10.36 kB
dist/assets/6-1-parkinggarage_12-BtRmxKyf.jpg                                     10.36 kB
dist/assets/tf12-CYp2dir2.jpeg                                                    10.37 kB
dist/assets/1-6-pantry_5-C4WNEdHb.jpg                                             10.38 kB
dist/assets/1.47_Abrush46-B0CIQbuD.jpeg                                           10.38 kB
dist/assets/Afishinghat2-LxNuDM4H.jpeg                                            10.39 kB
dist/assets/6-1-parkinggarage_9-MGr87_47.jpg                                      10.39 kB
dist/assets/bf31-D9EIhIzG.jpeg                                                    10.39 kB
dist/assets/bf15-6-QiOntk.jpeg                                                    10.41 kB
dist/assets/pixface47-YyLo7b4c.jpeg                                               10.41 kB
dist/assets/Aaircraftsni4-9Gly59p6.jpeg                                           10.42 kB
dist/assets/5-1-ballroom_3-C-9vmA4D.jpg                                           10.42 kB
dist/assets/Aflask23-7HTAt5CD.jpeg                                                10.43 kB
dist/assets/stim26-BycXo3oN.jpeg                                                  10.43 kB
dist/assets/bf50-D1GZIA74.jpeg                                                    10.44 kB
dist/assets/6-2-warehouse_4-Y2J8C3zO.jpg                                          10.45 kB
dist/assets/Abrush46-puqmwQXm.jpeg                                                10.47 kB
dist/assets/bf51-Bk786X68.jpeg                                                    10.48 kB
dist/assets/4-4-gym_7-D7iO8U8S.jpg                                                10.49 kB
dist/assets/2-4-bathroom_3-zm1dt44s.jpg                                           10.50 kB
dist/assets/2-2-sauna_8-h1fpkmO2.jpg                                              10.50 kB
dist/assets/6-3-airport_12-DRlp2zHi.jpg                                           10.51 kB
dist/assets/2-3-restroom_3-CTCgWDtt.jpg                                           10.52 kB
dist/assets/bf42-Cn8snUEM.jpeg                                                    10.52 kB
dist/assets/4-4-gym_11-CLWRDlmi.jpg                                               10.54 kB
dist/assets/pointface39-CHlTImcT.jpeg                                             10.54 kB
dist/assets/bf5-BJXqgO5l.jpeg                                                     10.55 kB
dist/assets/ATOWER3-B4Qzm4fP.jpeg                                                 10.55 kB
dist/assets/Ablackma3-DYCTmr_v.jpeg                                               10.56 kB
dist/assets/2-5-walkincloset_12-EQQ7oW2c.jpg                                      10.57 kB
dist/assets/stim08-CuFjs_ZE.jpeg                                                  10.58 kB
dist/assets/3-5-workshop_12-CNfSK__z.jpg                                          10.60 kB
dist/assets/furnarr07-BIVmXGM7.jpeg                                               10.60 kB
dist/assets/4-5-banquethall_5-hzUxLd6y.jpg                                        10.60 kB
dist/assets/tp50-BnYq92nh.jpeg                                                    10.61 kB
dist/assets/single_furn11-5k_svTC6.jpeg                                           10.61 kB
dist/assets/bf36-B8saSM7_.jpeg                                                    10.62 kB
dist/assets/2-6-movingtruck_1-BjdVbG0X.jpg                                        10.62 kB
dist/assets/4-4-gym_12-BIWm1PwL.jpg                                               10.66 kB
dist/assets/5-3-hangar_7-BG16EQZ5.jpg                                             10.68 kB
dist/assets/tf8-DbGxaH6t.jpeg                                                     10.68 kB
dist/assets/0.57_Ahandheldbel2-DsBiFYnt.jpeg                                      10.68 kB
dist/assets/1-6-pantry_8-BUTgx6id.jpg                                             10.68 kB
dist/assets/Ahandheldbel2-B-bMKKtc.jpeg                                           10.69 kB
dist/assets/pointface41-DUk6iFS9.jpeg                                             10.71 kB
dist/assets/4-4-gym_5-Cwy83FWR.jpg                                                10.72 kB
dist/assets/1-5-cockpit_2-B2BRWktM.jpg                                            10.73 kB
dist/assets/3-4-hairsalon_7-DhhZkCdX.jpg                                          10.74 kB
dist/assets/Aleathersofa5-BX6KMLQv.jpeg                                           10.74 kB
dist/assets/Alemon11-BcuwaT7A.jpeg                                                10.75 kB
dist/assets/bf34-DQwhQgQ1.jpeg                                                    10.76 kB
dist/assets/stim04-BWsJDrTp.jpeg                                                  10.76 kB
dist/assets/bf30-DwS-LYF0.jpeg                                                    10.77 kB
dist/assets/tp29-Cp8SS12p.jpeg                                                    10.78 kB
dist/assets/Adecorativem2-5T3a7Gf0.jpeg                                           10.79 kB
dist/assets/5-4-movietheater_11-D3E65moR.jpg                                      10.79 kB
dist/assets/2-4-bathroom_12-D-MIzllb.jpg                                          10.79 kB
dist/assets/2-2-sauna_10-Cz9PXp_g.jpg                                             10.80 kB
dist/assets/stim05-GkRssAWW.jpeg                                                  10.80 kB
dist/assets/3-4-hairsalon_11-DnAaRnXE.jpg                                         10.80 kB
dist/assets/bp22-NKHBcy82.jpeg                                                    10.83 kB
dist/assets/stim07-DJgvDNk6.jpeg                                                  10.83 kB
dist/assets/3-3-japaneseroom_5-BjzqM_5s.jpg                                       10.84 kB
dist/assets/3-4-hairsalon_8-C56CIzrq.jpg                                          10.84 kB
dist/assets/pointface27-BY6n9t2W.jpeg                                             10.85 kB
dist/assets/bf33-AB4GJqDf.jpeg                                                    10.85 kB
dist/assets/stim15-BH0sD1Px.jpeg                                                  10.87 kB
dist/assets/2-6-movingtruck_9-v5yl3KM0.jpg                                        10.87 kB
dist/assets/Abell44-FQsJ80so.jpeg                                                 10.90 kB
dist/assets/bf44-nhmOLk71.jpeg                                                    10.90 kB
dist/assets/4-2-artgallery_7-Coo7tfOY.jpg                                         10.90 kB
dist/assets/4-5-banquethall_1-bu_MtdbB.jpg                                        10.91 kB
dist/assets/3-6-messygarage_12-DZ3KZZfo.jpg                                       10.93 kB
dist/assets/3-5-workshop_9-DUfGvvkS.jpg                                           10.93 kB
dist/assets/5-5-barrelstorage_9-DbiLn5A-.jpg                                      10.93 kB
dist/assets/3-2-anechoicchamber_8-CqYxOT7f.jpg                                    10.94 kB
dist/assets/1-4-tent_10-C9RMGzE_.jpg                                              10.94 kB
dist/assets/2-IntScram_07_nobackground-yY8CAvV8.jpeg                              10.94 kB
dist/assets/4-4-gym_8-CSPaBg8e.jpg                                                10.94 kB
dist/assets/tp39-BoJGAlFR.jpeg                                                    10.95 kB
dist/assets/A1991CHE7-C79ECdTN.jpeg                                               10.96 kB
dist/assets/bf13-yXc9_UpX.jpeg                                                    10.96 kB
dist/assets/6-2-warehouse_11-BHc_rvF4.jpg                                         10.96 kB
dist/assets/bf28-D5o4NzMN.jpeg                                                    10.96 kB
dist/assets/4-4-gym_9-yQx9wwTR.jpg                                                10.96 kB
dist/assets/3-5-workshop_8-CNgHkoty.jpg                                           10.98 kB
dist/assets/tf32-Dt5NDkyT.jpeg                                                    10.99 kB
dist/assets/1-4-tent_5-DRcZ7eWa.jpg                                               10.99 kB
dist/assets/Asofa5-C-cfEckk.jpeg                                                  10.99 kB
dist/assets/Anchor-D9oyo0BL.jpeg                                                  10.99 kB
dist/assets/5-5-barrelstorage_1-DBrRv88j.jpg                                      11.00 kB
dist/assets/pointface21-Di27XSA4.jpeg                                             11.05 kB
dist/assets/stim16-CKPaKXWj.jpeg                                                  11.06 kB
dist/assets/1-5-cockpit_11-VTXzSpGZ.jpg                                           11.06 kB
dist/assets/bf20-Dl--YmG9.jpeg                                                    11.08 kB
dist/assets/1-4-tent_1-Dsg012sM.jpg                                               11.11 kB
dist/assets/5-4-movietheater_9-X7yJ-64_.jpg                                       11.14 kB
dist/assets/stim01-k_E0D4Uq.jpeg                                                  11.14 kB
dist/assets/5-1-ballroom_10-DTsqDteh.jpg                                          11.14 kB
dist/assets/6-3-airport_8-DF255kQB.jpg                                            11.18 kB
dist/assets/Anailscissors-BmX1bg0d.jpeg                                           11.20 kB
dist/assets/tf13-CQrRgI18.jpeg                                                    11.20 kB
dist/assets/tp28-CzFy5g6K.jpeg                                                    11.23 kB
dist/assets/5-3-hangar_5-D-4aA1BK.jpg                                             11.25 kB
dist/assets/2-6-movingtruck_7-BwiXxA0K.jpg                                        11.26 kB
dist/assets/5-3-hangar_11-BdpSf4lr.jpg                                            11.26 kB
dist/assets/1-6-pantry_3-DAAPqzgg.jpg                                             11.27 kB
dist/assets/bp48-CE2GZYdv.jpeg                                                    11.32 kB
dist/assets/Achocolateice-DEtLa-OS.jpeg                                           11.32 kB
dist/assets/2-2-sauna_11-Dpkt8en_.jpg                                             11.32 kB
dist/assets/5-4-movietheater_8-CaUfZwS1.jpg                                       11.33 kB
dist/assets/4-1-loft_10-C8Ne6pP8.jpg                                              11.33 kB
dist/assets/3-4-hairsalon_9-DGWw1Uar.jpg                                          11.34 kB
dist/assets/furnarr102-BDyrSHGc.jpeg                                              11.34 kB
dist/assets/3-4-hairsalon_5-CB59mHqM.jpg                                          11.35 kB
dist/assets/bp40-Ct9iq2EY.jpeg                                                    11.36 kB
dist/assets/1-5-cockpit_3-D60i-Ug0.jpg                                            11.36 kB
dist/assets/1-5-cockpit_7-Cq6FRYfN.jpg                                            11.36 kB
dist/assets/bp5-DSNh_OC8.jpeg                                                     11.39 kB
dist/assets/6-4-concerthall_9-Belcwd2V.jpg                                        11.41 kB
dist/assets/3-6-messygarage_11-BiGxgAaX.jpg                                       11.42 kB
dist/assets/bp18-kampJ8c_.jpeg                                                    11.43 kB
dist/assets/stim14-CbXOhSMQ.jpeg                                                  11.44 kB
dist/assets/stim02-BUs_NC_7.jpeg                                                  11.45 kB
dist/assets/Aheadphones-CLXis2tC.jpeg                                             11.47 kB
dist/assets/4-5-banquethall_11-DYl8CSK6.jpg                                       11.48 kB
dist/assets/stim16-BnX6azw4.jpeg                                                  11.49 kB
dist/assets/2-6-movingtruck_12-D6P1QsxQ.jpg                                       11.49 kB
dist/assets/stim28-oq8CnPpe.jpeg                                                  11.49 kB
dist/assets/4-4-gym_6-xl7zqo2t.jpg                                                11.49 kB
dist/assets/6-2-warehouse_9-BRdtut81.jpg                                          11.49 kB
dist/assets/1.25_gerbil-BaRG8YLJ.jpeg                                             11.51 kB
dist/assets/6-3-airport_9-CC0nqMLQ.jpg                                            11.51 kB
dist/assets/4-4-gym_2-Z1VaDPmI.jpg                                                11.51 kB
dist/assets/A_dart-BoVWqDI1.jpeg                                                  11.51 kB
dist/assets/2-2-sauna_6-D0dUd9b0.jpg                                              11.51 kB
dist/assets/0.78_Aheadphones-CpJ6xqkZ.jpeg                                        11.52 kB
dist/assets/2-6-movingtruck_8-rqeKmx3Y.jpg                                        11.52 kB
dist/assets/tf20-BUbZRG8j.jpeg                                                    11.52 kB
dist/assets/5-4-movietheater_1-XcbIIGN8.jpg                                       11.52 kB
dist/assets/Adecorativet3-CK6PANxU.jpeg                                           11.52 kB
dist/assets/1-5-cockpit_9-D4eQ7vyr.jpg                                            11.54 kB
dist/assets/6-4-concerthall_12-Cu_HaPCC.jpg                                       11.56 kB
dist/assets/4-4-gym_1-Bj5X74gr.jpg                                                11.59 kB
dist/assets/5-5-barrelstorage_3-JGKAmOeN.jpg                                      11.61 kB
dist/assets/stim06-DZida93K.jpeg                                                  11.61 kB
dist/assets/tp14-vlI7_LLp.jpeg                                                    11.62 kB
dist/assets/stim28-BD3uumqz.jpeg                                                  11.62 kB
dist/assets/6-2-warehouse_6-CbCxpTiG.jpg                                          11.62 kB
dist/assets/1.88_Ablackhat2-ovWqxez_.jpeg                                         11.64 kB
dist/assets/stim01-CF0lnsR-.jpeg                                                  11.66 kB
dist/assets/Ablackhat2-qXLoF9fW.jpeg                                              11.67 kB
dist/assets/bp52-DlQsmfC5.jpeg                                                    11.67 kB
dist/assets/bp8-BbIwRrn-.jpeg                                                     11.67 kB
dist/assets/3-5-workshop_1-cHsqZzzQ.jpg                                           11.67 kB
dist/assets/4-5-banquethall_9-SYFf6xUE.jpg                                        11.68 kB
dist/assets/5-6-warehouse_9-CY4J9vrP.jpg                                          11.68 kB
dist/assets/6-3-airport_1-Kb9JgYLz.jpg                                            11.70 kB
dist/assets/6-2-warehouse_10-DiG6GMaP.jpg                                         11.70 kB
dist/assets/2-6-movingtruck_2-DmX16BNy.jpg                                        11.71 kB
dist/assets/5-5-barrelstorage_7-BuHhSEX2.jpg                                      11.72 kB
dist/assets/6-3-airport_4-NBW0FGBz.jpg                                            11.72 kB
dist/assets/4-6-airplane_7-5zmkIfx-.jpg                                           11.73 kB
dist/assets/bp16-Ay1U88XK.jpeg                                                    11.74 kB
dist/assets/stim03-B_fJsXMY.jpeg                                                  11.75 kB
dist/assets/6-3-airport_10-BDXvhZOK.jpg                                           11.75 kB
dist/assets/stim06-BaloM3uQ.jpeg                                                  11.77 kB
dist/assets/6-4-concerthall_4-BGysV8mM.jpg                                        11.79 kB
dist/assets/5-5-barrelstorage_6-BweDSFLq.jpg                                      11.80 kB
dist/assets/5-3-hangar_4-2MwWlGxt.jpg                                             11.81 kB
dist/assets/bp28-B2jD3GvC.jpeg                                                    11.86 kB
dist/assets/bp13-m39BI11o.jpeg                                                    11.87 kB
dist/assets/stim05-CrKdnPsX.jpeg                                                  11.90 kB
dist/assets/Ashelf27-X6K9OvtM.jpeg                                                11.91 kB
dist/assets/couch-Bz3FKnYg.jpeg                                                   11.92 kB
dist/assets/2-6-movingtruck_6-CXRWxpZf.jpg                                        11.94 kB
dist/assets/stim23-OcK7_T9Z.jpeg                                                  11.94 kB
dist/assets/1.78_bear-polarbear-CMuERY4U.jpeg                                     11.95 kB
dist/assets/Apaperclasp-D3yUgIoL.jpeg                                             11.96 kB
dist/assets/6-4-concerthall_5-bIYzm2_1.jpg                                        11.96 kB
dist/assets/Atoydoll12-SuIPAygH.jpeg                                              11.98 kB
dist/assets/tp19-vmaSQgVn.jpeg                                                    11.99 kB
dist/assets/5-1-ballroom_8-DxbyLzQ5.jpg                                           11.99 kB
dist/assets/3-6-messygarage_2-7sOBLhuJ.jpg                                        12.00 kB
dist/assets/5-1-ballroom_11-DhhAo0Jl.jpg                                          12.00 kB
dist/assets/stim39-YaR-teq5.jpeg                                                  12.01 kB
dist/assets/stim07-DrdrSDCd.jpeg                                                  12.02 kB
dist/assets/Awomansshoe3-ZY2C1tPz.jpeg                                            12.02 kB
dist/assets/2-3-restroom_2-CZt5K4cM.jpg                                           12.03 kB
dist/assets/ARUBBST10-CTsgJQwt.jpeg                                               12.05 kB
dist/assets/furnarr18-Dpx0SPHi.jpeg                                               12.06 kB
dist/assets/4-5-banquethall_3-D0SpJiCh.jpg                                        12.08 kB
dist/assets/stim05-DpE_4u8T.jpeg                                                  12.08 kB
dist/assets/bp29-CjtVQdhM.jpeg                                                    12.09 kB
dist/assets/Amouse27-BzEqzsqx.jpeg                                                12.10 kB
dist/assets/1.50_Aflashlight3-DCFSzP3A.jpeg                                       12.11 kB
dist/assets/stim04-DUVxj65b.jpeg                                                  12.12 kB
dist/assets/stim02-DHWxJMBi.jpeg                                                  12.12 kB
dist/assets/tp38-BF0qxlo6.jpeg                                                    12.12 kB
dist/assets/2-1-elevator_10-DRvALhCi.jpg                                          12.12 kB
dist/assets/stim27-7KSBeOzq.jpeg                                                  12.12 kB
dist/assets/stim20-DrW6uhAl.jpeg                                                  12.15 kB
dist/assets/4-6-airplane_8-DGLZd6mQ.jpg                                           12.15 kB
dist/assets/1-4-tent_3-CSPGGeuN.jpg                                               12.16 kB
dist/assets/Aspoon14-FQQHh8fc.jpeg                                                12.18 kB
dist/assets/stim03-CnthB_2A.jpeg                                                  12.18 kB
dist/assets/tp4-zbQ6joCu.jpeg                                                     12.19 kB
dist/assets/6-4-concerthall_8-WKCOw8yS.jpg                                        12.20 kB
dist/assets/5-1-ballroom_1-2eQPzc_a.jpg                                           12.21 kB
dist/assets/1-5-cockpit_4-DITzuFCR.jpg                                            12.22 kB
dist/assets/AANTCANN5-HXzOxE-I.jpeg                                               12.23 kB
dist/assets/2-6-movingtruck_10-ZWLrnYFJ.jpg                                       12.24 kB
dist/assets/Aflashlight3-DVafvXh2.jpeg                                            12.24 kB
dist/assets/4-5-banquethall_12-CTy4h72a.jpg                                       12.26 kB
dist/assets/Aglass45-B5mwaJZJ.jpeg                                                12.28 kB
dist/assets/5-6-warehouse_7-OcwUhXiI.jpg                                          12.28 kB
dist/assets/5-1-ballroom_2-ZSLf1c0Z.jpg                                           12.33 kB
dist/assets/4-3-lobby_1-TNfdxyy4.jpg                                              12.34 kB
dist/assets/6-2-warehouse_7-C2SS2aWa.jpg                                          12.34 kB
dist/assets/Astapler13-Db8xYfeL.jpeg                                              12.35 kB
dist/assets/single_furn15-CmMXZxLO.jpeg                                           12.37 kB
dist/assets/stim02-BfevAFEq.jpeg                                                  12.38 kB
dist/assets/5-2-palacehall_4-VahOMC5s.jpg                                         12.38 kB
dist/assets/tp43-C2YR28ji.jpeg                                                    12.38 kB
dist/assets/2-4-bathroom_5-DySuYhzV.jpg                                           12.39 kB
dist/assets/2-5-walkincloset_2-DXwo1I9e.jpg                                       12.42 kB
dist/assets/Fan-CS4sy1HX.jpeg                                                     12.42 kB
dist/assets/5-5-barrelstorage_5-DQ8FTCKn.jpg                                      12.42 kB
dist/assets/4-3-lobby_5-CaM4r_Ri.jpg                                              12.44 kB
dist/assets/AWINDSU21-DDmPFSB7.jpeg                                               12.47 kB
dist/assets/6-2-warehouse_8-Dr4H4UR9.jpg                                          12.48 kB
dist/assets/1.45_A70ssunglass3-nr9t9mhC.jpeg                                      12.50 kB
dist/assets/1.95_Amitten6-CDy2_HKB.jpeg                                           12.50 kB
dist/assets/4-4-gym_4-CKTs-pGs.jpg                                                12.52 kB
dist/assets/2-2-sauna_12-BaTvKR6Y.jpg                                             12.52 kB
dist/assets/3-2-anechoicchamber_5-BSke5Rok.jpg                                    12.53 kB
dist/assets/Amitten6-pynTgoHR.jpeg                                                12.55 kB
dist/assets/3-6-messygarage_8-CKrY0eAO.jpg                                        12.55 kB
dist/assets/Achair582-DJII43nL.jpeg                                               12.56 kB
dist/assets/3-3-japaneseroom_11-CGZWiGjs.jpg                                      12.57 kB
dist/assets/tp24-DV55G5L0.jpeg                                                    12.58 kB
dist/assets/5-5-barrelstorage_2-Q0ORaNDa.jpg                                      12.59 kB
dist/assets/4-5-banquethall_8-B08mbwFE.jpg                                        12.62 kB
dist/assets/tp12-rQnUbANU.jpeg                                                    12.62 kB
dist/assets/Clip-CanEoP63.jpeg                                                    12.63 kB
dist/assets/4-5-banquethall_7--rul6mT-.jpg                                        12.65 kB
dist/assets/1-3-fittingroom_3-DlYIunvW.jpg                                        12.67 kB
dist/assets/A70ssunglass3-Dai88Cc3.jpeg                                           12.70 kB
dist/assets/2-6-movingtruck_5-hD5SbPEc.jpg                                        12.70 kB
dist/assets/Aboxoftissue5-1zgcTMmE.jpeg                                           12.74 kB
dist/assets/tp36-BjCdABou.jpeg                                                    12.74 kB
dist/assets/2-6-movingtruck_4-DpxRBbzy.jpg                                        12.75 kB
dist/assets/3-1-garage_8-Djh7U81f.jpg                                             12.75 kB
dist/assets/AAIRBLIMP-BCIEhxVy.jpeg                                               12.76 kB
dist/assets/2-5-walkincloset_10-CuSDmScb.jpg                                      12.77 kB
dist/assets/1.54_Aboxoftissue5-DczZA-OP.jpeg                                      12.77 kB
dist/assets/AAIRPLAN2-C3B1qyFw.jpeg                                               12.77 kB
dist/assets/ALOVSEA18-CttyZcea.jpeg                                               12.77 kB
dist/assets/5-2-palacehall_10-CicjO5it.jpg                                        12.77 kB
dist/assets/Afilingcabin2-BakygJra.jpeg                                           12.77 kB
dist/assets/ABUILDAR4-DpUs3M_u.jpeg                                               12.78 kB
dist/assets/stim09-Ry3va9pl.jpeg                                                  12.78 kB
dist/assets/single_furn09-CWCz4y_i.jpeg                                           12.79 kB
dist/assets/2-1-elevator_12-7SFbarH2.jpg                                          12.84 kB
dist/assets/0.53_mailbox-Bg3uolgz.jpeg                                            12.84 kB
dist/assets/1-2-shower_9-D39nS4EO.jpg                                             12.86 kB
dist/assets/4-5-banquethall_6-9I7FuWdl.jpg                                        12.87 kB
dist/assets/1-6-pantry_2-BTlzi63x.jpg                                             12.90 kB
dist/assets/Ashrimp8-Z4cb7cfV.jpeg                                                12.90 kB
dist/assets/ALOVSEA10-BUTWG6qd.jpeg                                               12.91 kB
dist/assets/2-5-walkincloset_8-Mnw2EFIj.jpg                                       12.92 kB
dist/assets/6-3-airport_5-BoVLltJo.jpg                                            12.93 kB
dist/assets/3-5-workshop_6-BwdybIaf.jpg                                           12.93 kB
dist/assets/Acalculator21-o5fuzd0r.jpeg                                           12.94 kB
dist/assets/1.49_Acalculator21-DlQYmmF-.jpeg                                      12.94 kB
dist/assets/5-5-barrelstorage_10-BJl_4IdP.jpg                                     12.94 kB
dist/assets/Abed24-BnoEpmNS.jpeg                                                  12.94 kB
dist/assets/Ahotdogplain-Bfgb-qlp.jpeg                                            12.95 kB
dist/assets/furnarr28-7B8cSaG_.jpeg                                               12.96 kB
dist/assets/Acliplatch-DSfe-M0N.jpeg                                              12.97 kB
dist/assets/3-5-workshop_11-dPM9W1mQ.jpg                                          12.98 kB
dist/assets/bp33-CqIhIOYW.jpeg                                                    12.99 kB
dist/assets/6-6-arena_7-BG1fv2hG.jpg                                              13.00 kB
dist/assets/Abinder6-CsO8gZNq.jpeg                                                13.00 kB
dist/assets/stim12-BwUB0nMw.jpeg                                                  13.00 kB
dist/assets/stim02-DcYStvuC.jpeg                                                  13.01 kB
dist/assets/tp35-BzS9iKcE.jpeg                                                    13.02 kB
dist/assets/mailbox-phHxY_aj.jpeg                                                 13.02 kB
dist/assets/3-4-hairsalon_12-Co9ENK5p.jpg                                         13.03 kB
dist/assets/1-6-pantry_9-Cl9cmQ9c.jpg                                             13.05 kB
dist/assets/ipod01-Br6nWS_j.jpeg                                                  13.06 kB
dist/assets/tp40-rWbX-15h.jpeg                                                    13.07 kB
dist/assets/4-5-banquethall_10-XzTSW4Od.jpg                                       13.07 kB
dist/assets/stim20-DoM5Y_7d.jpeg                                                  13.10 kB
dist/assets/tp37-DPArM9B4.jpeg                                                    13.13 kB
dist/assets/5-2-palacehall_8-CYwaCkfh.jpg                                         13.18 kB
dist/assets/1.55_Acreamer35-C6VrK3Wd.jpeg                                         13.18 kB
dist/assets/4-3-lobby_2-CKLYIbY_.jpg                                              13.19 kB
dist/assets/1-5-cockpit_5-CjaLCoW-.jpg                                            13.19 kB
dist/assets/5-3-hangar_12-Uy_H_6sA.jpg                                            13.22 kB
dist/assets/3-5-workshop_10-CHJ5w-NP.jpg                                          13.23 kB
dist/assets/Acreamer35-BHbVoJSu.jpeg                                              13.24 kB
dist/assets/tp8-CsPTmL4r.jpeg                                                     13.25 kB
dist/assets/stim22-DjGMqWI6.jpeg                                                  13.27 kB
dist/assets/5-2-palacehall_2-Cf2J507y.jpg                                         13.28 kB
dist/assets/0.45_bird-cardinal-CObLjTJj.jpeg                                      13.29 kB
dist/assets/1-5-cockpit_1-Bz0LZ3Qr.jpg                                            13.29 kB
dist/assets/stim06-DTE1o61O.jpeg                                                  13.30 kB
dist/assets/5-4-movietheater_12-CLuKLT1x.jpg                                      13.30 kB
dist/assets/1-6-pantry_4-OtoII-oO.jpg                                             13.31 kB
dist/assets/stim14-BHaAyY9Q.jpeg                                                  13.32 kB
dist/assets/4-5-banquethall_2-BQCz5S7r.jpg                                        13.32 kB
dist/assets/tp34-C5av5NNs.jpeg                                                    13.32 kB
dist/assets/tp44-Bfku2vU2.jpeg                                                    13.32 kB
dist/assets/Aadjustablech-B8P0dqR2.jpeg                                           13.33 kB
dist/assets/Aredantiq-DCM8U1Wp.jpeg                                               13.35 kB
dist/assets/5-2-palacehall_11-DyDJgSGp.jpg                                        13.35 kB
dist/assets/bp14-Bg4k2Z1E.jpeg                                                    13.37 kB
dist/assets/Amagnifyingg4-BAsv_MbS.jpeg                                           13.39 kB
dist/assets/4-3-lobby_3-D1hFHEaa.jpg                                              13.40 kB
dist/assets/4-3-lobby_7-CES1rF-I.jpg                                              13.40 kB
dist/assets/stim07-DzUfLc0y.jpeg                                                  13.42 kB
dist/assets/stim10-lydb0CWi.jpeg                                                  13.43 kB
dist/assets/tp3-Dn7_4HDE.jpeg                                                     13.43 kB
dist/assets/3-6-messygarage_7-BRspEfau.jpg                                        13.44 kB
dist/assets/3-6-messygarage_10-cy_KhiCD.jpg                                       13.45 kB
dist/assets/stim01-URDyXeuA.jpeg                                                  13.45 kB
dist/assets/furniture26-c-ClBocp4s.jpeg                                           13.47 kB
dist/assets/5-5-barrelstorage_8-xvw4CZfT.jpg                                      13.48 kB
dist/assets/stim20-C-tQw8nO.jpeg                                                  13.48 kB
dist/assets/1-4-tent_12-CLpc-vCH.jpg                                              13.49 kB
dist/assets/furnarr104-CH-Szxph.jpeg                                              13.51 kB
dist/assets/stim16-BEwLZIDi.jpeg                                                  13.52 kB
dist/assets/Aredcandle-sl9hh2E_.jpeg                                              13.53 kB
dist/assets/ARACECA21-5Rs24WKP.jpeg                                               13.54 kB
dist/assets/Asofa6-_CDU0_RD.jpeg                                                  13.57 kB
dist/assets/1-5-cockpit_12-oPrUh_5_.jpg                                           13.57 kB
dist/assets/stim09-jzohUKJY.jpeg                                                  13.57 kB
dist/assets/ARCMPPOL2-CO92VGOL.jpeg                                               13.58 kB
dist/assets/stim13-Dp16ioip.jpeg                                                  13.63 kB
dist/assets/5-6-warehouse_6-DZxPnipp.jpg                                          13.63 kB
dist/assets/6-6-arena_4-DLCaX2od.jpg                                              13.63 kB
dist/assets/stim09-NG-Yg_P9.jpeg                                                  13.64 kB
dist/assets/5-5-barrelstorage_4-VfdmV56R.jpg                                      13.65 kB
dist/assets/2-5-walkincloset_4-By5Fw_lI.jpg                                       13.67 kB
dist/assets/1-2-shower_10-DRWTEfzt.jpg                                            13.67 kB
dist/assets/stim10-ClsC5-0o.jpeg                                                  13.68 kB
dist/assets/3-5-workshop_7-7z11du49.jpg                                           13.68 kB
dist/assets/3-5-workshop_5-CHD9upJm.jpg                                           13.69 kB
dist/assets/stim18-ZU88IZ_7.jpeg                                                  13.69 kB
dist/assets/6-4-concerthall_6-CNq_Jdww.jpg                                        13.70 kB
dist/assets/2-2-sauna_7-DISRrjXE.jpg                                              13.71 kB
dist/assets/5-4-movietheater_2-BsqYj8V6.jpg                                       13.71 kB
dist/assets/Acantaloupe4-DtP6826Z.jpeg                                            13.72 kB
dist/assets/tp41-CgMuEiyi.jpeg                                                    13.72 kB
dist/assets/stim03-DLHUyVez.jpeg                                                  13.75 kB
dist/assets/1-6-pantry_10-D3TFIZK3.jpg                                            13.75 kB
dist/assets/stim14-Dqq_5MeF.jpeg                                                  13.76 kB
dist/assets/5-2-palacehall_1-GGa1guAi.jpg                                         13.76 kB
dist/assets/6-4-concerthall_2-9bvi7HPk.jpg                                        13.76 kB
dist/assets/Aavocado7-BklM1ZQK.jpeg                                               13.76 kB
dist/assets/1-5-cockpit_8-DvL6IN_L.jpg                                            13.77 kB
dist/assets/stim02-9hw3YLkV.jpeg                                                  13.78 kB
dist/assets/Agreencup2-CTNHRe-R.jpeg                                              13.78 kB
dist/assets/stim14-Bbh4pdNc.jpeg                                                  13.78 kB
dist/assets/3-6-messygarage_1-BkezGDyS.jpg                                        13.78 kB
dist/assets/Chainsaw-BYy59w5N.jpeg                                                13.79 kB
dist/assets/furniture113-c-ChjPkQam.jpeg                                          13.79 kB
dist/assets/2-5-walkincloset_6-sMSXuYfo.jpg                                       13.81 kB
dist/assets/6-5-exhibitionhall_1-D7k11Ivz.jpg                                     13.83 kB
dist/assets/Acelery3-BU-Jpl7J.jpeg                                                13.84 kB
dist/assets/6-2-warehouse_5-BZ1U3MF7.jpg                                          13.84 kB
dist/assets/Acarontrailer-kBBV4cyY.jpeg                                           13.85 kB
dist/assets/stim08-BxzHTURa.jpeg                                                  13.85 kB
dist/assets/tp21-Dv0Z2U_x.jpeg                                                    13.85 kB
dist/assets/stim16-BSL4U0p2.jpeg                                                  13.88 kB
dist/assets/stim13-BW8721UL.jpeg                                                  13.88 kB
dist/assets/Atrailer5-CpgyNn-H.jpeg                                               13.88 kB
dist/assets/tp23-pRrzE8f_.jpeg                                                    13.89 kB
dist/assets/3-6-messygarage_3-DBsw5NWP.jpg                                        13.92 kB
dist/assets/6-6-arena_10-Dguhcndr.jpg                                             13.92 kB
dist/assets/1-5-cockpit_10-C2KqrxV7.jpg                                           13.93 kB
dist/assets/2-5-walkincloset_3-BrXSBodj.jpg                                       13.94 kB
dist/assets/stim26-DQd-uU7w.jpeg                                                  13.97 kB
dist/assets/furniture22-c-BfwwGC6I.jpeg                                           13.98 kB
dist/assets/Acontainerwi2-BdLDZCcS.jpeg                                           13.99 kB
dist/assets/stim04-D3e5EnNe.jpeg                                                  14.00 kB
dist/assets/stim04-v7Nlcoib.jpeg                                                  14.00 kB
dist/assets/tp16-B4EDobnF.jpeg                                                    14.03 kB
dist/assets/tp45-C-D1K2Ru.jpeg                                                    14.03 kB
dist/assets/1-6-pantry_12-BfGWL3bC.jpg                                            14.05 kB
dist/assets/bp6-BvVBRg2X.jpeg                                                     14.06 kB
dist/assets/single_furn20-CFl_XWIp.jpeg                                           14.07 kB
dist/assets/stim02-htR6EqOq.jpeg                                                  14.07 kB
dist/assets/furnarr06-BP-rr3iL.jpeg                                               14.10 kB
dist/assets/8-IntScram_18_nobackground-DTqwt1QM.jpeg                              14.11 kB
dist/assets/stim29-CQjX5Xrg.jpeg                                                  14.12 kB
dist/assets/stim13-q75Y3Lu0.jpeg                                                  14.12 kB
dist/assets/AMODCONVE-Dm6RiVg1.jpeg                                               14.13 kB
dist/assets/4-4-gym_3-cKxNAxhe.jpg                                                14.13 kB
dist/assets/ALITERBOX-BG2ZyYqi.jpeg                                               14.15 kB
dist/assets/stim03-DA79PHhi.jpeg                                                  14.16 kB
dist/assets/furn113-cFmv-BW-BmOC3.jpeg                                            14.16 kB
dist/assets/tp7-DJhDzOSN.jpeg                                                     14.16 kB
dist/assets/stim07-DvV2hV9J.jpeg                                                  14.17 kB
dist/assets/5-6-warehouse_8-BiGfZeN4.jpg                                          14.18 kB
dist/assets/furnarr106-Dfq2xirC.jpeg                                              14.18 kB
dist/assets/stim20-CuyGt5eB.jpeg                                                  14.20 kB
dist/assets/stim13-Diy7B_0z.jpeg                                                  14.22 kB
dist/assets/stim03-TVRdevho.jpeg                                                  14.22 kB
dist/assets/stim05-BXKanH4z.jpeg                                                  14.23 kB
dist/assets/Abananasundae-CrZU7AE3.jpeg                                           14.25 kB
dist/assets/3-2-anechoicchamber_2-DRDbbCHD.jpg                                    14.26 kB
dist/assets/ASERVICEB-BRGMz94K.jpeg                                               14.26 kB
dist/assets/stim01-C-YBlYJg.jpeg                                                  14.27 kB
dist/assets/5-2-palacehall_9-SmxeU2XG.jpg                                         14.27 kB
dist/assets/ringbox03-WGhGm4XO.jpeg                                               14.27 kB
dist/assets/Hat-BD4fvKR4.jpeg                                                     14.27 kB
dist/assets/Astatue113-BdKvdYoI.jpeg                                              14.27 kB
dist/assets/stim12-Dm1v_iPO.jpeg                                                  14.28 kB
dist/assets/1.29_ASERVICEB-q5QxCrPW.jpeg                                          14.28 kB
dist/assets/tp25-CTkp7JLJ.jpeg                                                    14.29 kB
dist/assets/furn26-cFmv-BpyT4SgZ.jpeg                                             14.29 kB
dist/assets/stim34-BQdd3y9J.jpeg                                                  14.30 kB
dist/assets/5-3-hangar_6-Uh2lppny.jpg                                             14.30 kB
dist/assets/single_furn12-DjJm_MUT.jpeg                                           14.30 kB
dist/assets/Aroadsignind2-BNeTF4gV.jpeg                                           14.32 kB
dist/assets/6-4-concerthall_11-Ck45x0Cu.jpg                                       14.32 kB
dist/assets/ASOCCBALL-s0bOPfh0.jpeg                                               14.34 kB
dist/assets/6-4-concerthall_1-Bhe80q9S.jpg                                        14.34 kB
dist/assets/2-5-walkincloset_7-BBGzSeUH.jpg                                       14.35 kB
dist/assets/stim25-3fo2fyMV.jpeg                                                  14.35 kB
dist/assets/3-6-messygarage_6-DkkImwRw.jpg                                        14.36 kB
dist/assets/3-2-anechoicchamber_7-CmEhj8th.jpg                                    14.37 kB
dist/assets/Arubberduck2-BdWDamme.jpeg                                            14.37 kB
dist/assets/2-5-walkincloset_1-oYUNzzm9.jpg                                       14.37 kB
dist/assets/AEARPHON5-wiLmlHh1.jpeg                                               14.38 kB
dist/assets/0.74_ringbox03-CbwmKdNC.jpeg                                          14.38 kB
dist/assets/4-3-lobby_4-CsEGRvtR.jpg                                              14.38 kB
dist/assets/stim03-CDUgSVnN.jpeg                                                  14.39 kB
dist/assets/stim16-D9yOH6SA.jpeg                                                  14.39 kB
dist/assets/stim09-i_uUAXpy.jpeg                                                  14.42 kB
dist/assets/stim10-Kz-SOwQU.jpeg                                                  14.42 kB
dist/assets/15-IntScram_102_nobackground-DmmoI_2q.jpeg                            14.42 kB
dist/assets/1.01_ASOCCBALL-CyBUVkLD.jpeg                                          14.42 kB
dist/assets/5-1-ballroom_6-DvW8bpaI.jpg                                           14.45 kB
dist/assets/3-6-messygarage_5-Cmin4Ow_.jpg                                        14.45 kB
dist/assets/ARACECA50-gGykqGC_.jpeg                                               14.46 kB
dist/assets/0.59_Afingeraccess-DbKe1usD.jpeg                                      14.46 kB
dist/assets/tp47-CsK6kRXt.jpeg                                                    14.49 kB
dist/assets/1-6-pantry_11-DkLI_-YB.jpg                                            14.50 kB
dist/assets/Aballofyarn31-BZXIsrNT.jpeg                                           14.50 kB
dist/assets/stim15-DMVyrSrW.jpeg                                                  14.51 kB
dist/assets/Afloppydisk6-DRi8qssM.jpeg                                            14.52 kB
dist/assets/stim02-BacXzlN5.jpeg                                                  14.54 kB
dist/assets/stim14-D3AboZ1s.jpeg                                                  14.54 kB
dist/assets/stim22-BC0euUJG.jpeg                                                  14.56 kB
dist/assets/Aflashl10-DnIRsW8G.jpeg                                               14.57 kB
dist/assets/1.45_Afloppydisk6-Co1ldM51.jpeg                                       14.57 kB
dist/assets/stim30-DXIuvJHv.jpeg                                                  14.59 kB
dist/assets/stim09-DZtM6YpL.jpeg                                                  14.60 kB
dist/assets/0.80_corkscrew02-DUtBbRYI.jpeg                                        14.60 kB
dist/assets/stim30-wA7kkAnD.jpeg                                                  14.60 kB
dist/assets/Acabinet14-CZ4slMl8.jpeg                                              14.61 kB
dist/assets/stim40-CoZeqwab.jpeg                                                  14.61 kB
dist/assets/stim20-CyXYSlyX.jpeg                                                  14.62 kB
dist/assets/4-3-lobby_12-C6GUTx2h.jpg                                             14.62 kB
dist/assets/3-2-anechoicchamber_10-CrJy8iY_.jpg                                   14.62 kB
dist/assets/tp52-CyVgyyed.jpeg                                                    14.64 kB
dist/assets/Aleaf74-DtP9uB89.jpeg                                                 14.65 kB
dist/assets/corkscrew02-2qOr7mKW.jpeg                                             14.65 kB
dist/assets/furniture111-c-DcudwRZU.jpeg                                          14.65 kB
dist/assets/tp6-CTGgyKWp.jpeg                                                     14.66 kB
dist/assets/3-6-messygarage_4-CiYh6W7n.jpg                                        14.66 kB
dist/assets/stim25-Cq6FtyYb.jpeg                                                  14.66 kB
dist/assets/6-5-exhibitionhall_6-wcUGungY.jpg                                     14.66 kB
dist/assets/stim18-ByaSP-in.jpeg                                                  14.66 kB
dist/assets/6-6-arena_11-q_HAdu3X.jpg                                             14.66 kB
dist/assets/hotdog01-CEwjgVPT.jpeg                                                14.67 kB
dist/assets/062_inv_wf_faces-Dq3dddJb.jpeg                                        14.71 kB
dist/assets/stim25-CJ8gccGO.jpeg                                                  14.71 kB
dist/assets/4-3-lobby_9-GygiFbHK.jpg                                              14.71 kB
dist/assets/stim02-flPOekM2.jpeg                                                  14.74 kB
dist/assets/Afingeraccess-BcIyfsr1.jpeg                                           14.74 kB
dist/assets/stim15-p8JNf7zr.jpeg                                                  14.74 kB
dist/assets/5-6-warehouse_5-CegMz6Od.jpg                                          14.76 kB
dist/assets/Achair570-BKxRvTk-.jpeg                                               14.77 kB
dist/assets/1.17_Aashtray67-BCWYWs-L.jpeg                                         14.77 kB
dist/assets/6-4-concerthall_7-N5UQHRlq.jpg                                        14.78 kB
dist/assets/Abellcookiec3-G6ntyH1l.jpeg                                           14.78 kB
dist/assets/stim18-CBkJbJT9.jpeg                                                  14.79 kB
dist/assets/042_wf_faces-EOFlg3lf.jpeg                                            14.80 kB
dist/assets/stim28-Bnx4Y_VH.jpeg                                                  14.81 kB
dist/assets/Arubberworksh-DZTuFdOz.jpeg                                           14.81 kB
dist/assets/6-5-exhibitionhall_10-9o9fBxgY.jpg                                    14.81 kB
dist/assets/3-5-workshop_3-DYeRCQd2.jpg                                           14.82 kB
dist/assets/1.47_Arubberworksh-CPSGqg04.jpeg                                      14.83 kB
dist/assets/stim32-C8bdRkxQ.jpeg                                                  14.84 kB
dist/assets/Aashtray67-yHSX1UV_.jpeg                                              14.87 kB
dist/assets/2.02_Afan60-x6lNiQVt.jpeg                                             14.88 kB
dist/assets/stim24-Da-R8ZC_.jpeg                                                  14.89 kB
dist/assets/tp42-qRpt8aSE.jpeg                                                    14.90 kB
dist/assets/Asandal7-Bp9adIjS.jpeg                                                14.91 kB
dist/assets/1.70_Asandal7-C1tDpBgq.jpeg                                           14.92 kB
dist/assets/single_furn07-DiEwlrT4.jpeg                                           14.93 kB
dist/assets/furniture109-c-BnmaOCBD.jpeg                                          14.94 kB
dist/assets/furnarr113-DH3TI6qn.jpeg                                              14.96 kB
dist/assets/6-5-exhibitionhall_5-CZRWervS.jpg                                     14.97 kB
dist/assets/2-5-walkincloset_11-DWMFK1iK.jpg                                      14.99 kB
dist/assets/stim27-CgPBvCnH.jpeg                                                  14.99 kB
dist/assets/stim23-BgxW4uA2.jpeg                                                  15.00 kB
dist/assets/ADOORWA69-DUB9-PA9.jpeg                                               15.01 kB
dist/assets/stim21-BmfynD6k.jpeg                                                  15.02 kB
dist/assets/Apencilsharp5-Cw-ZvJnO.jpeg                                           15.03 kB
dist/assets/stim05-CHQKFZ6N.jpeg                                                  15.03 kB
dist/assets/tp30-DJXUUlVG.jpeg                                                    15.03 kB
dist/assets/stim08-BE3Kr_v3.jpeg                                                  15.04 kB
dist/assets/stim12-eWdqo0F2.jpeg                                                  15.04 kB
dist/assets/6-5-exhibitionhall_12-DeoiSv9U.jpg                                    15.05 kB
dist/assets/stim26-B5n-8Ube.jpeg                                                  15.05 kB
dist/assets/stim15-C3J-BmfJ.jpeg                                                  15.06 kB
dist/assets/Afan60-D96BO7HF.jpeg                                                  15.08 kB
dist/assets/stim36-B8exszvU.jpeg                                                  15.08 kB
dist/assets/stim27-WpkBg7If.jpeg                                                  15.15 kB
dist/assets/AAIRPLNPR-DoZL74Vw.jpeg                                               15.15 kB
dist/assets/stim20-Jrd3PAS3.jpeg                                                  15.15 kB
dist/assets/stim14-CbffQO_X.jpeg                                                  15.16 kB
dist/assets/1-6-pantry_1-BkTSDM1s.jpg                                             15.16 kB
dist/assets/5-2-palacehall_12-DKnevEYp.jpg                                        15.18 kB
dist/assets/1-shower_8-BwhVgi9B.jpg                                               15.18 kB
dist/assets/6-5-exhibitionhall_7-NlZCBGr7.jpg                                     15.18 kB
dist/assets/6-5-exhibitionhall_3-Db9ZbGLp.jpg                                     15.19 kB
dist/assets/5-2-palacehall_7-BAW9N-kw.jpg                                         15.21 kB
dist/assets/stim19-DR10m6_E.jpeg                                                  15.22 kB
dist/assets/stim26-CKZOZN5s.jpeg                                                  15.25 kB
dist/assets/stim07-DSdI7gTw.jpeg                                                  15.26 kB
dist/assets/stim29-D1nFjAbF.jpeg                                                  15.27 kB
dist/assets/single_furn19-DAm3tlQW.jpeg                                           15.27 kB
dist/assets/stim15-J2Q3ZhWR.jpeg                                                  15.29 kB
dist/assets/stim11-2TCV-syY.jpeg                                                  15.29 kB
dist/assets/Atable130-DKS8iuEE.jpeg                                               15.30 kB
dist/assets/butter03-DOJsHWzn.jpeg                                                15.31 kB
dist/assets/cu04-DRR-5VFc.jpeg                                                    15.32 kB
dist/assets/stim21-CCv4Pe21.jpeg                                                  15.34 kB
dist/assets/1-IntScram_06_nobackground-C3NXtNhM.jpeg                              15.34 kB
dist/assets/stim16-u8nUmacC.jpeg                                                  15.35 kB
dist/assets/cu03-BeaZrWGB.jpeg                                                    15.36 kB
dist/assets/stim19-sIlWbzfd.jpeg                                                  15.36 kB
dist/assets/furnarr08-DplltA3E.jpeg                                               15.38 kB
dist/assets/3-2-anechoicchamber_3-CGPQ2at_.jpg                                    15.38 kB
dist/assets/stim22-C0_rnpRu.jpeg                                                  15.39 kB
dist/assets/5-2-palacehall_6-Sxgpj99t.jpg                                         15.39 kB
dist/assets/AYELLCOUC-DDGkTDf7.jpeg                                               15.40 kB
dist/assets/A95CHEROK-CDRYrbRP.jpeg                                               15.42 kB
dist/assets/3-2-anechoicchamber_6-DLHEjcVD.jpg                                    15.42 kB
dist/assets/tp32-CRP_36JU.jpeg                                                    15.43 kB
dist/assets/Atoytaxi3-BefRl7FZ.jpeg                                               15.44 kB
dist/assets/stim12-BzbJAGe9.jpeg                                                  15.44 kB
dist/assets/6-5-exhibitionhall_11-BD7WvsSw.jpg                                    15.45 kB
dist/assets/13-IntScram_28_nobackground-BN9nwtWl.jpeg                             15.46 kB
dist/assets/stim04-DNzV_4GS.jpeg                                                  15.49 kB
dist/assets/stim26-D9_7_-E-.jpeg                                                  15.53 kB
dist/assets/6-5-exhibitionhall_2-C32DLGlB.jpg                                     15.53 kB
dist/assets/stim25-De-dwNoK.jpeg                                                  15.55 kB
dist/assets/cu01-BDLd1pSi.jpeg                                                    15.55 kB
dist/assets/stim10-B4E16baR.jpeg                                                  15.56 kB
dist/assets/5-6-warehouse_4-CLMFeK0t.jpg                                          15.59 kB
dist/assets/stim05-Btfa574l.jpeg                                                  15.60 kB
dist/assets/stim11-DbiWUysK.jpeg                                                  15.60 kB
dist/assets/stim01-BR1nSIOZ.jpeg                                                  15.61 kB
dist/assets/Acabinet63-Br4QSebL.jpeg                                              15.61 kB
dist/assets/cu02-DdJ4zKe5.jpeg                                                    15.61 kB
dist/assets/stim21-CwP-S6jd.jpeg                                                  15.62 kB
dist/assets/stim24-C2-4eFKZ.jpeg                                                  15.65 kB
dist/assets/stim22-konf1apj.jpeg                                                  15.68 kB
dist/assets/Adiamondring3-CN4wIXR8.jpeg                                           15.69 kB
dist/assets/AVIPER3-DsAZQLQe.jpeg                                                 15.69 kB
dist/assets/stim08-BOaxQo-m.jpeg                                                  15.70 kB
dist/assets/furnarr109-BBFRfokE.jpeg                                              15.71 kB
dist/assets/stim25-BzJSx1Ez.jpeg                                                  15.71 kB
dist/assets/stim23-DxzHx_NQ.jpeg                                                  15.71 kB
dist/assets/stim26-D2ZIZf8d.jpeg                                                  15.71 kB
dist/assets/Apaperclip3-aPB_x1JT.jpeg                                             15.72 kB
dist/assets/0.93_insect-beetle-D1rrHCT6.jpeg                                      15.73 kB
dist/assets/stim05-Bl0ic0Fn.jpeg                                                  15.76 kB
dist/assets/stim09-TmMVUiFF.jpeg                                                  15.78 kB
dist/assets/stim05-D_DiRJOm.jpeg                                                  15.79 kB
dist/assets/A_coin-Ib7wgHlK.jpeg                                                  15.80 kB
dist/assets/stim30-DpDAy_h6.jpeg                                                  15.80 kB
dist/assets/5-2-palacehall_3-DI2ZRcXi.jpg                                         15.81 kB
dist/assets/furn22-cFmv-DWTNSwoM.jpeg                                             15.86 kB
dist/assets/stim24-CMM_oJoG.jpeg                                                  15.87 kB
dist/assets/stim17-Cwb6wy1I.jpeg                                                  15.89 kB
dist/assets/stim27-C2CgsWXj.jpeg                                                  15.89 kB
dist/assets/0.99_ASCOTAPE-Bkl2PJD7.jpeg                                           15.89 kB
dist/assets/stim04-CEdU-aYM.jpeg                                                  15.90 kB
dist/assets/furnarr111-CKSpQCY_.jpeg                                              15.91 kB
dist/assets/stim26-By3sLxiJ.jpeg                                                  15.91 kB
dist/assets/furnarr24-drB8OtjA.jpeg                                               15.92 kB
dist/assets/stim06-CT4lPbsl.jpeg                                                  15.92 kB
dist/assets/stim29-BZjEmR7B.jpeg                                                  15.94 kB
dist/assets/ASCOTAPE-DxcHjEL6.jpeg                                                15.94 kB
dist/assets/A29FORD-m0EV4S5i.jpeg                                                 15.95 kB
dist/assets/stim29-BIg50eOU.jpeg                                                  15.95 kB
dist/assets/Aadjustablec2-CyYXOnVR.jpeg                                           15.96 kB
dist/assets/Aelectronicg9-MgN3qSuj.jpeg                                           15.97 kB
dist/assets/stim36-4oNxiHbC.jpeg                                                  15.97 kB
dist/assets/stim08-BR0_lZgw.jpeg                                                  15.99 kB
dist/assets/stim08-Bn4OTL57.jpeg                                                  16.00 kB
dist/assets/Achair576-BRof1ZHW.jpeg                                               16.00 kB
dist/assets/6-4-concerthall_10-Czx7WMK9.jpg                                       16.03 kB
dist/assets/1.37_Askigoggles10-BTje6j77.jpeg                                      16.04 kB
dist/assets/stim19-CFGFh1S5.jpeg                                                  16.05 kB
dist/assets/6-6-arena_3-x0rF3ALm.jpg                                              16.06 kB
dist/assets/5-6-warehouse_12-z7n4GD4Y.jpg                                         16.08 kB
dist/assets/Aconnector2-RMN1sQZS.jpeg                                             16.08 kB
dist/assets/stim04-BFYjrjit.jpeg                                                  16.08 kB
dist/assets/stim09-D_IWyI1D.jpeg                                                  16.08 kB
dist/assets/stim28-B9350VpS.jpeg                                                  16.09 kB
dist/assets/stim10-C2iCOb93.jpeg                                                  16.09 kB
dist/assets/stim09-BAB-QLqV.jpeg                                                  16.12 kB
dist/assets/3-2-anechoicchamber_9-BpnF6_hv.jpg                                    16.12 kB
dist/assets/Askigoggles10-BaJMDa_F.jpeg                                           16.17 kB
dist/assets/stim26-DAq-MPci.jpeg                                                  16.20 kB
dist/assets/Ajetski15-Dhf3Xhkl.jpeg                                               16.20 kB
dist/assets/1-6-pantry_6-DBzMBVgW.jpg                                             16.22 kB
dist/assets/furnarr14-Bga6y1ni.jpeg                                               16.23 kB
dist/assets/tp47-Cf4wJpPZ.jpeg                                                    16.25 kB
dist/assets/stim01-C8cASsvK.jpeg                                                  16.26 kB
dist/assets/stim25-2jvQf2AQ.jpeg                                                  16.28 kB
dist/assets/stim35-CETJrd3S.jpeg                                                  16.28 kB
dist/assets/Achair599-CZCruxrG.jpeg                                               16.28 kB
dist/assets/stim20-wUh0P4FH.jpeg                                                  16.29 kB
dist/assets/stim14-DbDuNrQ7.jpeg                                                  16.29 kB
dist/assets/stim32-DNQJyeQJ.jpeg                                                  16.30 kB
dist/assets/stim33-Zk10NgoL.jpeg                                                  16.31 kB
dist/assets/6-6-arena_5-DMgvImt2.jpg                                              16.33 kB
dist/assets/stim24-Bsy9qQ2L.jpeg                                                  16.33 kB
dist/assets/stim18-B8S6QNfw.jpeg                                                  16.35 kB
dist/assets/stim18-oTpOmWAo.jpeg                                                  16.35 kB
dist/assets/stim28-CoBM48R-.jpeg                                                  16.36 kB
dist/assets/Abaggcon2-JANbtAvN.jpeg                                               16.38 kB
dist/assets/stim08-Bwg1mpaR.jpeg                                                  16.40 kB
dist/assets/5-6-warehouse_3-B-Sk7ReI.jpg                                          16.41 kB
dist/assets/stim12-D7r2tCas.jpeg                                                  16.41 kB
dist/assets/0.90_bunny2-sJ_7dFQS.jpeg                                             16.42 kB
dist/assets/stim21-Bpsd2_uW.jpeg                                                  16.43 kB
dist/assets/stim32-B2T0-wFh.jpeg                                                  16.43 kB
dist/assets/4-3-lobby_11-CK3VHBmW.jpg                                             16.46 kB
dist/assets/ABILLTABL-B2aWMZqt.jpeg                                               16.46 kB
dist/assets/6-6-arena_2-CnmL0gcq.jpg                                              16.47 kB
dist/assets/stim25-CuWb2fp-.jpeg                                                  16.47 kB
dist/assets/furn109-cFmv-D23MbVZg.jpeg                                            16.48 kB
dist/assets/tp19-CqSzE4mk.jpeg                                                    16.49 kB
dist/assets/tractor-BqtF4i5h.jpeg                                                 16.49 kB
dist/assets/tp13-C4z_D3ff.jpeg                                                    16.49 kB
dist/assets/Ayelltuli-eeFrTF7f.jpeg                                               16.49 kB
dist/assets/tp48-CXPZbJEp.jpeg                                                    16.50 kB
dist/assets/tp17-Cuv6Cdmh.jpeg                                                    16.50 kB
dist/assets/0.67_6.4_obj_0146-Chs4hLKA.jpeg                                       16.50 kB
dist/assets/1.63_5.8_obj_1847-Dy07GQg6.jpeg                                       16.51 kB
dist/assets/Aantiquecar-DmyGWTut.jpeg                                             16.52 kB
dist/assets/tp27-DE_divpz.jpeg                                                    16.53 kB
dist/assets/stim30-f6-Pc4G0.jpeg                                                  16.53 kB
dist/assets/tp16-CekPjpAr.jpeg                                                    16.56 kB
dist/assets/stim14-D2XFaAcy.jpeg                                                  16.57 kB
dist/assets/047_wf_faces-DsItDBEV.jpeg                                            16.57 kB
dist/assets/tp22-CsHfwybg.jpeg                                                    16.57 kB
dist/assets/Abinoculars5-CCtqtPJr.jpeg                                            16.58 kB
dist/assets/5-6-warehouse_10-BGmSaksf.jpg                                         16.59 kB
dist/assets/stim09-CgThw-J2.jpeg                                                  16.60 kB
dist/assets/tp10-_S7ljRCt.jpeg                                                    16.60 kB
dist/assets/Aexercisemac3-s14uagtw.jpeg                                           16.60 kB
dist/assets/0.75_Abinoculars5-W18qfo9_.jpeg                                       16.62 kB
dist/assets/tp42-CaY2hD7E.jpeg                                                    16.62 kB
dist/assets/1.84_snail-XzpgrJQH.jpeg                                              16.62 kB
dist/assets/tp4-Dr5r6sTt.jpeg                                                     16.63 kB
dist/assets/Abathtub10-B7Dn-m7p.jpeg                                              16.63 kB
dist/assets/stim17-C17SH_tn.jpeg                                                  16.63 kB
dist/assets/stim15-BTiHgiJM.jpeg                                                  16.63 kB
dist/assets/tp33-Dax6r5_U.jpeg                                                    16.63 kB
dist/assets/stim12-BvxE_kij.jpeg                                                  16.64 kB
dist/assets/Aspoolofthre6-CHJLMPFf.jpeg                                           16.64 kB
dist/assets/tp6-ibAMs9Ar.jpeg                                                     16.64 kB
dist/assets/067_inv_wf_faces-sr_9Vgg_.jpeg                                        16.64 kB
dist/assets/tp38-CZTysHzH.jpeg                                                    16.64 kB
dist/assets/Adecorati133-BXrDmDa8.jpeg                                            16.64 kB
dist/assets/tp44-DKbAcxxC.jpeg                                                    16.65 kB
dist/assets/Aprintingpre8--IQzG44o.jpeg                                           16.65 kB
dist/assets/1.50_Aspoolofthre6-DlFHC0cq.jpeg                                      16.65 kB
dist/assets/stim23-CL0jTjgX.jpeg                                                  16.66 kB
dist/assets/stim14-C6wXyvmt.jpeg                                                  16.66 kB
dist/assets/Agrandpiano9-8PVQao_G.jpeg                                            16.67 kB
dist/assets/stim11-DfCMnqUB.jpeg                                                  16.67 kB
dist/assets/tp20-BH3LDoBl.jpeg                                                    16.67 kB
dist/assets/tp8-B36ZKh1r.jpeg                                                     16.68 kB
dist/assets/tp9-CVryv8p8.jpeg                                                     16.69 kB
dist/assets/tp49-CdrtviOJ.jpeg                                                    16.70 kB
dist/assets/furn104-cFmv-CtJQj7ew.jpeg                                            16.70 kB
dist/assets/tp35-CQx3R5qO.jpeg                                                    16.71 kB
dist/assets/Aduckling-dvtGgPLR.jpeg                                               16.71 kB
dist/assets/stim28-BKpPB1_C.jpeg                                                  16.74 kB
dist/assets/stim24-LkvV9G7l.jpeg                                                  16.75 kB
dist/assets/tp45-DIqF9VJw.jpeg                                                    16.76 kB
dist/assets/tp7-DE9Ls-gD.jpeg                                                     16.76 kB
dist/assets/stim17-noYXi9nc.jpeg                                                  16.77 kB
dist/assets/stim09-CqkVRY1s.jpeg                                                  16.77 kB
dist/assets/tp34-3i5CqVw1.jpeg                                                    16.77 kB
dist/assets/Harmonica-BqdSRGnl.jpeg                                               16.77 kB
dist/assets/furnarr30-6tWib7-N.jpeg                                               16.79 kB
dist/assets/stim05-40ApsAid.jpeg                                                  16.79 kB
dist/assets/stim17-DlWNoHyb.jpeg                                                  16.79 kB
dist/assets/tp30-BDd3rn2_.jpeg                                                    16.80 kB
dist/assets/tp11-Coq6Wo90.jpeg                                                    16.81 kB
dist/assets/Abread24-DT4UGI_Z.jpeg                                                16.81 kB
dist/assets/stim27-DFLhtt__.jpeg                                                  16.81 kB
dist/assets/single_furn06-C_Zr7Zjh.jpeg                                           16.81 kB
dist/assets/tp2-CAHDMikw.jpeg                                                     16.82 kB
dist/assets/tp21-DtvcaiKs.jpeg                                                    16.82 kB
dist/assets/furn111-cFmv-DAmpjPwU.jpeg                                            16.82 kB
dist/assets/Abicycleshoe-DwEDeHfg.jpeg                                            16.82 kB
dist/assets/stim15-DPLAVfDw.jpeg                                                  16.83 kB
dist/assets/1.28_cow1-CdGfFTSB.jpeg                                               16.84 kB
dist/assets/6-6-arena_1-BuHN7sHE.jpg                                              16.85 kB
dist/assets/tp12-5vV7txGP.jpeg                                                    16.85 kB
dist/assets/1.40_Abicycleshoe-DrA_qsIE.jpeg                                       16.85 kB
dist/assets/tp36-ByJeAzQK.jpeg                                                    16.86 kB
dist/assets/ADUNEBUGG-A8eu7iSb.jpeg                                               16.87 kB
dist/assets/stim10-3yikOkMi.jpeg                                                  16.87 kB
dist/assets/stim19-pRXUvp_v.jpeg                                                  16.88 kB
dist/assets/tp5-DZkv0ITo.jpeg                                                     16.89 kB
dist/assets/stim01-DT8fBBQa.jpeg                                                  16.89 kB
dist/assets/tp51-DrgcaU56.jpeg                                                    16.90 kB
dist/assets/stim13-BAPV1qIH.jpeg                                                  16.91 kB
dist/assets/stim02-BzGgDRjf.jpeg                                                  16.91 kB
dist/assets/stim22-1eMjhZok.jpeg                                                  16.92 kB
dist/assets/tp52-C7meUf2j.jpeg                                                    16.93 kB
dist/assets/tp29-B6vlAD4W.jpeg                                                    16.93 kB
dist/assets/tp32-CjlOh-tF.jpeg                                                    16.93 kB
dist/assets/stim12-CUXl6Y96.jpeg                                                  16.94 kB
dist/assets/1.26_ABADBIRDY-D_bX_sGE.jpeg                                          16.94 kB
dist/assets/tp14-ci3uXjeU.jpeg                                                    16.94 kB
dist/assets/ABADBIRDY-BWZsC5uH.jpeg                                               16.95 kB
dist/assets/tp1-DvKFtTva.jpeg                                                     16.95 kB
dist/assets/Acdrom4-hbcHmZFG.jpeg                                                 16.95 kB
dist/assets/tp24-4rk8lG0L.jpeg                                                    16.96 kB
dist/assets/Sailboard-DvWe2o4G.jpeg                                               16.96 kB
dist/assets/tp25-FqoVVDh-.jpeg                                                    16.97 kB
dist/assets/tp37-kKdal37v.jpeg                                                    16.98 kB
dist/assets/stim26-BWTbKJ58.jpeg                                                  16.98 kB
dist/assets/tp15-Bs79AMIM.jpeg                                                    16.98 kB
dist/assets/tp43-BAcMFfvF.jpeg                                                    16.98 kB
dist/assets/6-5-exhibitionhall_8-WtengGCh.jpg                                     17.01 kB
dist/assets/tp41-Lu9k_1bc.jpeg                                                    17.03 kB
dist/assets/16-IntScram_104_nobackground-9rkwth36.jpeg                            17.03 kB
dist/assets/tp23-BlbpcGTt.jpeg                                                    17.03 kB
dist/assets/stim01-D5tUgGCu.jpeg                                                  17.05 kB
dist/assets/stim05-DLK-ZROa.jpeg                                                  17.05 kB
dist/assets/tp39-DuvYDzpd.jpeg                                                    17.05 kB
dist/assets/stim26-K8WOu4Uy.jpeg                                                  17.05 kB
dist/assets/tp3-IM-Jf_MH.jpeg                                                     17.06 kB
dist/assets/stim03-CpNI3bdK.jpeg                                                  17.06 kB
dist/assets/AMAILBOX6-20hZgxCI.jpeg                                               17.06 kB
dist/assets/tp50-brWhomfi.jpeg                                                    17.06 kB
dist/assets/6-6-arena_12-5oo9dLth.jpg                                             17.07 kB
dist/assets/furniture104-c-BSQ2fCSn.jpeg                                          17.08 kB
dist/assets/6-5-exhibitionhall_9-DjMXBS8g.jpg                                     17.08 kB
dist/assets/stim17-DnGYZjFp.jpeg                                                  17.08 kB
dist/assets/tp26-D0HRqx2e.jpeg                                                    17.09 kB
dist/assets/3-IntScram_08_nobackground-7ExxCaVK.jpeg                              17.09 kB
dist/assets/furn08-cFmv-DTrvuM3I.jpeg                                             17.11 kB
dist/assets/068_inv_wf_faces-Dz6opNbn.jpeg                                        17.12 kB
dist/assets/stim20-D_yCC0iv.jpeg                                                  17.13 kB
dist/assets/stim14-BgkRma5e.jpeg                                                  17.13 kB
dist/assets/tp28-CWCax-qP.jpeg                                                    17.14 kB
dist/assets/1.36_Adayplanner-B9VY0Rvu.jpeg                                        17.15 kB
dist/assets/stim05-t1ePRt7N.jpeg                                                  17.16 kB
dist/assets/stim23-DoZTUGRK.jpeg                                                  17.16 kB
dist/assets/stim34-KUIDYlJ2.jpeg                                                  17.18 kB
dist/assets/tp40-FkyIOEFP.jpeg                                                    17.18 kB
dist/assets/furnarr26-B_LN0Lq_.jpeg                                               17.19 kB
dist/assets/garbagecan-BZ07IY57.jpeg                                              17.21 kB
dist/assets/stim22-j5_FfvIy.jpeg                                                  17.23 kB
dist/assets/tp31-DTUwDLOc.jpeg                                                    17.24 kB
dist/assets/single_furn13-B42_YX3D.jpeg                                           17.25 kB
dist/assets/Apedestal3-D_Vhb-mb.jpeg                                              17.26 kB
dist/assets/Aapple15-KPBsJ6nE.jpeg                                                17.26 kB
dist/assets/Adayplanner-BKZQjvHb.jpeg                                             17.26 kB
dist/assets/052_sf_faces-k0bNiJoW.jpeg                                            17.28 kB
dist/assets/6-IntScram_14_nobackground-6AS8MdsV.jpeg                              17.28 kB
dist/assets/048_wf_faces-C64WnxIb.jpeg                                            17.30 kB
dist/assets/stim33-DDQnE1Ox.jpeg                                                  17.30 kB
dist/assets/stim14-C67QZI_v.jpeg                                                  17.31 kB
dist/assets/6-6-arena_8-DqXCP6c6.jpg                                              17.31 kB
dist/assets/stim31-DFwNvD1u.jpeg                                                  17.31 kB
dist/assets/AFILCAB10-CuGoa4IP.jpeg                                               17.32 kB
dist/assets/049_wf_faces-BbToYSMM.jpeg                                            17.32 kB
dist/assets/025_inv_wb_011d_bodyreed-SD1ivPZ_.jpeg                                17.32 kB
dist/assets/17-IntScram_106_nobackground-Djjk5Pnr.jpeg                            17.36 kB
dist/assets/furniture16-c-DwAs2c6m.jpeg                                           17.38 kB
dist/assets/stim23-Bz6l_e_x.jpeg                                                  17.38 kB
dist/assets/5-6-warehouse_1-BFbX3Q3P.jpg                                          17.39 kB
dist/assets/1-shower_11-CVulm_rQ.jpg                                              17.40 kB
dist/assets/005_wb_011d_bodyreed-BIl_EStu.jpeg                                    17.40 kB
dist/assets/stim11-CFcrLxkh.jpeg                                                  17.40 kB
dist/assets/stim24-CpYf4_Rn.jpeg                                                  17.41 kB
dist/assets/tp18-Dl7W8y4P.jpeg                                                    17.41 kB
dist/assets/tp46-C2YXV91U.jpeg                                                    17.41 kB
dist/assets/6-5-exhibitionhall_4-BB8eke72.jpg                                     17.42 kB
dist/assets/072_inv_sf_faces-Ci0n0BJo.jpeg                                        17.42 kB
dist/assets/5-6-warehouse_2-6U_dheyb.jpg                                          17.43 kB
dist/assets/ranjani-koushik-DBW_4LO6.jpg                                          17.45 kB
dist/assets/stim10-CYdJFW4q.jpeg                                                  17.45 kB
dist/assets/6-6-arena_6-CI8mecax.jpg                                              17.46 kB
dist/assets/single_furn17-CO5XNeEs.jpeg                                           17.46 kB
dist/assets/AOLDDOOR6-B3_KwzPy.jpeg                                               17.49 kB
dist/assets/0.83_mouse-C3EsMWMe.jpeg                                              17.50 kB
dist/assets/stim10-CLWS9_yJ.jpeg                                                  17.50 kB
dist/assets/Acable13-D6svjI8t.jpeg                                                17.52 kB
dist/assets/stim21-BXci8LjJ.jpeg                                                  17.52 kB
dist/assets/069_inv_wf_faces-D2lN0sy8.jpeg                                        17.52 kB
dist/assets/043_wf_faces-UGwk8QmZ.jpeg                                            17.54 kB
dist/assets/Aim4ribbo-CLp6GrLq.jpeg                                               17.54 kB
dist/assets/stim11-DRB7jVea.jpeg                                                  17.58 kB
dist/assets/1-6-pantry_7-B59ZxXfW.jpg                                             17.58 kB
dist/assets/stim21-KlOd6Fs4.jpeg                                                  17.58 kB
dist/assets/stim16-CyoT7kbY.jpeg                                                  17.60 kB
dist/assets/furn14-cFmv-rriNLwCR.jpeg                                             17.60 kB
dist/assets/Abench14-DQNLtn47.jpeg                                                17.61 kB
dist/assets/single_furn16-BqO1rnJs.jpeg                                           17.61 kB
dist/assets/stim13-Du53V_CS.jpeg                                                  17.61 kB
dist/assets/stim06-CRUUhZjm.jpeg                                                  17.62 kB
dist/assets/stim16-b9pDqAqN.jpeg                                                  17.62 kB
dist/assets/6-6-arena_9-BN8yx6PT.jpg                                              17.63 kB
dist/assets/stim06-x86SzoeA.jpeg                                                  17.64 kB
dist/assets/furniture14-c-B1-Q8nGU.jpeg                                           17.65 kB
dist/assets/stim15-BSWooCI4.jpeg                                                  17.67 kB
dist/assets/063_inv_wf_faces-t9pWBEDt.jpeg                                        17.70 kB
dist/assets/stim06-CU8mUHOr.jpeg                                                  17.70 kB
dist/assets/stim25-CCvATDk8.jpeg                                                  17.70 kB
dist/assets/041_wf_faces-RBBfccBb.jpeg                                            17.71 kB
dist/assets/061_inv_wf_faces-BFLVp2ns.jpeg                                        17.71 kB
dist/assets/stim27-DvrvXWZY.jpeg                                                  17.72 kB
dist/assets/furnarr16-D-K67G5w.jpeg                                               17.72 kB
dist/assets/Agrater10-fLmraMIz.jpeg                                               17.73 kB
dist/assets/1.55_Acalculator12-D9DqFGOZ.jpeg                                      17.74 kB
dist/assets/Apiano6-BTzRwCgL.jpeg                                                 17.74 kB
dist/assets/stim37-CGBAtwGK.jpeg                                                  17.75 kB
dist/assets/single_furn10-CuEuVnUU.jpeg                                           17.76 kB
dist/assets/stim27-CLtXOGtO.jpeg                                                  17.76 kB
dist/assets/Asquashgoggl2-DNMggx4b.jpeg                                           17.76 kB
dist/assets/Boot-iYbkFCky.jpeg                                                    17.79 kB
dist/assets/Aexercisemac4-Cp0qaIqS.jpeg                                           17.79 kB
dist/assets/Aemptydesk-BuuxtRnD.jpeg                                              17.80 kB
dist/assets/Akitchenisla4-INoghHYN.jpeg                                           17.81 kB
dist/assets/stim19-BmZXyNS3.jpeg                                                  17.82 kB
dist/assets/furniture08-c-CbE1QUkC.jpeg                                           17.82 kB
dist/assets/5-2-palacehall_5-CyJb2Ju5.jpg                                         17.82 kB
dist/assets/stim18-DPWERTRY.jpeg                                                  17.83 kB
dist/assets/Acalculator12-BoAUu9Bj.jpeg                                           17.84 kB
dist/assets/stim17-DdOrJt3f.jpeg                                                  17.84 kB
dist/assets/stim35-C2IvwMJu.jpeg                                                  17.85 kB
dist/assets/stim28-BviGiFm5.jpeg                                                  17.86 kB
dist/assets/ARACECAR-vHsalpbs.jpeg                                                17.86 kB
dist/assets/1.44_ACUPSAU43-CDSDMjll.jpeg                                          17.87 kB
dist/assets/20-IntScram_113_nobackground-Do-oLlEp.jpeg                            17.88 kB
dist/assets/stim24-B9ENJSRx.jpeg                                                  17.88 kB
dist/assets/stim09-BlZIT4us.jpeg                                                  17.88 kB
dist/assets/single_furn08-BO8307oQ.jpeg                                           17.92 kB
dist/assets/stim11-CH3fbBAf.jpeg                                                  17.92 kB
dist/assets/stim03-6IjubOGg.jpeg                                                  17.93 kB
dist/assets/stim20-zWwzr4iE.jpeg                                                  17.94 kB
dist/assets/bagel-BRtIThUH.jpeg                                                   17.97 kB
dist/assets/stim27-3xGXtJMp.jpeg                                                  17.97 kB
dist/assets/stim03-CxacGhNt.jpeg                                                  17.97 kB
dist/assets/stim23-BtMZwgoG.jpeg                                                  17.98 kB
dist/assets/3-2-anechoicchamber_12-BTmvt8fZ.jpg                                   17.98 kB
dist/assets/stim12-CXDdWu7M.jpeg                                                  18.02 kB
dist/assets/stim18-CtAWI23i.jpeg                                                  18.03 kB
dist/assets/ABENCH2-CzLYt1JS.jpeg                                                 18.05 kB
dist/assets/A_fork-CInbjmDe.jpeg                                                  18.06 kB
dist/assets/0.60_Acombination8-DYndREP1.jpeg                                      18.06 kB
dist/assets/stim33-CmaaezJ_.jpeg                                                  18.08 kB
dist/assets/stim06-CZXPKSN5.jpeg                                                  18.08 kB
dist/assets/single_furn05-BLEGfEe2.jpeg                                           18.10 kB
dist/assets/ACUPSAU43-B5159qEn.jpeg                                               18.10 kB
dist/assets/Acombination8-Dil_uvii.jpeg                                           18.12 kB
dist/assets/stim18-B7kpbfbV.jpeg                                                  18.13 kB
dist/assets/050_wf_faces-CJH2KOW7.jpeg                                            18.18 kB
dist/assets/044_wf_faces-Dngf-w8_.jpeg                                            18.19 kB
dist/assets/064_inv_wf_faces-DBWDnYCU.jpeg                                        18.20 kB
dist/assets/Amotorboat8-D6SLLYCv.jpeg                                             18.21 kB
dist/assets/1.00_Atennisball2-5rCXDqcF.jpeg                                       18.21 kB
dist/assets/stim12-Bl7NlBG8.jpeg                                                  18.21 kB
dist/assets/Iron-CeAl0U6m.jpeg                                                    18.21 kB
dist/assets/stim02-DhiI2lZH.jpeg                                                  18.22 kB
dist/assets/stim23-CLsMud62.jpeg                                                  18.22 kB
dist/assets/Abaseballglo4-DErAjWXA.jpeg                                           18.24 kB
dist/assets/stim07-DbKaFZNr.jpeg                                                  18.26 kB
dist/assets/stim11-CTsVdxJ2.jpeg                                                  18.33 kB
dist/assets/stim17-CbJDJOcS.jpeg                                                  18.33 kB
dist/assets/0.75_AANTCHAIR-BmpKrKp4.jpeg                                          18.35 kB
dist/assets/Atennisball2-Dt7nR2As.jpeg                                            18.35 kB
dist/assets/AARTIVE6-C3zu-u4K.jpeg                                                18.36 kB
dist/assets/stim30-CmfJwTP8.jpeg                                                  18.36 kB
dist/assets/furnarr12-5W1FfGXa.jpeg                                               18.37 kB
dist/assets/070_inv_wf_faces-sjS8ATvl.jpeg                                        18.38 kB
dist/assets/A90CRUIS-QY-qY62s.jpeg                                                18.38 kB
dist/assets/stim01-Ct8ZveV-.jpeg                                                  18.40 kB
dist/assets/stim16-Cy3aIld1.jpeg                                                  18.41 kB
dist/assets/stim32-CXOGd0mj.jpeg                                                  18.42 kB
dist/assets/stim34-B5WtKXPu.jpeg                                                  18.44 kB
dist/assets/ASKYDIVE-CVbHOLjQ.jpeg                                                18.45 kB
dist/assets/stim08-Bo1QDEPS.jpeg                                                  18.45 kB
dist/assets/Agrandpiano13-CPRglADG.jpeg                                           18.45 kB
dist/assets/stim31-BdMhYXb1.jpeg                                                  18.45 kB
dist/assets/0.79_Acanoe19-3rJTRVpc.jpeg                                           18.46 kB
dist/assets/stim07-BFs26GCc.jpeg                                                  18.48 kB
dist/assets/stim08-CUvM6mX4.jpeg                                                  18.48 kB
dist/assets/1.07_Agrandpiano13-CIic3BvD.jpeg                                      18.49 kB
dist/assets/12-IntScram_26_nobackground-iRXxotmJ.jpeg                             18.49 kB
dist/assets/stim11-BM-HTaY5.jpeg                                                  18.51 kB
dist/assets/AANTCHAIR-CMJMf-Eh.jpeg                                               18.54 kB
dist/assets/009_wb_021d_bodyreed-n4vECL0t.jpeg                                    18.54 kB
dist/assets/1.78_schoolbus-PR0p7uff.jpeg                                          18.55 kB
dist/assets/0.64_5.8_obj_3444-Rhb6JhES.jpeg                                       18.56 kB
dist/assets/stim26-BX-TXSNi.jpeg                                                  18.57 kB
dist/assets/Acandy50-Bi6iuy1t.jpeg                                                18.59 kB
dist/assets/stim20-CuGE9kmG.jpeg                                                  18.59 kB
dist/assets/stim10-BZG3710S.jpeg                                                  18.64 kB
dist/assets/stim13-C7hPnKsM.jpeg                                                  18.65 kB
dist/assets/stim08-CYb6dNq4.jpeg                                                  18.65 kB
dist/assets/1.20_Aantiquehat4-4di7wvg3.jpeg                                       18.65 kB
dist/assets/stim10-D-E4lwNO.jpeg                                                  18.67 kB
dist/assets/stim15-DMVlM2KK.jpeg                                                  18.67 kB
dist/assets/single_furn03-B4-ZyN65.jpeg                                           18.69 kB
dist/assets/stim16-CDfIsHKK.jpeg                                                  18.69 kB
dist/assets/single_furn14-CdfEFRT1.jpeg                                           18.69 kB
dist/assets/Harp-BuLgylhG.jpeg                                                    18.70 kB
dist/assets/010_wb_021new2_bodyreed-VCztnD4-.jpeg                                 18.71 kB
dist/assets/stim11-B_htg4-s.jpeg                                                  18.71 kB
dist/assets/stim07-CtY3bnHb.jpeg                                                  18.71 kB
dist/assets/0.86_Acompas19-DOFN_BTO.jpeg                                          18.71 kB
dist/assets/Acanoe19-wkvV8GPv.jpeg                                                18.71 kB
dist/assets/stim24-D8WK81QD.jpeg                                                  18.72 kB
dist/assets/stim15-CDgPpkc6.jpeg                                                  18.73 kB
dist/assets/Acompas19-Dr5X1y7J.jpeg                                               18.73 kB
dist/assets/Aantiquehat4-CAr6p_Kj.jpeg                                            18.73 kB
dist/assets/029_inv_wb_021d_bodyreed-CYz344z0.jpeg                                18.73 kB
dist/assets/sp03-DFXuEHWw.jpeg                                                    18.74 kB
dist/assets/stim21-DfckZy1S.jpeg                                                  18.75 kB
dist/assets/Atomato12-CDROFXL-.jpeg                                               18.75 kB
dist/assets/stim17-CKxx-DE_.jpeg                                                  18.76 kB
dist/assets/stim16-CVNhzvYD.jpeg                                                  18.77 kB
dist/assets/sp04-C_FVrxiR.jpeg                                                    18.79 kB
dist/vss-satellite/index.html                                                     18.80 kB │ gzip:     4.14 kB
dist/assets/stim15-Cm3kwP75.jpeg                                                  18.80 kB
dist/assets/027_inv_wb_014_bodyreed-CtTlWgiU.jpeg                                 18.81 kB
dist/assets/ADOORWA66-CYEVfxIy.jpeg                                               18.81 kB
dist/assets/stim14-ALDaKsNv.jpeg                                                  18.82 kB
dist/assets/schoolbus-CnQ618CR.jpeg                                               18.82 kB
dist/assets/stim22-D3jO2dks.jpeg                                                  18.84 kB
dist/assets/stim25-DwlL_pdY.jpeg                                                  18.85 kB
dist/assets/stim14-BedQhMzq.jpeg                                                  18.86 kB
dist/assets/stim19-UC2zz8Ve.jpeg                                                  18.89 kB
dist/assets/030_inv_wb_021new2_bodyreed-nWy7gdWp.jpeg                             18.89 kB
dist/assets/024_inv_wb_007d_bodyreed-VbXm8Fos.jpeg                                18.90 kB
dist/assets/stim10-CArozfj7.jpeg                                                  18.90 kB
dist/assets/stim09-D6LruXDL.jpeg                                                  18.90 kB
dist/assets/stim06-BSwqEoC3.jpeg                                                  18.90 kB
dist/assets/stim26-Dyq6bmXf.jpeg                                                  18.92 kB
dist/assets/007_wb_014_bodyreed-CPoOHLyE.jpeg                                     18.94 kB
dist/assets/18-IntScram_109_nobackground-1tWIM_5G.jpeg                            18.95 kB
dist/assets/furniture10-c-CaiNdfaG.jpeg                                           18.98 kB
dist/assets/stim13-BvAoXNqu.jpeg                                                  18.98 kB
dist/assets/stim08-C5afJf0_.jpeg                                                  18.99 kB
dist/assets/stim13-DCczWzMG.jpeg                                                  18.99 kB
dist/assets/004_wb_007d_bodyreed-DjLV8xXZ.jpeg                                    19.00 kB
dist/assets/stim04-B3nl7wEx.jpeg                                                  19.02 kB
dist/assets/ALOVSEA21-D1dX6gLb.jpeg                                               19.03 kB
dist/assets/stim36-DncmwjO5.jpeg                                                  19.03 kB
dist/assets/stim11-BblT1sj0.jpeg                                                  19.04 kB
dist/assets/Bagpipe-B7chdU9W.jpeg                                                 19.05 kB
dist/assets/stim39-wiME9DqO.jpeg                                                  19.06 kB
dist/assets/stim04-pbXGnocy.jpeg                                                  19.07 kB
dist/assets/008_wb_020_bodyreed-nxXyoAj2.jpeg                                     19.07 kB
dist/assets/stim13-jx3d2eZw.jpeg                                                  19.09 kB
dist/assets/stim08-tvRVKxHa.jpeg                                                  19.11 kB
dist/assets/046_wf_faces-CwQy3gPP.jpeg                                            19.12 kB
dist/assets/002_wb_005_bodyreed-DiC5FOfc.jpeg                                     19.14 kB
dist/assets/066_inv_wf_faces-CJ7r3TYJ.jpeg                                        19.16 kB
dist/assets/stim10-C1xIWLzg.jpeg                                                  19.17 kB
dist/assets/022_inv_wb_005_bodyreed-E03VUXLI.jpeg                                 19.17 kB
dist/assets/sp02-DaVD61BW.jpeg                                                    19.19 kB
dist/assets/stim18-BSLcqZzM.jpeg                                                  19.20 kB
dist/assets/sp01-DbqUK5Nw.jpeg                                                    19.22 kB
dist/assets/stim08-BRsMR7Do.jpeg                                                  19.22 kB
dist/assets/0.58_rooster-nTfuFkUb.jpeg                                            19.23 kB
dist/assets/stim12-CqeWnTC4.jpeg                                                  19.23 kB
dist/assets/stim08-Yyh8jkND.jpeg                                                  19.24 kB
dist/assets/028_inv_wb_020_bodyreed-Gs2ygeuN.jpeg                                 19.24 kB
dist/assets/stim01-B6G1Iw-Y.jpeg                                                  19.25 kB
dist/assets/Aartichoke2-C2CVp_k1.jpeg                                             19.26 kB
dist/assets/stim09-D_wEhwXe.jpeg                                                  19.26 kB
dist/assets/Achair559-BaQvyaGw.jpeg                                               19.27 kB
dist/assets/1-shower_9-Br1Axbse.jpg                                               19.28 kB
dist/assets/tf33-Bbeaprji.jpeg                                                    19.28 kB
dist/assets/stim06-CPwskgNG.jpeg                                                  19.28 kB
dist/assets/stim40-D61iGP1i.jpeg                                                  19.28 kB
dist/assets/stim16-CrJjMCHN.jpeg                                                  19.29 kB
dist/assets/tf23-CAR05w2d.jpeg                                                    19.31 kB
dist/assets/stim21-C8gqYglr.jpeg                                                  19.33 kB
dist/assets/tf37-CAqW9DTG.jpeg                                                    19.34 kB
dist/assets/tf45-B9S7Im4L.jpeg                                                    19.35 kB
dist/assets/stim36-DFAQgKk_.jpeg                                                  19.35 kB
dist/assets/065_inv_wf_faces-0dQiOdlO.jpeg                                        19.35 kB
dist/assets/apurva-ratan-murty-CpXiV7sB.jpeg                                      19.35 kB
dist/assets/furn10-cFmv-CjviIJEh.jpeg                                             19.35 kB
dist/assets/tf28-BLrhi2kT.jpeg                                                    19.37 kB
dist/assets/Awoodcarving-CbekwCEp.jpeg                                            19.40 kB
dist/assets/tf26-BlIZd0qm.jpeg                                                    19.43 kB
dist/assets/stim04-BHaY9WZM.jpeg                                                  19.43 kB
dist/assets/stim38-ChJ2pd47.jpeg                                                  19.43 kB
dist/assets/11-IntScram_24_nobackground-D5HSo6pV.jpeg                             19.43 kB
dist/assets/stim22-B8_R0O26.jpeg                                                  19.44 kB
dist/assets/stim21-CQdyztjb.jpeg                                                  19.44 kB
dist/assets/tf22-QPitoodH.jpeg                                                    19.44 kB
dist/assets/deskfan-B5Xc2Wad.jpeg                                                 19.45 kB
dist/assets/tf12-BbRS4urs.jpeg                                                    19.45 kB
dist/assets/tf9-Cjls-yF-.jpeg                                                     19.46 kB
dist/assets/tf1-DH9uIgos.jpeg                                                     19.48 kB
dist/assets/tf34-BvirGfyC.jpeg                                                    19.48 kB
dist/assets/ERazor-BzCLa5dg.jpeg                                                  19.49 kB
dist/assets/tf25-5A4Ou8n-.jpeg                                                    19.50 kB
dist/assets/stim23-DHuB2dCr.jpeg                                                  19.51 kB
dist/assets/Acannedaspa10-Ddp_xQoB.jpeg                                           19.51 kB
dist/assets/045_wf_faces-4sW6qkdV.jpeg                                            19.51 kB
dist/assets/tf52-AIRRuGEk.jpeg                                                    19.52 kB
dist/assets/Awalnut10-CqmPl4bJ.jpeg                                               19.54 kB
dist/assets/tf27-CxhnnNq0.jpeg                                                    19.54 kB
dist/assets/stim09-BWioLawz.jpeg                                                  19.54 kB
dist/assets/stim01-CC9jaW2K.jpeg                                                  19.55 kB
dist/assets/stim12-BxhazrnB.jpeg                                                  19.56 kB
dist/assets/stim17-5OYimNJB.jpeg                                                  19.56 kB
dist/assets/tf18-CPReTni0.jpeg                                                    19.58 kB
dist/assets/tf40-C_cL9CMv.jpeg                                                    19.58 kB
dist/assets/tf19-Ilp0DrUP.jpeg                                                    19.59 kB
dist/assets/stim38-CY-x0G0F.jpeg                                                  19.59 kB
dist/assets/furn16-cFmv-BrdiW_GV.jpeg                                             19.59 kB
dist/assets/1-shower_4-BDD5-TyW.jpg                                               19.60 kB
dist/assets/tf4-DNS3aoG8.jpeg                                                     19.60 kB
dist/assets/2-bathroom_3-G5eij4Dr.jpg                                             19.60 kB
dist/assets/tf39-W8PC82Fw.jpeg                                                    19.60 kB
dist/assets/tf11-SXbYQ_Sp.jpeg                                                    19.61 kB
dist/assets/single_furn04-BZZqz8tK.jpeg                                           19.61 kB
dist/assets/tf30-CnxMT8Xz.jpeg                                                    19.62 kB
dist/assets/057_sf_faces-cOt70jkL.jpeg                                            19.62 kB
dist/assets/tf48-KaP2ACJk.jpeg                                                    19.63 kB
dist/assets/tf32-Dd6aJ-Q1.jpeg                                                    19.63 kB
dist/assets/stim09-CIB6jEj0.jpeg                                                  19.63 kB
dist/assets/stim24-hbrsIMVL.jpeg                                                  19.63 kB
dist/assets/tf50-cYXDAnSi.jpeg                                                    19.64 kB
dist/assets/001_wb_001_bodyreed-DwzQjJa6.jpeg                                     19.64 kB
dist/assets/stim23-De2pwiUW.jpeg                                                  19.64 kB
dist/assets/tf42-PvcA14zJ.jpeg                                                    19.64 kB
dist/assets/Abicycleodome-DVeIaaJT.jpeg                                           19.64 kB
dist/assets/tf47-BT9v7qtG.jpeg                                                    19.65 kB
dist/assets/tf8-Duhd7yna.jpeg                                                     19.65 kB
dist/assets/tf43-BetArOfp.jpeg                                                    19.65 kB
dist/assets/tf13-BC1uYhA4.jpeg                                                    19.66 kB
dist/assets/tf31-CmJKVICy.jpeg                                                    19.67 kB
dist/assets/Apepperoni-C2sOSHbn.jpeg                                              19.67 kB
dist/assets/tf20-DgM6bqqf.jpeg                                                    19.68 kB
dist/assets/tf35-DxdQSHya.jpeg                                                    19.68 kB
dist/assets/tf3-D2C4f3G9.jpeg                                                     19.69 kB
dist/assets/021_inv_wb_001_bodyreed-D9i_xkZn.jpeg                                 19.69 kB
dist/assets/tf2-DLiEZ2of.jpeg                                                     19.70 kB
dist/assets/015_sb_011d_bodyreed-DvWO7sJt.jpeg                                    19.70 kB
dist/assets/tf41-CeDe2ciQ.jpeg                                                    19.71 kB
dist/assets/tf38-B7mxbBaI.jpeg                                                    19.71 kB
dist/assets/stim35-DGLa-EF9.jpeg                                                  19.71 kB
dist/assets/AANTRAD24-CK-1BKEW.jpeg                                               19.71 kB
dist/assets/tf17-Dp_0XScF.jpeg                                                    19.72 kB
dist/assets/tf24-Dw_TEber.jpeg                                                    19.72 kB
dist/assets/tf44-LKZ38p36.jpeg                                                    19.73 kB
dist/assets/tf21-Q8mIlFaJ.jpeg                                                    19.74 kB
dist/assets/tf49-CdZVhd-E.jpeg                                                    19.74 kB
dist/assets/tf6-B81o5EUY.jpeg                                                     19.75 kB
dist/assets/077_inv_sf_faces-CdI5Ynb4.jpeg                                        19.76 kB
dist/assets/tf29-DBRSl4C1.jpeg                                                    19.76 kB
dist/assets/0.56_Acabinetwith2-D8O0DnVd.jpeg                                      19.77 kB
dist/assets/AELEAGEN3-C3gGfFrh.jpeg                                               19.77 kB
dist/assets/stim39-CRpvGCFF.jpeg                                                  19.78 kB
dist/assets/AAMBULAN7-GRY6XRRO.jpeg                                               19.79 kB
dist/assets/tf10-DYEfYPvT.jpeg                                                    19.79 kB
dist/assets/tf51-CvEa-w9H.jpeg                                                    19.79 kB
dist/assets/tf46-HqC_uO55.jpeg                                                    19.82 kB
dist/assets/lightbulb02-CbG3kpNL.jpeg                                             19.83 kB
dist/assets/058_sf_faces-5zI9lMQk.jpeg                                            19.84 kB
dist/assets/stim21-D9ocG2wG.jpeg                                                  19.84 kB
dist/assets/stim17-CHO0IaM2.jpeg                                                  19.84 kB
dist/assets/stim22-d_S4qKtW.jpeg                                                  19.84 kB
dist/assets/stim23-JgaAjbZz.jpeg                                                  19.86 kB
dist/assets/stim26-BAAo4DzL.jpeg                                                  19.86 kB
dist/assets/tf15-CF1oMRHY.jpeg                                                    19.88 kB
dist/assets/1.36_hoofed-agnu-dkkibwKk.jpeg                                        19.89 kB
dist/assets/stim40-Bjwt8wHt.jpeg                                                  19.90 kB
dist/assets/023_inv_wb_006d_bodyreed-Bc0i4d96.jpeg                                19.90 kB
dist/assets/053_sf_faces-CLziAqNi.jpeg                                            19.91 kB
dist/assets/003_wb_006d_bodyreed-CEQW65yH.jpeg                                    19.91 kB
dist/assets/stim11-aCwQ-Tyk.jpeg                                                  19.92 kB
dist/assets/035_inv_sb_011d_bodyreed-DkZTD4uN.jpeg                                19.93 kB
dist/assets/14-IntScram_30_nobackground-di1ABmZN.jpeg                             19.94 kB
dist/assets/1.05_B_coffee-Czvsmayr.jpeg                                           19.95 kB
dist/assets/B_coffee-BvUq6GD9.jpeg                                                19.95 kB
dist/assets/026_inv_wb_012_bodyreed-DVEMLZI3.jpeg                                 19.97 kB
dist/assets/tf5-QpGBZ97s.jpeg                                                     19.99 kB
dist/assets/tf14-C04WUZfz.jpeg                                                    20.00 kB
dist/assets/tf16-BRXjTWiH.jpeg                                                    20.00 kB
dist/assets/Aantiquejuke2-DCg7J5AK.jpeg                                           20.00 kB
dist/assets/furn12-cFmv-twAd1rIg.jpeg                                             20.00 kB
dist/assets/stim06-DArdI2So.jpeg                                                  20.02 kB
dist/assets/006_wb_012_bodyreed-BLC-YZp-.jpeg                                     20.03 kB
dist/assets/1.74_van-BpC5hQEL.jpeg                                                20.04 kB
dist/assets/tf7-CMpHRZLX.jpeg                                                     20.04 kB
dist/assets/A80RESCU3-DxnpkY6T.jpeg                                               20.04 kB
dist/assets/stim05-C0qMoIiZ.jpeg                                                  20.05 kB
dist/assets/stim15-CvoAubgY.jpeg                                                  20.05 kB
dist/assets/stim10-Cf0uLyhc.jpeg                                                  20.06 kB
dist/assets/stim20-C2JrrRiJ.jpeg                                                  20.06 kB
dist/assets/stim17-DZBcUN7h.jpeg                                                  20.06 kB
dist/assets/van-DIXsXHWs.jpeg                                                     20.07 kB
dist/assets/stim10-c-rYx_Dw.jpeg                                                  20.07 kB
dist/assets/Abracelet4-xywf5Rjd.jpeg                                              20.07 kB
dist/assets/ADISCMAN-LVX160fA.jpeg                                                20.07 kB
dist/assets/Atombstone2-BOmffSCC.jpeg                                             20.08 kB
dist/assets/stim01-CrRUoYlf.jpeg                                                  20.08 kB
dist/assets/0.98_ADISCMAN-C5kIGeSU.jpeg                                           20.08 kB
dist/assets/stim26-DQkfidnl.jpeg                                                  20.09 kB
dist/assets/Acabinetwith2-AnV9d6E7.jpeg                                           20.10 kB
dist/assets/stim17-BJlJolfZ.jpeg                                                  20.11 kB
dist/assets/stim13-DRh8c1pJ.jpeg                                                  20.12 kB
dist/assets/019_sb_021d_bodyreed-Bwm6eDLl.jpeg                                    20.13 kB
dist/assets/furn30-cFmv-DDKzxgIR.jpeg                                             20.13 kB
dist/assets/stim01-BOF9fAJ3.jpeg                                                  20.13 kB
dist/assets/079_inv_sf_faces-C-RvwEGn.jpeg                                        20.14 kB
dist/assets/stim16-Cb6pm6Qq.jpeg                                                  20.15 kB
dist/assets/Abunchofgrap2-CQQG0xPA.jpeg                                           20.17 kB
dist/assets/stim37-DVZJt85P.jpeg                                                  20.18 kB
dist/assets/stim21-dSnFU4Ld.jpeg                                                  20.20 kB
dist/assets/stim24-CJON5vF-.jpeg                                                  20.21 kB
dist/assets/19-IntScram_111_nobackground-xrVYzX9I.jpeg                            20.22 kB
dist/assets/stim06-s6xN7yHq.jpeg                                                  20.23 kB
dist/assets/stim19-DCXwI36m.jpeg                                                  20.24 kB
dist/assets/Iceskate-B9-lnjaS.jpeg                                                20.25 kB
dist/assets/stim04-D9vQiSrZ.jpeg                                                  20.25 kB
dist/assets/ATRUNK21-BfMfLqBB.jpeg                                                20.26 kB
dist/assets/tf36-4jDb4XV_.jpeg                                                    20.27 kB
dist/assets/stim22-D2MjghSK.jpeg                                                  20.27 kB
dist/assets/014_sb_007d_bodyreed-BZNRsMda.jpeg                                    20.28 kB
dist/assets/039_inv_sb_021d_bodyreed-BKKWCO6d.jpeg                                20.29 kB
dist/assets/stim06-DPdGRgk1.jpeg                                                  20.29 kB
dist/assets/stim04-BggtkgDP.jpeg                                                  20.30 kB
dist/assets/stim27-Kt-I0Kbb.jpeg                                                  20.32 kB
dist/assets/020_sb_021new2_bodyreed-zgY0bCmu.jpeg                                 20.32 kB
dist/assets/stim19-DeWD8XFL.jpeg                                                  20.33 kB
dist/assets/stim11-BXvQ5wJp.jpeg                                                  20.33 kB
dist/assets/017_sb_014_bodyreed-CLe0g5EF.jpeg                                     20.33 kB
dist/assets/078_inv_sf_faces-CCAZJ-IJ.jpeg                                        20.34 kB
dist/assets/ALOVSEA22-DolU3Cx4.jpeg                                               20.35 kB
dist/assets/stim07-Dockw8LD.jpeg                                                  20.36 kB
dist/assets/5-IntScram_12_nobackground-COxf8xYf.jpeg                              20.39 kB
dist/assets/034_inv_sb_007d_bodyreed-D7GFzlzo.jpeg                                20.42 kB
dist/assets/furniture109-a-DupuVlx0.jpeg                                          20.44 kB
dist/assets/stim13-DhIlBeqq.jpeg                                                  20.44 kB
dist/assets/stim13-avEpVpWK.jpeg                                                  20.48 kB
dist/assets/stim18-Bjv7z_Tn.jpeg                                                  20.51 kB
dist/assets/stim12-Da6F8RIi.jpeg                                                  20.51 kB
dist/assets/051_sf_faces-CB7VUGEX.jpeg                                            20.52 kB
dist/assets/stim02-C2xnYIyN.jpeg                                                  20.52 kB
dist/assets/AWINDMILL-rav9BcKg.jpeg                                               20.53 kB
dist/assets/Apicturefra12-BKzOFYSR.jpeg                                           20.56 kB
dist/assets/furniture07-c-Bk8RmLPo.jpeg                                           20.57 kB
dist/assets/037_inv_sb_014_bodyreed-DTNK6Vp_.jpeg                                 20.58 kB
dist/assets/ARACECAR4-DyzEqm0Q.jpeg                                               20.60 kB
dist/assets/040_inv_sb_021new2_bodyreed-BvNwwsrl.jpeg                             20.60 kB
dist/assets/073_inv_sf_faces-C98ifSsW.jpeg                                        20.60 kB
dist/assets/stim24-CRAQ_V7B.jpeg                                                  20.62 kB
dist/assets/059_sf_faces-Cz0FuI7t.jpeg                                            20.63 kB
dist/assets/stim03-DX_DTPcv.jpeg                                                  20.64 kB
dist/assets/Aleaf85-xlA7cneL.jpeg                                                 20.65 kB
dist/assets/ACHAIR158-CKRq3x73.jpeg                                               20.68 kB
dist/assets/Atoyfishorna3-B3_L05Ed.jpeg                                           20.75 kB
dist/assets/single_furn01-CH0iLsNQ.jpeg                                           20.76 kB
dist/assets/stim04-CektinIs.jpeg                                                  20.76 kB
dist/assets/012_sb_005_bodyreed-DDmbDfWY.jpeg                                     20.77 kB
dist/assets/Acircularbut5-Dh7Wkitd.jpeg                                           20.79 kB
dist/assets/stim11-ZM6AjFRm.jpeg                                                  20.79 kB
dist/assets/018_sb_020_bodyreed-lJ6jX59I.jpeg                                     20.80 kB
dist/assets/054_sf_faces-BpihVgxF.jpeg                                            20.81 kB
dist/assets/stim23-joBmhkJS.jpeg                                                  20.87 kB
dist/assets/stim10-CYpxoUlP.jpeg                                                  20.87 kB
dist/assets/stim05-CnEIQUVR.jpeg                                                  20.87 kB
dist/assets/060_sf_faces-CvtL_GuL.jpeg                                            20.88 kB
dist/assets/703204_sk_lg-9A6KcO99.jpeg                                            20.89 kB
dist/assets/stim14-CLbJBcy7.jpeg                                                  20.91 kB
dist/assets/stim13-CCn_EYUS.jpeg                                                  20.93 kB
dist/assets/stim21-C004d5iX.jpeg                                                  20.94 kB
dist/assets/071_inv_sf_faces-B6JOYmyf.jpeg                                        20.94 kB
dist/assets/080_inv_sf_faces-CmkKx97z.jpeg                                        20.94 kB
dist/assets/Shoe-Dh-rjZWy.jpeg                                                    20.95 kB
dist/assets/2-bathroom_2-CceRUP59.jpg                                             20.95 kB
dist/assets/stim25-LXN464MC.jpeg                                                  20.96 kB
dist/assets/stim07-D3kzFefj.jpeg                                                  20.97 kB
dist/assets/stim03-DAnjxVgl.jpeg                                                  20.98 kB
dist/assets/stim10-BLCi4UP8.jpeg                                                  21.00 kB
dist/assets/0.42_703204_sk_lg-DGQvhVd9.jpeg                                       21.01 kB
dist/assets/038_inv_sb_020_bodyreed-B_R1lbwA.jpeg                                 21.03 kB
dist/assets/ALITTERB2-BWaz_Ckp.jpeg                                               21.03 kB
dist/assets/stim19-DbpK9woT.jpeg                                                  21.05 kB
dist/assets/stim19-Bcs3ytC1.jpeg                                                  21.06 kB
dist/assets/stim02-BK2bvY1-.jpeg                                                  21.07 kB
dist/assets/1-shower_7-CD3rAfUI.jpg                                               21.09 kB
dist/assets/AANTCANO5-BOMsSKEp.jpeg                                               21.10 kB
dist/assets/trunk-_x_kc3wm.jpeg                                                   21.12 kB
dist/assets/AAIRBALL2-CW90m3h9.jpeg                                               21.14 kB
dist/assets/stim20-NU3oLGLA.jpeg                                                  21.18 kB
dist/assets/stim28-Ba4bSUho.jpeg                                                  21.18 kB
dist/assets/2-bathroom_1-CZJHuZc4.jpg                                             21.18 kB
dist/assets/stim02-CPfHtRl3.jpeg                                                  21.19 kB
dist/assets/013_sb_006d_bodyreed-B4JDHtbp.jpeg                                    21.19 kB
dist/assets/stim27-BQjau8md.jpeg                                                  21.20 kB
dist/assets/0.94_AARMCHA25--Zr48hnP.jpeg                                          21.20 kB
dist/assets/1.04_cow-hornedcow-Dx5ecNbD.jpeg                                      21.21 kB
dist/assets/stim28-BWOV0Exn.jpeg                                                  21.24 kB
dist/assets/stim16-BvsOwIfi.jpeg                                                  21.24 kB
dist/assets/stim05-CMmzL8bI.jpeg                                                  21.25 kB
dist/assets/011_sb_001_bodyreed-ZVwcZ-EB.jpeg                                     21.26 kB
dist/assets/032_inv_sb_005_bodyreed-CRBrvGDa.jpeg                                 21.27 kB
dist/assets/stim21-DF679mao.jpeg                                                  21.29 kB
dist/assets/AARMCHA25-B0PGpOlB.jpeg                                               21.31 kB
dist/assets/stim16-BhuRdl2w.jpeg                                                  21.33 kB
dist/assets/Acalculator22-YeThw41D.jpeg                                           21.34 kB
dist/assets/031_inv_sb_001_bodyreed-BQklHobN.jpeg                                 21.34 kB
dist/assets/furnarr10-zX8uLxxc.jpeg                                               21.36 kB
dist/assets/ALOVSEA12-CHo_HMBi.jpeg                                               21.37 kB
dist/assets/stim08-wYNcMg_8.jpeg                                                  21.38 kB
dist/assets/stim07-5_ornvxe.jpeg                                                  21.39 kB
dist/assets/stim11-CpNm6IoF.jpeg                                                  21.40 kB
dist/assets/stim04-B0IA1vjw.jpeg                                                  21.42 kB
dist/assets/0.80_5.8_obj_3128-CwZ_a44t.jpeg                                       21.43 kB
dist/assets/stim36-DRbGELWU.jpeg                                                  21.47 kB
dist/assets/016_sb_012_bodyreed-D9GVeEba.jpeg                                     21.48 kB
dist/assets/Acabinet55-J5nMRzvc.jpeg                                              21.49 kB
dist/assets/stim12-CXoP06cl.jpeg                                                  21.50 kB
dist/assets/stim13-DLQGraG7.jpeg                                                  21.52 kB
dist/assets/single_furn02-FoNhujau.jpeg                                           21.52 kB
dist/assets/Aallterrain10-CsKDG21s.jpeg                                           21.54 kB
dist/assets/stim18-hY3ckWUf.jpeg                                                  21.54 kB
dist/assets/033_inv_sb_006d_bodyreed-BW04wiSL.jpeg                                21.55 kB
dist/assets/furniture113-a-CjNqkaeA.jpeg                                          21.58 kB
dist/assets/stim34-CkXxj8xn.jpeg                                                  21.59 kB
dist/assets/stim17-Jhd6EKy1.jpeg                                                  21.60 kB
dist/assets/stim25-DJtNc2G4.jpeg                                                  21.60 kB
dist/assets/036_inv_sb_012_bodyreed-Dv31uUwM.jpeg                                 21.64 kB
dist/assets/pingpongtable-QK4N2ypQ.jpeg                                           21.64 kB
dist/assets/ACHAIR370-CSBTI_RH.jpeg                                               21.65 kB
dist/assets/stim24-BqWkCZIj.jpeg                                                  21.66 kB
dist/assets/stim02-D2uq6wfZ.jpeg                                                  21.68 kB
dist/assets/stim27-BlQVzMzg.jpeg                                                  21.69 kB
dist/assets/stim39-BRRypsju.jpeg                                                  21.71 kB
dist/assets/1.54_pingpongtable-B1lEKY8I.jpeg                                      21.73 kB
dist/assets/ATRUNK15-BWdtx3RW.jpeg                                                21.73 kB
dist/assets/1-shower_10-eD3lQpQO.jpg                                              21.74 kB
dist/assets/stim07-jIAJi19k.jpeg                                                  21.74 kB
dist/assets/074_inv_sf_faces-Cj4abQJU.jpeg                                        21.74 kB
dist/assets/stim11-Cd7oB_vE.jpeg                                                  21.75 kB
dist/assets/stim38-VdnmQ-Bi.jpeg                                                  21.75 kB
dist/assets/stim23-BFPDXzJK.jpeg                                                  21.77 kB
dist/assets/stim10-tdBei8S6.jpeg                                                  21.77 kB
dist/assets/stim23-PivFp4Tx.jpeg                                                  21.78 kB
dist/assets/stim11-Dw-q-NpI.jpeg                                                  21.78 kB
dist/assets/2-bathroom_11-DOICo9pZ.jpg                                            21.78 kB
dist/assets/stim22-DlzXBpNd.jpeg                                                  21.81 kB
dist/assets/furniture12-c-DG3VRKdb.jpeg                                           21.82 kB
dist/assets/7-IntScram_16_nobackground-JvAE2tyz.jpeg                              21.84 kB
dist/assets/A_safetypin-DrGgXfsg.jpeg                                             21.85 kB
dist/assets/stim03-Du7CXgCl.jpeg                                                  21.85 kB
dist/assets/stim21-7cfr6ZxG.jpeg                                                  21.88 kB
dist/assets/stim20-B2b8uY8D.jpeg                                                  21.89 kB
dist/assets/drumset-CIBwJna_.jpeg                                                 21.90 kB
dist/assets/1.98_water-shark-hammerhead-BboocfI7.jpeg                             21.90 kB
dist/assets/furniture20-c-BQ9pAhH0.jpeg                                           21.93 kB
dist/assets/056_sf_faces-CC0NzdOk.jpeg                                            21.94 kB
dist/assets/Alighter12-CgWmxUnZ.jpeg                                              21.95 kB
dist/assets/stim09-BfgVDGkf.jpeg                                                  21.97 kB
dist/assets/ALOVSEA19-C3q68R38.jpeg                                               22.00 kB
dist/assets/stim03-DGHwq_Lq.jpeg                                                  22.02 kB
dist/assets/075_inv_sf_faces-C_Cvxuxw.jpeg                                        22.02 kB
dist/assets/stim02-VWSInvqG.jpeg                                                  22.07 kB
dist/assets/furniture111-a-CbcwjVEn.jpeg                                          22.13 kB
dist/assets/stim25-DEkf-bxg.jpeg                                                  22.14 kB
dist/assets/stim24-B0E_1lBp.jpeg                                                  22.16 kB
dist/assets/stim01-BKEbwxQT.jpeg                                                  22.16 kB
dist/assets/Abracelet3-DQ6Yvrb8.jpeg                                              22.16 kB
dist/assets/1.07_B_stapler-DuG6797B.jpeg                                          22.17 kB
dist/assets/stim22-Cz-RY4nI.jpeg                                                  22.21 kB
dist/assets/stim15-DAlS_e4h.jpeg                                                  22.21 kB
dist/assets/stim25-YKvOy4Mg.jpeg                                                  22.23 kB
dist/assets/stim03-MDmTo36v.jpeg                                                  22.24 kB
dist/assets/B_stapler-CmAPKil_.jpeg                                               22.24 kB
dist/assets/stim03-BtyOJyRi.jpeg                                                  22.24 kB
dist/assets/Abead10-DWYJUwHe.jpeg                                                 22.29 kB
dist/assets/stim34-Bw_puYtU.jpeg                                                  22.30 kB
dist/assets/stim15-DFynVLo3.jpeg                                                  22.31 kB
dist/vss-2026/index.html                                                          22.33 kB │ gzip:     4.88 kB
dist/assets/stim26-BBnpD_na.jpeg                                                  22.34 kB
dist/assets/0.67_bird-pigeon-D0glM0lv.jpeg                                        22.34 kB
dist/assets/stim08-dJP2r2ru.jpeg                                                  22.36 kB
dist/assets/stim25-CbzqN_b5.jpeg                                                  22.41 kB
dist/assets/stim23-COSKcQ2V.jpeg                                                  22.41 kB
dist/assets/076_inv_sf_faces-Dnq6jpwx.jpeg                                        22.42 kB
dist/assets/stim19-D5K_H9g7.jpeg                                                  22.46 kB
dist/assets/0.58_AARCH-CgXQUal6.jpeg                                              22.48 kB
dist/assets/stim31-DD0ISCEO.jpeg                                                  22.49 kB
dist/assets/knife01-DmZuH-g1.jpeg                                                 22.52 kB
dist/assets/stim24-Bf_qiUHi.jpeg                                                  22.53 kB
dist/assets/055_sf_faces-DsYZXkEU.jpeg                                            22.54 kB
dist/assets/stim19-CcW-JFyN.jpeg                                                  22.54 kB
dist/assets/stim29-AQcZu241.jpeg                                                  22.55 kB
dist/assets/Aballofyarn35-DvZCWjPG.jpeg                                           22.55 kB
dist/assets/stim21-CwLhiBfA.jpeg                                                  22.56 kB
dist/assets/Agiftbag20-DgJUqRvj.jpeg                                              22.56 kB
dist/assets/stim21-w0Xeuryf.jpeg                                                  22.60 kB
dist/assets/stim19-4YfrqZgT.jpeg                                                  22.61 kB
dist/assets/stim06-Bamb-Geu.jpeg                                                  22.62 kB
dist/assets/stim05-wHUBNi_U.jpeg                                                  22.63 kB
dist/assets/stim13-DnvzWz6k.jpeg                                                  22.63 kB
dist/assets/stim30-c6HrANMd.jpeg                                                  22.63 kB
dist/assets/Abench20-55xs85pP.jpeg                                                22.65 kB
dist/assets/stim18-D6J7oKeS.jpeg                                                  22.69 kB
dist/assets/stim07-BFjvQx8z.jpeg                                                  22.69 kB
dist/assets/0.93_Aductta15-CWC2Bev2.jpeg                                          22.71 kB
dist/assets/0.77_Abarrel30-BeQsjkCr.jpeg                                          22.73 kB
dist/assets/AARCH-hj3WEhnT.jpeg                                                   22.74 kB
dist/assets/ALOVSEA16-Bouff8cJ.jpeg                                               22.76 kB
dist/assets/stim23-CiF5wswZ.jpeg                                                  22.76 kB
dist/assets/stim19-BS4fZytL.jpeg                                                  22.78 kB
dist/assets/Aductta15-CHUiBaBf.jpeg                                               22.78 kB
dist/assets/B_orange-DEYlmcqu.jpeg                                                22.79 kB
dist/assets/stim21-NGXbN7A_.jpeg                                                  22.82 kB
dist/assets/furn03-cFmv-sXBN_VnZ.jpeg                                             22.82 kB
dist/assets/Acroissant-Dl_QCs9u.jpeg                                              22.85 kB
dist/assets/stim16-f_8jNNXh.jpeg                                                  22.87 kB
dist/assets/stim01-BnWmobeG.jpeg                                                  22.88 kB
dist/assets/1.26_B_makeupbag-C-6K6_77.jpeg                                        22.88 kB
dist/assets/stim35-BSXzTLCi.jpeg                                                  22.89 kB
dist/assets/Cassette-BnHZS4eL.jpeg                                                22.92 kB
dist/assets/stim18-SL1J-iO7.jpeg                                                  22.92 kB
dist/assets/stim18-mD8AVEMU.jpeg                                                  22.94 kB
dist/assets/0.93_bird-quail-cURo8B5K.jpeg                                         22.94 kB
dist/assets/Abarrel30-D3wLlGIh.jpeg                                               22.95 kB
dist/assets/stim09-B90QcZKV.jpeg                                                  22.96 kB
dist/assets/stim05-Ym_VDucn.jpeg                                                  22.96 kB
dist/assets/A3leafcl4-CIcoc5-B.jpeg                                               22.98 kB
dist/assets/stim22-BMJHsgcj.jpeg                                                  23.00 kB
dist/assets/stim15-Bs29VCuq.jpeg                                                  23.01 kB
dist/assets/stim06-BKjXSGX7.jpeg                                                  23.01 kB
dist/assets/stim07-9dtUyP2J.jpeg                                                  23.03 kB
dist/assets/AANTRAD26-Cad0YtA-.jpeg                                               23.03 kB
dist/assets/stim02-CqNRoqAd.jpeg                                                  23.04 kB
dist/assets/stim28-CPmZ1phJ.jpeg                                                  23.06 kB
dist/assets/furn04-cFmv-CukZ2arC.jpeg                                             23.06 kB
dist/assets/B_makeupbag-ZE7zqfWS.jpeg                                             23.07 kB
dist/assets/stim12-CdpDX_0X.jpeg                                                  23.08 kB
dist/assets/stim37-BePc3u7y.jpeg                                                  23.10 kB
dist/assets/stim15-D6Tpj2ri.jpeg                                                  23.12 kB
dist/assets/stim07-DOzpj_SV.jpeg                                                  23.13 kB
dist/assets/Coffemkr-CrjKTYOe.jpeg                                                23.13 kB
dist/assets/stim10-Cv_bTmQu.jpeg                                                  23.16 kB
dist/assets/stim15-D0p8Un6k.jpeg                                                  23.18 kB
dist/assets/stim27-DJsvyndl.jpeg                                                  23.19 kB
dist/assets/stim13-DgwY_K-Q.jpeg                                                  23.20 kB
dist/assets/stim12-DherKiDq.jpeg                                                  23.21 kB
dist/assets/stim29-DxwhdcKq.jpeg                                                  23.24 kB
dist/assets/stim12-CYQKaj2E.jpeg                                                  23.25 kB
dist/assets/stim16-PsUpJwbi.jpeg                                                  23.26 kB
dist/assets/stim12-C2RE4wjY.jpeg                                                  23.27 kB
dist/assets/stim30-CwUyQZVZ.jpeg                                                  23.28 kB
dist/assets/stim16-Dc8bYtGf.jpeg                                                  23.32 kB
dist/assets/stim24-6RSC155b.jpeg                                                  23.33 kB
dist/assets/Aantiquesofa4-DpfIzTuS.jpeg                                           23.33 kB
dist/assets/stim19-D1AXcrT7.jpeg                                                  23.33 kB
dist/assets/stim14-DceuKXs0.jpeg                                                  23.33 kB
dist/assets/furn07-cFmv-DZJF6YGZ.jpeg                                             23.34 kB
dist/assets/stim17-DAQgqj4j.jpeg                                                  23.36 kB
dist/assets/furniture24-c-q9kzbkr6.jpeg                                           23.36 kB
dist/assets/stim14-B8spIJ0E.jpeg                                                  23.36 kB
dist/assets/stim08-Dke7IGf7.jpeg                                                  23.37 kB
dist/assets/stim24-C77z2vFd.jpeg                                                  23.37 kB
dist/assets/stim22-DbKAVJn7.jpeg                                                  23.39 kB
dist/assets/stim25-B0Goze4H.jpeg                                                  23.39 kB
dist/assets/4-IntScram_10_nobackground-Cx0tTvL7.jpeg                              23.45 kB
dist/assets/stim06-DU18m0M3.jpeg                                                  23.47 kB
dist/assets/furniture30-c-C7DQHD5X.jpeg                                           23.48 kB
dist/assets/stim30-Kmh5hiB9.jpeg                                                  23.50 kB
dist/assets/stim14-B06wC11E.jpeg                                                  23.51 kB
dist/assets/stim18-WLynbb6w.jpeg                                                  23.51 kB
dist/assets/stim28-C3_Qf5OG.jpeg                                                  23.51 kB
dist/assets/stim22-7E0NCrYv.jpeg                                                  23.54 kB
dist/assets/stim11-BfTzrQJi.jpeg                                                  23.56 kB
dist/assets/ACURLRIB2-B_NM_-pe.jpeg                                               23.56 kB
dist/assets/stim23-BYcQgQGS.jpeg                                                  23.58 kB
dist/assets/stim27-Dkf8BEy_.jpeg                                                  23.59 kB
dist/assets/stim20-dPAhvaO3.jpeg                                                  23.61 kB
dist/assets/stim18-cSCWH3MB.jpeg                                                  23.61 kB
dist/assets/stim07-x7VF0Qsx.jpeg                                                  23.68 kB
dist/assets/stim18-U5duqkim.jpeg                                                  23.71 kB
dist/assets/stim16-BpI5uHHR.jpeg                                                  23.71 kB
dist/assets/stim28-BzrHBs9d.jpeg                                                  23.72 kB
dist/assets/stim08-BWVcFZRn.jpeg                                                  23.72 kB
dist/assets/stim11-CT2CuxFz.jpeg                                                  23.72 kB
dist/assets/stim25-DEZh7bSN.jpeg                                                  23.72 kB
dist/assets/stim28-B4vt3VFn.jpeg                                                  23.74 kB
dist/assets/stim17-BufplrLp.jpeg                                                  23.74 kB
dist/assets/stim26-p2c9TUGU.jpeg                                                  23.75 kB
dist/assets/stim02-CKTyvicw.jpeg                                                  23.75 kB
dist/assets/stim06-uY9YvM4v.jpeg                                                  23.75 kB
dist/assets/stim22-DeakudTp.jpeg                                                  23.75 kB
dist/assets/stim19-DWUqMStN.jpeg                                                  23.75 kB
dist/assets/stim20-C8c-16me.jpeg                                                  23.77 kB
dist/assets/stim28-Dql81OGw.jpeg                                                  23.79 kB
dist/assets/stim28-CPphhHNg.jpeg                                                  23.80 kB
dist/assets/stim25-BLJsm9y9.jpeg                                                  23.81 kB
dist/assets/stim09-zxzby51w.jpeg                                                  23.81 kB
dist/assets/furniture26-a-CGmEebaY.jpeg                                           23.84 kB
dist/assets/stim05-BDCn-Y5S.jpeg                                                  23.85 kB
dist/assets/stim03-DXQFP--x.jpeg                                                  23.86 kB
dist/assets/stim08-BMtudST-.jpeg                                                  23.87 kB
dist/assets/stim09-B9Ca8jOJ.jpeg                                                  23.87 kB
dist/assets/0.82_AANTICUP4-DUuwePD_.jpeg                                          23.88 kB
dist/assets/stim21-Chpr4O3K.jpeg                                                  23.89 kB
dist/assets/stim24-ojZhvAMT.jpeg                                                  23.90 kB
dist/assets/stim15-BTZ6SSqt.jpeg                                                  23.91 kB
dist/assets/stim09-327omUHR.jpeg                                                  23.92 kB
dist/assets/stim06-a8K7UJVw.jpeg                                                  23.92 kB
dist/assets/stim26-G46an9qv.jpeg                                                  23.93 kB
dist/assets/0.76_Acabinet49-CHSPYNb3.jpeg                                         23.94 kB
dist/assets/stim19-BA_tOE1m.jpeg                                                  23.97 kB
dist/assets/stim03-B1S5rFuO.jpeg                                                  23.99 kB
dist/assets/stim30-DkSeYMSJ.jpeg                                                  23.99 kB
dist/assets/4-lobby_8-yOUD6coX.jpg                                                23.99 kB
dist/assets/stim01-CIdj6GGG.jpeg                                                  23.99 kB
dist/assets/6-sportsstadium_10-Bv8RX3w1.jpg                                       24.00 kB
dist/assets/furn28-cFmv-DnH58GjN.jpeg                                             24.03 kB
dist/assets/AARMCHA13-dpRqcIyR.jpeg                                               24.04 kB
dist/assets/stim29-Dw9nM5Qq.jpeg                                                  24.05 kB
dist/assets/stim04-DQM9JpoO.jpeg                                                  24.07 kB
dist/assets/furniture28-c-DdWb5OlK.jpeg                                           24.10 kB
dist/assets/stim10-DUPseRVH.jpeg                                                  24.12 kB
dist/assets/stim23-By6jUDw6.jpeg                                                  24.13 kB
dist/assets/1-shower_15-JRLspBph.jpg                                              24.13 kB
dist/assets/stim08-BAy8ulcf.jpeg                                                  24.14 kB
dist/assets/stim08-CXVyX5Fy.jpeg                                                  24.16 kB
dist/assets/AANTICUP4-CXJaeZUp.jpeg                                               24.16 kB
dist/assets/furniture20-a-GrgSmrBn.jpeg                                           24.17 kB
dist/assets/stim08-_6dTRvfZ.jpeg                                                  24.17 kB
dist/assets/1.00_hoofed-zebra-dwJ4nvvP.jpeg                                       24.18 kB
dist/assets/stim22-0uOuqpgT.jpeg                                                  24.20 kB
dist/assets/stim12-6ZVMVNpd.jpeg                                                  24.21 kB
dist/assets/stim20-D-jc3Lip.jpeg                                                  24.23 kB
dist/assets/stim17-C9tzjtaY.jpeg                                                  24.23 kB
dist/assets/stim29-DNd9pz-1.jpeg                                                  24.26 kB
dist/assets/stim02-ByuTNrxJ.jpeg                                                  24.27 kB
dist/assets/stim02-H6yhRvE6.jpeg                                                  24.32 kB
dist/assets/3-bedroom_1-BdW3ceu3.jpg                                              24.34 kB
dist/assets/Acabinet49-BB3XJzlN.jpeg                                              24.36 kB
dist/assets/stim01-kAl0gXUX.jpeg                                                  24.38 kB
dist/assets/furniture104-a-BBdSNcOR.jpeg                                          24.40 kB
dist/assets/furniture07-a-D2buF5iR.jpeg                                           24.44 kB
dist/assets/Ajukebox10-OSvDSP4i.jpeg                                              24.46 kB
dist/assets/stim04-C1B3JcOj.jpeg                                                  24.46 kB
dist/assets/stim17-CV52-sMf.jpeg                                                  24.46 kB
dist/assets/stim27-BIxn4YXM.jpeg                                                  24.49 kB
dist/assets/ABROWCONT-DVN2-kn_.jpeg                                               24.51 kB
dist/assets/stim23-BZ3Ev_fL.jpeg                                                  24.54 kB
dist/assets/stim07-Dztrc-e3.jpeg                                                  24.57 kB
dist/assets/stim27-D3ayLEmg.jpeg                                                  24.57 kB
dist/assets/furniture18-c-tlYQMOtO.jpeg                                           24.58 kB
dist/assets/1.06_Abike-BoSXDk47.jpeg                                              24.59 kB
dist/assets/stim19-DEyTefN2.jpeg                                                  24.60 kB
dist/assets/furn24-cFmv-EYPYFQV8.jpeg                                             24.60 kB
dist/assets/stim09-C4EElOWE.jpeg                                                  24.62 kB
dist/assets/stim20-CcO_dCyS.jpeg                                                  24.66 kB
dist/assets/3-classroom_12-DE8V7Ypn.jpg                                           24.69 kB
dist/assets/bunkbed-xYhn-ki7.jpeg                                                 24.69 kB
dist/assets/stim10-N9bFIlUC.jpeg                                                  24.69 kB
dist/assets/Abike-DCYWqTKW.jpeg                                                   24.69 kB
dist/assets/stim22-DB6cMhh4.jpeg                                                  24.70 kB
dist/assets/3-classroom_7-9nhiBWbi.jpg                                            24.72 kB
dist/assets/1.11_bunkbed-CHkaKCXw.jpeg                                            24.74 kB
dist/assets/ATRUNK17-D0cbHybe.jpeg                                                24.74 kB
dist/assets/stim09-2vLCtuS5.jpeg                                                  24.76 kB
dist/assets/AASPHEQUA-DWBFl_m0.jpeg                                               24.79 kB
dist/assets/stim14-CJwx24Xb.jpeg                                                  24.80 kB
dist/assets/stim06-D3Ja2wg6.jpeg                                                  24.81 kB
dist/assets/furniture08-a-BeeEKcbY.jpeg                                           24.83 kB
dist/assets/stim20-d5nYb-eA.jpeg                                                  24.84 kB
dist/assets/hammock-DsDHMfPH.jpeg                                                 24.86 kB
dist/assets/stim17-Ccf38z7m.jpeg                                                  24.87 kB
dist/assets/stim19-CSvGHnV_.jpeg                                                  24.92 kB
dist/assets/4-lobby_5-D9_poI1C.jpg                                                24.93 kB
dist/assets/1.58_chipmunk-BN6kSPt6.jpeg                                           24.94 kB
dist/assets/nikolas-mcneal-DHfH-N-X.jpg                                           24.95 kB
dist/assets/baseballbat04-BGJuo1uR.jpeg                                           24.98 kB
dist/assets/stim12-D7FvCI4b.jpeg                                                  25.01 kB
dist/assets/1-shower_5-m77c0Rfp.jpg                                               25.01 kB
dist/assets/stim08-BJkfWgOb.jpeg                                                  25.05 kB
dist/index.html                                                                   25.05 kB │ gzip:     5.97 kB
dist/assets/stim03-7MPQZU52.jpeg                                                  25.07 kB
dist/assets/furniture102-c-cUWFpK_l.jpeg                                          25.08 kB
dist/assets/furn02-cFmv-ByaJX8lP.jpeg                                             25.10 kB
dist/assets/stim26-d9e630B7.jpeg                                                  25.16 kB
dist/assets/stim05-CGwjGO65.jpeg                                                  25.19 kB
dist/assets/stim19-C2wy5m72.jpeg                                                  25.21 kB
dist/assets/ACITROEN4-D1hw76pZ.jpeg                                               25.25 kB
dist/assets/stim18-DrREABAm.jpeg                                                  25.29 kB
dist/assets/stim11-DANyOv1m.jpeg                                                  25.29 kB
dist/assets/ASOCCBAL3-BGP4OAo_.jpeg                                               25.34 kB
dist/assets/stim01-US9seLi7.jpeg                                                  25.37 kB
dist/assets/ATRIUMPH3-DhOwPE6w.jpeg                                               25.38 kB
dist/assets/stim07-GZdvn7Sq.jpeg                                                  25.39 kB
dist/assets/stim22-Br0ftcpA.jpeg                                                  25.41 kB
dist/assets/stim15-CgV5oDDn.jpeg                                                  25.43 kB
dist/assets/0.58_sodamachine-BuK5Bfmv.jpeg                                        25.46 kB
dist/assets/stim06-D4521lSw.jpeg                                                  25.50 kB
dist/assets/3-bedroom_7-Rd5l7pyF.jpg                                              25.51 kB
dist/assets/stim18-C3Xvyfbr.jpeg                                                  25.55 kB
dist/assets/2-bathroom_5-DC_5nyVS.jpg                                             25.66 kB
dist/assets/sodamachine-DUVS1c5I.jpeg                                             25.68 kB
dist/assets/stim06-0VAmzgVD.jpeg                                                  25.71 kB
dist/assets/1.87_insect-bee-4V5yDc3M.jpeg                                         25.74 kB
dist/assets/1.01_6.2_obj_2769-CmeAVBhx.jpeg                                       25.75 kB
dist/assets/stim19-CYzeVAJD.jpeg                                                  25.77 kB
dist/assets/furniture14-a-u2isWBrG.jpeg                                           25.79 kB
dist/assets/furn01-cFmv-BjGzbGXy.jpeg                                             25.80 kB
dist/assets/1-shower_12-D_QdJ8Py.jpg                                              25.87 kB
dist/assets/B_toiletpaper-DS-BK6G2.jpeg                                           25.90 kB
dist/assets/furniture06-c-D3cIopFG.jpeg                                           25.92 kB
dist/assets/stim13-C4yqvV77.jpeg                                                  25.93 kB
dist/assets/stim15-knUCihXM.jpeg                                                  25.94 kB
dist/assets/stim24-PtP0r9fO.jpeg                                                  25.95 kB
dist/assets/stim15-D61PbUZo.jpeg                                                  25.96 kB
dist/assets/stim20-DLNteaDj.jpeg                                                  25.97 kB
dist/assets/ruolin-wang-B2y1T5nw.jpg                                              26.01 kB
dist/assets/stim38-B5kz9upv.jpeg                                                  26.01 kB
dist/assets/3-classroom_1-Bd2RxbYh.jpg                                            26.03 kB
dist/assets/2-bathroom_10-CpISvnig.jpg                                            26.06 kB
dist/assets/stim24-BXLZZMRI.jpeg                                                  26.07 kB
dist/assets/stim17-CDU9BGFB.jpeg                                                  26.07 kB
dist/assets/stim13-BrSKIxw7.jpeg                                                  26.11 kB
dist/assets/stim11-C4M6j5h4.jpeg                                                  26.18 kB
dist/assets/stim17-C5ZVPLQT.jpeg                                                  26.26 kB
dist/assets/1-closet_2-CrC6vnLQ.jpg                                               26.29 kB
dist/assets/stim28-B7ybKOme.jpeg                                                  26.30 kB
dist/assets/stim06-CXRiqctC.jpeg                                                  26.32 kB
dist/assets/stim28-Cj0wVziu.jpeg                                                  26.35 kB
dist/assets/stim17-C0oFL9fS.jpeg                                                  26.37 kB
dist/assets/furniture16-a-DbdWyu43.jpeg                                           26.47 kB
dist/assets/stim23-DjqL1bOW.jpeg                                                  26.49 kB
dist/assets/Awickerchair8-CAYckO4K.jpeg                                           26.49 kB
dist/assets/2-bathroom_8-DMSX-PtG.jpg                                             26.51 kB
dist/assets/stim16-BHCmivwV.jpeg                                                  26.57 kB
dist/assets/2-pilothouse_4-DjmevgwS.jpg                                           26.57 kB
dist/assets/stim20-BPAYSRPC.jpeg                                                  26.58 kB
dist/assets/CameraFront-VCrOPQDD.jpeg                                             26.59 kB
dist/assets/B_banana-zkphFy4k.jpeg                                                26.60 kB
dist/assets/stim18-B17uNyX-.jpeg                                                  26.64 kB
dist/assets/stim06-BQmWWSLW.jpeg                                                  26.64 kB
dist/assets/3-classroom_2-mRM_TlUb.jpg                                            26.66 kB
dist/assets/2-bathroom_13-DgIKm_I6.jpg                                            26.69 kB
dist/assets/stim18-CQ81HEhd.jpeg                                                  26.76 kB
dist/assets/0.87_rat-f9bAmCcy.jpeg                                                26.80 kB
dist/assets/furniture24-a-DYBWHJ1N.jpeg                                           26.81 kB
dist/assets/0.98_Arollofstrin2-CTVHYoRF.jpeg                                      26.87 kB
dist/assets/stim10-QGmDUNUg.jpeg                                                  26.87 kB
dist/assets/Arollofstrin2-BxFbhMiN.jpeg                                           26.97 kB
dist/assets/4-gym_4-BTFtUXJ1.jpg                                                  26.97 kB
dist/assets/Abrooch94-CftrSe75.jpeg                                               27.03 kB
dist/assets/stim22-CP0qzISI.jpeg                                                  27.07 kB
dist/assets/4-gym_10-BOMr8ChG.jpg                                                 27.09 kB
dist/assets/4-lobby_1-BzJIIh5e.jpg                                                27.14 kB
dist/assets/stim21-8gpVsS7Y.jpeg                                                  27.20 kB
dist/assets/furnarr22-DZBng4zK.jpeg                                               27.21 kB
dist/assets/AAIRBALL8-CRz4tDuE.jpeg                                               27.23 kB
dist/assets/stim19-DYJGNl6G.jpeg                                                  27.24 kB
dist/assets/Acartofgroce3-BOM7tp8B.jpeg                                           27.24 kB
dist/assets/Adunebuggy2-C-gvOIsS.jpeg                                             27.27 kB
dist/assets/stim28-CGnKvayA.jpeg                                                  27.32 kB
dist/assets/Anectarine-nZLthMZ5.jpeg                                              27.33 kB
dist/assets/stim32-ZfsLeMkt.jpeg                                                  27.33 kB
dist/assets/butterfly_kernel-D-1uAOYx.jpeg                                        27.35 kB
dist/assets/furniture18-a-CVnJpG6N.jpeg                                           27.35 kB
dist/assets/stim07-DXYuhMKn.jpeg                                                  27.45 kB
dist/assets/stim17-RZC3cKpQ.jpeg                                                  27.47 kB
dist/assets/stim14-BYHSUVLo.jpeg                                                  27.48 kB
dist/assets/stim24-Q_eTGL0q.jpeg                                                  27.53 kB
dist/assets/stim08-CuIGSJjk.jpeg                                                  27.53 kB
dist/assets/stim12-Uyw7sIa7.jpeg                                                  27.54 kB
dist/assets/image_170-9T-VI-n-.png                                                27.57 kB
dist/assets/stim16-MroPSwFj.jpeg                                                  27.59 kB
dist/assets/stim18-DpPySxD6.jpeg                                                  27.59 kB
dist/assets/stim05-DLXsE8R9.jpeg                                                  27.63 kB
dist/assets/stim27-Desl00ZE.jpeg                                                  27.64 kB
dist/assets/stim12-BgueB911.jpeg                                                  27.66 kB
dist/assets/stim02-CIYiehC5.jpeg                                                  27.69 kB
dist/assets/stim26-BaNvYuj2.jpeg                                                  27.70 kB
dist/assets/Acouch42-CXVU5Iwz.jpeg                                                27.72 kB
dist/assets/stim25-DqfMprfd.jpeg                                                  27.74 kB
dist/assets/stim20-Dj7hD2Q9.jpeg                                                  27.75 kB
dist/assets/3-bedroom_3-CJTowlti.jpg                                              27.77 kB
dist/assets/Atoyball-NTt9j8Zb.jpeg                                                27.77 kB
dist/assets/stim10-DzxTHjqC.jpeg                                                  27.78 kB
dist/assets/stim10-BStr49V9.jpeg                                                  27.78 kB
dist/assets/Aarmchair2-CmKW58I3.jpeg                                              27.81 kB
dist/assets/stim07-bl6hOjHp.jpeg                                                  27.84 kB
dist/assets/4-gym_6-BSwY5CPO.jpg                                                  27.86 kB
dist/assets/1-closet_11-D-w3-Cdv.jpg                                              27.88 kB
dist/assets/stim04-0QkKwzHY.jpeg                                                  27.88 kB
dist/assets/Abluebabybug4-CfOSM5_F.jpeg                                           27.89 kB
dist/assets/stim22-CeYnnbYy.jpeg                                                  27.90 kB
dist/assets/4-lobby_12-B0xbdfKd.jpg                                               27.92 kB
dist/assets/stim17-YB_ROjOv.jpeg                                                  27.92 kB
dist/assets/Aboxandchair1--S-yb-DR.jpeg                                           27.94 kB
dist/assets/1-closet_1-CZdZLmYD.jpg                                               27.94 kB
dist/assets/stim25-RULRL9Et.jpeg                                                  27.95 kB
dist/assets/stim18-DugPTUgk.jpeg                                                  27.98 kB
dist/assets/1.19_bunny-D8aiAT0e.jpeg                                              27.98 kB
dist/assets/stim22-C5vJANH2.jpeg                                                  28.01 kB
dist/assets/stim26-DLzAOYuQ.jpeg                                                  28.05 kB
dist/assets/ATRUNK-B2XdvSug.jpeg                                                  28.08 kB
dist/assets/stim37-D8W-MWck.jpeg                                                  28.11 kB
dist/assets/1.01_Adressertabl3-D-vM2Ksp.jpeg                                      28.11 kB
dist/assets/stim04-uTVigPNb.jpeg                                                  28.15 kB
dist/assets/stim21-BX0P3UGn.jpeg                                                  28.17 kB
dist/assets/stim35-PxcDSxFS.jpeg                                                  28.20 kB
dist/assets/1.03_gorilla-CVJT51vH.jpeg                                            28.21 kB
dist/assets/AFILCABI4-Bsby7oes.jpeg                                               28.21 kB
dist/assets/stim05-DVQMH5KH.jpeg                                                  28.26 kB
dist/assets/Adressertabl3-ChI7h2Pn.jpeg                                           28.27 kB
dist/assets/3-bedroom_15-cvK1zsKq.jpg                                             28.32 kB
dist/assets/furniture30-a-DFZPImHp.jpeg                                           28.32 kB
dist/assets/stim10-BSz0nymt.jpeg                                                  28.35 kB
dist/assets/stim25-BOkuH8PZ.jpeg                                                  28.40 kB
dist/assets/3-hairsalon_6-56PKE2ya.jpg                                            28.40 kB
dist/assets/burger03-YMlEgSLe.jpeg                                                28.45 kB
dist/assets/stim23-CE4JQaCO.jpeg                                                  28.46 kB
dist/assets/stim09-TDOsHjuC.jpeg                                                  28.46 kB
dist/assets/stim20-C8mORyZp.jpeg                                                  28.47 kB
dist/assets/stim13-B0_d2YWZ.jpeg                                                  28.48 kB
dist/assets/stim18-BDKE6OCH.jpeg                                                  28.50 kB
dist/assets/2-pilothouse_9-DKVC_aKN.jpg                                           28.51 kB
dist/assets/furniture102-a-Ctkbcgz4.jpeg                                          28.51 kB
dist/assets/3-bedroom_5-BjT2isM9.jpg                                              28.54 kB
dist/assets/stim14-B1MoFkfE.jpeg                                                  28.56 kB
dist/assets/stim16-BfWd6TjV.jpeg                                                  28.56 kB
dist/assets/stim01-WCdWGzR6.jpeg                                                  28.57 kB
dist/assets/stim24-BtnEGOix.jpeg                                                  28.58 kB
dist/assets/2-pilothouse_13-QiVEOfgI.jpg                                          28.61 kB
dist/assets/5-warehouse_8-DOjjWXC5.jpg                                            28.61 kB
dist/assets/3-hairsalon_4-Cw9LxzlH.jpg                                            28.63 kB
dist/assets/stim28-F7xYgXLy.jpeg                                                  28.64 kB
dist/assets/stim28-C5gbUdwo.jpeg                                                  28.68 kB
dist/assets/furniture10-a-3A6I38ia.jpeg                                           28.70 kB
dist/assets/stim27-CeiprKVJ.jpeg                                                  28.70 kB
dist/assets/4-gym_16-BUZJoYIm.jpg                                                 28.71 kB
dist/assets/1-shower_1-CsTKXcuu.jpg                                               28.73 kB
dist/assets/2-bathroom_15-Bd4aP3Y7.jpg                                            28.75 kB
dist/assets/2-bathroom_9-DQaDR-tS.jpg                                             28.77 kB
dist/assets/AARMCHA72-zJn4s5h_.jpeg                                               28.79 kB
dist/assets/sharpener01-DvuCy8bp.jpeg                                             28.79 kB
dist/assets/1.60_firetruck-BDabBDgK.jpeg                                          28.81 kB
dist/assets/2-pilothouse_16-Y2AsjGN6.jpg                                          28.82 kB
dist/assets/stim09-DE0eB-LE.jpeg                                                  28.87 kB
dist/assets/stim02-7IrLjEAT.jpeg                                                  28.87 kB
dist/assets/4-gym_15-CU9H2nLb.jpg                                                 28.88 kB
dist/assets/stim30-D6WyWsTt.jpeg                                                  28.89 kB
dist/assets/stim14-Cy0UZpNc.jpeg                                                  28.97 kB
dist/assets/stim23-B2TbYMqb.jpeg                                                  29.01 kB
dist/assets/firetruck-C8inpDNv.jpeg                                               29.02 kB
dist/assets/3-bedroom_4-B7eKbi14.jpg                                              29.06 kB
dist/assets/stim06-D936bLqM.jpeg                                                  29.08 kB
dist/assets/stim13-DCVenuFw.jpeg                                                  29.09 kB
dist/assets/stim26-wFd6LcTa.jpeg                                                  29.11 kB
dist/assets/4-gym_2-XpJCACBE.jpg                                                  29.12 kB
dist/assets/2-pilothouse_3-_c__8r81.jpg                                           29.18 kB
dist/assets/scissors01-BQLtBlq_.jpeg                                              29.20 kB
dist/assets/2.38_scissors01-DjCLxx8E.jpeg                                         29.23 kB
dist/assets/furniture06-a-Bf1Q_Ogh.jpeg                                           29.24 kB
dist/assets/5-hangar_15-C-mbtW1u.jpg                                              29.25 kB
dist/assets/ASOCCMED7-BBni-Qbv.jpeg                                               29.29 kB
dist/assets/3-classroom_14-BVjPtehC.jpg                                           29.29 kB
dist/assets/4-gym_5-BEfYgFwB.jpg                                                  29.33 kB
dist/assets/Ajewelrybox26-BYilp-7Z.jpeg                                           29.34 kB
dist/assets/stim04-CQQWucnC.jpeg                                                  29.37 kB
dist/assets/stim07-DoBYi1J-.jpeg                                                  29.38 kB
dist/assets/3-classroom_16-VBMqVvfj.jpg                                           29.38 kB
dist/assets/Ahandcompass-BCpMaz7-.jpeg                                            29.41 kB
dist/assets/dustpan02-DcsS0WqZ.jpeg                                               29.41 kB
dist/assets/stim08-FsApzP2_.jpeg                                                  29.42 kB
dist/assets/4-lobby_6-D2JeZ3GQ.jpg                                                29.44 kB
dist/assets/stim21-BAA0ntty.jpeg                                                  29.48 kB
dist/assets/1.45_dustpan02-BwOWIiJH.jpeg                                          29.49 kB
dist/assets/3-classroom_11-C1fNxfBP.jpg                                           29.50 kB
dist/assets/stim11-DDcIAsBD.jpeg                                                  29.50 kB
dist/assets/stim28-BRKav3Jt.jpeg                                                  29.51 kB
dist/assets/Athimble2-CVxWqbYk.jpeg                                               29.52 kB
dist/assets/3-bedroom_16-Dog-xZoL.jpg                                             29.52 kB
dist/assets/2-bathroom_7-Baxj5F6_.jpg                                             29.57 kB
dist/assets/0.96_Athimble2-DuBxD2Z3.jpeg                                          29.57 kB
dist/assets/stim28-C-2e-THf.jpeg                                                  29.58 kB
dist/assets/0.89_Acabinet48-EBSzLIVF.jpeg                                         29.61 kB
dist/assets/stim25-Btha0eLu.jpeg                                                  29.62 kB
dist/assets/stim14-BbxYFppK.jpeg                                                  29.63 kB
dist/assets/stim33-VByOMH9C.jpeg                                                  29.65 kB
dist/assets/3-classroom_9-B5mBlBVl.jpg                                            29.68 kB
dist/assets/3-classroom_3-5Wtd7V5c.jpg                                            29.77 kB
dist/assets/3-classroom_5-DTQ996bh.jpg                                            29.79 kB
dist/assets/5-hangar_5-CvhHjwso.jpg                                               29.82 kB
dist/assets/stim18-DZZVttiB.jpeg                                                  29.87 kB
dist/assets/ABLAKBEN2-CaScPTAO.jpeg                                               29.93 kB
dist/assets/4-lobby_10-BnoJhFle.jpg                                               29.97 kB
dist/assets/B_handset-B5r5TftZ.jpeg                                               30.03 kB
dist/assets/1-shower_16-B-VIw-dl.jpg                                              30.05 kB
dist/assets/stim31-DXaH94PQ.jpeg                                                  30.06 kB
dist/assets/stim01-CM4wYf7r.jpeg                                                  30.07 kB
dist/assets/2-studiomusic_3-CFtTtQBf.jpg                                          30.10 kB
dist/assets/4-church_11-_d2quYoR.jpg                                              30.12 kB
dist/assets/Acabinet48-B9R5L1LA.jpeg                                              30.16 kB
dist/assets/4-church_1-CZEpByvk.jpg                                               30.17 kB
dist/assets/Acanadianco10-5Le0_kFD.jpeg                                           30.18 kB
dist/assets/stim27-Crr-tiLb.jpeg                                                  30.20 kB
dist/assets/stim27-DV5q43SH.jpeg                                                  30.22 kB
dist/assets/4-gym_13-CRuOFuWH.jpg                                                 30.25 kB
dist/assets/4-lobby_3-Bgz0oN8D.jpg                                                30.27 kB
dist/assets/stim02-j1zRA8B3.jpeg                                                  30.29 kB
dist/assets/stim09-DRoSh73w.jpeg                                                  30.29 kB
dist/assets/5-airport_terminal_15-KVuQGbc7.jpg                                    30.33 kB
dist/assets/2.07_water-crocodile-6kDIFeLN.jpeg                                    30.37 kB
dist/assets/3-classroom_13-BkOBI_JJ.jpg                                           30.40 kB
dist/assets/3-hairsalon_10--iaoQwQY.jpg                                           30.46 kB
dist/assets/stim27-Sm2sOMx8.jpeg                                                  30.51 kB
dist/assets/1.31_insect-ant-Dn_-hXhl.jpeg                                         30.52 kB
dist/assets/stim10-DRFpSMHg.jpeg                                                  30.54 kB
dist/assets/1.05_squirrel-cYsiSMmn.jpeg                                           30.55 kB
dist/assets/lawnmower-thumb-C5fAnP11.jpeg                                         30.57 kB
dist/assets/Accordian-pV3M-7ZP.jpeg                                               30.57 kB
dist/assets/stim21-B5M5Xe8a.jpeg                                                  30.64 kB
dist/assets/furniture28-a-CUnKR76H.jpeg                                           30.64 kB
dist/assets/1-pantry_11-BdvfD8jp.jpg                                              30.64 kB
dist/assets/3-bedroom_14-D7LXXp2s.jpg                                             30.67 kB
dist/assets/2-pilothouse_1-S4q3TPpA.jpg                                           30.67 kB
dist/assets/stim15-f2CvZZyi.jpeg                                                  30.70 kB
dist/assets/C_framedmirror-iuM7BwlO.jpeg                                          30.77 kB
dist/assets/stim25-DRDB0Djd.jpeg                                                  30.81 kB
dist/assets/6-sportsstadium_16-Bf0DZ7Gd.jpg                                       30.84 kB
dist/assets/stim27-DNzhBmzZ.jpeg                                                  30.85 kB
dist/assets/4-gym_1-DTn3LRTY.jpg                                                  30.85 kB
dist/assets/furniture12-a-D6_ZvIvL.jpeg                                           30.86 kB
dist/assets/4-lobby_13-Bdwd_F8v.jpg                                               30.88 kB
dist/assets/stim26-C8mLTpGl.jpeg                                                  30.91 kB
dist/assets/4-gym_12-C4_XzSVe.jpg                                                 30.91 kB
dist/assets/A_razor-BL2-3eFL.jpeg                                                 30.92 kB
dist/assets/stim23-C8Hm4WnW.jpeg                                                  30.93 kB
dist/assets/1-closet_10-Bma9Aj-q.jpg                                              30.99 kB
dist/assets/stim07-B3OGfjtu.jpeg                                                  30.99 kB
dist/assets/3-classroom_4-bMmmivLL.jpg                                            31.01 kB
dist/assets/stim11-Be9Zlk98.jpeg                                                  31.02 kB
dist/assets/stim03-wbG8SKHB.jpeg                                                  31.03 kB
dist/assets/2-pilothouse_5-bL3XnSHO.jpg                                           31.05 kB
dist/assets/stim06-DVoUuV8S.jpeg                                                  31.10 kB
dist/assets/1-pantry_10-DkBKhpiM.jpg                                              31.11 kB
dist/assets/Acanadianco39-0lusUXql.jpeg                                           31.14 kB
dist/assets/stim25-SnUl36D-.jpeg                                                  31.17 kB
dist/assets/2.65_turtle-By3W0M2j.jpeg                                             31.20 kB
dist/assets/5-hangar_8-DGsTHlAM.jpg                                               31.22 kB
dist/assets/ATRIUMPHR-CQS3VH_2.jpeg                                               31.23 kB
dist/assets/stim03-BMm6wE5F.jpeg                                                  31.24 kB
dist/assets/stim12-MIcZqjiv.jpeg                                                  31.27 kB
dist/assets/stim20-CGzwEDPS.jpeg                                                  31.28 kB
dist/assets/stim14-B_5IMkIc.jpeg                                                  31.29 kB
dist/assets/5-warehouse_3-BAvDszOg.jpg                                            31.29 kB
dist/assets/stim16-T5WAdHtQ.jpeg                                                  31.29 kB
dist/assets/B_flashlight-CudJhVPV.jpeg                                            31.35 kB
dist/assets/stim11-DQpcGNbB.jpeg                                                  31.35 kB
dist/assets/4-lobby_11-CJg1hkKJ.jpg                                               31.35 kB
dist/assets/stim29-DjwNtCRG.jpeg                                                  31.39 kB
dist/assets/stim21-D8erbh8N.jpeg                                                  31.43 kB
dist/assets/Acandle107-D3dnTo3Q.jpeg                                              31.46 kB
dist/assets/stim27-HV4sC6CA.jpeg                                                  31.50 kB
dist/assets/toothbrushholder02-UuuhI6lJ.jpeg                                      31.51 kB
dist/assets/1-closet_15-DKGsJaeG.jpg                                              31.54 kB
dist/assets/stim07-CcVDj7BB.jpeg                                                  31.60 kB
dist/assets/stim15-DstVALIU.jpeg                                                  31.62 kB
dist/assets/stim26-BDhtix0d.jpeg                                                  31.63 kB
dist/assets/stim27-fVDL0m_Z.jpeg                                                  31.65 kB
dist/assets/10-IntScram_22_nobackground-CcNG8k_q.jpeg                             31.65 kB
dist/assets/3-bedroom_6-BAw40SFw.jpg                                              31.73 kB
dist/assets/2-studiomusic_4-DkeNbapT.jpg                                          31.76 kB
dist/assets/Acabinet11-g3G-Q4SY.jpeg                                              31.81 kB
dist/assets/stim16-INr0rm0b.jpeg                                                  31.82 kB
dist/assets/1-shower_14-C-wpucid.jpg                                              31.85 kB
dist/assets/5-airport_terminal_14-i3GTujzc.jpg                                    31.86 kB
dist/assets/stim12-CfZ7qLaW.jpeg                                                  31.90 kB
dist/assets/4-gym_8-CPGEwMLS.jpg                                                  31.90 kB
dist/assets/stim15-Riw8x9zs.jpeg                                                  31.93 kB
dist/assets/1.22_bear-panda-IONBExKV.jpeg                                         31.93 kB
dist/assets/2-pilothouse_7-DJ8Pw_WQ.jpg                                           31.98 kB
dist/assets/stim07-CfVVRlVd.jpeg                                                  31.99 kB
dist/assets/5-warehouse_9-LCvDEPof.jpg                                            32.00 kB
dist/assets/stim03-BvBYcjSO.jpeg                                                  32.01 kB
dist/assets/stim13-B-HYbH2A.jpeg                                                  32.03 kB
dist/assets/stim08-Cnpgn3kg.jpeg                                                  32.03 kB
dist/assets/stim30-BcE3lGgp.jpeg                                                  32.09 kB
dist/assets/stim11-C3eyXpM-.jpeg                                                  32.15 kB
dist/assets/stim19-CEiyoFF0.jpeg                                                  32.16 kB
dist/assets/stim14-BbJyXG6h.jpeg                                                  32.18 kB
dist/assets/face02-C8knMk_h.jpeg                                                  32.22 kB
dist/assets/2-pilothouse_10-CwBUhXGo.jpg                                          32.24 kB
dist/assets/stim20-Dtjd3Dpq.jpeg                                                  32.28 kB
dist/assets/Astatueofwild-C6wNkhJ_.jpeg                                           32.34 kB
dist/assets/stim24-SQ9NtDcV.jpeg                                                  32.35 kB
dist/assets/stim28-D43s-AMP.jpeg                                                  32.38 kB
dist/assets/stim32-DO0kClR1.jpeg                                                  32.44 kB
dist/assets/1-closet_14-BsOOpOkq.jpg                                              32.49 kB
dist/assets/stim31-CXHyyd7K.jpeg                                                  32.51 kB
dist/assets/2.29_ferret-9BAArOzP.jpeg                                             32.54 kB
dist/assets/stim28-qjpqpmj-.jpeg                                                  32.60 kB
dist/assets/4-lobby_15-CfHw5c1Q.jpg                                               32.63 kB
dist/assets/stim22-yuP7FoWU.jpeg                                                  32.71 kB
dist/assets/stim18-KHHO3uC8.jpeg                                                  32.80 kB
dist/assets/stim13-zWQ1g_f_.jpeg                                                  32.81 kB
dist/assets/stim29-Ba0EHm6g.jpeg                                                  32.82 kB
dist/assets/furniture22-a-hS__2lZ2.jpeg                                           32.83 kB
dist/assets/AJUKEBOX3-BIDQeNv5.jpeg                                               32.87 kB
dist/assets/5-warehouse_5-B1aPZ7Mv.jpg                                            32.87 kB
dist/assets/stim22-DT1_p1Cs.jpeg                                                  32.87 kB
dist/assets/4-lobby_4-BLEHDF6b.jpg                                                32.90 kB
dist/assets/5-warehouse_15-Dbtim0iH.jpg                                           33.08 kB
dist/assets/4-lobby_9-l7Jk_0Wv.jpg                                                33.12 kB
dist/assets/Achair604-CTlhcpc6.jpeg                                               33.13 kB
dist/assets/5-hangar_10-CTwyymrU.jpg                                              33.14 kB
dist/assets/furn106-dFmv-BrA9kY2Q.jpeg                                            33.16 kB
dist/assets/5-warehouse_1-DD2JbUCh.jpg                                            33.18 kB
dist/assets/4-gym_9-Dg4V6x-F.jpg                                                  33.18 kB
dist/assets/3-hairsalon_16-Brg4NoVX.jpg                                           33.22 kB
dist/assets/3-hairsalon_3-Bcn8-Smp.jpg                                            33.23 kB
dist/assets/stim30-WN0444w6.jpeg                                                  33.28 kB
dist/assets/3-hairsalon_1-Cm88IXP-.jpg                                            33.29 kB
dist/assets/5-warehouse_4-BE4eEnjJ.jpg                                            33.30 kB
dist/assets/22_match-BEHcmhJB.jpeg                                                33.33 kB
dist/assets/3-bedroom_9-De3fJ6a9.jpg                                              33.34 kB
dist/assets/3-classroom_15-D23rTTY5.jpg                                           33.37 kB
dist/assets/2-studiomusic_12-O91KDDnC.jpg                                         33.39 kB
dist/assets/stim15-CvqLZ_g1.jpeg                                                  33.45 kB
dist/assets/stim26-ndh1Go64.jpeg                                                  33.46 kB
dist/assets/stim16-GFHhr1g7.jpeg                                                  33.58 kB
dist/assets/1-shower_13-CeyRYd5h.jpg                                              33.63 kB
dist/assets/1-shower_6-NrwPO2id.jpg                                               33.67 kB
dist/assets/2-bathroom_16-dCMGZmuH.jpg                                            33.67 kB
dist/assets/stim17-CAsmHyYb.jpeg                                                  33.69 kB
dist/assets/3-bedroom_10-DXEHKFHG.jpg                                             33.71 kB
dist/assets/face06-CZbtUUHx.jpeg                                                  33.75 kB
dist/assets/3-hairsalon_12-DHJJf0bK.jpg                                           33.76 kB
dist/assets/2-studiomusic_13-C0KYtsDb.jpg                                         33.90 kB
dist/assets/6-sportsstadium_12-uladlhYY.jpg                                       33.94 kB
dist/assets/stim01-BHeJi4eG.jpeg                                                  34.00 kB
dist/assets/2-pilothouse_11-Dz0-J9k6.jpg                                          34.01 kB
dist/assets/4-church_2-DzlwQU1m.jpg                                               34.05 kB
dist/assets/2-pilothouse_2-K-_M99xQ.jpg                                           34.05 kB
dist/assets/2-studiomusic_8-CjDObvCR.jpg                                          34.10 kB
dist/assets/2-bathroom_14-DRAntkpW.jpg                                            34.12 kB
dist/assets/2-pilothouse_8-CMBh5rcT.jpg                                           34.15 kB
dist/assets/stim17-DvorxrIk.jpeg                                                  34.16 kB
dist/assets/stim27-BAhbEQlo.jpeg                                                  34.17 kB
dist/assets/3-bedroom_11-Cp-rlrGm.jpg                                             34.21 kB
dist/assets/3-bedroom_2-Bu1AkobD.jpg                                              34.28 kB
dist/assets/1-shower_3-mu_aauwm.jpg                                               34.29 kB
dist/assets/raft-DbuwT89x.jpeg                                                    34.31 kB
dist/assets/stim03-tzP-cEhP.jpeg                                                  34.31 kB
dist/assets/Horizon_EX44_Elliptical-Duz0G5GW.jpeg                                 34.32 kB
dist/assets/0.64_Horizon_EX44_Elliptical-D3ftLTyh.jpeg                            34.38 kB
dist/assets/2-pilothouse_6-DjD0U04l.jpg                                           34.38 kB
dist/assets/B_pear-Coxl-y7i.jpeg                                                  34.42 kB
dist/assets/3-hairsalon_13-BsgCub2C.jpg                                           34.43 kB
dist/assets/4-gym_7-mwAT3Axu.jpg                                                  34.43 kB
dist/assets/uprightpiano-BheEIOKh.jpeg                                            34.45 kB
dist/assets/stim12-B62xJ83M.jpeg                                                  34.46 kB
dist/assets/face19-DkkFKCGH.jpeg                                                  34.46 kB
dist/assets/stim30-D0KNj9fi.jpeg                                                  34.47 kB
dist/assets/ts02-B7_sRo5I.jpeg                                                    34.56 kB
dist/assets/stim13-GusJTpgT.jpeg                                                  34.57 kB
dist/assets/2-studiomusic_9-DXzeeLmh.jpg                                          34.58 kB
dist/assets/stim39-BBXg3GUV.jpeg                                                  34.58 kB
dist/assets/stim24-D1DegyeI.jpeg                                                  34.62 kB
dist/assets/4-church_8-C7BQ4UUh.jpg                                               34.64 kB
dist/assets/ts04-T7mx3LFN.jpeg                                                    34.66 kB
dist/assets/1-closet_8-d2p4Db2y.jpg                                               34.68 kB
dist/assets/ts01-Cfs3M2Cz.jpeg                                                    34.71 kB
dist/assets/stim29-Dp1pg-mR.jpeg                                                  34.74 kB
dist/assets/6-shoppingmall_11-COGoO348.jpg                                        34.79 kB
dist/assets/1-closet_7-PayM3a1m.jpg                                               34.82 kB
dist/assets/stim02-Bm-h4n8D.jpeg                                                  34.82 kB
dist/assets/ts03-CVCFb5gp.jpeg                                                    34.89 kB
dist/assets/3-hairsalon_5-iFzuvuRS.jpg                                            34.95 kB
dist/assets/2-bathroom_4-DMZeXd8A.jpg                                             35.09 kB
dist/assets/2-pilothouse_15-ChRwQhnQ.jpg                                          35.12 kB
dist/assets/3-hairsalon_7-CrEE5fqH.jpg                                            35.14 kB
dist/assets/stim04-DqXjqI5H.jpeg                                                  35.15 kB
dist/assets/5-hangar_12-Crl0g33w.jpg                                              35.20 kB
dist/assets/stim29-B3Qfie8j.jpeg                                                  35.20 kB
dist/assets/stim02-DjIZKkBK.jpeg                                                  35.20 kB
dist/assets/ATRIUMPHA-BTC3lla3.jpeg                                               35.23 kB
dist/assets/0.67_dog-chihuahua-Djr5r1JV.jpeg                                      35.27 kB
dist/assets/3-hairsalon_8-DEqmotk0.jpg                                            35.32 kB
dist/assets/2-studiomusic_15-BoRpCNkS.jpg                                         35.33 kB
dist/assets/stim21--hEGfu2S.jpeg                                                  35.50 kB
dist/assets/2-studiomusic_10-3mXxQw6D.jpg                                         35.51 kB
dist/assets/3-hairsalon_2-8kADdaur.jpg                                            35.53 kB
dist/assets/stim05-Bud1Txx5.jpeg                                                  35.54 kB
dist/assets/56_match-BOfOLEQf.jpeg                                                35.56 kB
dist/assets/stim30-BITjGD5R.jpeg                                                  35.57 kB
dist/assets/1.61_bait04-D7_7IDEO.jpeg                                             35.59 kB
dist/assets/5-warehouse_2-DLz7BjLw.jpg                                            35.61 kB
dist/assets/stim01-CKluq3mY.jpeg                                                  35.62 kB
dist/assets/2-pilothouse_12-BAIU73Tk.jpg                                          35.64 kB
dist/assets/face13-CnhPfDpg.jpeg                                                  35.65 kB
dist/assets/5-airport_terminal_13-CAFGwDKJ.jpg                                    35.68 kB
dist/assets/0.92_seahorse-CMrLv5Ul.jpeg                                           35.79 kB
dist/assets/3-classroom_6-DArQsp6r.jpg                                            35.79 kB
dist/assets/stim29-BLJEfWwD.jpeg                                                  35.81 kB
dist/assets/Aeasteregg14-Bc4e3YU4.jpeg                                            35.88 kB
dist/assets/stim20-DnqSXqsP.jpeg                                                  35.91 kB
dist/assets/5-hangar_16-DQe0wyTM.jpg                                              35.97 kB
dist/assets/stim12-BPzJO6Zv.jpeg                                                  35.99 kB
dist/assets/bait04-AKO64xIe.jpeg                                                  36.07 kB
dist/assets/5-hangar_3-Tbm7guA1.jpg                                               36.08 kB
dist/assets/stim09-RwRrjeaS.jpeg                                                  36.10 kB
dist/assets/2-bathroom_6-CBQckI8k.jpg                                             36.11 kB
dist/assets/1-pantry_5-XBUAxdc-.jpg                                               36.13 kB
dist/assets/stim12-BaA6MlTQ.jpeg                                                  36.17 kB
dist/assets/6-sportsstadium_9-k7buwjpm.jpg                                        36.19 kB
dist/assets/1-closet_6-BVYwkOie.jpg                                               36.31 kB
dist/assets/1000SL-CRKpHmvb.jpeg                                                  36.35 kB
dist/assets/stim03-B5N9flJc.jpeg                                                  36.36 kB
dist/assets/4051g-CdLXeWuP.jpeg                                                   36.37 kB
dist/assets/5-warehouse_16-BZ6GC5Vq.jpg                                           36.39 kB
dist/assets/6-concerthall_7-CkRxiSov.jpg                                          36.39 kB
dist/assets/stim04-gb31FGXs.jpeg                                                  36.42 kB
dist/assets/2-studiomusic_2--wX2szLG.jpg                                          36.48 kB
dist/assets/4-lobby_7-BoO6JDTC.jpg                                                36.49 kB
dist/assets/4-lobby_2-DrbeYAWU.jpg                                                36.60 kB
dist/assets/2-bathroom_12-XgHsp0eG.jpg                                            36.66 kB
dist/assets/3-classroom_8-87lPPura.jpg                                            36.68 kB
dist/assets/83_match-ClufhKFS.jpeg                                                36.76 kB
dist/assets/6-shoppingmall_13-Cfk3yvvH.jpg                                        36.78 kB
dist/assets/1-shower_2-CRTmExgC.jpg                                               36.91 kB
dist/assets/5-hangar_6-DZxqddik.jpg                                               37.20 kB
dist/assets/6-concerthall_9-D5LkQrsk.jpg                                          37.20 kB
dist/assets/4-gym_11-CCWHeygQ.jpg                                                 37.25 kB
dist/assets/4-lobby_16-DphiWhsx.jpg                                               37.26 kB
dist/assets/phpThumb-bzgGnaTy.jpeg                                                37.26 kB
dist/assets/furniture106-d-BHxrF8py.jpeg                                          37.26 kB
dist/assets/5-hangar_13-DI4cHr3q.jpg                                              37.28 kB
dist/assets/6-sportsstadium_4-PpiA1j-M.jpg                                        37.31 kB
dist/assets/5-warehouse_11-O6R2MIXa.jpg                                           37.34 kB
dist/assets/face20-B29P88Ak.jpeg                                                  37.35 kB
dist/assets/1-closet_3-Dj3g4CYp.jpg                                               37.36 kB
dist/assets/1-pantry_8-BFw6J8u-.jpg                                               37.38 kB
dist/assets/40-DlVFfF98.jpeg                                                      37.39 kB
dist/assets/3-hairsalon_9-CN8xJcTs.jpg                                            37.41 kB
dist/assets/1.56_40-B2tO7ph9.jpeg                                                 37.42 kB
dist/assets/stim07-1Z-jDLhb.jpeg                                                  37.42 kB
dist/assets/3-hairsalon_11-DWRdap5h.jpg                                           37.45 kB
dist/assets/face07-yIboMpeo.jpeg                                                  37.51 kB
dist/assets/face21-D29kEC8k.jpeg                                                  37.53 kB
dist/assets/stim06-BJrhsKPo.jpeg                                                  37.55 kB
dist/assets/image_078-Cq9n84Ky.png                                                37.57 kB
dist/assets/6-shoppingmall_7-wafBldYg.jpg                                         37.60 kB
dist/assets/6-concerthall_13-dGD-wXTn.jpg                                         37.60 kB
dist/assets/stim38-DuN92m0v.jpeg                                                  37.60 kB
dist/assets/stim11-UtLoVY6l.jpeg                                                  37.61 kB
dist/assets/4-gym_14-wQOynjmO.jpg                                                 37.62 kB
dist/assets/stim07-Dt026BKv.jpeg                                                  37.62 kB
dist/assets/1-closet_4-Dau7RBVg.jpg                                               37.65 kB
dist/assets/shavingcream01-WzKu-Xsa.jpeg                                          37.65 kB
dist/assets/stim28-BBby7tbN.jpeg                                                  37.66 kB
dist/assets/06-BBDoP3WA.jpeg                                                      37.67 kB
dist/assets/stim05-BTqn6U3b.jpeg                                                  37.69 kB
dist/assets/stim04-DaYplGI1.jpeg                                                  37.70 kB
dist/assets/3-hairsalon_15-BofO3FMv.jpg                                           37.74 kB
dist/assets/Abrooch100-SjqNYvYR.jpeg                                              37.76 kB
dist/assets/stim01-Bw2OtxvW.jpeg                                                  37.80 kB
dist/assets/0.56_hoofed-gemsbok1-DDuaSbfX.jpeg                                    37.80 kB
dist/assets/stim26-Cm_DY1Cs.jpeg                                                  37.82 kB
dist/assets/AARMCHA30-DV2xz5sX.jpeg                                               37.85 kB
dist/assets/face15-24N-uHyG.jpeg                                                  37.87 kB
dist/assets/6-concerthall_1-km5_YJ3V.jpg                                          37.96 kB
dist/assets/4-lobby_14-4EdPUWO_.jpg                                               37.98 kB
dist/assets/stim01-CRrbaK6m.jpeg                                                  37.99 kB
dist/assets/1-closet_9-C7_dmBkZ.jpg                                               38.16 kB
dist/assets/3-hairsalon_14-CIe2U_H9.jpg                                           38.18 kB
dist/assets/bs02-CNfD1poO.jpeg                                                    38.20 kB
dist/assets/D_dumpster-DR3_CaOl.jpeg                                              38.23 kB
dist/assets/bs04-ClBFwbfs.jpeg                                                    38.23 kB
dist/assets/bs03-Bq_8Udu3.jpeg                                                    38.26 kB
dist/assets/4-church_16-Bna0i1lL.jpg                                              38.26 kB
dist/assets/4-church_9-BIs49zYL.jpg                                               38.30 kB
dist/assets/5-hangar_11-CHaaXmpy.jpg                                              38.30 kB
dist/assets/bs01-CG-E5udf.jpeg                                                    38.31 kB
dist/assets/3-classroom_10-CGVkIc-s.jpg                                           38.36 kB
dist/assets/4-church_3-eiTIOnmJ.jpg                                               38.39 kB
dist/assets/1.01_pinecone02-E2pTdZYT.jpeg                                         38.46 kB
dist/assets/5-airport_terminal_12-D--a4A3e.jpg                                    38.49 kB
dist/assets/stim05-CN7SYCVg.jpeg                                                  38.50 kB
dist/assets/stim04-CwV7N9MZ.jpeg                                                  38.56 kB
dist/assets/1-pantry_9-9M7O4UvZ.jpg                                               38.58 kB
dist/assets/pinecone02-D5J1qMBp.jpeg                                              38.58 kB
dist/assets/image_014-BaSmW-pj.png                                                38.58 kB
dist/assets/stim19-DoIBQj9j.jpeg                                                  38.66 kB
dist/assets/5-hangar_2-D4Kqi8yK.jpg                                               38.67 kB
dist/assets/1-closet_13-DDj_9qDW.jpg                                              38.70 kB
dist/assets/stim02-Dm8-VsjO.jpeg                                                  38.70 kB
dist/assets/stim23-BinnNz0u.jpeg                                                  38.75 kB
dist/assets/5-warehouse_14-Dqf8y_HH.jpg                                           38.81 kB
dist/assets/stim04-COyKAMqa.jpeg                                                  38.91 kB
dist/assets/6-concerthall_15-BBD1Sm10.jpg                                         38.98 kB
dist/assets/5-hangar_9-nIK5Fgjj.jpg                                               39.04 kB
dist/assets/6-shoppingmall_9-Cyevb_qL.jpg                                         39.11 kB
dist/assets/2-studiomusic_16-DZhDke_h.jpg                                         39.17 kB
dist/assets/stim05-CvEwedcQ.jpeg                                                  39.31 kB
dist/assets/5-hangar_7-D_TSwHz8.jpg                                               39.36 kB
dist/assets/4-church_6-BDl7IoUZ.jpg                                               39.36 kB
dist/assets/image_092-D7O8sXHq.png                                                39.41 kB
dist/assets/stim10-BufbTZ_e.jpeg                                                  39.53 kB
dist/assets/6-concerthall_11-D87z5LU9.jpg                                         39.55 kB
dist/assets/5-hangar_4-DndCVOpk.jpg                                               39.59 kB
dist/assets/6-concerthall_6-W9_bR5Qa.jpg                                          39.69 kB
dist/assets/stim23-DTjrpLDC.jpeg                                                  39.78 kB
dist/assets/2-studiomusic_5-CUN5aDSB.jpg                                          39.97 kB
dist/assets/6-shoppingmall_15-CmUPS-zp.jpg                                        40.00 kB
dist/assets/stim23-CxvpVWBy.jpeg                                                  40.01 kB
dist/assets/stim21-BYmctbla.jpeg                                                  40.02 kB
dist/assets/6-concerthall_5-DCKLq_vv.jpg                                          40.09 kB
dist/assets/1-pantry_3-CTr6xXFF.jpg                                               40.10 kB
dist/assets/1.56_bird-canary-Dvgceuc-.jpeg                                        40.13 kB
dist/assets/stim03-CQj-n17K.jpeg                                                  40.27 kB
dist/assets/4-church_7-UJNd9xan.jpg                                               40.30 kB
dist/assets/1-closet_16-BHiR4BaP.jpg                                              40.30 kB
dist/assets/B_thermos-By5I_QVH.jpeg                                               40.32 kB
dist/assets/6-concerthall_3-debM7vpe.jpg                                          40.36 kB
dist/assets/6-shoppingmall_10-BOzKlPCg.jpg                                        40.38 kB
dist/assets/1-pantry_1-DVuqNsqz.jpg                                               40.39 kB
dist/assets/2-studiomusic_1-CWsp3RAK.jpg                                          40.45 kB
dist/assets/stim27-C6MzQJcu.jpeg                                                  40.46 kB
dist/assets/2-studiomusic_11-B2PlFLTY.jpg                                         40.51 kB
dist/assets/stim40-CmCVrcPS.jpeg                                                  40.52 kB
dist/assets/2-studiomusic_7-1kikgUum.jpg                                          40.56 kB
dist/assets/5-airport_terminal_8-DHkGznZh.jpg                                     40.57 kB
dist/assets/face26-DNe_N2vm.jpeg                                                  40.64 kB
dist/assets/stim11-Cs92ss5u.jpeg                                                  40.67 kB
dist/assets/face04-C4vce0_A.jpeg                                                  40.94 kB
dist/assets/2-pilothouse_14-QfXvua9f.jpg                                          41.00 kB
dist/assets/1-closet_12-B9XgX7VO.jpg                                              41.05 kB
dist/assets/furniture106-a-DIWdrPf_.jpeg                                          41.05 kB
dist/assets/2-studiomusic_6-OsMYtOtX.jpg                                          41.11 kB
dist/assets/6-sportsstadium_8-occ2Nex-.jpg                                        41.13 kB
dist/assets/6-sportsstadium_1-DBuNf88h.jpg                                        41.24 kB
dist/assets/4-gym_3-BaXCR9f3.jpg                                                  41.28 kB
dist/assets/0.88_bear-brownbear1-C8tACByx.jpeg                                    41.29 kB
dist/assets/6-concerthall_14-CvxO2xDC.jpg                                         41.31 kB
dist/assets/stim01-BUXbN7bY.jpeg                                                  41.39 kB
dist/assets/stim20-DW6psEBE.jpeg                                                  41.51 kB
dist/assets/1-pantry_6-DpbiOqdW.jpg                                               41.55 kB
dist/assets/stim24-D42H5mHe.jpeg                                                  41.60 kB
dist/assets/2.11_cat-lion1-pmfuqNI7.jpeg                                          41.61 kB
dist/assets/1.23_pacifier-D2QupEQi.jpeg                                           41.68 kB
dist/assets/6-concerthall_10-D3UIzhTr.jpg                                         41.70 kB
dist/assets/6-sportsstadium_14-CPBTjwHM.jpg                                       41.72 kB
dist/assets/A_pipe-BKZfdv3p.jpeg                                                  41.72 kB
dist/assets/1-pantry_12-B3795eYA.jpg                                              41.84 kB
dist/assets/ignitionkey01-BDn9cBZi.jpeg                                           41.88 kB
dist/assets/stim14-bW-oNpAY.jpeg                                                  41.90 kB
dist/assets/face24-4lBGwIKq.jpeg                                                  41.92 kB
dist/assets/image_108-Bx0_r_GL.png                                                41.92 kB
dist/assets/0.65_ignitionkey01-B6i3g-fg.jpeg                                      41.93 kB
dist/assets/78_match-rMGhH2ZC.jpeg                                                42.07 kB
dist/assets/face14-BS_zzeox.jpeg                                                  42.15 kB
dist/assets/5-hangar_14-DDPVOk5V.jpg                                              42.16 kB
dist/assets/5-warehouse_12-CxUCaPZH.jpg                                           42.16 kB
dist/assets/1-pantry_2-Db35JN0r.jpg                                               42.24 kB
dist/assets/1-closet_5-CLnNGl9p.jpg                                               42.27 kB
dist/assets/3-bedroom_12-DT2bMGH3.jpg                                             42.32 kB
dist/assets/bumpercar-B5ioZuL5.jpeg                                               42.34 kB
dist/assets/5-warehouse_13-D9_865dA.jpg                                           42.39 kB
dist/assets/75_match-BREOX20r.jpeg                                                42.49 kB
dist/assets/stim03-BrM_ntNw.jpeg                                                  42.54 kB
dist/assets/1-pantry_13-Dvkton7Y.jpg                                              42.61 kB
dist/assets/75-BWSO1Bj5.jpeg                                                      42.61 kB
dist/assets/bc04-BQuABcTF.jpeg                                                    42.87 kB
dist/assets/bc02-BHhbST9H.jpeg                                                    42.87 kB
dist/assets/59_match-DC5m0Wp_.jpeg                                                42.88 kB
dist/assets/stim05-BMe1catz.jpeg                                                  43.08 kB
dist/assets/stim02-B0CFmztK.jpeg                                                  43.18 kB
dist/assets/1-pantry_4-CjQkxwXk.jpg                                               43.22 kB
dist/assets/stim14-aBwtLQ3k.jpeg                                                  43.55 kB
dist/assets/face11-DB2tLIGu.jpeg                                                  43.59 kB
dist/assets/stim29-C9QC5NZh.jpeg                                                  43.63 kB
dist/assets/6-sportsstadium_6-CysTAS1N.jpg                                        43.67 kB
dist/assets/0.85_hoofed-damagazelle-8NKMjHvc.jpeg                                 43.68 kB
dist/assets/5-warehouse_10-hrjdAW0N.jpg                                           43.82 kB
dist/assets/A_cookie-CMyVCEI1.jpeg                                                43.92 kB
dist/assets/1.04_treadmill-Bldq5xj2.jpeg                                          43.96 kB
dist/assets/stim16-DxX7Bmaq.jpeg                                                  43.99 kB
dist/assets/stim34-CCWkI72j.jpeg                                                  44.08 kB
dist/assets/swingset-CeEIlDYm.jpeg                                                44.16 kB
dist/assets/image_169-CQTXUPeM.png                                                44.16 kB
dist/assets/83-CunRl0lX.jpeg                                                      44.20 kB
dist/assets/stim22-CRnOROpq.jpeg                                                  44.21 kB
dist/assets/4-church_12-BUTf8PZW.jpg                                              44.41 kB
dist/assets/bc03-B5DR0wmU.jpeg                                                    44.43 kB
dist/assets/stim01-CIlmfyYu.jpeg                                                  44.50 kB
dist/assets/bc01-B8kow1yH.jpeg                                                    44.53 kB
dist/assets/46_match-BjjdEKU7.jpeg                                                44.60 kB
dist/assets/6-concerthall_8-qZfsiTiL.jpg                                          44.67 kB
dist/assets/stim24-D4ZpTc-S.jpeg                                                  44.82 kB
dist/assets/4-church_15-D5Cie6re.jpg                                              44.82 kB
dist/assets/image_116-BX2Ped9E.png                                                44.87 kB
dist/assets/17-DzPC3EEi.jpeg                                                      44.89 kB
dist/assets/42-DP9O3W_T.jpeg                                                      44.89 kB
dist/assets/stim35-BWXmio5n.jpeg                                                  44.95 kB
dist/assets/face10-juYTOe-v.jpeg                                                  44.96 kB
dist/assets/stim03-DNAGEvcs.jpeg                                                  45.07 kB
dist/assets/4-church_5-DDAkfhxQ.jpg                                               45.09 kB
dist/assets/image_117-BWVit-s1.png                                                45.13 kB
dist/assets/5-airport_terminal_9-CUb7hssM.jpg                                     45.24 kB
dist/assets/4-church_10-BXCR_ion.jpg                                              45.30 kB
dist/assets/1-pantry_15-CRS_O1Um.jpg                                              45.34 kB
dist/assets/6-concerthall_4-HG8q5X0e.jpg                                          45.40 kB
dist/assets/39_match-CpyzI55F.jpeg                                                45.56 kB
dist/assets/face17-Dljw6z6a.jpeg                                                  45.73 kB
dist/assets/12-CdhvsBjI.jpeg                                                      45.79 kB
dist/assets/socks01-DrFosL4X.jpeg                                                 45.90 kB
dist/assets/2.11_socks01-mGpAP9LD.jpeg                                            45.95 kB
dist/assets/image_004-Cvwxv4o4.png                                                45.99 kB
dist/assets/59-DXNR7-bQ.jpeg                                                      46.02 kB
dist/assets/IntScramFace_090_14 copy-2PmusvDq.jpeg                                46.20 kB
dist/assets/0.54_hoofed-okapi-YV-Xdo-l.jpeg                                       46.26 kB
dist/assets/B_book-C4uU05-A.jpeg                                                  46.29 kB
dist/assets/5-airport_terminal_5-0_c5Q3xV.jpg                                     46.31 kB
dist/assets/stim25-DqgHCO47.jpeg                                                  46.59 kB
dist/assets/78-C5SG2hOc.jpeg                                                      46.86 kB
dist/assets/6-shoppingmall_14-b4ftmA83.jpg                                        47.04 kB
dist/assets/4-church_13-C30jwICS.jpg                                              47.13 kB
dist/assets/5-hangar_1-B32yJQdU.jpg                                               47.20 kB
dist/assets/2-studiomusic_14-BpP4dPQ0.jpg                                         47.25 kB
dist/assets/6-sportsstadium_13-YCUZvGHQ.jpg                                       47.38 kB
dist/assets/image_122-CYnmiOur.png                                                47.49 kB
dist/assets/48_match-F2jWm9-V.jpeg                                                47.74 kB
dist/assets/4-church_4-D6ss7Vh1.jpg                                               47.80 kB
dist/assets/04-FRaTEglh.jpeg                                                      47.84 kB
dist/assets/6-shoppingmall_8-BUZTp5Da.jpg                                         48.12 kB
dist/assets/56-yQMI4No9.jpeg                                                      48.18 kB
dist/assets/1.07_changepurse03-DEt3EbEg.jpeg                                      48.21 kB
dist/assets/stim37-D-9WdOrM.jpeg                                                  48.24 kB
dist/assets/stim31-DXtK4MNw.jpeg                                                  48.31 kB
dist/assets/1.58_insect-cricket-GgmRBEGb.jpeg                                     48.36 kB
dist/assets/3-bedroom_8-CXT8vCPw.jpg                                              48.39 kB
dist/assets/5-airport_terminal_10-BpATfLDH.jpg                                    48.39 kB
dist/assets/5-airport_terminal_6-BT4F54og.jpg                                     48.40 kB
dist/assets/face01-F5L2Pxos.jpeg                                                  48.44 kB
dist/assets/0.84_hoofed-sableantelope-ACtba-0F.jpeg                               48.48 kB
dist/assets/20-MYG5eDXD.jpeg                                                      48.59 kB
dist/assets/stim36-Di8-xDYF.jpeg                                                  48.68 kB
dist/assets/hotdogstand-CtxHuQ6o.jpeg                                             48.76 kB
dist/assets/image_023-DiUPA9Jp.png                                                48.87 kB
dist/assets/6-sportsstadium_5-p2ZcNdYq.jpg                                        48.90 kB
dist/assets/4-church_14-BvsXX_di.jpg                                              48.97 kB
dist/assets/6-concerthall_12-B8lXYiVG.jpg                                         49.00 kB
dist/assets/6-concerthall_16-BEaLy_qJ.jpg                                         49.15 kB
dist/assets/5-airport_terminal_3-Cd-EVL2d.jpg                                     49.18 kB
dist/assets/3-bedroom_13-C_tL0RAG.jpg                                             49.19 kB
dist/assets/80_match-CeCZrDCz.jpeg                                                49.30 kB
dist/assets/image_016-Tdm9Z8cU.png                                                49.31 kB
dist/assets/43-CeG_YWAi.jpeg                                                      49.31 kB
dist/assets/5-airport_terminal_7-DCqYfTqR.jpg                                     49.31 kB
dist/assets/face12-jXIMVD93.jpeg                                                  49.37 kB
dist/assets/changepurse03-Da-JaqaE.jpeg                                           49.43 kB
dist/assets/26-C_2JE9qs.jpeg                                                      49.48 kB
dist/assets/0.64_vendingmachine-CbUygqZz.jpeg                                     49.57 kB
dist/assets/0.74_Stroller-DLAXr5tQ.jpeg                                           49.68 kB
dist/assets/Stroller-B-Enb-Cc.jpeg                                                49.70 kB
dist/assets/48-CLnOlawy.jpeg                                                      49.74 kB
dist/assets/image_119-EPrENXWp.png                                                49.75 kB
dist/assets/AAMBULAN3-Duw7Bwov.jpeg                                               49.87 kB
dist/assets/1.01_funnel-CxjtTnNX.jpeg                                             49.96 kB
dist/assets/1-pantry_7-BbOpuNWI.jpg                                               50.00 kB
dist/assets/13-kC1oPA7z.jpeg                                                      50.03 kB
dist/assets/6-sportsstadium_15-DO8Gha2k.jpg                                       50.22 kB
dist/assets/E_fountain-BoYBPYeD.jpeg                                              50.33 kB
dist/assets/stim33-D2brL4nG.jpeg                                                  50.37 kB
dist/assets/15_match-Btb0pORt.jpeg                                                50.40 kB
dist/assets/6-sportsstadium_11-BRNgaIwt.jpg                                       50.44 kB
dist/assets/0.69_cat-tiger1-BxsiLEbA.jpeg                                         50.62 kB
dist/assets/1-pantry_16-1148oJoe.jpg                                              50.71 kB
dist/assets/face18-DqfHwPQB.jpeg                                                  50.77 kB
dist/assets/image_112-CdNr-9y2.png                                                50.78 kB
dist/assets/0.96_hoofed-moose1-DDmRwBtC.jpeg                                      50.80 kB
dist/assets/face27-CJYabqRn.jpeg                                                  50.81 kB
dist/assets/6-sportsstadium_2-BLqdsg3k.jpg                                        50.86 kB
dist/assets/face09-DN81O1u0.jpeg                                                  50.88 kB
dist/assets/image_017-DbmQzZDi.png                                                50.91 kB
dist/assets/image_011-DdqAfzXp.png                                                50.97 kB
dist/assets/face23-C2gwT0pN.jpeg                                                  50.97 kB
dist/assets/04_match-BhwkqfGO.jpeg                                                51.06 kB
dist/assets/face28-DYV2DujX.jpeg                                                  51.11 kB
dist/assets/IntScramFace_090_08 copy-D2sJn5At.jpeg                                51.66 kB
dist/assets/tc02-CHOnKaVB.jpeg                                                    51.71 kB
dist/assets/stim05-BSqrQ9Zc.jpeg                                                  51.80 kB
dist/assets/5-warehouse_6-AITK2bXO.jpg                                            51.94 kB
dist/assets/6-sportsstadium_7-Dwfjrb1P.jpg                                        52.04 kB
dist/assets/IntScramFace_090_01 copy-BftqPBBT.jpeg                                52.08 kB
dist/assets/81-CrVPx3Em.jpeg                                                      52.11 kB
dist/assets/stim04-DGHdS9oe.jpeg                                                  52.22 kB
dist/assets/06_match-B601eoss.jpeg                                                52.26 kB
dist/assets/tc03-BRSn1lBI.jpeg                                                    52.27 kB
dist/assets/1.16_0-teak_tf53er-CtRFx9er.jpeg                                      52.36 kB
dist/assets/0-teak_tf53er-bESnhX7T.jpeg                                           52.37 kB
dist/assets/image_157-CO4ZUfWW.png                                                52.45 kB
dist/assets/face16-BmtLaCfd.jpeg                                                  52.46 kB
dist/assets/IntScramFace_090_12 copy-B6PWcqCF.jpeg                                52.60 kB
dist/assets/1.31_hoofed-bongo-Deyh_Fdy.jpeg                                       52.62 kB
dist/assets/image_105-COcbiG8J.png                                                52.63 kB
dist/assets/15-Dr1k0wba.jpeg                                                      52.75 kB
dist/assets/tc01-DWgTGCEl.jpeg                                                    52.97 kB
dist/assets/20_match-mzhAge4i.jpeg                                                52.98 kB
dist/assets/43_match-CsNcvyjN.jpeg                                                53.11 kB
dist/assets/5-airport_terminal_11-BtuuTst7.jpg                                    53.23 kB
dist/assets/5-airport_terminal_4-jmt-srJ_.jpg                                     53.44 kB
dist/assets/stim17-DpjC1Sox.jpeg                                                  53.52 kB
dist/assets/IntScramFace_090_19 copy-C2ya_zlF.jpeg                                53.68 kB
dist/assets/face22-BqAhkQg9.jpeg                                                  53.80 kB
dist/assets/44-hLV1knC9.jpeg                                                      53.97 kB
dist/assets/53-jJc70cvf.jpeg                                                      54.17 kB
dist/assets/64-DcSCUXhd.jpeg                                                      54.21 kB
dist/assets/6-shoppingmall_4-BS1P-q8-.jpg                                         54.30 kB
dist/assets/image_010-DnUpOahw.png                                                54.32 kB
dist/assets/image_107-KhhYOhD9.png                                                54.33 kB
dist/assets/life-fitness-r3-5-lifecycle-recumbent-exercise-bike-DwWSiaoC.jpeg     54.50 kB
dist/assets/IntScramFace_090_05 copy-B5fX_LPq.jpeg                                54.56 kB
dist/assets/IntScramFace_090_10 copy-Bq15AtXV.jpeg                                54.64 kB
dist/assets/5-warehouse_7-DKRkibcX.jpg                                            54.67 kB
dist/assets/5-airport_terminal_16-DRsk7OJg.jpg                                    54.70 kB
dist/assets/IntScramFace_090_21 copy-BBEiVRJ9.jpeg                                54.81 kB
dist/assets/0.46_bird-parrot2-8Yakmb49.jpeg                                       54.82 kB
dist/assets/IntScramFace_090_09 copy-BjH5uZHn.jpeg                                54.92 kB
dist/assets/39-DdUjfNyw.jpeg                                                      54.92 kB
dist/assets/image_124-DcEB2tQN.png                                                55.29 kB
dist/assets/IntScramFace_090_04 copy-dam8cKQn.jpeg                                55.35 kB
dist/assets/46-gTZoKNPg.jpeg                                                      55.70 kB
dist/assets/34_match-CZgoNNpQ.jpeg                                                55.87 kB
dist/assets/IntScramFace_090_23 copy-DFQ4abBx.jpeg                                56.15 kB
dist/assets/face03-BUfqqgTt.jpeg                                                  56.16 kB
dist/assets/22-BqPbfatP.jpeg                                                      56.20 kB
dist/assets/image_180-C1i9Wa8J.png                                                56.25 kB
dist/assets/slide-Bpvbawud.jpeg                                                   56.27 kB
dist/assets/IntScramFace_090_02 copy-D3_uk7Ju.jpeg                                56.31 kB
dist/assets/image_007-DaoMjgnF.png                                                56.53 kB
dist/assets/face30-DF9BmvVq.jpeg                                                  56.57 kB
dist/assets/image_166-Bb6gJR8m.png                                                56.68 kB
dist/assets/image_171-DkerF8w5.png                                                56.68 kB
dist/assets/face29-hsV97XlZ.jpeg                                                  56.71 kB
dist/assets/6-shoppingmall_16-ssG7OI_4.jpg                                        56.73 kB
dist/assets/1.37_buffalo-D7qn88LJ.jpeg                                            56.75 kB
dist/assets/IntScramFace_090_22-gGkpd6pr.jpeg                                     56.81 kB
dist/assets/face05-Dk_X2zdg.jpeg                                                  56.85 kB
dist/assets/08-AgPF29H0.jpeg                                                      57.01 kB
dist/assets/1.59_picnictable-DIV_5K5W.jpeg                                        57.07 kB
dist/assets/image_156-ncwFdGSp.png                                                57.07 kB
dist/assets/IntScramFace_090_20 copy-DuhLzVBM.jpeg                                57.19 kB
dist/assets/1.78_lizard1-CLPEIxZ-.jpeg                                            57.36 kB
dist/assets/1.08_water-dolphin-DVruVK2Q.jpeg                                      57.37 kB
dist/assets/IntScramFace_090_15 copy-6vexUnFr.jpeg                                57.56 kB
dist/assets/12_match-DH0CJ3pT.jpeg                                                57.64 kB
dist/assets/1.26_hoofed-koudou-VuseIitv.jpeg                                      57.92 kB
dist/assets/image_039-DKk3M38N.png                                                57.96 kB
dist/assets/oven-CBkZjB3w.jpeg                                                    58.16 kB
dist/assets/1.14_bird-seagull-Do3UVkR0.jpeg                                       58.25 kB
dist/assets/AFIREPL10-DojDLiqA.jpeg                                               58.42 kB
dist/assets/image_097-CToYxbGA.png                                                58.42 kB
dist/assets/image_161-B-Jeepva.png                                                58.60 kB
dist/assets/6-shoppingmall_12-DHcX7-PD.jpg                                        58.64 kB
dist/assets/image_067-BvpRw3Cd.png                                                58.65 kB
dist/assets/10_match-e2YF4fnV.jpeg                                                58.67 kB
dist/assets/IntScramFace_090_03 copy-CVbwzJS7.jpeg                                59.10 kB
dist/assets/74-iF_uLXAy.jpeg                                                      59.19 kB
dist/assets/0.68_deskchair-B-RLvEK7.jpeg                                          59.22 kB
dist/assets/1-pantry_14-Ca9cs0eU.jpg                                              59.25 kB
dist/assets/81_match-DEoIeAx6.jpeg                                                59.28 kB
dist/assets/1.15_kitty2-D5IV35Tx.jpeg                                             59.32 kB
dist/assets/image_113-CR1M0HjD.png                                                59.35 kB
dist/assets/57-BxacP7GM.jpeg                                                      59.65 kB
dist/assets/IntScramFace_090_16 copy-BpLXFer8.jpeg                                59.71 kB
dist/assets/image_142-CaMOvvY2.png                                                59.73 kB
dist/assets/0.94_cow-waterbuffalo-vE_XxckF.jpeg                                   59.80 kB
dist/assets/image_102-DIrO8yV4.png                                                59.81 kB
dist/assets/face08-Ds0Hbvk6.jpeg                                                  60.02 kB
dist/assets/AGONG11-BpgLrXlo.jpeg                                                 60.23 kB
dist/assets/face32-Dd4e70_T.jpeg                                                  60.27 kB
dist/assets/IntScramFace_090_18 copy-DWKIa6Uw.jpeg                                60.54 kB
dist/assets/image_159-D8yBnfPu.png                                                60.59 kB
dist/assets/37-DGXRSKJs.jpeg                                                      60.69 kB
dist/assets/image_047-Cg08ZtAL.png                                                60.87 kB
dist/assets/image_111-CKNaPZvc.png                                                61.26 kB
dist/assets/image_061-wadkBTZU.png                                                61.71 kB
dist/assets/6-shoppingmall_1-BiVP4GXB.jpg                                         61.76 kB
dist/assets/6-shoppingmall_5-DWp-lu9H.jpg                                         61.86 kB
dist/assets/image_020-AueWqgQD.png                                                62.07 kB
dist/assets/image_008-BdVBXJ6u.png                                                62.09 kB
dist/assets/image_182-D3RUcaoT.png                                                62.14 kB
dist/assets/10-B-RjpSkl.jpeg                                                      62.15 kB
dist/assets/E_helicopter-DUhZY3SP.jpeg                                            62.24 kB
dist/assets/6-sportsstadium_3-BGy18FLE.jpg                                        62.27 kB
dist/assets/IntScramFace_090_07 copy-BcZu2Ttg.jpeg                                62.34 kB
dist/assets/image_021-DBLGt420.png                                                62.56 kB
dist/assets/image_060-CxGdYwqU.png                                                62.66 kB
dist/assets/image_057-DPhr41WZ.png                                                62.67 kB
dist/assets/5-airport_terminal_2-RGtEz-uQ.jpg                                     62.92 kB
dist/assets/80-DI6IBi1X.jpeg                                                      62.95 kB
dist/assets/image_098-eFb4sflG.png                                                63.28 kB
dist/assets/5-airport_terminal_1-Dv1H6D7-.jpg                                     63.46 kB
dist/assets/tent-BTB4VZrK.jpeg                                                    63.52 kB
dist/assets/face25-qjZg5FGU.jpeg                                                  63.73 kB
dist/assets/6-shoppingmall_6-C15uIER1.jpg                                         63.80 kB
dist/assets/image_163-CNlgaQ8V.png                                                63.99 kB
dist/assets/1.70_hippo-BW63g_r3.jpeg                                              63.99 kB
dist/assets/1.02_043033538966-BENhMXlg.jpeg                                       64.07 kB
dist/assets/1.46_computer mouse-CeGxYJeW.jpeg                                     64.09 kB
dist/assets/043033538966-BwK0Y1oT.jpeg                                            64.17 kB
dist/assets/image_103-DuUKTxu-.png                                                64.21 kB
dist/assets/image_056-DC-02sPz.png                                                64.24 kB
dist/assets/image_059-w4i07wms.png                                                64.71 kB
dist/assets/image_136-B6iE1qQl.png                                                64.88 kB
dist/assets/08_match-DFFBJO87.jpeg                                                65.15 kB
dist/assets/13_match-CTpHfzJM.jpeg                                                65.59 kB
dist/assets/image_081-Bm8szsoI.png                                                65.61 kB
dist/assets/16-BqNR-e68.jpeg                                                      65.82 kB
dist/assets/ladder-fUobCBIM.jpeg                                                  65.98 kB
dist/assets/image_044-CrI2oQ0w.png                                                66.40 kB
dist/assets/image_184-m2oHmxex.png                                                66.42 kB
dist/assets/image_090-urHPVs9Y.png                                                66.67 kB
dist/assets/image_174-Dg_JjVVX.png                                                66.70 kB
dist/assets/bear-BhomysRm.jpeg                                                    66.81 kB
dist/assets/image_115-BxuE21eh.png                                                66.87 kB
dist/assets/image_178-CCVhFyjv.png                                                66.92 kB
dist/assets/image_075-D2AEw_w5.png                                                66.96 kB
dist/assets/popcornmachine-B-H9bSbH.jpeg                                          67.39 kB
dist/assets/IntScramFace_090_24-ExOY3OdD.jpeg                                     67.52 kB
dist/assets/1.07_hoofed-chamois1-Dv938Jb2.jpeg                                    67.61 kB
dist/assets/image_028-CiBqiWz5.png                                                67.94 kB
dist/assets/6-shoppingmall_2-s3-W8XtN.jpg                                         67.97 kB
dist/assets/image_126-CmlBxaS8.png                                                68.00 kB
dist/assets/image_177-vpV8NGqv.png                                                68.00 kB
dist/assets/image_018-Cu69X0Um.png                                                68.46 kB
dist/assets/44_match-Cet-CERq.jpeg                                                68.69 kB
dist/assets/image_146-CHYb8h0m.png                                                69.07 kB
dist/assets/image_095-Dap8ZRkO.png                                                69.09 kB
dist/assets/0.55_lightbulb-eedPRpR7.jpeg                                          69.22 kB
dist/assets/image_084-D4IEwSgY.png                                                69.36 kB
dist/assets/74_match-D12Ifc3f.jpeg                                                69.39 kB
dist/assets/image_005-nllQ8CcE.png                                                69.45 kB
dist/assets/1.46_duck1-C9mY_co-.jpeg                                              69.66 kB
dist/assets/D_stove-CqVFmA2v.jpeg                                                 69.86 kB
dist/assets/image_027-Ciyt3R_x.png                                                69.95 kB
dist/assets/image_154-D4wTzrL-.png                                                69.97 kB
dist/assets/34-BPGYuOOu.jpeg                                                      69.99 kB
dist/assets/0.50_pepper01-CI9j53Hk.jpeg                                           70.24 kB
dist/assets/pepper01-BnULN3R0.jpeg                                                70.29 kB
dist/assets/17_match-C4V3EAXm.jpeg                                                70.44 kB
dist/assets/image_049-CFKaRQ4O.png                                                70.71 kB
dist/assets/1.62_gerbil1-CdZx7nMo.jpeg                                            70.71 kB
dist/assets/0.77_oven-C9m1nNDe.jpeg                                               70.78 kB
dist/assets/0.61_popcornmachine-BZoH7KyK.jpeg                                     71.29 kB
dist/assets/image_148-PdJy1qlS.png                                                71.67 kB
dist/assets/image_002-BFbRU2h6.png                                                71.97 kB
dist/assets/image_046-DzsU_Xg-.png                                                72.00 kB
dist/assets/1.23_tent-B1V6XnUm.jpeg                                               72.05 kB
dist/assets/WM2032HS_angled-Bh1wOia2.jpeg                                         72.20 kB
dist/assets/0.67_WM2032HS_angled-BblPKtH-.jpeg                                    72.36 kB
dist/assets/image_019-8_hTa6yc.png                                                72.65 kB
dist/assets/26_match-WZXzoO_A.jpeg                                                72.78 kB
dist/assets/1.25_cow-bull-CRCZjlub.jpeg                                           72.80 kB
dist/assets/image_147-C0vCUmhI.png                                                72.85 kB
dist/assets/0.49_ladder-BROxkUrG.jpeg                                             72.88 kB
dist/assets/image_125-BKL0Zz0r.png                                                72.88 kB
dist/assets/image_114-B5Rt2Ai4.png                                                73.03 kB
dist/assets/image_123-BcL2H3Xw.png                                                73.07 kB
dist/assets/image_086-bUYXz22u.png                                                73.35 kB
dist/assets/image_034-oi9FUP9I.png                                                73.48 kB
dist/assets/1.33_fish-goldfish-DM0TY8ev.jpeg                                      73.57 kB
dist/assets/image_158-M8QPGURd.png                                                73.64 kB
dist/assets/1.33_cat-panther-Cj5zh2MO.jpeg                                        73.67 kB
dist/assets/image_032-Bmxzv1gC.png                                                73.68 kB
dist/assets/image_133-ICU8DgtO.png                                                73.87 kB
dist/assets/1.10_hoofed-reindeer-BYZ3npg1.jpeg                                    73.95 kB
dist/assets/image_024-7vO-cys0.png                                                74.05 kB
dist/assets/6-shoppingmall_3-DST7QpZP.jpg                                         74.21 kB
dist/assets/1.21_chick-CM4rr0Nw.jpeg                                              74.21 kB
dist/assets/72-DtY6lgFh.jpeg                                                      74.40 kB
dist/assets/0.88_garbagecan-CqydDB6o.jpeg                                         74.64 kB
dist/assets/image_082-DgwP2TQX.png                                                74.82 kB
dist/assets/image_172-CB5f57Cr.png                                                75.31 kB
dist/assets/image_088-O_ZnHVKI.png                                                75.42 kB
dist/assets/image_127-DJxyZbAF.png                                                75.50 kB
dist/assets/D_exercisebike-CtHQ9fJV.jpeg                                          75.52 kB
dist/assets/image_151-INscH5r6.png                                                75.58 kB
dist/assets/image_101-6JKJbrpK.png                                                75.82 kB
dist/assets/image_083-DYO6y7f3.png                                                76.26 kB
dist/assets/face31-dSEY8XS9.jpeg                                                  76.38 kB
dist/assets/image_164-ZPoSN6st.png                                                76.77 kB
dist/assets/image_045-MWksnt1B.png                                                76.79 kB
dist/assets/image_091-kLhjgcFd.png                                                77.02 kB
dist/assets/0.67_hoofed-misc1-Cot0nvS1.jpeg                                       77.24 kB
dist/assets/image_106-EIhdaNS5.png                                                77.54 kB
dist/assets/42_match-Bc5AfTDF.jpeg                                                77.67 kB
dist/assets/image_121-5SW58NVI.png                                                77.76 kB
dist/assets/image_037-C2jV8CXa.png                                                77.77 kB
dist/assets/image_015-BR3LXcq5.png                                                77.88 kB
dist/assets/B_brush-CvZljxR9.jpeg                                                 77.98 kB
dist/assets/image_104-B8BnOZSW.png                                                78.02 kB
dist/assets/image_025-C55NVOA6.png                                                78.21 kB
dist/assets/image_167-Dg7rWNk2.png                                                78.55 kB
dist/assets/ASHADES3-DtyouguV.jpeg                                                78.64 kB
dist/assets/image_048-CZGR7U9o.png                                                78.65 kB
dist/assets/1.30_ASHADES3-g4liLavj.jpeg                                           78.73 kB
dist/assets/NoInternalFace_090_01-BR_AWW3R.jpeg                                   78.95 kB
dist/assets/image_152-CzrM0334.png                                                79.19 kB
dist/assets/53_match-D4ZNrnLt.jpeg                                                79.89 kB
dist/assets/image_087-qTnE12me.png                                                80.04 kB
dist/assets/image_165-D5cgGihX.png                                                80.14 kB
dist/assets/1.25_lobster-d7cWTc4q.jpeg                                            80.19 kB
dist/assets/1.03_giraffe-BzdVQg51.jpeg                                            80.19 kB
dist/assets/0.86_300px-Barnevogn2-BmEbHgPd.jpeg                                   80.20 kB
dist/assets/300px-Barnevogn2-DclYoWxI.jpeg                                        80.25 kB
dist/assets/image_012-BBtrgASS.png                                                80.43 kB
dist/assets/37_match-B6PGjhDX.jpeg                                                80.56 kB
dist/assets/D_podium-Di1mWx4Z.jpeg                                                80.62 kB
dist/assets/image_120-C53IMe3T.png                                                80.76 kB
dist/assets/image_013-BHCfjFc_.png                                                80.86 kB
dist/assets/image_009-B008oZPx.png                                                81.02 kB
dist/assets/0.61_gorilla1-BnhQOdig.jpeg                                           81.43 kB
dist/assets/1.39_jetski-Dq6OQERt.jpeg                                             81.59 kB
dist/assets/image_050-B6A86QDk.png                                                82.02 kB
dist/assets/NoInternalFace_090_21-BHXKAk8x.jpeg                                   82.02 kB
dist/assets/image_077-CI3d4Cbo.png                                                82.33 kB
dist/assets/image_040-W7N1gOKx.png                                                82.42 kB
dist/assets/image_160-CpXae8_q.png                                                82.50 kB
dist/assets/0.96_lemur2-chDEYMmI.jpeg                                             82.59 kB
dist/assets/1.04_cat-cougar1-BiaHxLfM.jpeg                                        82.86 kB
dist/assets/image_033-0iUKwNss.png                                                82.95 kB
dist/assets/NoInternalFace_090_12-CUix--zi.jpeg                                   83.70 kB
dist/assets/16_match-DfhDBMZB.jpeg                                                83.84 kB
dist/assets/image_129-BaYzOz5m.png                                                84.02 kB
dist/assets/ExtScramFace_090_01-CZFj1J_6.jpeg                                     84.10 kB
dist/assets/image_026-ByB2ZVFY.png                                                84.32 kB
dist/assets/image_149-B_FqPAp7.png                                                84.34 kB
dist/assets/image_109-COihX7R9.png                                                84.38 kB
dist/assets/1.44_insect-butterfly9-BchMUnds.jpeg                                  84.44 kB
dist/assets/image_135-Cc2o2va-.png                                                84.44 kB
dist/assets/image_185-ByZbxoTQ.png                                                84.53 kB
dist/assets/door-BzUyWrYh.jpeg                                                    84.57 kB
dist/assets/image_072-9Blzuugx.png                                                84.63 kB
dist/assets/image_173-CMvy23FV.png                                                84.75 kB
dist/assets/image_038-BEECZimk.png                                                84.84 kB
dist/assets/image_051-C4RGndLM.png                                                84.90 kB
dist/assets/image_128-C0oD3SWz.png                                                84.92 kB
dist/assets/1.51_hoofed-misc-CYuigX5g.jpeg                                        85.34 kB
dist/assets/image_140-8VacCXhP.png                                                85.39 kB
dist/assets/image_003-uk_Azaqh.png                                                85.42 kB
dist/assets/NoInternalFace_090_18-D2gyj_ip.jpeg                                   85.50 kB
dist/assets/cow-B69Y0S0n.jpeg                                                     85.74 kB
dist/assets/image_052-DMaB6IXC.png                                                86.07 kB
dist/assets/stim01-D1sydXQ2.jpeg                                                  86.09 kB
dist/assets/image_041-X4PZABEb.png                                                86.10 kB
dist/assets/stim09-CEFw1PVR.jpeg                                                  86.11 kB
dist/assets/stim21-Chjakou0.jpeg                                                  86.12 kB
dist/assets/stim05-B3NBEtr3.jpeg                                                  86.13 kB
dist/assets/stim15-_-laXnTX.jpeg                                                  86.15 kB
dist/assets/stim25-Dk4rDPRV.jpeg                                                  86.16 kB
dist/assets/stim37-JN2yOZHk.jpeg                                                  86.16 kB
dist/assets/stim23-DVTzUqtq.jpeg                                                  86.18 kB
dist/assets/E_tractor-CMWCmupE.jpeg                                               86.19 kB
dist/assets/stim07-BWBtinSF.jpeg                                                  86.20 kB
dist/assets/stim29-DegxjcBC.jpeg                                                  86.21 kB
dist/assets/stim35-C2tmeKfM.jpeg                                                  86.22 kB
dist/assets/stim03-BKhJgqT9.jpeg                                                  86.23 kB
dist/assets/stim33-6nhxjTds.jpeg                                                  86.24 kB
dist/assets/stim11-DlS4Hgz5.jpeg                                                  86.24 kB
dist/assets/stim19-Bl0TyFKr.jpeg                                                  86.24 kB
dist/assets/stim39-CFelonV6.jpeg                                                  86.27 kB
dist/assets/stim17-CAGhd_oI.jpeg                                                  86.29 kB
dist/assets/stim27-BcoKdg7E.jpeg                                                  86.33 kB
dist/assets/stim31-BihBvxLc.jpeg                                                  86.36 kB
dist/assets/64_match-BsxYUh5K.jpeg                                                86.38 kB
dist/assets/stim13-5fGfpMvw.jpeg                                                  86.38 kB
dist/assets/image_137-BscJI6Iz.png                                                86.48 kB
dist/assets/image_096-TOxZWvu7.png                                                86.52 kB
dist/assets/NoInternalFace_090_08-IgvfxXkz.jpeg                                   86.72 kB
dist/assets/image_006-Dx2PT_Tz.png                                                86.80 kB
dist/assets/image_143-ClhVf-yJ.png                                                86.82 kB
dist/assets/image_073-APjmPYqw.png                                                86.90 kB
dist/assets/image_053-CFLTKNOf.png                                                87.03 kB
dist/assets/0.63_bird-hummingbird-DNyFAvlO.jpeg                                   87.22 kB
dist/assets/image_150-Db4f9bz4.png                                                87.63 kB
dist/assets/57_match-IKXVUAiE.jpeg                                                87.74 kB
dist/assets/image_065-BjwUmYRg.png                                                88.34 kB
dist/assets/image_094-DdSvJyW1.png                                                88.59 kB
dist/assets/easel-C5z3W-7k.jpeg                                                   88.60 kB
dist/assets/image_175-B7rIJEWt.png                                                88.60 kB
dist/assets/1.18_ostrich-OpP7lNDW.jpeg                                            88.64 kB
dist/assets/image_001-rjTvrpwb.png                                                88.73 kB
dist/assets/wheelbarrow-D6BPv3hF.jpeg                                             88.90 kB
dist/assets/image_155-CWLy8Xs9.png                                                89.03 kB
dist/assets/1.13_hoofed-mountaingoat1-DiE--8vS.jpeg                               89.17 kB
dist/assets/0.64_easel-m8lBc7r6.jpeg                                              89.34 kB
dist/assets/0.78_hoofed-lechwe1-4Zvj7cTh.jpeg                                     89.37 kB
dist/assets/image_030-T4qMK2RN.png                                                89.57 kB
dist/assets/0.63_hoofed-ibex-BOTU-XBS.jpeg                                        89.59 kB
dist/assets/NoInternalFace_090_22-TbSS_ozh.jpeg                                   89.67 kB
dist/assets/NoInternalFace_090_04-1cpblpHL.jpeg                                   89.72 kB
dist/assets/image_134-C9XCCh9H.png                                                89.75 kB
dist/assets/NoInternalFace_090_10-DgDrgUwe.jpeg                                   90.02 kB
dist/assets/image_162-BICvYZag.png                                                90.32 kB
dist/assets/image_181-CTMqKJjg.png                                                90.53 kB
dist/assets/1.17_hoofed-eland-_rozrHWi.jpeg                                       90.74 kB
dist/assets/1.03_hoofed-nyala1-DgpeFtRW.jpeg                                      90.77 kB
dist/assets/ExtScramFace_090_21-DFFPjiTP.jpeg                                     90.78 kB
dist/assets/image_029-Hx7BEhMM.png                                                91.24 kB
dist/assets/ExtScramFace_090_12-CS5eIWTF.jpeg                                     91.31 kB
dist/assets/0.76_hoofed-lechwe-D-_uPykP.jpeg                                      91.57 kB
dist/assets/1.23_E_tank-CA_kU9fa.jpeg                                             91.66 kB
dist/assets/E_tank-le3lEIsj.jpeg                                                  91.79 kB
dist/assets/ExtScramFace_090_18-DwQmSvKh.jpeg                                     91.87 kB
dist/assets/NoInternalFace_090_19-DL1wD7eG.jpeg                                   91.98 kB
dist/assets/image_093-DqLH5nvi.png                                                92.09 kB
dist/assets/image_100-D3npSbJP.png                                                92.30 kB
dist/assets/image_035-C9DzD0hv.png                                                92.40 kB
dist/assets/harmonica-DEjXI86N.jpeg                                               92.46 kB
dist/assets/NoInternalFace_090_16-D-w-dUXu.jpeg                                   92.87 kB
dist/assets/image_069-D_mkt5si.png                                                92.89 kB
dist/assets/image_064-B7MwT-KV.png                                                93.18 kB
dist/assets/image_153-DeqwYmrD.png                                                93.41 kB
dist/assets/NoInternalFace_090_02-Dux5pOQb.jpeg                                   93.50 kB
dist/assets/ExtScramFace_090_08-DVROhm6w.jpeg                                     93.54 kB
dist/assets/D_golfcart-Ddz_Pp23.jpeg                                              94.28 kB
dist/assets/wheelchair-gICIn8er.jpeg                                              95.10 kB
dist/assets/ExtScramFace_090_04-qSTMzthZ.jpeg                                     95.11 kB
dist/assets/1.70_water-manatee-kDH6rSTc.jpeg                                      95.16 kB
dist/assets/NoInternalFace_090_14-CEk1x-IU.jpeg                                   95.59 kB
dist/assets/image_080-C8lW1GrS.png                                                95.98 kB
dist/assets/NoInternalFace_090_09-DfSkH5IJ.jpeg                                   96.18 kB
dist/assets/1.94_water-whale-B42lkekn.jpeg                                        96.26 kB
dist/assets/image_139-CBm3jDlu.png                                                96.31 kB
dist/assets/image_144-DkpZpWZC.png                                                96.57 kB
dist/assets/image_058-fSj_kDts.png                                                96.73 kB
dist/assets/ExtScramFace_090_22-DitvIaCQ.jpeg                                     96.87 kB
dist/assets/ExtScramFace_090_10-Bv8smNGp.jpeg                                     96.98 kB
dist/assets/1.92_wheelbarrow-DiXk77B1.jpeg                                        97.31 kB
dist/assets/image_118-Cd65pKre.png                                                97.34 kB
dist/assets/ExtScramFace_090_19-BGXjfyui.jpeg                                     97.37 kB
dist/assets/image_179-DoN6MT_z.png                                                97.45 kB
dist/assets/image_042-yn3ZHOVZ.png                                                97.68 kB
dist/assets/ExtScramFace_090_02-Bk19mzpO.jpeg                                     97.95 kB
dist/assets/2.07_couch-CKm-tDJ1.jpeg                                              98.10 kB
dist/assets/image_062-UaVDwmrq.png                                                98.64 kB
dist/assets/1.71_duck2-BzqNl5jT.jpeg                                              98.79 kB
dist/assets/image_022-LhUQFIJv.png                                                98.80 kB
dist/assets/1.59_frog1-DlhD6XxY.jpeg                                              98.89 kB
dist/assets/NoInternalFace_090_03-4Wny62ye.jpeg                                   99.49 kB
dist/assets/image_074-BImWhEsR.png                                                99.49 kB
dist/assets/ASHADES13-CR3wSkOb.jpeg                                               99.57 kB
dist/assets/image_132-DYsyYdRD.png                                                99.60 kB
dist/assets/D_dryer-I9LZ3BeO.jpeg                                                 99.60 kB
dist/assets/NoInternalFace_090_20-CAVmXKHQ.jpeg                                   99.62 kB
dist/assets/0.71_D_dryer-D1tutTcB.jpeg                                            99.71 kB
dist/assets/NoInternalFace_090_23-CbwAzBf_.jpeg                                   99.94 kB
dist/assets/72_match-DhR6iCXZ.jpeg                                                99.95 kB
dist/assets/image_076-DNjN7r5p.png                                               100.15 kB
dist/assets/1.19_grill-Ca4ZWODT.jpeg                                             100.23 kB
dist/assets/NoInternalFace_090_05-BOGLMXTy.jpeg                                  100.39 kB
dist/assets/image_036-DYhxN_o3.png                                               100.58 kB
dist/assets/sleigh-BRUhXTuE.jpeg                                                 100.93 kB
dist/assets/image_110-DGLd4Odu.png                                               101.08 kB
dist/assets/image_145-CdXianvq.png                                               101.23 kB
dist/assets/0.72_owl2-D0d0kQ0O.jpeg                                              101.29 kB
dist/assets/1.84_harmonica-CfbzN9LD.jpeg                                         101.46 kB
dist/assets/NoInternalFace_090_15-ChST4kt3.jpeg                                  101.52 kB
dist/assets/0.64_insect1-FuFjGN7Z.jpeg                                           101.55 kB
dist/assets/1.26_hoofed-wildebeest-CvxK3mvH.jpeg                                 101.57 kB
dist/assets/image_043-c0uidvvE.png                                               101.58 kB
dist/assets/ExtScramFace_090_16-ltl9Hxqu.jpeg                                    101.63 kB
dist/assets/1.05_hoofed-saiga1-CmVe4dgN.jpeg                                     101.71 kB
dist/assets/image_183-DpBUAzY4.png                                               101.76 kB
dist/assets/1.00_bat-BT52iQ05.jpeg                                               101.83 kB
dist/assets/image_055-BpGaAnCQ.png                                               102.35 kB
dist/assets/image_130-D6kkUx1Y.png                                               103.21 kB
dist/assets/NoInternalFace_090_24-D448Bn0M.jpeg                                  103.25 kB
dist/assets/image_071-DXFu-Yck.png                                               103.45 kB
dist/assets/1.22_duck-yydV8kkS.jpeg                                              103.60 kB
dist/assets/image_168-YDBfNHvU.png                                               103.74 kB
dist/assets/NoInternalFace_090_07-DpQ-P0Mv.jpeg                                  103.98 kB
dist/assets/image_138-BBQmYIIY.png                                               104.27 kB
dist/assets/ExtScramFace_090_14-2-qkvC8f.jpeg                                    104.38 kB
dist/assets/1.65_shrimp-CeAeQwRD.jpeg                                            104.41 kB
dist/assets/image_079-CFEoghoQ.png                                               104.77 kB
dist/assets/D_dishwasher-DBCIVW4h.jpeg                                           104.79 kB
dist/assets/ExtScramFace_090_09-Z4hTmKWt.jpeg                                    104.82 kB
dist/assets/1.24_bear-blackbear-W_1sS6ft.jpeg                                    105.00 kB
dist/assets/image_089--xYg_pJH.png                                               105.12 kB
dist/assets/0.47_telephonebooth-DHYfHdzN.jpeg                                    105.62 kB
dist/assets/1.14_armadillo-D14imouR.jpeg                                         105.66 kB
dist/assets/1.48_wristwatch-DdgSDTTe.jpeg                                        105.77 kB
dist/assets/xylophone-DcboXgiX.jpeg                                              106.02 kB
dist/assets/1.15_hoofed-kulan-BZ-ODfGw.jpeg                                      106.26 kB
dist/assets/1.02_water-sealion1-DvVfxgVm.jpeg                                    106.38 kB
dist/assets/ExtScramFace_090_20-BFqXCrGr.jpeg                                    106.67 kB
dist/assets/ExtScramFace_090_03-BHTrSHfV.jpeg                                    107.39 kB
dist/assets/ExtScramFace_090_05-D5IIA9_m.jpeg                                    108.00 kB
dist/assets/1.00_wheelchair-ByJ66RxG.jpeg                                        108.25 kB
dist/assets/ExtScramFace_090_23-BhfqIrLC.jpeg                                    108.31 kB
dist/assets/image_176-CsWbBP2_.png                                               108.49 kB
dist/assets/image_070-DA7lxNoQ.png                                               108.84 kB
dist/assets/image_063-COMD-x5B.png                                               108.92 kB
dist/assets/1.05_crib-DrUNrw6B.jpeg                                              109.68 kB
dist/assets/ExtScramFace_090_15-DoHj2XOn.jpeg                                    110.21 kB
dist/assets/image_085-CO0UFGwv.png                                               110.26 kB
dist/assets/image_099-CHR1d7N5.png                                               110.62 kB
dist/assets/crib-D1Xwerly.jpeg                                                   110.69 kB
dist/assets/image_141-5Fv1g-7_.png                                               111.45 kB
dist/assets/image_054-BDjIKw2c.png                                               111.57 kB
dist/assets/ExtScramFace_090_07-DmHOxGVN.jpeg                                    111.72 kB
dist/assets/1.45_bird-roadrunner-BvsWABF2.jpeg                                   112.28 kB
dist/assets/image_068-Bg0rkdJ7.png                                               112.29 kB
dist/assets/image_031-N_xaCfvP.png                                               112.39 kB
dist/assets/ExtScramFace_090_24-DmzyG6xj.jpeg                                    112.46 kB
dist/assets/Arrangedface_090_14 copy-u8FjQ8SO.jpeg                               112.58 kB
dist/assets/camel-C4QUJNYr.jpeg                                                  113.27 kB
dist/assets/Arrangedface_090_08 copy-Cay3TL0M.jpeg                               114.98 kB
dist/assets/1.60_chinchilla1-B4lg4xBM.jpeg                                       115.54 kB
dist/assets/0.56_bird-finch-Dvn-Wuf3.jpeg                                        116.02 kB
dist/assets/Arrangedface_090_12 copy-CqQ6c5-q.jpeg                               116.21 kB
dist/assets/Arrangedface_090_01 copy-CJ1rQX-4.jpeg                               116.29 kB
dist/assets/image_131-nOQDyJEW.png                                               116.49 kB
dist/assets/Arrangedface_090_19 copy-Bd3lrkdf.jpeg                               116.62 kB
dist/assets/0.62_bird-hawk1-OfZ_LJu8.jpeg                                        116.89 kB
dist/assets/Arrangedface_090_10 copy-CaSBA5gy.jpeg                               116.91 kB
dist/assets/Arrangedface_090_21 copy-B1MEBd0p.jpeg                               116.99 kB
dist/assets/Arrangedface_090_04 copy-C9aW1NzP.jpeg                               117.15 kB
dist/assets/Arrangedface_090_22 copy-tQhHntSu.jpeg                               117.23 kB
dist/assets/Arrangedface_090_05 copy-BG9moyaX.jpeg                               117.33 kB
dist/assets/Arrangedface_090_09 copy-PpPn-Oef.jpeg                               117.49 kB
dist/assets/Arrangedface_090_02 copy-CeYVAwJE.jpeg                               118.13 kB
dist/assets/D_jukebox-LnMzCRG-.jpeg                                              118.24 kB
dist/assets/Arrangedface_090_23 copy-DaPYjNis.jpeg                               118.25 kB
dist/assets/Arrangedface_090_20 copy-BGZTmYju.jpeg                               118.51 kB
dist/assets/0.89_llama-alpaca-oHmp92ES.jpeg                                      119.10 kB
dist/assets/Arrangedface_090_16 copy-Db5RBeEN.jpeg                               119.65 kB
dist/assets/Arrangedface_090_15 copy-COKai7td.jpeg                               119.75 kB
dist/assets/Arrangedface_090_03 copy-DHbtqVFl.jpeg                               119.76 kB
dist/assets/Arrangedface_090_18 copy-D1NCGA04.jpeg                               120.66 kB
dist/assets/1.95_water-walrus1-BfXIpqnD.jpeg                                     120.79 kB
dist/assets/Arrangedface_090_07 copy-DrtFngXF.jpeg                               120.95 kB
dist/assets/image_066-SFtnDbym.png                                               122.59 kB
dist/assets/perfume-B96VUBxT.jpeg                                                123.49 kB
dist/assets/1.43_insect-moth-RQuIPloX.jpeg                                       123.72 kB
dist/assets/Arrangedface_090_24-DvMWKwYf.jpeg                                    125.19 kB
dist/assets/1.92_fish-angelfish-Df6P8Ub_.jpeg                                    125.89 kB
dist/assets/0.99_kangaroo-DjLb0DJq.jpeg                                          126.31 kB
dist/assets/1.37_yak-DtXPpS7_.jpeg                                               126.89 kB
dist/assets/0.99_perfume-C6bU5dCh.jpeg                                           129.85 kB
dist/assets/bootstrap-icons-BtvjY1KL.woff2                                       130.40 kB
dist/assets/1.04_bird-misc-CIxwAXxd.jpeg                                         131.12 kB
dist/assets/1.79_mole-CJjdq5-L.jpeg                                              131.15 kB
dist/assets/0.44_prariedog-zRWX0S35.jpeg                                         131.43 kB
dist/assets/aquarium-odF3cayI.jpeg                                               131.52 kB
dist/assets/1.19_insect3-BEHQVGHp.jpeg                                           132.05 kB
dist/assets/1.76_guineapig-DeViwchP.jpeg                                         133.13 kB
dist/assets/1.40_chicken-DE-n8yFo.jpeg                                           134.06 kB
dist/assets/1.38_hamster-DiBu7D11.jpeg                                           136.63 kB
dist/assets/0.89_cat-tigerwhite-COnzuc7l.jpeg                                    136.88 kB
dist/assets/2.40_snake-9ofioFpM.jpeg                                             137.12 kB
dist/assets/bison-BhAsN15W.jpeg                                                  137.46 kB
dist/assets/1.33_fooseballtable-Bwbsj-ER.jpeg                                    138.65 kB
dist/assets/rhino-BhSISyqI.jpeg                                                  141.11 kB
dist/assets/0.80_camel-C_UIXs5l.jpeg                                             142.14 kB
dist/assets/1.80_rhino-BpoOLKmg.jpeg                                             142.29 kB
dist/assets/1.95_sponge--PWRPfbj.jpeg                                            144.05 kB
dist/assets/1.37_insect-butterfly-B4ibvNV_.jpeg                                  145.45 kB
dist/assets/1.59_hedgehog-JZ44O6A3.jpeg                                          149.56 kB
dist/assets/1.27_insect-ladybug-DSwZLCgM.jpeg                                    150.36 kB
dist/assets/1.44_frog2-BnAFrXWG.jpeg                                             151.53 kB
dist/assets/0.91_uprightpiano-C2MxAw6R.jpeg                                      155.26 kB
dist/assets/1.36_horse-DHYc_nmW.jpeg                                             155.34 kB
dist/assets/0.70_shoppingcart-CUzff2SQ.jpeg                                      159.08 kB
dist/assets/1.22_water-sealion-DmOdRLHk.jpeg                                     161.27 kB
dist/assets/1.05_cow-waterbuffalo1-ByB3lbUO.jpeg                                 164.48 kB
dist/assets/0.97_hoofed-barbarysheep-CS-HOUyg.jpeg                               166.08 kB
dist/assets/1.06_elephant1-DGbzCalK.jpeg                                         166.45 kB
dist/assets/1.07_elephant-asian-BPb632aO.jpeg                                    174.96 kB
dist/assets/bootstrap-icons-BOrJxbIo.woff                                        176.03 kB
dist/assets/0.69_bookcase-D2EH69Zo.jpeg                                          184.36 kB
dist/assets/1.57_drumset-CNpkGpkG.jpeg                                           191.48 kB
dist/assets/0.64_orangutan-BK4JUdWO.jpeg                                         196.67 kB
dist/assets/D_dresser-xdXhJPLb.jpeg                                              206.74 kB
dist/assets/alish-dipani-BRU2mZlO.png                                            208.29 kB
dist/assets/alish-vss-2026-poster-CkjAN26Y.png                                   216.30 kB
dist/assets/1.28_crab2-DX9GqJcF.jpeg                                             225.00 kB
dist/assets/mayukh-deb-C1fgfhgw.jpg                                              232.47 kB
dist/assets/kushal-dudipala-BuMYvtED.png                                         250.27 kB
dist/assets/walkthrough-img1-CKrWGTGX.png                                        579.79 kB
dist/assets/vss-page-tabs-DGYKZcXc.css                                             2.71 kB │ gzip:     0.97 kB
dist/assets/chatbot-widget-BtKmX9pO.css                                            2.79 kB │ gzip:     0.95 kB
dist/assets/main-BqOSjkxi.css                                                    422.13 kB │ gzip:    62.79 kB
dist/assets/04-BqM6Y86-.js                                                         0.06 kB │ gzip:     0.08 kB
dist/assets/06-B9TxOdwk.js                                                         0.06 kB │ gzip:     0.08 kB
dist/assets/08-C07J_bZD.js                                                         0.06 kB │ gzip:     0.08 kB
dist/assets/10-COiF9PSQ.js                                                         0.06 kB │ gzip:     0.08 kB
dist/assets/12-OZ6haHDK.js                                                         0.06 kB │ gzip:     0.08 kB
dist/assets/13-BsMnu16d.js                                                         0.06 kB │ gzip:     0.08 kB
dist/assets/15-D6aXcvdT.js                                                         0.06 kB │ gzip:     0.08 kB
dist/assets/16-w4fWbzbP.js                                                         0.06 kB │ gzip:     0.08 kB
dist/assets/17-CHasPqY0.js                                                         0.06 kB │ gzip:     0.08 kB
dist/assets/20-ClK1HznL.js                                                         0.06 kB │ gzip:     0.08 kB
dist/assets/22-BozbFBYP.js                                                         0.06 kB │ gzip:     0.08 kB
dist/assets/26-Da3Kz0DG.js                                                         0.06 kB │ gzip:     0.08 kB
dist/assets/34-DR1NOQI0.js                                                         0.06 kB │ gzip:     0.08 kB
dist/assets/37-C6i9w59A.js                                                         0.06 kB │ gzip:     0.08 kB
dist/assets/39-Cc2Kq4ij.js                                                         0.06 kB │ gzip:     0.08 kB
dist/assets/42-4i5qdM44.js                                                         0.06 kB │ gzip:     0.08 kB
dist/assets/43-B1ANgQPR.js                                                         0.06 kB │ gzip:     0.08 kB
dist/assets/44-DoAmf0bD.js                                                         0.06 kB │ gzip:     0.08 kB
dist/assets/46-DtYw5ZMp.js                                                         0.06 kB │ gzip:     0.08 kB
dist/assets/48-CCGJKHhn.js                                                         0.06 kB │ gzip:     0.08 kB
dist/assets/53-UJCVa6LF.js                                                         0.06 kB │ gzip:     0.08 kB
dist/assets/56-kBuTNfQ1.js                                                         0.06 kB │ gzip:     0.08 kB
dist/assets/57-Dw4HGqn9.js                                                         0.06 kB │ gzip:     0.08 kB
dist/assets/59-DWETvz2I.js                                                         0.06 kB │ gzip:     0.08 kB
dist/assets/64-CVVMQeHm.js                                                         0.06 kB │ gzip:     0.08 kB
dist/assets/72-s_q52v5K.js                                                         0.06 kB │ gzip:     0.08 kB
dist/assets/74-Dxm3yigv.js                                                         0.06 kB │ gzip:     0.08 kB
dist/assets/75-BBuDVHwX.js                                                         0.06 kB │ gzip:     0.08 kB
dist/assets/78-B3OW-BQU.js                                                         0.06 kB │ gzip:     0.08 kB
dist/assets/80-BLFeEz9I.js                                                         0.06 kB │ gzip:     0.08 kB
dist/assets/81-dl3VLQuk.js                                                         0.06 kB │ gzip:     0.08 kB
dist/assets/83-BCcTZXyO.js                                                         0.06 kB │ gzip:     0.08 kB
dist/assets/40-fMECMGzh.js                                                         0.06 kB │ gzip:     0.08 kB
dist/assets/bf1-CW3hhjrb.js                                                        0.06 kB │ gzip:     0.08 kB
dist/assets/bf2-6D3ir6ln.js                                                        0.06 kB │ gzip:     0.08 kB
dist/assets/bf3-Cer2ApST.js                                                        0.06 kB │ gzip:     0.08 kB
dist/assets/bf4-Ckwr9hld.js                                                        0.06 kB │ gzip:     0.08 kB
dist/assets/bf5-CQugHz4E.js                                                        0.06 kB │ gzip:     0.08 kB
dist/assets/bf6-Bdz294Zq.js                                                        0.06 kB │ gzip:     0.08 kB
dist/assets/bf7-CnV3pEHO.js                                                        0.06 kB │ gzip:     0.08 kB
dist/assets/bf8-C1dyJ06a.js                                                        0.06 kB │ gzip:     0.08 kB
dist/assets/bf9-Du_2cSla.js                                                        0.06 kB │ gzip:     0.08 kB
dist/assets/tf1-CiCcce_D.js                                                        0.06 kB │ gzip:     0.08 kB
dist/assets/tf2-UdRTTQHD.js                                                        0.06 kB │ gzip:     0.08 kB
dist/assets/tf3-CH8eVpMt.js                                                        0.06 kB │ gzip:     0.08 kB
dist/assets/tf4-CutWDdoq.js                                                        0.06 kB │ gzip:     0.08 kB
dist/assets/tf5-BMla1IQL.js                                                        0.06 kB │ gzip:     0.08 kB
dist/assets/tf6-rNBvXVKj.js                                                        0.06 kB │ gzip:     0.08 kB
dist/assets/tf7-DuT2ibhn.js                                                        0.06 kB │ gzip:     0.08 kB
dist/assets/tf8-y6HPLrB5.js                                                        0.06 kB │ gzip:     0.08 kB
dist/assets/tf9-my8CDoU9.js                                                        0.06 kB │ gzip:     0.08 kB
dist/assets/bp3-BXFsS_69.js                                                        0.06 kB │ gzip:     0.08 kB
dist/assets/bp6-AHEP8X8N.js                                                        0.06 kB │ gzip:     0.08 kB
dist/assets/bp8-AdWCGG4o.js                                                        0.06 kB │ gzip:     0.08 kB
dist/assets/tp1-DUpd1rus.js                                                        0.06 kB │ gzip:     0.08 kB
dist/assets/tp2-fnO6QQxM.js                                                        0.06 kB │ gzip:     0.08 kB
dist/assets/tp3-DW4BbfYm.js                                                        0.06 kB │ gzip:     0.08 kB
dist/assets/tp4-B4xXm_Pg.js                                                        0.06 kB │ gzip:     0.08 kB
dist/assets/tp5-Dq4q4I7J.js                                                        0.06 kB │ gzip:     0.08 kB
dist/assets/tp6-PJWXMDov.js                                                        0.06 kB │ gzip:     0.08 kB
dist/assets/tp7-ChEN7Dxl.js                                                        0.06 kB │ gzip:     0.08 kB
dist/assets/tp8-CNzH_PU-.js                                                        0.06 kB │ gzip:     0.08 kB
dist/assets/tp9-BEm37rvV.js                                                        0.06 kB │ gzip:     0.08 kB
dist/assets/bf1-BvWswIs-.js                                                        0.06 kB │ gzip:     0.08 kB
dist/assets/bf2-ClCgaoem.js                                                        0.06 kB │ gzip:     0.08 kB
dist/assets/bf3-B5jalfhP.js                                                        0.06 kB │ gzip:     0.08 kB
dist/assets/bf4-CBydqf4M.js                                                        0.06 kB │ gzip:     0.08 kB
dist/assets/bf5-Cx5bILB0.js                                                        0.06 kB │ gzip:     0.08 kB
dist/assets/bf6-Jiv13HQM.js                                                        0.06 kB │ gzip:     0.08 kB
dist/assets/bf7-GlVei3-V.js                                                        0.06 kB │ gzip:     0.08 kB
dist/assets/bf8-CK4-2uzy.js                                                        0.06 kB │ gzip:     0.08 kB
dist/assets/bf9-BVGGgyh1.js                                                        0.06 kB │ gzip:     0.08 kB
dist/assets/bp1-CWJeUpyo.js                                                        0.06 kB │ gzip:     0.08 kB
dist/assets/bp2-CJJWyjEN.js                                                        0.06 kB │ gzip:     0.08 kB
dist/assets/bp3-Df03YbdG.js                                                        0.06 kB │ gzip:     0.08 kB
dist/assets/bp4-JOJMSdFc.js                                                        0.06 kB │ gzip:     0.08 kB
dist/assets/bp5-CXwWtMnE.js                                                        0.06 kB │ gzip:     0.08 kB
dist/assets/bp6-Uq17xDyZ.js                                                        0.06 kB │ gzip:     0.08 kB
dist/assets/bp7-sJj1icQ7.js                                                        0.06 kB │ gzip:     0.08 kB
dist/assets/bp8-CoMS3pEz.js                                                        0.06 kB │ gzip:     0.08 kB
dist/assets/bp9-CWqzSJ35.js                                                        0.06 kB │ gzip:     0.08 kB
dist/assets/tf1-B3sPD2el.js                                                        0.06 kB │ gzip:     0.08 kB
dist/assets/tf2-CZ6nNlfi.js                                                        0.06 kB │ gzip:     0.08 kB
dist/assets/tf3-XJGzx3HM.js                                                        0.06 kB │ gzip:     0.08 kB
dist/assets/tf4-B9otzT8G.js                                                        0.06 kB │ gzip:     0.08 kB
dist/assets/tf5-BunjRGpA.js                                                        0.06 kB │ gzip:     0.08 kB
dist/assets/tf6-DvPnyVQL.js                                                        0.06 kB │ gzip:     0.08 kB
dist/assets/tf7-DFa3bCO-.js                                                        0.06 kB │ gzip:     0.08 kB
dist/assets/tf8-DCRHbZGa.js                                                        0.06 kB │ gzip:     0.08 kB
dist/assets/tf9-Sbq9zmbl.js                                                        0.06 kB │ gzip:     0.08 kB
dist/assets/tp1-DwdZEb4f.js                                                        0.06 kB │ gzip:     0.08 kB
dist/assets/tp2-DMKQ-Qlv.js                                                        0.06 kB │ gzip:     0.08 kB
dist/assets/tp3-Cm-X81kg.js                                                        0.06 kB │ gzip:     0.08 kB
dist/assets/tp4-CjrIyVdK.js                                                        0.06 kB │ gzip:     0.08 kB
dist/assets/tp5-Duf4i2PM.js                                                        0.06 kB │ gzip:     0.08 kB
dist/assets/tp6-CMqtF1A6.js                                                        0.06 kB │ gzip:     0.08 kB
dist/assets/tp7-SIDr4b-d.js                                                        0.06 kB │ gzip:     0.08 kB
dist/assets/tp8-BAQ5njNJ.js                                                        0.06 kB │ gzip:     0.08 kB
dist/assets/tp9-DybA01a_.js                                                        0.06 kB │ gzip:     0.08 kB
dist/assets/bed-DtIyaI_I.js                                                        0.06 kB │ gzip:     0.08 kB
dist/assets/cow-xBdtsKzn.js                                                        0.06 kB │ gzip:     0.08 kB
dist/assets/van-DRI5XpL6.js                                                        0.06 kB │ gzip:     0.08 kB
dist/assets/Fan-DU1SgKDH.js                                                        0.06 kB │ gzip:     0.08 kB
dist/assets/Hat-BkPJawJZ.js                                                        0.06 kB │ gzip:     0.08 kB
dist/assets/bf10-BiOQnJ9F.js                                                       0.06 kB │ gzip:     0.08 kB
dist/assets/bf11-CKnXAg47.js                                                       0.06 kB │ gzip:     0.08 kB
dist/assets/bf12-BTYVuL12.js                                                       0.06 kB │ gzip:     0.08 kB
dist/assets/bf13-BfEJ3HS5.js                                                       0.06 kB │ gzip:     0.08 kB
dist/assets/bf14-C92XVqFz.js                                                       0.06 kB │ gzip:     0.08 kB
dist/assets/bf15-DgAfYvKG.js                                                       0.06 kB │ gzip:     0.08 kB
dist/assets/bf16-B4qxbdzv.js                                                       0.06 kB │ gzip:     0.08 kB
dist/assets/bf17-BbmZ_6n3.js                                                       0.06 kB │ gzip:     0.08 kB
dist/assets/bf18-C0dgm0MB.js                                                       0.06 kB │ gzip:     0.08 kB
dist/assets/bf19-DR9D3i2l.js                                                       0.06 kB │ gzip:     0.08 kB
dist/assets/bf20-DJE0reKj.js                                                       0.06 kB │ gzip:     0.08 kB
dist/assets/bf21-BU0mSy64.js                                                       0.06 kB │ gzip:     0.08 kB
dist/assets/bf22-ByYDoyd-.js                                                       0.06 kB │ gzip:     0.08 kB
dist/assets/bf23-CXwncFW3.js                                                       0.06 kB │ gzip:     0.08 kB
dist/assets/bf24-2ln3xh4v.js                                                       0.06 kB │ gzip:     0.08 kB
dist/assets/bf25-DZShBKZF.js                                                       0.06 kB │ gzip:     0.08 kB
dist/assets/bf26-CqPD8CpL.js                                                       0.06 kB │ gzip:     0.08 kB
dist/assets/bf27-B2TEDngU.js                                                       0.06 kB │ gzip:     0.08 kB
dist/assets/bf28-Cbbemxxv.js                                                       0.06 kB │ gzip:     0.08 kB
dist/assets/bf29-BlBVqcJe.js                                                       0.06 kB │ gzip:     0.08 kB
dist/assets/bf30-DBa14Rls.js                                                       0.06 kB │ gzip:     0.08 kB
dist/assets/bf31-BAsxyqiP.js                                                       0.06 kB │ gzip:     0.08 kB
dist/assets/bf32-BKaaAS9J.js                                                       0.06 kB │ gzip:     0.08 kB
dist/assets/bf33-DpVKya69.js                                                       0.06 kB │ gzip:     0.08 kB
dist/assets/bf34-B2yZ2_Yk.js                                                       0.06 kB │ gzip:     0.08 kB
dist/assets/bf35-B-QuQCSy.js                                                       0.06 kB │ gzip:     0.08 kB
dist/assets/bf36-B6UVmRbn.js                                                       0.06 kB │ gzip:     0.08 kB
dist/assets/bf37--7bZnHXa.js                                                       0.06 kB │ gzip:     0.08 kB
dist/assets/bf38-Bqg7Cwog.js                                                       0.06 kB │ gzip:     0.08 kB
dist/assets/bf39-KC-NC9Wc.js                                                       0.06 kB │ gzip:     0.08 kB
dist/assets/bf40-Cnm0hiNx.js                                                       0.06 kB │ gzip:     0.08 kB
dist/assets/bf41-DurYep9q.js                                                       0.06 kB │ gzip:     0.08 kB
dist/assets/bf42-B9gF7qYP.js                                                       0.06 kB │ gzip:     0.08 kB
dist/assets/bf43-CKkT1C66.js                                                       0.06 kB │ gzip:     0.08 kB
dist/assets/bf44-Cpbp3nGp.js                                                       0.06 kB │ gzip:     0.08 kB
dist/assets/bf45-Bpf7LaQc.js                                                       0.06 kB │ gzip:     0.08 kB
dist/assets/bf46-Ja763HuD.js                                                       0.06 kB │ gzip:     0.08 kB
dist/assets/bf47-Dv3wtPcu.js                                                       0.06 kB │ gzip:     0.08 kB
dist/assets/bf48-BAam2ZFL.js                                                       0.06 kB │ gzip:     0.08 kB
dist/assets/bf49-DlxgXOUK.js                                                       0.06 kB │ gzip:     0.08 kB
dist/assets/bf50-CnUZ4YiA.js                                                       0.06 kB │ gzip:     0.08 kB
dist/assets/bf51-CzNdiZdA.js                                                       0.06 kB │ gzip:     0.08 kB
dist/assets/bf52-Cu7HVoyS.js                                                       0.06 kB │ gzip:     0.08 kB
dist/assets/tf10-DSifELTG.js                                                       0.06 kB │ gzip:     0.08 kB
dist/assets/tf11-DLFVFrfz.js                                                       0.06 kB │ gzip:     0.08 kB
dist/assets/tf12-Kshm1_r6.js                                                       0.06 kB │ gzip:     0.08 kB
dist/assets/tf13-C_BzTAfU.js                                                       0.06 kB │ gzip:     0.08 kB
dist/assets/tf14-uK-SibNt.js                                                       0.06 kB │ gzip:     0.08 kB
dist/assets/tf15-C7bq1_Fd.js                                                       0.06 kB │ gzip:     0.08 kB
dist/assets/tf16-DY6cqW4G.js                                                       0.06 kB │ gzip:     0.08 kB
dist/assets/tf17-Dm7xo-u8.js                                                       0.06 kB │ gzip:     0.08 kB
dist/assets/tf18-DzCCYb63.js                                                       0.06 kB │ gzip:     0.08 kB
dist/assets/tf19-DrA_sVGQ.js                                                       0.06 kB │ gzip:     0.08 kB
dist/assets/tf20-B_FBm-0E.js                                                       0.06 kB │ gzip:     0.08 kB
dist/assets/tf21-C-ZEGawd.js                                                       0.06 kB │ gzip:     0.08 kB
dist/assets/tf22-Bt74nA-u.js                                                       0.06 kB │ gzip:     0.08 kB
dist/assets/tf23-6maomp3_.js                                                       0.06 kB │ gzip:     0.08 kB
dist/assets/tf24-VHbylNhR.js                                                       0.06 kB │ gzip:     0.08 kB
dist/assets/tf25-Co3JmduW.js                                                       0.06 kB │ gzip:     0.08 kB
dist/assets/tf26-CNSuwvqS.js                                                       0.06 kB │ gzip:     0.08 kB
dist/assets/tf27-6TYQNxt5.js                                                       0.06 kB │ gzip:     0.08 kB
dist/assets/tf28-D2uO9Nxi.js                                                       0.06 kB │ gzip:     0.08 kB
dist/assets/tf29-B8vetSqr.js                                                       0.06 kB │ gzip:     0.08 kB
dist/assets/tf30-Fuxm616-.js                                                       0.06 kB │ gzip:     0.08 kB
dist/assets/tf31-DplYSlcC.js                                                       0.06 kB │ gzip:     0.08 kB
dist/assets/tf32-CNsGLKSO.js                                                       0.06 kB │ gzip:     0.08 kB
dist/assets/tf33-Bb239zzF.js                                                       0.06 kB │ gzip:     0.08 kB
dist/assets/tf34-CgyXEldh.js                                                       0.06 kB │ gzip:     0.08 kB
dist/assets/tf35-DDo-yLB1.js                                                       0.06 kB │ gzip:     0.08 kB
dist/assets/tf36-pecICJcN.js                                                       0.06 kB │ gzip:     0.08 kB
dist/assets/tf37-Dtlk9Geo.js                                                       0.06 kB │ gzip:     0.08 kB
dist/assets/tf38-S9qyN8P7.js                                                       0.06 kB │ gzip:     0.08 kB
dist/assets/tf39-B-2ymyKH.js                                                       0.06 kB │ gzip:     0.08 kB
dist/assets/tf40-CvkaChSy.js                                                       0.06 kB │ gzip:     0.08 kB
dist/assets/tf41-C2NncILF.js                                                       0.06 kB │ gzip:     0.08 kB
dist/assets/tf42-D3rVGwC_.js                                                       0.06 kB │ gzip:     0.08 kB
dist/assets/tf43-RgkeTZ9z.js                                                       0.06 kB │ gzip:     0.08 kB
dist/assets/tf44-imTYgpik.js                                                       0.06 kB │ gzip:     0.08 kB
dist/assets/tf45-B0Dbc142.js                                                       0.06 kB │ gzip:     0.08 kB
dist/assets/tf46-BSfvzuVS.js                                                       0.06 kB │ gzip:     0.08 kB
dist/assets/tf47-YA5dfZjd.js                                                       0.06 kB │ gzip:     0.08 kB
dist/assets/tf48-BCSu2G-p.js                                                       0.06 kB │ gzip:     0.08 kB
dist/assets/tf49-DV4G-hwd.js                                                       0.06 kB │ gzip:     0.08 kB
dist/assets/tf50-Jrx_N1Rq.js                                                       0.06 kB │ gzip:     0.08 kB
dist/assets/tf51-C2S2FFbO.js                                                       0.06 kB │ gzip:     0.08 kB
dist/assets/tf52-EPz-PW2H.js                                                       0.06 kB │ gzip:     0.08 kB
dist/assets/bp19-B4Ysgdrf.js                                                       0.06 kB │ gzip:     0.08 kB
dist/assets/bp24-BYkJW0jf.js                                                       0.06 kB │ gzip:     0.08 kB
dist/assets/bp25-yymG9dg2.js                                                       0.06 kB │ gzip:     0.08 kB
dist/assets/bp28-VFVvAdZ_.js                                                       0.06 kB │ gzip:     0.08 kB
dist/assets/bp30-CbGuXtZP.js                                                       0.06 kB │ gzip:     0.08 kB
dist/assets/bp35-C43Tkpti.js                                                       0.06 kB │ gzip:     0.08 kB
dist/assets/bp41-YsRhhitY.js                                                       0.06 kB │ gzip:     0.08 kB
dist/assets/bp52-DzGi4eqL.js                                                       0.06 kB │ gzip:     0.08 kB
dist/assets/tp10-CiwQjnv4.js                                                       0.06 kB │ gzip:     0.08 kB
dist/assets/tp11-BTNzghLd.js                                                       0.06 kB │ gzip:     0.08 kB
dist/assets/tp12-CYtuWB78.js                                                       0.06 kB │ gzip:     0.08 kB
dist/assets/tp13-rgjuT_Ai.js                                                       0.06 kB │ gzip:     0.08 kB
dist/assets/tp14-BYjG5sIV.js                                                       0.06 kB │ gzip:     0.08 kB
dist/assets/tp15-DGuTz9zY.js                                                       0.06 kB │ gzip:     0.08 kB
dist/assets/tp16-vn1AuvGM.js                                                       0.06 kB │ gzip:     0.08 kB
dist/assets/tp17-_q9pbi9p.js                                                       0.06 kB │ gzip:     0.08 kB
dist/assets/tp18-eO3d7Gv7.js                                                       0.06 kB │ gzip:     0.08 kB
dist/assets/tp19-CJefkkWO.js                                                       0.06 kB │ gzip:     0.08 kB
dist/assets/tp20-BjZmxw2B.js                                                       0.06 kB │ gzip:     0.08 kB
dist/assets/tp21-C8jntW1W.js                                                       0.06 kB │ gzip:     0.08 kB
dist/assets/tp22-BziixkbA.js                                                       0.06 kB │ gzip:     0.08 kB
dist/assets/tp23-BirGAt2v.js                                                       0.06 kB │ gzip:     0.08 kB
dist/assets/tp24-CqMd0yq2.js                                                       0.06 kB │ gzip:     0.08 kB
dist/assets/tp25-BVO6j92y.js                                                       0.06 kB │ gzip:     0.08 kB
dist/assets/tp26-DwqHlX0d.js                                                       0.06 kB │ gzip:     0.08 kB
dist/assets/tp27-Bi-UTTau.js                                                       0.06 kB │ gzip:     0.08 kB
dist/assets/tp28-BEjFyPAp.js                                                       0.06 kB │ gzip:     0.08 kB
dist/assets/tp29-CcEVhrCx.js                                                       0.06 kB │ gzip:     0.08 kB
dist/assets/tp30-BoIIut22.js                                                       0.06 kB │ gzip:     0.08 kB
dist/assets/tp31-lseo9g3r.js                                                       0.06 kB │ gzip:     0.08 kB
dist/assets/tp32-C4txT0Vw.js                                                       0.06 kB │ gzip:     0.08 kB
dist/assets/tp33-COC1F1Cl.js                                                       0.06 kB │ gzip:     0.08 kB
dist/assets/tp34-CAWQNHK9.js                                                       0.06 kB │ gzip:     0.08 kB
dist/assets/tp35-Bb-G-xa7.js                                                       0.06 kB │ gzip:     0.08 kB
dist/assets/tp36-o9zWFwNI.js                                                       0.06 kB │ gzip:     0.08 kB
dist/assets/tp37-F4DVd_aS.js                                                       0.06 kB │ gzip:     0.08 kB
dist/assets/tp38-BOafeMqX.js                                                       0.06 kB │ gzip:     0.08 kB
dist/assets/tp39-CdoXXi4-.js                                                       0.06 kB │ gzip:     0.08 kB
dist/assets/tp40-FdmfKZAU.js                                                       0.06 kB │ gzip:     0.08 kB
dist/assets/tp41-DVA3T4O3.js                                                       0.06 kB │ gzip:     0.08 kB
dist/assets/tp42-CaOXj5Kd.js                                                       0.06 kB │ gzip:     0.08 kB
dist/assets/tp43-CMJ4snDU.js                                                       0.06 kB │ gzip:     0.08 kB
dist/assets/tp44-C-gg8SnS.js                                                       0.06 kB │ gzip:     0.08 kB
dist/assets/tp45-ChtFqYRc.js                                                       0.06 kB │ gzip:     0.08 kB
dist/assets/tp46-DtxLL4qL.js                                                       0.06 kB │ gzip:     0.08 kB
dist/assets/tp47-C1jcBjwK.js                                                       0.06 kB │ gzip:     0.08 kB
dist/assets/tp48-C0snGgR8.js                                                       0.06 kB │ gzip:     0.08 kB
dist/assets/tp49-C2iANi4x.js                                                       0.06 kB │ gzip:     0.08 kB
dist/assets/tp50-CigV578x.js                                                       0.06 kB │ gzip:     0.08 kB
dist/assets/tp51-B0YHTYL9.js                                                       0.06 kB │ gzip:     0.08 kB
dist/assets/tp52-B4LNiknk.js                                                       0.06 kB │ gzip:     0.08 kB
dist/assets/bf10-BVa6piP8.js                                                       0.06 kB │ gzip:     0.08 kB
dist/assets/bf11-D3GEWNcS.js                                                       0.06 kB │ gzip:     0.08 kB
dist/assets/bf12-J_ztwMLn.js                                                       0.06 kB │ gzip:     0.08 kB
dist/assets/bf13-DVWuw98F.js                                                       0.06 kB │ gzip:     0.08 kB
dist/assets/bf14-zHGJvLqO.js                                                       0.06 kB │ gzip:     0.08 kB
dist/assets/bf15-Byx6QaAn.js                                                       0.06 kB │ gzip:     0.08 kB
dist/assets/bf16-BIdDkRLI.js                                                       0.06 kB │ gzip:     0.08 kB
dist/assets/bf17-Bk4Tny5O.js                                                       0.06 kB │ gzip:     0.08 kB
dist/assets/bf18-sdxzn9J9.js                                                       0.06 kB │ gzip:     0.08 kB
dist/assets/bf19-Cqb9f0sU.js                                                       0.06 kB │ gzip:     0.08 kB
dist/assets/bf20-BCmY90Cn.js                                                       0.06 kB │ gzip:     0.08 kB
dist/assets/bf21-hjAOMi42.js                                                       0.06 kB │ gzip:     0.08 kB
dist/assets/bf22-Dk4hlIKf.js                                                       0.06 kB │ gzip:     0.08 kB
dist/assets/bf23-oG-bPxTC.js                                                       0.06 kB │ gzip:     0.08 kB
dist/assets/bf24-D5I3sxaa.js                                                       0.06 kB │ gzip:     0.08 kB
dist/assets/bf25-CI_JtoAG.js                                                       0.06 kB │ gzip:     0.08 kB
dist/assets/bf26-53PjvdBw.js                                                       0.06 kB │ gzip:     0.08 kB
dist/assets/bf27-CsEXC8SS.js                                                       0.06 kB │ gzip:     0.08 kB
dist/assets/bf28-BPOiLvLE.js                                                       0.06 kB │ gzip:     0.08 kB
dist/assets/bf29-CG8vH5No.js                                                       0.06 kB │ gzip:     0.08 kB
dist/assets/bf30-DGuSVFV1.js                                                       0.06 kB │ gzip:     0.08 kB
dist/assets/bf31-Dao3P3av.js                                                       0.06 kB │ gzip:     0.08 kB
dist/assets/bf32-KgA2j_u3.js                                                       0.06 kB │ gzip:     0.08 kB
dist/assets/bf33-DkqVyFAp.js                                                       0.06 kB │ gzip:     0.08 kB
dist/assets/bf34-DtDSMZtH.js                                                       0.06 kB │ gzip:     0.08 kB
dist/assets/bf35-DFCoGVD3.js                                                       0.06 kB │ gzip:     0.08 kB
dist/assets/bf36-E5DdiVS0.js                                                       0.06 kB │ gzip:     0.08 kB
dist/assets/bf37-B_k20Xsw.js                                                       0.06 kB │ gzip:     0.08 kB
dist/assets/bf38-C2wANETs.js                                                       0.06 kB │ gzip:     0.08 kB
dist/assets/bf39-CoSdvh_T.js                                                       0.06 kB │ gzip:     0.08 kB
dist/assets/bf40-vkdOntER.js                                                       0.06 kB │ gzip:     0.08 kB
dist/assets/bf41-BN0On6V4.js                                                       0.06 kB │ gzip:     0.08 kB
dist/assets/bf42-CCkca3Ez.js                                                       0.06 kB │ gzip:     0.08 kB
dist/assets/bf43-DIiLBQ6v.js                                                       0.06 kB │ gzip:     0.08 kB
dist/assets/bf44-BS-Ebfzr.js                                                       0.06 kB │ gzip:     0.08 kB
dist/assets/bf45-CtiYSamK.js                                                       0.06 kB │ gzip:     0.08 kB
dist/assets/bf46-C5qZYwfB.js                                                       0.06 kB │ gzip:     0.08 kB
dist/assets/bf47-T88gNTF2.js                                                       0.06 kB │ gzip:     0.08 kB
dist/assets/bf48-DBAWe_ty.js                                                       0.06 kB │ gzip:     0.08 kB
dist/assets/bf49-CrH2C3ma.js                                                       0.06 kB │ gzip:     0.08 kB
dist/assets/bf50-BVJ52CFi.js                                                       0.06 kB │ gzip:     0.08 kB
dist/assets/bf51-FkVqiYyN.js                                                       0.06 kB │ gzip:     0.08 kB
dist/assets/bf52-CYQIsCwv.js                                                       0.06 kB │ gzip:     0.08 kB
dist/assets/bp10-DcSWcEe9.js                                                       0.06 kB │ gzip:     0.08 kB
dist/assets/bp11-omiXcu7y.js                                                       0.06 kB │ gzip:     0.08 kB
dist/assets/bp12-D5K8yivX.js                                                       0.06 kB │ gzip:     0.08 kB
dist/assets/bp13-qLDLgFHY.js                                                       0.06 kB │ gzip:     0.08 kB
dist/assets/bp14-BpLkQEMH.js                                                       0.06 kB │ gzip:     0.08 kB
dist/assets/bp15-CTD4L2MB.js                                                       0.06 kB │ gzip:     0.08 kB
dist/assets/bp16-Druf5tFt.js                                                       0.06 kB │ gzip:     0.08 kB
dist/assets/bp17-CNS_rbr2.js                                                       0.06 kB │ gzip:     0.08 kB
dist/assets/bp18-BJg-RA6P.js                                                       0.06 kB │ gzip:     0.08 kB
dist/assets/bp19-D4bNbm46.js                                                       0.06 kB │ gzip:     0.08 kB
dist/assets/bp20-BzjJCjDt.js                                                       0.06 kB │ gzip:     0.08 kB
dist/assets/bp21-Y7mlKBoi.js                                                       0.06 kB │ gzip:     0.08 kB
dist/assets/bp22-CN1lQDaV.js                                                       0.06 kB │ gzip:     0.08 kB
dist/assets/bp23-CsM7MIJn.js                                                       0.06 kB │ gzip:     0.08 kB
dist/assets/bp24-DNKHsclG.js                                                       0.06 kB │ gzip:     0.08 kB
dist/assets/bp25-Dur3-rYZ.js                                                       0.06 kB │ gzip:     0.08 kB
dist/assets/bp26-BXPicdMS.js                                                       0.06 kB │ gzip:     0.08 kB
dist/assets/bp27-9OvRzWGy.js                                                       0.06 kB │ gzip:     0.08 kB
dist/assets/bp28-BDGhKUlo.js                                                       0.06 kB │ gzip:     0.08 kB
dist/assets/bp29-ZpYCH9JZ.js                                                       0.06 kB │ gzip:     0.08 kB
dist/assets/bp30-Blum8Uze.js                                                       0.06 kB │ gzip:     0.08 kB
dist/assets/bp31-DHp_bSn_.js                                                       0.06 kB │ gzip:     0.08 kB
dist/assets/bp32-D25_MFQ0.js                                                       0.06 kB │ gzip:     0.08 kB
dist/assets/bp33-bVsT2w1v.js                                                       0.06 kB │ gzip:     0.08 kB
dist/assets/bp34-0Dgu1unA.js                                                       0.06 kB │ gzip:     0.08 kB
dist/assets/bp35-BwuZmztv.js                                                       0.06 kB │ gzip:     0.08 kB
dist/assets/bp36-DN1UDRPT.js                                                       0.06 kB │ gzip:     0.08 kB
dist/assets/bp38-Qvqn2KUx.js                                                       0.06 kB │ gzip:     0.08 kB
dist/assets/bp39-CM6HKdLa.js                                                       0.06 kB │ gzip:     0.08 kB
dist/assets/bp40-DjB53lnC.js                                                       0.06 kB │ gzip:     0.08 kB
dist/assets/bp41-DzX_Zdz9.js                                                       0.06 kB │ gzip:     0.08 kB
dist/assets/bp42-CxYYcRV8.js                                                       0.06 kB │ gzip:     0.08 kB
dist/assets/bp43-B12Vi2f3.js                                                       0.06 kB │ gzip:     0.08 kB
dist/assets/bp44-Bg8w8XCY.js                                                       0.06 kB │ gzip:     0.08 kB
dist/assets/bp45-BNMlQONE.js                                                       0.06 kB │ gzip:     0.08 kB
dist/assets/bp46-D9UYY9OK.js                                                       0.06 kB │ gzip:     0.08 kB
dist/assets/bp47-1SxPDJY6.js                                                       0.06 kB │ gzip:     0.08 kB
dist/assets/bp48-BNuzpkBB.js                                                       0.06 kB │ gzip:     0.08 kB
dist/assets/bp49-CUD5i9-e.js                                                       0.06 kB │ gzip:     0.08 kB
dist/assets/bp50--7E6tNY-.js                                                       0.06 kB │ gzip:     0.08 kB
dist/assets/bp51-BGUkudRE.js                                                       0.06 kB │ gzip:     0.08 kB
dist/assets/bp52-CwDpF7Tp.js                                                       0.06 kB │ gzip:     0.08 kB
dist/assets/tf10-CURyqjz1.js                                                       0.06 kB │ gzip:     0.08 kB
dist/assets/tf11-D_q1l9Wz.js                                                       0.06 kB │ gzip:     0.08 kB
dist/assets/tf12-DG1nFZTp.js                                                       0.06 kB │ gzip:     0.08 kB
dist/assets/tf13-2Z-mwda6.js                                                       0.06 kB │ gzip:     0.08 kB
dist/assets/tf14-B_kPqrNa.js                                                       0.06 kB │ gzip:     0.08 kB
dist/assets/tf15-BdU_ChNl.js                                                       0.06 kB │ gzip:     0.08 kB
dist/assets/tf16-D0cONE4U.js                                                       0.06 kB │ gzip:     0.08 kB
dist/assets/tf17-Cxv8-0T0.js                                                       0.06 kB │ gzip:     0.08 kB
dist/assets/tf18-mtAQRC8k.js                                                       0.06 kB │ gzip:     0.08 kB
dist/assets/tf19-BLfjLmej.js                                                       0.06 kB │ gzip:     0.08 kB
dist/assets/tf20-DthqiJ5v.js                                                       0.06 kB │ gzip:     0.08 kB
dist/assets/tf21-C8xbsrUF.js                                                       0.06 kB │ gzip:     0.08 kB
dist/assets/tf22-DsT4vsbH.js                                                       0.06 kB │ gzip:     0.08 kB
dist/assets/tf23-D1PEFKmH.js                                                       0.06 kB │ gzip:     0.08 kB
dist/assets/tf24-DPcMczpt.js                                                       0.06 kB │ gzip:     0.08 kB
dist/assets/tf25-Bf0q-IHl.js                                                       0.06 kB │ gzip:     0.08 kB
dist/assets/tf26-acVYfqiw.js                                                       0.06 kB │ gzip:     0.08 kB
dist/assets/tf27-kknYh7il.js                                                       0.06 kB │ gzip:     0.08 kB
dist/assets/tf28-DW_zGIEu.js                                                       0.06 kB │ gzip:     0.08 kB
dist/assets/tf29-BixY5od2.js                                                       0.06 kB │ gzip:     0.08 kB
dist/assets/tf30-BDV2JhD6.js                                                       0.06 kB │ gzip:     0.08 kB
dist/assets/tf31-Cs_yVGXu.js                                                       0.06 kB │ gzip:     0.08 kB
dist/assets/tf32-CTXA8m1_.js                                                       0.06 kB │ gzip:     0.08 kB
dist/assets/tf33-BvNziv60.js                                                       0.06 kB │ gzip:     0.08 kB
dist/assets/tf34-CjJTohX2.js                                                       0.06 kB │ gzip:     0.08 kB
dist/assets/tf35-p6SgYmno.js                                                       0.06 kB │ gzip:     0.08 kB
dist/assets/tf36-qxMVYJc-.js                                                       0.06 kB │ gzip:     0.08 kB
dist/assets/tf37-whISgzTI.js                                                       0.06 kB │ gzip:     0.08 kB
dist/assets/tf38-CxC4ZKMg.js                                                       0.06 kB │ gzip:     0.08 kB
dist/assets/tf39-Cj0Y_Gel.js                                                       0.06 kB │ gzip:     0.08 kB
dist/assets/tf40-PsbSlVPi.js                                                       0.06 kB │ gzip:     0.08 kB
dist/assets/tf41-BB4Zcw0p.js                                                       0.06 kB │ gzip:     0.08 kB
dist/assets/tf42-CchCV7hC.js                                                       0.06 kB │ gzip:     0.08 kB
dist/assets/tf43-CERtnKQc.js                                                       0.06 kB │ gzip:     0.08 kB
dist/assets/tf44-DIp9Xz92.js                                                       0.06 kB │ gzip:     0.08 kB
dist/assets/tf45-BobN-6xW.js                                                       0.06 kB │ gzip:     0.08 kB
dist/assets/tf46-QnYi-CJr.js                                                       0.06 kB │ gzip:     0.08 kB
dist/assets/tf47-DC5kON-h.js                                                       0.06 kB │ gzip:     0.08 kB
dist/assets/tf48-BJJirwDn.js                                                       0.06 kB │ gzip:     0.08 kB
dist/assets/tf49-D534O2kq.js                                                       0.06 kB │ gzip:     0.08 kB
dist/assets/tf50-DHm6zDm3.js                                                       0.06 kB │ gzip:     0.08 kB
dist/assets/tf51-Dvv0vXhD.js                                                       0.06 kB │ gzip:     0.08 kB
dist/assets/tf52-BbPJ48Hw.js                                                       0.06 kB │ gzip:     0.08 kB
dist/assets/tp10-BrACgQEu.js                                                       0.06 kB │ gzip:     0.08 kB
dist/assets/tp11-COj-t-R6.js                                                       0.06 kB │ gzip:     0.08 kB
dist/assets/tp12-Gg5YRDpG.js                                                       0.06 kB │ gzip:     0.08 kB
dist/assets/tp13-CRT3iavp.js                                                       0.06 kB │ gzip:     0.08 kB
dist/assets/tp14-DH8Wx7pd.js                                                       0.06 kB │ gzip:     0.08 kB
dist/assets/tp15-BFG7voHw.js                                                       0.06 kB │ gzip:     0.08 kB
dist/assets/tp16-ChbJ9vIm.js                                                       0.06 kB │ gzip:     0.08 kB
dist/assets/tp17-S0y3lytk.js                                                       0.06 kB │ gzip:     0.08 kB
dist/assets/tp18-C4n43tiz.js                                                       0.06 kB │ gzip:     0.08 kB
dist/assets/tp19-BZeWDioU.js                                                       0.06 kB │ gzip:     0.08 kB
dist/assets/tp20-D6tF2rjd.js                                                       0.06 kB │ gzip:     0.08 kB
dist/assets/tp21-BGdqM4YY.js                                                       0.06 kB │ gzip:     0.08 kB
dist/assets/tp22-DSxP--bg.js                                                       0.06 kB │ gzip:     0.08 kB
dist/assets/tp23-BabsfSwE.js                                                       0.06 kB │ gzip:     0.08 kB
dist/assets/tp24-8dgcE4vB.js                                                       0.06 kB │ gzip:     0.08 kB
dist/assets/tp25-DEXr53pl.js                                                       0.06 kB │ gzip:     0.08 kB
dist/assets/tp26-DjIM1bgL.js                                                       0.06 kB │ gzip:     0.08 kB
dist/assets/tp27-BpsZyU3B.js                                                       0.06 kB │ gzip:     0.08 kB
dist/assets/tp28-CroNWzdP.js                                                       0.06 kB │ gzip:     0.08 kB
dist/assets/tp29-yfz7AohR.js                                                       0.06 kB │ gzip:     0.08 kB
dist/assets/tp30-piLGtznO.js                                                       0.06 kB │ gzip:     0.08 kB
dist/assets/tp31-ODTuvjjo.js                                                       0.06 kB │ gzip:     0.08 kB
dist/assets/tp32-BMcEyqLq.js                                                       0.06 kB │ gzip:     0.08 kB
dist/assets/tp33-UD3gw8ID.js                                                       0.06 kB │ gzip:     0.08 kB
dist/assets/tp34-Cm1x-Vf5.js                                                       0.06 kB │ gzip:     0.08 kB
dist/assets/tp35-Dz_u4CGu.js                                                       0.06 kB │ gzip:     0.08 kB
dist/assets/tp36-TaNsZ_2n.js                                                       0.06 kB │ gzip:     0.08 kB
dist/assets/tp37-DU7Cv-3I.js                                                       0.06 kB │ gzip:     0.08 kB
dist/assets/tp38-DHhtAW6C.js                                                       0.06 kB │ gzip:     0.08 kB
dist/assets/tp39-CBL2r2cc.js                                                       0.06 kB │ gzip:     0.08 kB
dist/assets/tp40-F2_E1TnY.js                                                       0.06 kB │ gzip:     0.08 kB
dist/assets/tp41-DC83q_SV.js                                                       0.06 kB │ gzip:     0.08 kB
dist/assets/tp42-Br1yyYqV.js                                                       0.06 kB │ gzip:     0.08 kB
dist/assets/tp43--qHCR8xt.js                                                       0.06 kB │ gzip:     0.08 kB
dist/assets/tp44-XrtpZLk_.js                                                       0.06 kB │ gzip:     0.08 kB
dist/assets/tp45-By3kxga3.js                                                       0.06 kB │ gzip:     0.08 kB
dist/assets/tp46-GcNLK9gj.js                                                       0.06 kB │ gzip:     0.08 kB
dist/assets/tp47-BVzXLUFt.js                                                       0.06 kB │ gzip:     0.08 kB
dist/assets/tp48-C8gKIzVi.js                                                       0.06 kB │ gzip:     0.08 kB
dist/assets/tp49-CnAnE5Tz.js                                                       0.06 kB │ gzip:     0.08 kB
dist/assets/tp50-BIDyKxYG.js                                                       0.06 kB │ gzip:     0.08 kB
dist/assets/tp51-S1w_axf-.js                                                       0.06 kB │ gzip:     0.08 kB
dist/assets/tp52-lvix7R5T.js                                                       0.06 kB │ gzip:     0.08 kB
dist/assets/bear-C2Auj0wN.js                                                       0.06 kB │ gzip:     0.08 kB
dist/assets/crib-DJl27QG2.js                                                       0.06 kB │ gzip:     0.08 kB
dist/assets/door-DWIe0YTi.js                                                       0.06 kB │ gzip:     0.08 kB
dist/assets/oven-DeNceFne.js                                                       0.06 kB │ gzip:     0.08 kB
dist/assets/raft-Bb7W5Rb8.js                                                       0.06 kB │ gzip:     0.08 kB
dist/assets/tent-BIyCT1a0.js                                                       0.06 kB │ gzip:     0.08 kB
dist/assets/cars1-BONGDsHP.js                                                      0.06 kB │ gzip:     0.08 kB
dist/assets/cars2-Dhp02t2U.js                                                      0.06 kB │ gzip:     0.08 kB
dist/assets/cars3-DaPW-Nmg.js                                                      0.06 kB │ gzip:     0.08 kB
dist/assets/cars4-C2QSJfDq.js                                                      0.06 kB │ gzip:     0.08 kB
dist/assets/cars5-SIBFJh9n.js                                                      0.06 kB │ gzip:     0.08 kB
dist/assets/cars6-oBTtYv3h.js                                                      0.06 kB │ gzip:     0.08 kB
dist/assets/cars7-CZzKmJlF.js                                                      0.06 kB │ gzip:     0.08 kB
dist/assets/cars8-CdKcKjQH.js                                                      0.06 kB │ gzip:     0.08 kB
dist/assets/cars9-CH9GB5SY.js                                                      0.06 kB │ gzip:     0.08 kB
dist/assets/cats1-D-bmjrsX.js                                                      0.06 kB │ gzip:     0.08 kB
dist/assets/cats2-qTZlHKYt.js                                                      0.06 kB │ gzip:     0.08 kB
dist/assets/cats3-DW_YfiXk.js                                                      0.06 kB │ gzip:     0.08 kB
dist/assets/cats4-D1UgX6zt.js                                                      0.06 kB │ gzip:     0.08 kB
dist/assets/cats5-B6Z7V3z0.js                                                      0.06 kB │ gzip:     0.08 kB
dist/assets/cats6-DuqTgAK6.js                                                      0.06 kB │ gzip:     0.08 kB
dist/assets/cats7-DgK-UdjL.js                                                      0.06 kB │ gzip:     0.08 kB
dist/assets/cats8-C8ivM3UU.js                                                      0.06 kB │ gzip:     0.08 kB
dist/assets/cats9-BIXZtL1G.js                                                      0.06 kB │ gzip:     0.08 kB
dist/assets/Boot-Dtt59kNG.js                                                       0.06 kB │ gzip:     0.08 kB
dist/assets/Clip-C4u4EJU_.js                                                       0.06 kB │ gzip:     0.08 kB
dist/assets/Harp-yxkP6HRx.js                                                       0.06 kB │ gzip:     0.08 kB
dist/assets/Iron-C9Hu8n4Y.js                                                       0.06 kB │ gzip:     0.08 kB
dist/assets/Shoe-CFY5hbgn.js                                                       0.06 kB │ gzip:     0.08 kB
dist/assets/tc01-TX42cJW0.js                                                       0.06 kB │ gzip:     0.08 kB
dist/assets/tc02-8haf7hFq.js                                                       0.06 kB │ gzip:     0.08 kB
dist/assets/tc03-BwwWPRqG.js                                                       0.06 kB │ gzip:     0.08 kB
dist/assets/tc04-8haf7hFq.js                                                       0.06 kB │ gzip:     0.08 kB
dist/assets/cu01-CchbOG_n.js                                                       0.06 kB │ gzip:     0.08 kB
dist/assets/cu02-Dz_t4dt_.js                                                       0.06 kB │ gzip:     0.08 kB
dist/assets/cu03-IKvyYvMH.js                                                       0.06 kB │ gzip:     0.08 kB
dist/assets/cu04-Bg_9b-cu.js                                                       0.06 kB │ gzip:     0.08 kB
dist/assets/bc01-COoos2ip.js                                                       0.06 kB │ gzip:     0.08 kB
dist/assets/bc02-IIc2fd3c.js                                                       0.06 kB │ gzip:     0.08 kB
dist/assets/bc03-DkRPULUB.js                                                       0.06 kB │ gzip:     0.08 kB
dist/assets/bc04-BaRBS8Zy.js                                                       0.06 kB │ gzip:     0.08 kB
dist/assets/ts01-B73vZ3f0.js                                                       0.06 kB │ gzip:     0.08 kB
dist/assets/ts02-YxcWt0K2.js                                                       0.06 kB │ gzip:     0.08 kB
dist/assets/ts03-DciV8TEH.js                                                       0.06 kB │ gzip:     0.08 kB
dist/assets/ts04-D2QemTDP.js                                                       0.06 kB │ gzip:     0.08 kB
dist/assets/sp01-njBFTfVV.js                                                       0.06 kB │ gzip:     0.08 kB
dist/assets/sp02-DPQxmOWe.js                                                       0.06 kB │ gzip:     0.08 kB
dist/assets/sp03-C-Wq015p.js                                                       0.06 kB │ gzip:     0.08 kB
dist/assets/sp04-B4eG1pcD.js                                                       0.06 kB │ gzip:     0.08 kB
dist/assets/bs01--5UXA2_i.js                                                       0.06 kB │ gzip:     0.08 kB
dist/assets/bs02-C7lw9YLR.js                                                       0.06 kB │ gzip:     0.08 kB
dist/assets/bs03-DxBsfDZ9.js                                                       0.06 kB │ gzip:     0.08 kB
dist/assets/bs04-QdAXll2l.js                                                       0.06 kB │ gzip:     0.08 kB
dist/assets/4051g-DNR0OuhL.js                                                      0.06 kB │ gzip:     0.08 kB
dist/assets/AARCH-nMok4Nzy.js                                                      0.06 kB │ gzip:     0.08 kB
dist/assets/Abike-D2F6zXhN.js                                                      0.06 kB │ gzip:     0.08 kB
dist/assets/bison-Br2aZaRR.js                                                      0.06 kB │ gzip:     0.08 kB
dist/assets/camel-Dv4VR-y4.js                                                      0.06 kB │ gzip:     0.08 kB
dist/assets/couch-DcgLk1rl.js                                                      0.06 kB │ gzip:     0.08 kB
dist/assets/easel-WP0iUoGS.js                                                      0.06 kB │ gzip:     0.08 kB
dist/assets/rhino-BX70H6wJ.js                                                      0.06 kB │ gzip:     0.08 kB
dist/assets/slide-BxdzDdJA.js                                                      0.06 kB │ gzip:     0.08 kB
dist/assets/trunk-5Yyo-5sw.js                                                      0.06 kB │ gzip:     0.08 kB
dist/assets/APEN3-u2EVamRv.js                                                      0.06 kB │ gzip:     0.08 kB
dist/assets/bagel-aUuM8CVK.js                                                      0.06 kB │ gzip:     0.08 kB
dist/assets/cars10-DI-vxzAF.js                                                     0.06 kB │ gzip:     0.08 kB
dist/assets/cars11-ChAI88j1.js                                                     0.06 kB │ gzip:     0.08 kB
dist/assets/cars12-C1pIerH3.js                                                     0.06 kB │ gzip:     0.08 kB
dist/assets/cars13-CHdJqalE.js                                                     0.06 kB │ gzip:     0.08 kB
dist/assets/cars14-CpeEitMt.js                                                     0.06 kB │ gzip:     0.08 kB
dist/assets/cars15-BV-ubCiv.js                                                     0.06 kB │ gzip:     0.08 kB
dist/assets/cars16-pS4lxaqL.js                                                     0.06 kB │ gzip:     0.08 kB
dist/assets/cars17-Hfqq1GRt.js                                                     0.06 kB │ gzip:     0.08 kB
dist/assets/cars18-2OcrQQPJ.js                                                     0.06 kB │ gzip:     0.08 kB
dist/assets/cars19-DwBBk8hK.js                                                     0.06 kB │ gzip:     0.08 kB
dist/assets/cars20-1kI694Uk.js                                                     0.06 kB │ gzip:     0.08 kB
dist/assets/cars21-B7wO0VY6.js                                                     0.06 kB │ gzip:     0.08 kB
dist/assets/cars22-D8m0UNyr.js                                                     0.06 kB │ gzip:     0.08 kB
dist/assets/cars23-YFzYZOtl.js                                                     0.06 kB │ gzip:     0.08 kB
dist/assets/cars24-trDFNj2x.js                                                     0.06 kB │ gzip:     0.08 kB
dist/assets/cars25-Cl56L4k_.js                                                     0.06 kB │ gzip:     0.08 kB
dist/assets/cars26-0h4Wuwtu.js                                                     0.06 kB │ gzip:     0.08 kB
dist/assets/cars27-DOL3JplZ.js                                                     0.06 kB │ gzip:     0.08 kB
dist/assets/cars28-Bz2iQt13.js                                                     0.06 kB │ gzip:     0.08 kB
dist/assets/cars29-CfxO4UkX.js                                                     0.06 kB │ gzip:     0.08 kB
dist/assets/cars30-BRbMZYia.js                                                     0.06 kB │ gzip:     0.08 kB
dist/assets/cats10-CYqrtFoD.js                                                     0.06 kB │ gzip:     0.08 kB
dist/assets/cats11-Cg5dnHUQ.js                                                     0.06 kB │ gzip:     0.08 kB
dist/assets/cats12-d-zOG0fx.js                                                     0.06 kB │ gzip:     0.08 kB
dist/assets/cats13-CXxn7ZNH.js                                                     0.06 kB │ gzip:     0.08 kB
dist/assets/cats14-BXHoF14f.js                                                     0.06 kB │ gzip:     0.08 kB
dist/assets/cats15-Bdts_IDp.js                                                     0.06 kB │ gzip:     0.08 kB
dist/assets/cats16-CT9b8G57.js                                                     0.06 kB │ gzip:     0.08 kB
dist/assets/cats17-D-VLowER.js                                                     0.06 kB │ gzip:     0.08 kB
dist/assets/cats18-DpQojTBu.js                                                     0.06 kB │ gzip:     0.08 kB
dist/assets/cats19-DY62SSQs.js                                                     0.06 kB │ gzip:     0.08 kB
dist/assets/cats20-CP4ljpnF.js                                                     0.06 kB │ gzip:     0.08 kB
dist/assets/cats21-C1ZdwVk8.js                                                     0.06 kB │ gzip:     0.08 kB
dist/assets/cats22-DVM2SaLR.js                                                     0.06 kB │ gzip:     0.08 kB
dist/assets/cats23-BAyK8fpP.js                                                     0.06 kB │ gzip:     0.08 kB
dist/assets/cats24-tAUVOwip.js                                                     0.06 kB │ gzip:     0.08 kB
dist/assets/cats25-BdSmYY-i.js                                                     0.06 kB │ gzip:     0.08 kB
dist/assets/cats26-LdL3dOAB.js                                                     0.06 kB │ gzip:     0.08 kB
dist/assets/cats27-Cgno-M5y.js                                                     0.06 kB │ gzip:     0.08 kB
dist/assets/cats28-NAy1FHqJ.js                                                     0.06 kB │ gzip:     0.08 kB
dist/assets/cats29-CLjolsSx.js                                                     0.06 kB │ gzip:     0.08 kB
dist/assets/cats30-B71yrKgC.js                                                     0.06 kB │ gzip:     0.08 kB
dist/assets/faces1-Ido2zvYj.js                                                     0.06 kB │ gzip:     0.08 kB
dist/assets/faces2-Fb9NL5a9.js                                                     0.06 kB │ gzip:     0.08 kB
dist/assets/faces3-CAbOfJGD.js                                                     0.06 kB │ gzip:     0.08 kB
dist/assets/faces4-DwF-ashM.js                                                     0.06 kB │ gzip:     0.08 kB
dist/assets/faces5-DWWiXchP.js                                                     0.06 kB │ gzip:     0.08 kB
dist/assets/faces6-CUqdms3a.js                                                     0.06 kB │ gzip:     0.08 kB
dist/assets/faces7-TKx53VSo.js                                                     0.06 kB │ gzip:     0.08 kB
dist/assets/faces8-P3ZJLhiI.js                                                     0.06 kB │ gzip:     0.08 kB
dist/assets/faces9-DI6FUSvI.js                                                     0.06 kB │ gzip:     0.08 kB
dist/assets/face01-DtmIZ2p4.js                                                     0.06 kB │ gzip:     0.08 kB
dist/assets/face02-CcWn4S-F.js                                                     0.06 kB │ gzip:     0.08 kB
dist/assets/face03-BUElY-30.js                                                     0.06 kB │ gzip:     0.08 kB
dist/assets/face04-Cimlft4G.js                                                     0.06 kB │ gzip:     0.08 kB
dist/assets/face05-CDyo66pR.js                                                     0.06 kB │ gzip:     0.08 kB
dist/assets/face06-KVNK5mCp.js                                                     0.06 kB │ gzip:     0.08 kB
dist/assets/face07-BWWE3YqX.js                                                     0.06 kB │ gzip:     0.08 kB
dist/assets/face08-BYQ09uNW.js                                                     0.06 kB │ gzip:     0.08 kB
dist/assets/face09-CAxtd_Ux.js                                                     0.06 kB │ gzip:     0.08 kB
dist/assets/face10-n6C__Mp4.js                                                     0.06 kB │ gzip:     0.08 kB
dist/assets/face11-DJZC4CIr.js                                                     0.06 kB │ gzip:     0.08 kB
dist/assets/face12-BZHEuMee.js                                                     0.06 kB │ gzip:     0.08 kB
dist/assets/face13-CrnxhwTb.js                                                     0.06 kB │ gzip:     0.08 kB
dist/assets/face14-Beekayk_.js                                                     0.06 kB │ gzip:     0.08 kB
dist/assets/face15-50C8Olmp.js                                                     0.06 kB │ gzip:     0.08 kB
dist/assets/face16-zFD-zKSK.js                                                     0.06 kB │ gzip:     0.08 kB
dist/assets/face17-DJQTHg_0.js                                                     0.06 kB │ gzip:     0.08 kB
dist/assets/face18-CCOCMQBe.js                                                     0.06 kB │ gzip:     0.08 kB
dist/assets/face19-DANwgF4G.js                                                     0.06 kB │ gzip:     0.08 kB
dist/assets/face20-DmBuvMQc.js                                                     0.06 kB │ gzip:     0.08 kB
dist/assets/face21-DGO_R8fd.js                                                     0.06 kB │ gzip:     0.08 kB
dist/assets/face22-CbCm_A83.js                                                     0.06 kB │ gzip:     0.08 kB
dist/assets/face23-CH04k7lO.js                                                     0.06 kB │ gzip:     0.08 kB
dist/assets/face24-DvwoMO_I.js                                                     0.06 kB │ gzip:     0.08 kB
dist/assets/face25-883c8AxR.js                                                     0.06 kB │ gzip:     0.08 kB
dist/assets/face26-CYZ-MQVP.js                                                     0.06 kB │ gzip:     0.08 kB
dist/assets/face27-DSq9oN0n.js                                                     0.06 kB │ gzip:     0.08 kB
dist/assets/face28-DS-d6NL8.js                                                     0.06 kB │ gzip:     0.08 kB
dist/assets/face29-Bvtc4XhS.js                                                     0.06 kB │ gzip:     0.08 kB
dist/assets/face30-D3isSkEk.js                                                     0.06 kB │ gzip:     0.08 kB
dist/assets/face31-g8b9P-se.js                                                     0.06 kB │ gzip:     0.08 kB
dist/assets/face32-BwFRH3tC.js                                                     0.06 kB │ gzip:     0.08 kB
dist/assets/1000SL-QLbsNeEN.js                                                     0.06 kB │ gzip:     0.08 kB
dist/assets/ATRUNK-Ca0Le2K9.js                                                     0.06 kB │ gzip:     0.08 kB
dist/assets/Abed24-xlrs6saB.js                                                     0.06 kB │ gzip:     0.08 kB
dist/assets/Asofa5-8zb0jh3F.js                                                     0.06 kB │ gzip:     0.08 kB
dist/assets/Asofa6-Bhmivl5H.js                                                     0.06 kB │ gzip:     0.08 kB
dist/assets/E_tank-NA3PoOJR.js                                                     0.06 kB │ gzip:     0.08 kB
dist/assets/ladder-DF-NyswH.js                                                     0.06 kB │ gzip:     0.08 kB
dist/assets/sleigh-cG5_oswz.js                                                     0.06 kB │ gzip:     0.08 kB
dist/assets/A_coin-UNsnVtYT.js                                                     0.06 kB │ gzip:     0.08 kB
dist/assets/A_dart-Bf54TBIl.js                                                     0.06 kB │ gzip:     0.08 kB
dist/assets/A_fork-x-DBcjuP.js                                                     0.06 kB │ gzip:     0.08 kB
dist/assets/A_pipe-DFUJ2flV.js                                                     0.06 kB │ gzip:     0.08 kB
dist/assets/Adart7-BysBE9C9.js                                                     0.06 kB │ gzip:     0.08 kB
dist/assets/Afan60-DvRsM3U7.js                                                     0.06 kB │ gzip:     0.08 kB
dist/assets/B_book-BJVlRv1R.js                                                     0.06 kB │ gzip:     0.08 kB
dist/assets/B_pear-D-FLw5e5.js                                                     0.06 kB │ gzip:     0.08 kB
dist/assets/bait04-3yNoQmZh.js                                                     0.06 kB │ gzip:     0.08 kB
dist/assets/ipod01-nXoYrRSy.js                                                     0.06 kB │ gzip:     0.08 kB
dist/assets/bodies1-DZBezZap.js                                                    0.06 kB │ gzip:     0.08 kB
dist/assets/bodies2-BVoVC3TS.js                                                    0.06 kB │ gzip:     0.08 kB
dist/assets/bodies3-BgHCGZFO.js                                                    0.06 kB │ gzip:     0.08 kB
dist/assets/bodies4-BpvNJFuB.js                                                    0.06 kB │ gzip:     0.08 kB
dist/assets/bodies5-pukqGvs7.js                                                    0.06 kB │ gzip:     0.08 kB
dist/assets/bodies6-BsTTN6e9.js                                                    0.06 kB │ gzip:     0.08 kB
dist/assets/bodies7-w_hbvKKU.js                                                    0.06 kB │ gzip:     0.08 kB
dist/assets/bodies8-D1hJ-OK2.js                                                    0.06 kB │ gzip:     0.08 kB
dist/assets/bodies9-CZR3Ym1D.js                                                    0.06 kB │ gzip:     0.08 kB
dist/assets/chairs1-D-7kFFgy.js                                                    0.06 kB │ gzip:     0.08 kB
dist/assets/chairs2-spBUI2Ux.js                                                    0.06 kB │ gzip:     0.08 kB
dist/assets/chairs3-B5Qtqwcy.js                                                    0.06 kB │ gzip:     0.08 kB
dist/assets/chairs4-DruCRbB_.js                                                    0.06 kB │ gzip:     0.08 kB
dist/assets/chairs5-Caf7YIL7.js                                                    0.06 kB │ gzip:     0.08 kB
dist/assets/chairs6-CmOyIhS-.js                                                    0.06 kB │ gzip:     0.08 kB
dist/assets/chairs7-DF3cGRCx.js                                                    0.06 kB │ gzip:     0.08 kB
dist/assets/chairs8-3n7AhD-1.js                                                    0.06 kB │ gzip:     0.08 kB
dist/assets/chairs9-D41zCMPy.js                                                    0.06 kB │ gzip:     0.08 kB
dist/assets/faces10-OtOu4X3M.js                                                    0.06 kB │ gzip:     0.08 kB
dist/assets/faces11-CKqDaegM.js                                                    0.06 kB │ gzip:     0.08 kB
dist/assets/faces12-DlPd1DYF.js                                                    0.06 kB │ gzip:     0.08 kB
dist/assets/faces13-CRUaW3WI.js                                                    0.06 kB │ gzip:     0.08 kB
dist/assets/faces14-J2sTzxvx.js                                                    0.06 kB │ gzip:     0.08 kB
dist/assets/faces15-BOQKo6wm.js                                                    0.06 kB │ gzip:     0.08 kB
dist/assets/faces16-DsCPWs4K.js                                                    0.06 kB │ gzip:     0.08 kB
dist/assets/faces17-brbCmOwh.js                                                    0.06 kB │ gzip:     0.08 kB
dist/assets/faces18-Ce6r0GNL.js                                                    0.06 kB │ gzip:     0.08 kB
dist/assets/faces19-BSLxbdFG.js                                                    0.06 kB │ gzip:     0.08 kB
dist/assets/faces20-D0DVT4wL.js                                                    0.06 kB │ gzip:     0.08 kB
dist/assets/faces21-BwANmXOV.js                                                    0.06 kB │ gzip:     0.08 kB
dist/assets/faces22-DmoVvNJz.js                                                    0.06 kB │ gzip:     0.08 kB
dist/assets/faces23-CHUgLgZj.js                                                    0.06 kB │ gzip:     0.08 kB
dist/assets/faces24-Bnh826-v.js                                                    0.06 kB │ gzip:     0.08 kB
dist/assets/faces25-WQF4HZoK.js                                                    0.06 kB │ gzip:     0.08 kB
dist/assets/faces26-DJ3hNdde.js                                                    0.06 kB │ gzip:     0.08 kB
dist/assets/faces27-BZnMcLyf.js                                                    0.06 kB │ gzip:     0.08 kB
dist/assets/faces28-DUIX644z.js                                                    0.06 kB │ gzip:     0.08 kB
dist/assets/faces29-DbXn2D0W.js                                                    0.06 kB │ gzip:     0.08 kB
dist/assets/faces30-DkWEG7AI.js                                                    0.06 kB │ gzip:     0.08 kB
dist/assets/phones1-fpZwA65M.js                                                    0.06 kB │ gzip:     0.08 kB
dist/assets/phones2-DWcNf_OL.js                                                    0.06 kB │ gzip:     0.08 kB
dist/assets/phones3-Dj-7JSyW.js                                                    0.06 kB │ gzip:     0.08 kB
dist/assets/phones4-D89D0SO3.js                                                    0.06 kB │ gzip:     0.08 kB
dist/assets/phones5-CJ-ilszA.js                                                    0.06 kB │ gzip:     0.08 kB
dist/assets/phones6-CpdzS49B.js                                                    0.06 kB │ gzip:     0.08 kB
dist/assets/phones7-C4by8z3u.js                                                    0.06 kB │ gzip:     0.08 kB
dist/assets/phones8-DU6lTt90.js                                                    0.06 kB │ gzip:     0.08 kB
dist/assets/phones9-DYFJ7NoT.js                                                    0.06 kB │ gzip:     0.08 kB
dist/assets/stim01-Bx1mOfO8.js                                                     0.06 kB │ gzip:     0.08 kB
dist/assets/stim02-BH7671BU.js                                                     0.06 kB │ gzip:     0.08 kB
dist/assets/stim03-DiDeLmfm.js                                                     0.06 kB │ gzip:     0.08 kB
dist/assets/stim04-cM4S1lYq.js                                                     0.06 kB │ gzip:     0.08 kB
dist/assets/stim05-Bh6mXLVW.js                                                     0.06 kB │ gzip:     0.08 kB
dist/assets/stim06-Bx8VylSz.js                                                     0.06 kB │ gzip:     0.08 kB
dist/assets/stim07-CPELEv9y.js                                                     0.06 kB │ gzip:     0.08 kB
dist/assets/stim08-DbOlY0P5.js                                                     0.06 kB │ gzip:     0.08 kB
dist/assets/stim09-DMbnhzr-.js                                                     0.06 kB │ gzip:     0.08 kB
dist/assets/stim10-a6yYU2bd.js                                                     0.06 kB │ gzip:     0.08 kB
dist/assets/stim11-C9hPArqS.js                                                     0.06 kB │ gzip:     0.08 kB
dist/assets/stim12-DldvJrHg.js                                                     0.06 kB │ gzip:     0.08 kB
dist/assets/stim13-GcI8JoyY.js                                                     0.06 kB │ gzip:     0.08 kB
dist/assets/stim14-D3lxWmtH.js                                                     0.06 kB │ gzip:     0.08 kB
dist/assets/stim15-CFDoVMUH.js                                                     0.06 kB │ gzip:     0.08 kB
dist/assets/stim16-BhXPKQAc.js                                                     0.06 kB │ gzip:     0.08 kB
dist/assets/stim17-CG8XMy8_.js                                                     0.06 kB │ gzip:     0.08 kB
dist/assets/stim18-DG14Ken1.js                                                     0.06 kB │ gzip:     0.08 kB
dist/assets/stim19-CfehnW7Z.js                                                     0.06 kB │ gzip:     0.08 kB
dist/assets/stim20-BrExTyct.js                                                     0.06 kB │ gzip:     0.08 kB
dist/assets/stim21-Dk9xM0XI.js                                                     0.06 kB │ gzip:     0.08 kB
dist/assets/stim22-B0GpDxVp.js                                                     0.06 kB │ gzip:     0.08 kB
dist/assets/stim23-Cv-9gqcB.js                                                     0.06 kB │ gzip:     0.08 kB
dist/assets/stim24-DX_xN2hH.js                                                     0.06 kB │ gzip:     0.08 kB
dist/assets/stim25-VdWLZvmF.js                                                     0.06 kB │ gzip:     0.08 kB
dist/assets/stim26-BhNndUwk.js                                                     0.06 kB │ gzip:     0.08 kB
dist/assets/stim27-Cpm5EN9C.js                                                     0.06 kB │ gzip:     0.08 kB
dist/assets/stim28-CWHzoTbr.js                                                     0.06 kB │ gzip:     0.08 kB
dist/assets/stim29-BiFPg8Xl.js                                                     0.06 kB │ gzip:     0.08 kB
dist/assets/stim30-Dxj8qIrJ.js                                                     0.06 kB │ gzip:     0.08 kB
dist/assets/stim31-pCNp4CwH.js                                                     0.06 kB │ gzip:     0.08 kB
dist/assets/stim32-CdX2n5vR.js                                                     0.06 kB │ gzip:     0.08 kB
dist/assets/stim33-CgHPHPeW.js                                                     0.06 kB │ gzip:     0.08 kB
dist/assets/stim34-Diwv8_9-.js                                                     0.06 kB │ gzip:     0.08 kB
dist/assets/stim35-2z_KePf1.js                                                     0.06 kB │ gzip:     0.08 kB
dist/assets/stim36-BwCBnALC.js                                                     0.06 kB │ gzip:     0.08 kB
dist/assets/stim37-BciHuBcW.js                                                     0.06 kB │ gzip:     0.08 kB
dist/assets/stim38-BdVT75gg.js                                                     0.06 kB │ gzip:     0.08 kB
dist/assets/stim39-DqWTgpr7.js                                                     0.06 kB │ gzip:     0.08 kB
dist/assets/stim40-DRVPMTbu.js                                                     0.06 kB │ gzip:     0.08 kB
dist/assets/stim41-CJxXhnmg.js                                                     0.06 kB │ gzip:     0.08 kB
dist/assets/stim42-D656AnAY.js                                                     0.06 kB │ gzip:     0.08 kB
dist/assets/stim43-BTL9dDZY.js                                                     0.06 kB │ gzip:     0.08 kB
dist/assets/stim44-Diizy9_x.js                                                     0.06 kB │ gzip:     0.08 kB
dist/assets/stim45-oFV4bCuF.js                                                     0.06 kB │ gzip:     0.08 kB
dist/assets/stim46-BMRWFT89.js                                                     0.06 kB │ gzip:     0.08 kB
dist/assets/stim47-D8CDd6Oq.js                                                     0.06 kB │ gzip:     0.08 kB
dist/assets/stim48-9Bc0EPtu.js                                                     0.06 kB │ gzip:     0.08 kB
dist/assets/stim49-D90vTXuH.js                                                     0.06 kB │ gzip:     0.08 kB
dist/assets/stim50-CpGHUGUY.js                                                     0.06 kB │ gzip:     0.08 kB
dist/assets/stim51--zGlx_eX.js                                                     0.06 kB │ gzip:     0.08 kB
dist/assets/stim52-hFMflaA0.js                                                     0.06 kB │ gzip:     0.08 kB
dist/assets/stim53-bnMd3QBq.js                                                     0.06 kB │ gzip:     0.08 kB
dist/assets/stim54-Dtjxj7QJ.js                                                     0.06 kB │ gzip:     0.08 kB
dist/assets/stim55-CCedLXMz.js                                                     0.06 kB │ gzip:     0.08 kB
dist/assets/stim56-BmmkP7eb.js                                                     0.06 kB │ gzip:     0.08 kB
dist/assets/stim57-DmocWKbf.js                                                     0.06 kB │ gzip:     0.08 kB
dist/assets/stim58-BH6Vgin-.js                                                     0.06 kB │ gzip:     0.08 kB
dist/assets/stim59-BRtKVKdG.js                                                     0.06 kB │ gzip:     0.08 kB
dist/assets/stim01-CpI8MLBn.js                                                     0.06 kB │ gzip:     0.08 kB
dist/assets/stim02-DSQIAdx_.js                                                     0.06 kB │ gzip:     0.08 kB
dist/assets/stim03-BfYlcP-Q.js                                                     0.06 kB │ gzip:     0.08 kB
dist/assets/stim04-JACDXrJt.js                                                     0.06 kB │ gzip:     0.08 kB
dist/assets/stim05-D2Q3O5Ro.js                                                     0.06 kB │ gzip:     0.08 kB
dist/assets/stim06-SL_-uNYB.js                                                     0.06 kB │ gzip:     0.08 kB
dist/assets/stim07-DBbZSifJ.js                                                     0.06 kB │ gzip:     0.08 kB
dist/assets/stim08-Dic4sWl4.js                                                     0.06 kB │ gzip:     0.08 kB
dist/assets/stim09-CL6TWHgn.js                                                     0.06 kB │ gzip:     0.08 kB
dist/assets/stim10-BBoSf4vu.js                                                     0.06 kB │ gzip:     0.08 kB
dist/assets/stim11-B0G7I2q4.js                                                     0.06 kB │ gzip:     0.08 kB
dist/assets/stim12-DwJQQbUj.js                                                     0.06 kB │ gzip:     0.08 kB
dist/assets/stim13-BlPiGC_3.js                                                     0.06 kB │ gzip:     0.08 kB
dist/assets/stim14-D_oAMTXg.js                                                     0.06 kB │ gzip:     0.08 kB
dist/assets/stim15-F2ijmM8F.js                                                     0.06 kB │ gzip:     0.08 kB
dist/assets/stim16-BcNgnwKj.js                                                     0.06 kB │ gzip:     0.08 kB
dist/assets/stim17-DlM0eVAt.js                                                     0.06 kB │ gzip:     0.08 kB
dist/assets/stim18-r5GgUeYQ.js                                                     0.06 kB │ gzip:     0.08 kB
dist/assets/stim19-DDrzHM6o.js                                                     0.06 kB │ gzip:     0.08 kB
dist/assets/stim20-HoxIWnk0.js                                                     0.06 kB │ gzip:     0.08 kB
dist/assets/stim21-BFxWX5tb.js                                                     0.06 kB │ gzip:     0.08 kB
dist/assets/stim22-B4qlIBKA.js                                                     0.06 kB │ gzip:     0.08 kB
dist/assets/stim23-DZIauwuh.js                                                     0.06 kB │ gzip:     0.08 kB
dist/assets/stim24-4phbRq2Z.js                                                     0.06 kB │ gzip:     0.08 kB
dist/assets/stim25-DKD4_pBd.js                                                     0.06 kB │ gzip:     0.08 kB
dist/assets/stim26-THYkmq0i.js                                                     0.06 kB │ gzip:     0.08 kB
dist/assets/stim27-D3DhbqrO.js                                                     0.06 kB │ gzip:     0.08 kB
dist/assets/stim28-DwIj4kdd.js                                                     0.06 kB │ gzip:     0.08 kB
dist/assets/stim01-CkfDHG2p.js                                                     0.06 kB │ gzip:     0.08 kB
dist/assets/stim02-Dq_-O9NC.js                                                     0.06 kB │ gzip:     0.08 kB
dist/assets/stim03-BInug20O.js                                                     0.06 kB │ gzip:     0.08 kB
dist/assets/stim04-BMqFr7wd.js                                                     0.06 kB │ gzip:     0.08 kB
dist/assets/stim05-B7k705o0.js                                                     0.06 kB │ gzip:     0.08 kB
dist/assets/stim06-BdyrFxQx.js                                                     0.06 kB │ gzip:     0.08 kB
dist/assets/stim07-DUo4SXNj.js                                                     0.06 kB │ gzip:     0.08 kB
dist/assets/stim08-YNuwFRaA.js                                                     0.06 kB │ gzip:     0.08 kB
dist/assets/stim09-CHBfP8Zp.js                                                     0.06 kB │ gzip:     0.08 kB
dist/assets/stim10-CwirRfRS.js                                                     0.06 kB │ gzip:     0.08 kB
dist/assets/stim11-CRamKHZ5.js                                                     0.06 kB │ gzip:     0.08 kB
dist/assets/stim12-Dx4JBsEG.js                                                     0.06 kB │ gzip:     0.08 kB
dist/assets/stim13-CnMT-_Zr.js                                                     0.06 kB │ gzip:     0.08 kB
dist/assets/stim14-DCHQrdJJ.js                                                     0.06 kB │ gzip:     0.08 kB
dist/assets/stim15-Dtl1eunQ.js                                                     0.06 kB │ gzip:     0.08 kB
dist/assets/stim16-DcNa3_S3.js                                                     0.06 kB │ gzip:     0.08 kB
dist/assets/stim17-Bt8ZT0Yv.js                                                     0.06 kB │ gzip:     0.08 kB
dist/assets/stim18-Bj54beQz.js                                                     0.06 kB │ gzip:     0.08 kB
dist/assets/stim19-CiXvbUjH.js                                                     0.06 kB │ gzip:     0.08 kB
dist/assets/stim20-D619AOby.js                                                     0.06 kB │ gzip:     0.08 kB
dist/assets/stim21-CexrX8Wr.js                                                     0.06 kB │ gzip:     0.08 kB
dist/assets/stim22-Ck5I079S.js                                                     0.06 kB │ gzip:     0.08 kB
dist/assets/stim23-MWpzwa4L.js                                                     0.06 kB │ gzip:     0.08 kB
dist/assets/stim24-CTjVt6aR.js                                                     0.06 kB │ gzip:     0.08 kB
dist/assets/stim25-DvPbbq4T.js                                                     0.06 kB │ gzip:     0.08 kB
dist/assets/stim26-DdRPxy8U.js                                                     0.06 kB │ gzip:     0.08 kB
dist/assets/stim27-B96cRL9g.js                                                     0.06 kB │ gzip:     0.08 kB
dist/assets/stim28-DH0Y3aPm.js                                                     0.06 kB │ gzip:     0.08 kB
dist/assets/stim29-BE5HrRjh.js                                                     0.06 kB │ gzip:     0.08 kB
dist/assets/stim30-D4F4zBD-.js                                                     0.06 kB │ gzip:     0.08 kB
dist/assets/stim31-CD0Zs0U0.js                                                     0.06 kB │ gzip:     0.08 kB
dist/assets/stim32-n5lY54lT.js                                                     0.06 kB │ gzip:     0.08 kB
dist/assets/stim33-C52Iru27.js                                                     0.06 kB │ gzip:     0.08 kB
dist/assets/stim34-Bfmuaqm3.js                                                     0.06 kB │ gzip:     0.08 kB
dist/assets/stim35-CEMzQV59.js                                                     0.06 kB │ gzip:     0.08 kB
dist/assets/stim36-DcJNtQnQ.js                                                     0.06 kB │ gzip:     0.08 kB
dist/assets/stim37-BxMLAqqP.js                                                     0.06 kB │ gzip:     0.08 kB
dist/assets/stim38-jAV5W4Gr.js                                                     0.06 kB │ gzip:     0.08 kB
dist/assets/stim39-QYhZRcrD.js                                                     0.06 kB │ gzip:     0.08 kB
dist/assets/stim01-DmD5cgeM.js                                                     0.06 kB │ gzip:     0.08 kB
dist/assets/stim02-HJXTgap4.js                                                     0.06 kB │ gzip:     0.08 kB
dist/assets/stim03-BLHqYtmR.js                                                     0.06 kB │ gzip:     0.08 kB
dist/assets/stim04-COGQgrA5.js                                                     0.06 kB │ gzip:     0.08 kB
dist/assets/stim05-RH3F6vpB.js                                                     0.06 kB │ gzip:     0.08 kB
dist/assets/stim06-CRGcRm6Z.js                                                     0.06 kB │ gzip:     0.08 kB
dist/assets/stim07-BdlZCEgu.js                                                     0.06 kB │ gzip:     0.08 kB
dist/assets/stim08-DRts84T3.js                                                     0.06 kB │ gzip:     0.08 kB
dist/assets/stim09-C_0lRsux.js                                                     0.06 kB │ gzip:     0.08 kB
dist/assets/stim10-CHfhxehb.js                                                     0.06 kB │ gzip:     0.08 kB
dist/assets/stim11-BeXKifaj.js                                                     0.06 kB │ gzip:     0.08 kB
dist/assets/stim12-CK1d8Z3o.js                                                     0.06 kB │ gzip:     0.08 kB
dist/assets/stim13-DJt-b8FL.js                                                     0.06 kB │ gzip:     0.08 kB
dist/assets/stim14-u2_CkeoS.js                                                     0.06 kB │ gzip:     0.08 kB
dist/assets/stim15-BqmrXh6b.js                                                     0.06 kB │ gzip:     0.08 kB
dist/assets/stim16-CFlwXVg0.js                                                     0.06 kB │ gzip:     0.08 kB
dist/assets/stim17-GXVA6gYL.js                                                     0.06 kB │ gzip:     0.08 kB
dist/assets/stim18-DFrmSQlA.js                                                     0.06 kB │ gzip:     0.08 kB
dist/assets/stim19-CiWIFhLr.js                                                     0.06 kB │ gzip:     0.08 kB
dist/assets/stim20-ByuXnmpe.js                                                     0.06 kB │ gzip:     0.08 kB
dist/assets/stim21-DO_zSBH9.js                                                     0.06 kB │ gzip:     0.08 kB
dist/assets/stim22-B3Cm7r2O.js                                                     0.06 kB │ gzip:     0.08 kB
dist/assets/stim23-DL3EzeHb.js                                                     0.06 kB │ gzip:     0.08 kB
dist/assets/stim24-BtHE7E_J.js                                                     0.06 kB │ gzip:     0.08 kB
dist/assets/stim25-DR54tecT.js                                                     0.06 kB │ gzip:     0.08 kB
dist/assets/stim26-C2Fsqzey.js                                                     0.06 kB │ gzip:     0.08 kB
dist/assets/stim27-BH4RdeoV.js                                                     0.06 kB │ gzip:     0.08 kB
dist/assets/stim28-CbvHdHO-.js                                                     0.06 kB │ gzip:     0.08 kB
dist/assets/stim29-IXFNVCC2.js                                                     0.06 kB │ gzip:     0.08 kB
dist/assets/stim30-DRO7_QtM.js                                                     0.06 kB │ gzip:     0.08 kB
dist/assets/stim31-Uz4hFZmi.js                                                     0.06 kB │ gzip:     0.08 kB
dist/assets/stim32-Puu0r-Z9.js                                                     0.06 kB │ gzip:     0.08 kB
dist/assets/stim33-mYv0ZY_Z.js                                                     0.06 kB │ gzip:     0.08 kB
dist/assets/stim34-CjKg_T3F.js                                                     0.06 kB │ gzip:     0.08 kB
dist/assets/stim35-CkDPTv4s.js                                                     0.06 kB │ gzip:     0.08 kB
dist/assets/stim36-BuLUMt1y.js                                                     0.06 kB │ gzip:     0.08 kB
dist/assets/stim37-ENSxbjwf.js                                                     0.06 kB │ gzip:     0.08 kB
dist/assets/stim38-BZKgjOHX.js                                                     0.06 kB │ gzip:     0.08 kB
dist/assets/stim39-CDpMPEll.js                                                     0.06 kB │ gzip:     0.08 kB
dist/assets/stim40-dkouodM6.js                                                     0.06 kB │ gzip:     0.08 kB
dist/assets/stim01-zbAbdktk.js                                                     0.06 kB │ gzip:     0.08 kB
dist/assets/stim02-D0CihzoD.js                                                     0.06 kB │ gzip:     0.08 kB
dist/assets/stim03-CljvclRl.js                                                     0.06 kB │ gzip:     0.08 kB
dist/assets/stim04-gdl9hFbT.js                                                     0.06 kB │ gzip:     0.08 kB
dist/assets/stim05-B6-M2bdu.js                                                     0.06 kB │ gzip:     0.08 kB
dist/assets/stim06-BOB5vqhJ.js                                                     0.06 kB │ gzip:     0.08 kB
dist/assets/stim07-53k7jYQu.js                                                     0.06 kB │ gzip:     0.08 kB
dist/assets/stim08-B-iAlucn.js                                                     0.06 kB │ gzip:     0.08 kB
dist/assets/stim09-Dg71Xjmq.js                                                     0.06 kB │ gzip:     0.08 kB
dist/assets/stim10-vyF6CPUM.js                                                     0.06 kB │ gzip:     0.08 kB
dist/assets/stim11-DbRkiV9A.js                                                     0.06 kB │ gzip:     0.08 kB
dist/assets/stim12-Kx0FwU4c.js                                                     0.06 kB │ gzip:     0.08 kB
dist/assets/stim13-D8HSGzi6.js                                                     0.06 kB │ gzip:     0.08 kB
dist/assets/stim14-COs4mvLB.js                                                     0.06 kB │ gzip:     0.08 kB
dist/assets/stim15-BXC3PvMn.js                                                     0.06 kB │ gzip:     0.08 kB
dist/assets/stim16-DNTC-JXJ.js                                                     0.06 kB │ gzip:     0.08 kB
dist/assets/stim17-C0qbE-DZ.js                                                     0.06 kB │ gzip:     0.08 kB
dist/assets/stim18-O_PPl-45.js                                                     0.06 kB │ gzip:     0.08 kB
dist/assets/stim19-C1Z2DeE3.js                                                     0.06 kB │ gzip:     0.08 kB
dist/assets/stim20-CZ2_09iu.js                                                     0.06 kB │ gzip:     0.08 kB
dist/assets/stim21-PfXTzZCv.js                                                     0.06 kB │ gzip:     0.08 kB
dist/assets/stim22-VXKTC2n_.js                                                     0.06 kB │ gzip:     0.08 kB
dist/assets/stim23-NGLqeibY.js                                                     0.06 kB │ gzip:     0.08 kB
dist/assets/stim24-9CCL9mjP.js                                                     0.06 kB │ gzip:     0.08 kB
dist/assets/stim25-CSbWjGo8.js                                                     0.06 kB │ gzip:     0.08 kB
dist/assets/stim26-c6YQlzTr.js                                                     0.06 kB │ gzip:     0.08 kB
dist/assets/stim27-CWu5lfCg.js                                                     0.06 kB │ gzip:     0.08 kB
dist/assets/stim28-CTpC0k8i.js                                                     0.06 kB │ gzip:     0.08 kB
dist/assets/stim29-CmJUj75u.js                                                     0.06 kB │ gzip:     0.08 kB
dist/assets/stim30-DnZwBoz-.js                                                     0.06 kB │ gzip:     0.08 kB
dist/assets/stim31-BBSfISXG.js                                                     0.06 kB │ gzip:     0.08 kB
dist/assets/stim32-DhpNPSbt.js                                                     0.06 kB │ gzip:     0.08 kB
dist/assets/stim33-Dlj4pvRN.js                                                     0.06 kB │ gzip:     0.08 kB
dist/assets/stim34-CQ9JBU17.js                                                     0.06 kB │ gzip:     0.08 kB
dist/assets/stim35-DGzwss1L.js                                                     0.06 kB │ gzip:     0.08 kB
dist/assets/stim36-GYle-5DJ.js                                                     0.06 kB │ gzip:     0.08 kB
dist/assets/stim01-B8QVof7F.js                                                     0.06 kB │ gzip:     0.08 kB
dist/assets/stim02-DZsLTV_x.js                                                     0.06 kB │ gzip:     0.08 kB
dist/assets/stim03-DioGah1F.js                                                     0.06 kB │ gzip:     0.08 kB
dist/assets/stim04-BYkPYp0D.js                                                     0.06 kB │ gzip:     0.08 kB
dist/assets/stim05-CdHS7Wwv.js                                                     0.06 kB │ gzip:     0.08 kB
dist/assets/stim06-BS_IfIjz.js                                                     0.06 kB │ gzip:     0.08 kB
dist/assets/stim07-12bIElPj.js                                                     0.06 kB │ gzip:     0.08 kB
dist/assets/stim08-DyCVNpP2.js                                                     0.06 kB │ gzip:     0.08 kB
dist/assets/stim09-Crc2SCeK.js                                                     0.06 kB │ gzip:     0.08 kB
dist/assets/stim10-qvIVnybH.js                                                     0.06 kB │ gzip:     0.08 kB
dist/assets/stim11-DcBr44Rh.js                                                     0.06 kB │ gzip:     0.08 kB
dist/assets/stim12-CXzAa35E.js                                                     0.06 kB │ gzip:     0.08 kB
dist/assets/stim13-Tr4WEtE1.js                                                     0.06 kB │ gzip:     0.08 kB
dist/assets/stim14-BPG8wN6i.js                                                     0.06 kB │ gzip:     0.08 kB
dist/assets/stim15-Gs6M-k5t.js                                                     0.06 kB │ gzip:     0.08 kB
dist/assets/stim16-pnr2vS33.js                                                     0.06 kB │ gzip:     0.08 kB
dist/assets/stim17-J5gFqVDW.js                                                     0.06 kB │ gzip:     0.08 kB
dist/assets/stim18-DNW65xrN.js                                                     0.06 kB │ gzip:     0.08 kB
dist/assets/stim19-DjLiPAdv.js                                                     0.06 kB │ gzip:     0.08 kB
dist/assets/stim20-DPC2a58b.js                                                     0.06 kB │ gzip:     0.08 kB
dist/assets/stim21-8hr9TdK5.js                                                     0.06 kB │ gzip:     0.08 kB
dist/assets/stim22-BSYx5Kap.js                                                     0.06 kB │ gzip:     0.08 kB
dist/assets/stim23-PH5zVlqI.js                                                     0.06 kB │ gzip:     0.08 kB
dist/assets/stim24-jO21kAgE.js                                                     0.06 kB │ gzip:     0.08 kB
dist/assets/stim25-DVQdChh1.js                                                     0.06 kB │ gzip:     0.08 kB
dist/assets/stim26-CNr8IL1W.js                                                     0.06 kB │ gzip:     0.08 kB
dist/assets/stim27-DOo2ysjA.js                                                     0.06 kB │ gzip:     0.08 kB
dist/assets/stim28-zBA7PtGo.js                                                     0.06 kB │ gzip:     0.08 kB
dist/assets/stim29-CcYrncMG.js                                                     0.06 kB │ gzip:     0.08 kB
dist/assets/stim30-CHDeaIYC.js                                                     0.06 kB │ gzip:     0.08 kB
dist/assets/stim31-D2QHJFcs.js                                                     0.06 kB │ gzip:     0.08 kB
dist/assets/stim32-DXZEThW8.js                                                     0.06 kB │ gzip:     0.08 kB
dist/assets/stim33-CAkpUdlR.js                                                     0.06 kB │ gzip:     0.08 kB
dist/assets/stim34-BfkeaNrJ.js                                                     0.06 kB │ gzip:     0.08 kB
dist/assets/stim35-Bwr6_D97.js                                                     0.06 kB │ gzip:     0.08 kB
dist/assets/stim36-CrRRNgln.js                                                     0.06 kB │ gzip:     0.08 kB
dist/assets/stim37-Bf3HHxJz.js                                                     0.06 kB │ gzip:     0.08 kB
dist/assets/stim38-C9p_PdfF.js                                                     0.06 kB │ gzip:     0.08 kB
dist/assets/stim39-B9JQIQdE.js                                                     0.06 kB │ gzip:     0.08 kB
dist/assets/stim40-B5D8s-y1.js                                                     0.06 kB │ gzip:     0.08 kB
dist/assets/stim01-B6kavgCD.js                                                     0.06 kB │ gzip:     0.08 kB
dist/assets/stim02-BSlqQ6ES.js                                                     0.06 kB │ gzip:     0.08 kB
dist/assets/stim03-D6PjPUzJ.js                                                     0.06 kB │ gzip:     0.08 kB
dist/assets/stim04-JoU0g7JA.js                                                     0.06 kB │ gzip:     0.08 kB
dist/assets/stim05-_WsJlxEm.js                                                     0.06 kB │ gzip:     0.08 kB
dist/assets/stim06-Ch3y04Ji.js                                                     0.06 kB │ gzip:     0.08 kB
dist/assets/stim07-C88RFTo-.js                                                     0.06 kB │ gzip:     0.08 kB
dist/assets/stim08-Bx9e4OsA.js                                                     0.06 kB │ gzip:     0.08 kB
dist/assets/stim09-CvsXbFx6.js                                                     0.06 kB │ gzip:     0.08 kB
dist/assets/stim10-BwqHtlVY.js                                                     0.06 kB │ gzip:     0.08 kB
dist/assets/stim11-HrAVBy0L.js                                                     0.06 kB │ gzip:     0.08 kB
dist/assets/stim12-DQtoLqvn.js                                                     0.06 kB │ gzip:     0.08 kB
dist/assets/stim13-CBoPjc8C.js                                                     0.06 kB │ gzip:     0.08 kB
dist/assets/stim14-Bm7KZne8.js                                                     0.06 kB │ gzip:     0.08 kB
dist/assets/stim15-7YKkWGcK.js                                                     0.06 kB │ gzip:     0.08 kB
dist/assets/stim16-2l0QINDJ.js                                                     0.06 kB │ gzip:     0.08 kB
dist/assets/stim17-CvAm03Oe.js                                                     0.06 kB │ gzip:     0.08 kB
dist/assets/stim18-D3uI39HU.js                                                     0.06 kB │ gzip:     0.08 kB
dist/assets/stim19-Bt1iboNf.js                                                     0.06 kB │ gzip:     0.08 kB
dist/assets/stim20-8vGwBL21.js                                                     0.06 kB │ gzip:     0.08 kB
dist/assets/stim21-0wWrjDCx.js                                                     0.06 kB │ gzip:     0.08 kB
dist/assets/stim22-07QU6kVF.js                                                     0.06 kB │ gzip:     0.08 kB
dist/assets/stim23-CH4RoyuE.js                                                     0.06 kB │ gzip:     0.08 kB
dist/assets/stim24-BjR9iKNC.js                                                     0.06 kB │ gzip:     0.08 kB
dist/assets/stim25-C2Qb5u7M.js                                                     0.06 kB │ gzip:     0.08 kB
dist/assets/stim26-CMhiVGaT.js                                                     0.06 kB │ gzip:     0.08 kB
dist/assets/stim27-lgkmaaKA.js                                                     0.06 kB │ gzip:     0.08 kB
dist/assets/stim28-DYj277Ga.js                                                     0.06 kB │ gzip:     0.08 kB
dist/assets/stim29-B0ZwprXl.js                                                     0.06 kB │ gzip:     0.08 kB
dist/assets/stim30-Ds3XYwwn.js                                                     0.06 kB │ gzip:     0.08 kB
dist/assets/stim31-CBJnkhOa.js                                                     0.06 kB │ gzip:     0.08 kB
dist/assets/stim32-C85MNKTo.js                                                     0.06 kB │ gzip:     0.08 kB
dist/assets/stim33-BJ_rJfio.js                                                     0.06 kB │ gzip:     0.08 kB
dist/assets/stim34-DFaWgUM5.js                                                     0.06 kB │ gzip:     0.08 kB
dist/assets/stim35-_7mYHguS.js                                                     0.06 kB │ gzip:     0.08 kB
dist/assets/stim36-DbbfZHhU.js                                                     0.06 kB │ gzip:     0.08 kB
dist/assets/stim37-CL0DqHO2.js                                                     0.06 kB │ gzip:     0.08 kB
dist/assets/stim38-Br5jpcDE.js                                                     0.06 kB │ gzip:     0.08 kB
dist/assets/stim39-BSgOWqmd.js                                                     0.06 kB │ gzip:     0.08 kB
dist/assets/stim40-DGrG-Q7r.js                                                     0.06 kB │ gzip:     0.08 kB
dist/assets/stim01-BYcr5YMT.js                                                     0.06 kB │ gzip:     0.08 kB
dist/assets/stim02-DUR4hvMy.js                                                     0.06 kB │ gzip:     0.08 kB
dist/assets/stim03-C_VFdY_C.js                                                     0.06 kB │ gzip:     0.08 kB
dist/assets/stim04-B7URociq.js                                                     0.06 kB │ gzip:     0.08 kB
dist/assets/stim05-9oR6Xrs1.js                                                     0.06 kB │ gzip:     0.08 kB
dist/assets/stim06-lhN7kJoC.js                                                     0.06 kB │ gzip:     0.08 kB
dist/assets/stim07-RXBreQ33.js                                                     0.06 kB │ gzip:     0.08 kB
dist/assets/stim08-DBSCkyqS.js                                                     0.06 kB │ gzip:     0.08 kB
dist/assets/stim09-DW9pB1Ai.js                                                     0.06 kB │ gzip:     0.08 kB
dist/assets/stim10-E1r3zxdQ.js                                                     0.06 kB │ gzip:     0.08 kB
dist/assets/stim11-BWoT5zi7.js                                                     0.06 kB │ gzip:     0.08 kB
dist/assets/stim12-BIEUtOjr.js                                                     0.06 kB │ gzip:     0.08 kB
dist/assets/stim13-CqdiuFgY.js                                                     0.06 kB │ gzip:     0.08 kB
dist/assets/stim14-DQtroEpK.js                                                     0.06 kB │ gzip:     0.08 kB
dist/assets/stim15-B5QqvtFl.js                                                     0.06 kB │ gzip:     0.08 kB
dist/assets/stim16-DgB9_GjQ.js                                                     0.06 kB │ gzip:     0.08 kB
dist/assets/stim17-B64z5Odd.js                                                     0.06 kB │ gzip:     0.08 kB
dist/assets/stim18-CMDxxI9Z.js                                                     0.06 kB │ gzip:     0.08 kB
dist/assets/stim19-d0UuZ6kw.js                                                     0.06 kB │ gzip:     0.08 kB
dist/assets/stim20-CXpnP1Ww.js                                                     0.06 kB │ gzip:     0.08 kB
dist/assets/stim21-DoLwJT7Q.js                                                     0.06 kB │ gzip:     0.08 kB
dist/assets/stim22-BSO21Vhm.js                                                     0.06 kB │ gzip:     0.08 kB
dist/assets/stim23-Bba5A4V9.js                                                     0.06 kB │ gzip:     0.08 kB
dist/assets/stim24---_oPTYt.js                                                     0.06 kB │ gzip:     0.08 kB
dist/assets/stim25-CbNj9ROr.js                                                     0.06 kB │ gzip:     0.08 kB
dist/assets/stim26-BtKQyezF.js                                                     0.06 kB │ gzip:     0.08 kB
dist/assets/stim27-GRNF6yfV.js                                                     0.06 kB │ gzip:     0.08 kB
dist/assets/stim28-D_wYseRA.js                                                     0.06 kB │ gzip:     0.08 kB
dist/assets/stim29-BvLS4ygD.js                                                     0.06 kB │ gzip:     0.08 kB
dist/assets/stim30-CsE_ok7C.js                                                     0.06 kB │ gzip:     0.08 kB
dist/assets/stim31-C825XqK9.js                                                     0.06 kB │ gzip:     0.08 kB
dist/assets/stim32-DItSumqq.js                                                     0.06 kB │ gzip:     0.08 kB
dist/assets/stim33-DBfWG9gM.js                                                     0.06 kB │ gzip:     0.08 kB
dist/assets/stim34-1dT4-kM6.js                                                     0.06 kB │ gzip:     0.08 kB
dist/assets/stim35-zT6DzWIp.js                                                     0.06 kB │ gzip:     0.08 kB
dist/assets/stim36-B_s7Kof-.js                                                     0.06 kB │ gzip:     0.08 kB
dist/assets/stim37-HJmSR4oo.js                                                     0.06 kB │ gzip:     0.08 kB
dist/assets/stim38-CxokR_l-.js                                                     0.06 kB │ gzip:     0.08 kB
dist/assets/stim39-BJp3N2Ex.js                                                     0.06 kB │ gzip:     0.08 kB
dist/assets/stim40-BtYEFfoG.js                                                     0.06 kB │ gzip:     0.08 kB
dist/assets/stim01-DFlQsUCN.js                                                     0.06 kB │ gzip:     0.08 kB
dist/assets/stim02-DFlQsUCN.js                                                     0.06 kB │ gzip:     0.08 kB
dist/assets/stim03-DYQ4Z_SU.js                                                     0.06 kB │ gzip:     0.08 kB
dist/assets/stim04-DYQ4Z_SU.js                                                     0.06 kB │ gzip:     0.08 kB
dist/assets/stim05-CIQzftf0.js                                                     0.06 kB │ gzip:     0.08 kB
dist/assets/stim06-CIQzftf0.js                                                     0.06 kB │ gzip:     0.08 kB
dist/assets/stim07-CEFOToZC.js                                                     0.06 kB │ gzip:     0.08 kB
dist/assets/stim08-CEFOToZC.js                                                     0.06 kB │ gzip:     0.08 kB
dist/assets/stim09-yxYGeYW1.js                                                     0.06 kB │ gzip:     0.08 kB
dist/assets/stim10-yxYGeYW1.js                                                     0.06 kB │ gzip:     0.08 kB
dist/assets/stim11-D_yYB2e-.js                                                     0.06 kB │ gzip:     0.08 kB
dist/assets/stim12-D_yYB2e-.js                                                     0.06 kB │ gzip:     0.08 kB
dist/assets/stim13-Y0TrvCIr.js                                                     0.06 kB │ gzip:     0.08 kB
dist/assets/stim14-Y0TrvCIr.js                                                     0.06 kB │ gzip:     0.08 kB
dist/assets/stim15-DWYwUome.js                                                     0.06 kB │ gzip:     0.08 kB
dist/assets/stim16-DWYwUome.js                                                     0.06 kB │ gzip:     0.08 kB
dist/assets/stim17-CbN6_dAb.js                                                     0.06 kB │ gzip:     0.08 kB
dist/assets/stim18-CbN6_dAb.js                                                     0.06 kB │ gzip:     0.08 kB
dist/assets/stim19-CWETRqW_.js                                                     0.06 kB │ gzip:     0.08 kB
dist/assets/stim20-CWETRqW_.js                                                     0.06 kB │ gzip:     0.08 kB
dist/assets/stim21-B-ZNtMH2.js                                                     0.06 kB │ gzip:     0.08 kB
dist/assets/stim22-B-ZNtMH2.js                                                     0.06 kB │ gzip:     0.08 kB
dist/assets/stim23-448j-SxH.js                                                     0.06 kB │ gzip:     0.08 kB
dist/assets/stim24-448j-SxH.js                                                     0.06 kB │ gzip:     0.08 kB
dist/assets/stim25-BbGixb7w.js                                                     0.06 kB │ gzip:     0.08 kB
dist/assets/stim26-BbGixb7w.js                                                     0.06 kB │ gzip:     0.08 kB
dist/assets/stim27-DC2wbbRS.js                                                     0.06 kB │ gzip:     0.08 kB
dist/assets/stim28-DC2wbbRS.js                                                     0.06 kB │ gzip:     0.08 kB
dist/assets/stim29-DatwASba.js                                                     0.06 kB │ gzip:     0.08 kB
dist/assets/stim30-DatwASba.js                                                     0.06 kB │ gzip:     0.08 kB
dist/assets/stim31-DB587nM7.js                                                     0.06 kB │ gzip:     0.08 kB
dist/assets/stim32-DB587nM7.js                                                     0.06 kB │ gzip:     0.08 kB
dist/assets/stim33-EFnccLcU.js                                                     0.06 kB │ gzip:     0.08 kB
dist/assets/stim34-EFnccLcU.js                                                     0.06 kB │ gzip:     0.08 kB
dist/assets/stim35-D7dXHkIj.js                                                     0.06 kB │ gzip:     0.08 kB
dist/assets/stim36-D7dXHkIj.js                                                     0.06 kB │ gzip:     0.08 kB
dist/assets/stim37-DqJFsDfj.js                                                     0.06 kB │ gzip:     0.08 kB
dist/assets/stim38-DqJFsDfj.js                                                     0.06 kB │ gzip:     0.08 kB
dist/assets/stim39-ytukBoA9.js                                                     0.06 kB │ gzip:     0.08 kB
dist/assets/stim40-ytukBoA9.js                                                     0.06 kB │ gzip:     0.08 kB
dist/assets/stim01-BRYl-9rU.js                                                     0.06 kB │ gzip:     0.08 kB
dist/assets/stim02-DXo8el30.js                                                     0.06 kB │ gzip:     0.08 kB
dist/assets/stim03-OykI4vyY.js                                                     0.06 kB │ gzip:     0.08 kB
dist/assets/stim04-SaS9p7EF.js                                                     0.06 kB │ gzip:     0.08 kB
dist/assets/stim05-BraIN-Dc.js                                                     0.06 kB │ gzip:     0.08 kB
dist/assets/stim06-Ddwh0T2M.js                                                     0.06 kB │ gzip:     0.08 kB
dist/assets/stim07-BK42m2dI.js                                                     0.06 kB │ gzip:     0.08 kB
dist/assets/stim08-Caxi8ULJ.js                                                     0.06 kB │ gzip:     0.08 kB
dist/assets/stim09-z2bRuD0J.js                                                     0.06 kB │ gzip:     0.08 kB
dist/assets/stim10-CCIizoQv.js                                                     0.06 kB │ gzip:     0.08 kB
dist/assets/stim11-BLHGLaP4.js                                                     0.06 kB │ gzip:     0.08 kB
dist/assets/stim12-EOlJCqkC.js                                                     0.06 kB │ gzip:     0.08 kB
dist/assets/stim13-CwC8Sey0.js                                                     0.06 kB │ gzip:     0.08 kB
dist/assets/stim14-Bd4GISgK.js                                                     0.06 kB │ gzip:     0.08 kB
dist/assets/stim15-BhaxPmGw.js                                                     0.06 kB │ gzip:     0.08 kB
dist/assets/stim16-jp8NnSUN.js                                                     0.06 kB │ gzip:     0.08 kB
dist/assets/stim17-DBCSSglC.js                                                     0.06 kB │ gzip:     0.08 kB
dist/assets/stim18-CQj1bS-F.js                                                     0.06 kB │ gzip:     0.08 kB
dist/assets/stim19-DITqJPoz.js                                                     0.06 kB │ gzip:     0.08 kB
dist/assets/stim20-DDIRGjoz.js                                                     0.06 kB │ gzip:     0.08 kB
dist/assets/stim21-BYzRgKQi.js                                                     0.06 kB │ gzip:     0.08 kB
dist/assets/stim22-H7IgUlCp.js                                                     0.06 kB │ gzip:     0.08 kB
dist/assets/stim23-DHVI5_4R.js                                                     0.06 kB │ gzip:     0.08 kB
dist/assets/stim24-B-azyCIn.js                                                     0.06 kB │ gzip:     0.08 kB
dist/assets/stim25-BK0JMJRb.js                                                     0.06 kB │ gzip:     0.08 kB
dist/assets/stim26-BTgVsver.js                                                     0.06 kB │ gzip:     0.08 kB
dist/assets/stim27-D3l_Yoqp.js                                                     0.06 kB │ gzip:     0.08 kB
dist/assets/stim28-DlBD1bG6.js                                                     0.06 kB │ gzip:     0.08 kB
dist/assets/stim29-CcZ7Gt1P.js                                                     0.06 kB │ gzip:     0.08 kB
dist/assets/stim30-z1NvZTaY.js                                                     0.06 kB │ gzip:     0.08 kB
dist/assets/stim01-DchBJ2eD.js                                                     0.06 kB │ gzip:     0.08 kB
dist/assets/stim02-DVAM8hSu.js                                                     0.06 kB │ gzip:     0.08 kB
dist/assets/stim03-CK5H0fbd.js                                                     0.06 kB │ gzip:     0.08 kB
dist/assets/stim04-CYwlLotg.js                                                     0.06 kB │ gzip:     0.08 kB
dist/assets/stim05-Dpxg4kAn.js                                                     0.06 kB │ gzip:     0.08 kB
dist/assets/stim06-rB-MS6p8.js                                                     0.06 kB │ gzip:     0.08 kB
dist/assets/stim07-B6LHRsMD.js                                                     0.06 kB │ gzip:     0.08 kB
dist/assets/stim08-kqjpIe1h.js                                                     0.06 kB │ gzip:     0.08 kB
dist/assets/stim09-CkQul0rF.js                                                     0.06 kB │ gzip:     0.08 kB
dist/assets/stim10-CHV4tjvI.js                                                     0.06 kB │ gzip:     0.08 kB
dist/assets/stim11-BeaRq4GC.js                                                     0.06 kB │ gzip:     0.08 kB
dist/assets/stim12-BCKpnDcQ.js                                                     0.06 kB │ gzip:     0.08 kB
dist/assets/stim13-uz4XxNZq.js                                                     0.06 kB │ gzip:     0.08 kB
dist/assets/stim14-xOYDK-l7.js                                                     0.06 kB │ gzip:     0.08 kB
dist/assets/stim15-8bIikDhZ.js                                                     0.06 kB │ gzip:     0.08 kB
dist/assets/stim16-BSGf2ynv.js                                                     0.06 kB │ gzip:     0.08 kB
dist/assets/stim17-BTfbqFnO.js                                                     0.06 kB │ gzip:     0.08 kB
dist/assets/stim18-Bxj1nuZv.js                                                     0.06 kB │ gzip:     0.08 kB
dist/assets/stim19-C2hWHI7d.js                                                     0.06 kB │ gzip:     0.08 kB
dist/assets/stim20-C3TQmkxz.js                                                     0.06 kB │ gzip:     0.08 kB
dist/assets/stim21-MqM8FHba.js                                                     0.06 kB │ gzip:     0.08 kB
dist/assets/stim22-Bw7XmwpM.js                                                     0.06 kB │ gzip:     0.08 kB
dist/assets/stim23-aB3YvM9N.js                                                     0.06 kB │ gzip:     0.08 kB
dist/assets/stim24-CAbtK9-f.js                                                     0.06 kB │ gzip:     0.08 kB
dist/assets/stim25-BexLNlVA.js                                                     0.06 kB │ gzip:     0.08 kB
dist/assets/stim26-DncEj00d.js                                                     0.06 kB │ gzip:     0.08 kB
dist/assets/stim27--bEgSND2.js                                                     0.06 kB │ gzip:     0.08 kB
dist/assets/stim28-CMvWqTx-.js                                                     0.06 kB │ gzip:     0.08 kB
dist/assets/stim29-BaB2RBjX.js                                                     0.06 kB │ gzip:     0.08 kB
dist/assets/stim30-BKXyAf-J.js                                                     0.06 kB │ gzip:     0.08 kB
dist/assets/stim01-BKF6_w6H.js                                                     0.06 kB │ gzip:     0.08 kB
dist/assets/stim02-B4aExHNW.js                                                     0.06 kB │ gzip:     0.08 kB
dist/assets/stim03-BWY1Kvrw.js                                                     0.06 kB │ gzip:     0.08 kB
dist/assets/stim04-hwj4HIbK.js                                                     0.06 kB │ gzip:     0.08 kB
dist/assets/stim05-BH7d7aFA.js                                                     0.06 kB │ gzip:     0.08 kB
dist/assets/stim06-EtJLMREv.js                                                     0.06 kB │ gzip:     0.08 kB
dist/assets/stim07-CW7_Brjn.js                                                     0.06 kB │ gzip:     0.08 kB
dist/assets/stim08-Ct1fnfOS.js                                                     0.06 kB │ gzip:     0.08 kB
dist/assets/stim09-c3plEcXp.js                                                     0.06 kB │ gzip:     0.08 kB
dist/assets/stim10-C09Jqdpa.js                                                     0.06 kB │ gzip:     0.08 kB
dist/assets/stim11-CImPy4fM.js                                                     0.06 kB │ gzip:     0.08 kB
dist/assets/stim12-CgVlgwky.js                                                     0.06 kB │ gzip:     0.08 kB
dist/assets/stim13-Bh_clzOu.js                                                     0.06 kB │ gzip:     0.08 kB
dist/assets/stim14-D0XyLd8t.js                                                     0.06 kB │ gzip:     0.08 kB
dist/assets/stim15-DqTRer2q.js                                                     0.06 kB │ gzip:     0.08 kB
dist/assets/stim16-NyIgrvCU.js                                                     0.06 kB │ gzip:     0.08 kB
dist/assets/stim17-CN1vcnWi.js                                                     0.06 kB │ gzip:     0.08 kB
dist/assets/stim18-DoU6OIq4.js                                                     0.06 kB │ gzip:     0.08 kB
dist/assets/stim19-C4rmPjpJ.js                                                     0.06 kB │ gzip:     0.08 kB
dist/assets/stim20-BZKtCcRI.js                                                     0.06 kB │ gzip:     0.08 kB
dist/assets/stim21-B-zNQtJf.js                                                     0.06 kB │ gzip:     0.08 kB
dist/assets/stim22-6K5H3QAQ.js                                                     0.06 kB │ gzip:     0.08 kB
dist/assets/stim23-IJUCvIg9.js                                                     0.06 kB │ gzip:     0.08 kB
dist/assets/stim24-B_DZW_Pv.js                                                     0.06 kB │ gzip:     0.08 kB
dist/assets/stim25-Blrt0giz.js                                                     0.06 kB │ gzip:     0.08 kB
dist/assets/stim26-BTUr3G1S.js                                                     0.06 kB │ gzip:     0.08 kB
dist/assets/stim27-CaPatch8.js                                                     0.06 kB │ gzip:     0.08 kB
dist/assets/stim28-CoY2InMI.js                                                     0.06 kB │ gzip:     0.08 kB
dist/assets/stim29-DkCiDV84.js                                                     0.06 kB │ gzip:     0.08 kB
dist/assets/stim30-j_9_-UIM.js                                                     0.06 kB │ gzip:     0.08 kB
dist/assets/stim01-CFrDaYcb.js                                                     0.06 kB │ gzip:     0.08 kB
dist/assets/stim02-DY1RJf3A.js                                                     0.06 kB │ gzip:     0.08 kB
dist/assets/stim03-Dz__z6oC.js                                                     0.06 kB │ gzip:     0.08 kB
dist/assets/stim04-DxUiDgHf.js                                                     0.06 kB │ gzip:     0.08 kB
dist/assets/stim05-CIHrJmej.js                                                     0.06 kB │ gzip:     0.08 kB
dist/assets/stim06-CtkRzFJ4.js                                                     0.06 kB │ gzip:     0.08 kB
dist/assets/stim07-BzgYCZob.js                                                     0.06 kB │ gzip:     0.08 kB
dist/assets/stim08-CXqG3-JM.js                                                     0.06 kB │ gzip:     0.08 kB
dist/assets/stim09-bsv1qYw1.js                                                     0.06 kB │ gzip:     0.08 kB
dist/assets/stim10-jNvcPqsX.js                                                     0.06 kB │ gzip:     0.08 kB
dist/assets/stim11-JTYycH4l.js                                                     0.06 kB │ gzip:     0.08 kB
dist/assets/stim12-BcLrTmnU.js                                                     0.06 kB │ gzip:     0.08 kB
dist/assets/stim13-CC4bfQNH.js                                                     0.06 kB │ gzip:     0.08 kB
dist/assets/stim14-gFzeVict.js                                                     0.06 kB │ gzip:     0.08 kB
dist/assets/stim15-BHNvqJpE.js                                                     0.06 kB │ gzip:     0.08 kB
dist/assets/stim16-DnQWZ6db.js                                                     0.06 kB │ gzip:     0.08 kB
dist/assets/stim17-BTw-ywlz.js                                                     0.06 kB │ gzip:     0.08 kB
dist/assets/stim18-AGQ2JwdI.js                                                     0.06 kB │ gzip:     0.08 kB
dist/assets/stim19-BHo9emBW.js                                                     0.06 kB │ gzip:     0.08 kB
dist/assets/stim20-Xhs77xWI.js                                                     0.06 kB │ gzip:     0.08 kB
dist/assets/stim21-BIMwd35-.js                                                     0.06 kB │ gzip:     0.08 kB
dist/assets/stim22-DzasLnum.js                                                     0.06 kB │ gzip:     0.08 kB
dist/assets/stim23-DAxs3cVh.js                                                     0.06 kB │ gzip:     0.08 kB
dist/assets/stim24-DS0VGpWs.js                                                     0.06 kB │ gzip:     0.08 kB
dist/assets/stim25-4h2b80oO.js                                                     0.06 kB │ gzip:     0.08 kB
dist/assets/stim26-C7FGHjNm.js                                                     0.06 kB │ gzip:     0.08 kB
dist/assets/stim27-I4eXICWd.js                                                     0.06 kB │ gzip:     0.08 kB
dist/assets/stim28-nQbwBYQ7.js                                                     0.06 kB │ gzip:     0.08 kB
dist/assets/stim29-BTnPaBpk.js                                                     0.06 kB │ gzip:     0.08 kB
dist/assets/stim30-DlSh80Ru.js                                                     0.06 kB │ gzip:     0.08 kB
dist/assets/stim01-BlSijXo5.js                                                     0.06 kB │ gzip:     0.08 kB
dist/assets/stim02-B0he8FmG.js                                                     0.06 kB │ gzip:     0.08 kB
dist/assets/stim03-Comcc_FV.js                                                     0.06 kB │ gzip:     0.08 kB
dist/assets/stim04-wnd0qxbK.js                                                     0.06 kB │ gzip:     0.08 kB
dist/assets/stim05-3obuqiqq.js                                                     0.06 kB │ gzip:     0.08 kB
dist/assets/stim06-BoQGGmD1.js                                                     0.06 kB │ gzip:     0.08 kB
dist/assets/stim07-DaD06-gY.js                                                     0.06 kB │ gzip:     0.08 kB
dist/assets/stim08-DBNrOBxe.js                                                     0.06 kB │ gzip:     0.08 kB
dist/assets/stim09-CGkRdLFi.js                                                     0.06 kB │ gzip:     0.08 kB
dist/assets/stim10-D-WS8HPj.js                                                     0.06 kB │ gzip:     0.08 kB
dist/assets/stim11-BOnAZf7B.js                                                     0.06 kB │ gzip:     0.08 kB
dist/assets/stim12-DbDIIETv.js                                                     0.06 kB │ gzip:     0.08 kB
dist/assets/stim13-DiHf5jpJ.js                                                     0.06 kB │ gzip:     0.08 kB
dist/assets/stim14-BZ7S7WHT.js                                                     0.06 kB │ gzip:     0.08 kB
dist/assets/stim15-CKdLTndj.js                                                     0.06 kB │ gzip:     0.08 kB
dist/assets/stim16-Bm_G7m_-.js                                                     0.06 kB │ gzip:     0.08 kB
dist/assets/stim17-D4JAf4MU.js                                                     0.06 kB │ gzip:     0.08 kB
dist/assets/stim18-Cv-uNS5y.js                                                     0.06 kB │ gzip:     0.08 kB
dist/assets/stim19-CyeiGBUF.js                                                     0.06 kB │ gzip:     0.08 kB
dist/assets/stim20-Bq1y9NGZ.js                                                     0.06 kB │ gzip:     0.08 kB
dist/assets/stim21-FRZPVUhY.js                                                     0.06 kB │ gzip:     0.08 kB
dist/assets/stim22-D8zTbX_i.js                                                     0.06 kB │ gzip:     0.08 kB
dist/assets/stim23-97ty8uyM.js                                                     0.06 kB │ gzip:     0.08 kB
dist/assets/stim24-CYIEbRqw.js                                                     0.06 kB │ gzip:     0.08 kB
dist/assets/stim25-CyF7qV25.js                                                     0.06 kB │ gzip:     0.08 kB
dist/assets/stim26-DY75M6LM.js                                                     0.06 kB │ gzip:     0.08 kB
dist/assets/stim27-DuP_cG1L.js                                                     0.06 kB │ gzip:     0.08 kB
dist/assets/stim28-BjJCfBfL.js                                                     0.06 kB │ gzip:     0.08 kB
dist/assets/stim29-DTncYrh0.js                                                     0.06 kB │ gzip:     0.08 kB
dist/assets/stim30-CJSTZns0.js                                                     0.06 kB │ gzip:     0.08 kB
dist/assets/stim01-0ksSaS6_.js                                                     0.06 kB │ gzip:     0.08 kB
dist/assets/stim02-itXihVKo.js                                                     0.06 kB │ gzip:     0.08 kB
dist/assets/stim03-DyiDS5Zy.js                                                     0.06 kB │ gzip:     0.08 kB
dist/assets/stim04-DppDlBlj.js                                                     0.06 kB │ gzip:     0.08 kB
dist/assets/stim05-CkdAA9X9.js                                                     0.06 kB │ gzip:     0.08 kB
dist/assets/stim06-DocYZtiq.js                                                     0.06 kB │ gzip:     0.08 kB
dist/assets/stim07-dSqZ8Rl0.js                                                     0.06 kB │ gzip:     0.08 kB
dist/assets/stim08-Q2mZ-41m.js                                                     0.06 kB │ gzip:     0.08 kB
dist/assets/stim09-OLvllw-S.js                                                     0.06 kB │ gzip:     0.08 kB
dist/assets/stim10-z0I85AEw.js                                                     0.06 kB │ gzip:     0.08 kB
dist/assets/stim11-XFTdfSGI.js                                                     0.06 kB │ gzip:     0.08 kB
dist/assets/stim12-_98voGeX.js                                                     0.06 kB │ gzip:     0.08 kB
dist/assets/stim13-Bk6FK7La.js                                                     0.06 kB │ gzip:     0.08 kB
dist/assets/stim14-C9brOWth.js                                                     0.06 kB │ gzip:     0.08 kB
dist/assets/stim15-2Xjjc6iB.js                                                     0.06 kB │ gzip:     0.08 kB
dist/assets/stim16-BYyehdkn.js                                                     0.06 kB │ gzip:     0.08 kB
dist/assets/stim17-DFuMEL6y.js                                                     0.06 kB │ gzip:     0.08 kB
dist/assets/stim18-pbKyfSa3.js                                                     0.06 kB │ gzip:     0.08 kB
dist/assets/stim19-BKyH534_.js                                                     0.06 kB │ gzip:     0.08 kB
dist/assets/stim20-BwLDNgFo.js                                                     0.06 kB │ gzip:     0.08 kB
dist/assets/stim21-Bj1W5Buo.js                                                     0.06 kB │ gzip:     0.08 kB
dist/assets/stim22-DBTg0kCE.js                                                     0.06 kB │ gzip:     0.08 kB
dist/assets/stim23-CTWNdLUa.js                                                     0.06 kB │ gzip:     0.08 kB
dist/assets/stim24-DHfyTqy7.js                                                     0.06 kB │ gzip:     0.08 kB
dist/assets/stim25-ClyT4hSj.js                                                     0.06 kB │ gzip:     0.08 kB
dist/assets/stim26-Dtyopxxs.js                                                     0.06 kB │ gzip:     0.08 kB
dist/assets/stim27-CpQm4CZ1.js                                                     0.06 kB │ gzip:     0.08 kB
dist/assets/stim28-DvxRzsdF.js                                                     0.06 kB │ gzip:     0.08 kB
dist/assets/stim29-BylV7a85.js                                                     0.06 kB │ gzip:     0.08 kB
dist/assets/stim30-Dxpae30n.js                                                     0.06 kB │ gzip:     0.08 kB
dist/assets/stim01-CllGbMpk.js                                                     0.06 kB │ gzip:     0.08 kB
dist/assets/stim02-Dvk65Z6Z.js                                                     0.06 kB │ gzip:     0.08 kB
dist/assets/stim03-bUhbbqHL.js                                                     0.06 kB │ gzip:     0.08 kB
dist/assets/stim04-zBczbQdG.js                                                     0.06 kB │ gzip:     0.08 kB
dist/assets/stim05-aPrnz5kN.js                                                     0.06 kB │ gzip:     0.08 kB
dist/assets/stim06-DKh3-eNu.js                                                     0.06 kB │ gzip:     0.08 kB
dist/assets/stim07-pEE0t3kh.js                                                     0.06 kB │ gzip:     0.08 kB
dist/assets/stim08-hMoi6bGV.js                                                     0.06 kB │ gzip:     0.08 kB
dist/assets/stim09-CNwwUrHR.js                                                     0.06 kB │ gzip:     0.08 kB
dist/assets/stim10-BCwvpc2Z.js                                                     0.06 kB │ gzip:     0.08 kB
dist/assets/stim11-CVGdCAb3.js                                                     0.06 kB │ gzip:     0.08 kB
dist/assets/stim12-BjEHf6C9.js                                                     0.06 kB │ gzip:     0.08 kB
dist/assets/stim13-CGyYqY_u.js                                                     0.06 kB │ gzip:     0.08 kB
dist/assets/stim14-DoKOBJGA.js                                                     0.06 kB │ gzip:     0.08 kB
dist/assets/stim15-XKEk8n7m.js                                                     0.06 kB │ gzip:     0.08 kB
dist/assets/stim16-CGAGb7jo.js                                                     0.06 kB │ gzip:     0.08 kB
dist/assets/stim17-BCmTvO19.js                                                     0.06 kB │ gzip:     0.08 kB
dist/assets/stim18-BfxbaBTK.js                                                     0.06 kB │ gzip:     0.08 kB
dist/assets/stim19-B5Qvz9i0.js                                                     0.06 kB │ gzip:     0.08 kB
dist/assets/stim20-In7l6Zro.js                                                     0.06 kB │ gzip:     0.08 kB
dist/assets/stim21-DUp0d1NX.js                                                     0.06 kB │ gzip:     0.08 kB
dist/assets/stim22-DD_MlH_9.js                                                     0.06 kB │ gzip:     0.08 kB
dist/assets/stim23-CHm3mIjI.js                                                     0.06 kB │ gzip:     0.08 kB
dist/assets/stim24-CZcm3m_-.js                                                     0.06 kB │ gzip:     0.08 kB
dist/assets/stim25-DZGZOI-B.js                                                     0.06 kB │ gzip:     0.08 kB
dist/assets/stim26-DVaj0Cr8.js                                                     0.06 kB │ gzip:     0.08 kB
dist/assets/stim27-tOKY42Gj.js                                                     0.06 kB │ gzip:     0.08 kB
dist/assets/stim28-CfB6-DfD.js                                                     0.06 kB │ gzip:     0.08 kB
dist/assets/stim29-CYrdOwsy.js                                                     0.06 kB │ gzip:     0.08 kB
dist/assets/stim30-BMDCUPgT.js                                                     0.06 kB │ gzip:     0.08 kB
dist/assets/stim01--XrS2ce4.js                                                     0.06 kB │ gzip:     0.08 kB
dist/assets/stim02-TrYSESKx.js                                                     0.06 kB │ gzip:     0.08 kB
dist/assets/stim03-B4r4weJL.js                                                     0.06 kB │ gzip:     0.08 kB
dist/assets/stim04-C_QZaUcA.js                                                     0.06 kB │ gzip:     0.08 kB
dist/assets/stim05-Bl7pYtiv.js                                                     0.06 kB │ gzip:     0.08 kB
dist/assets/stim06-C12tMdeA.js                                                     0.06 kB │ gzip:     0.08 kB
dist/assets/stim07-DFDOXZdA.js                                                     0.06 kB │ gzip:     0.08 kB
dist/assets/stim08-B88Q7hhI.js                                                     0.06 kB │ gzip:     0.08 kB
dist/assets/stim09-CjhZ2jcx.js                                                     0.06 kB │ gzip:     0.08 kB
dist/assets/stim10-BDCu9Zh7.js                                                     0.06 kB │ gzip:     0.08 kB
dist/assets/stim11-GwixBbFG.js                                                     0.06 kB │ gzip:     0.08 kB
dist/assets/stim12-DofoLR3B.js                                                     0.06 kB │ gzip:     0.08 kB
dist/assets/stim13-BgK4foY-.js                                                     0.06 kB │ gzip:     0.08 kB
dist/assets/stim14-B1VjiNeh.js                                                     0.06 kB │ gzip:     0.08 kB
dist/assets/stim15-DtRvGOld.js                                                     0.06 kB │ gzip:     0.08 kB
dist/assets/stim16-C5Sj9NY4.js                                                     0.06 kB │ gzip:     0.08 kB
dist/assets/stim17-TSQvD5dc.js                                                     0.06 kB │ gzip:     0.08 kB
dist/assets/stim18-Dt6exUwA.js                                                     0.06 kB │ gzip:     0.08 kB
dist/assets/stim19-BynyvOpV.js                                                     0.06 kB │ gzip:     0.08 kB
dist/assets/stim20-DjqR7BAR.js                                                     0.06 kB │ gzip:     0.08 kB
dist/assets/stim21-BrKEue7J.js                                                     0.06 kB │ gzip:     0.08 kB
dist/assets/stim22-B-Tubue2.js                                                     0.06 kB │ gzip:     0.08 kB
dist/assets/stim23-Ce97oSMw.js                                                     0.06 kB │ gzip:     0.08 kB
dist/assets/stim24-UmDxmhu2.js                                                     0.06 kB │ gzip:     0.08 kB
dist/assets/stim25-D5e2hOZe.js                                                     0.06 kB │ gzip:     0.08 kB
dist/assets/stim26-BPFyjjsJ.js                                                     0.06 kB │ gzip:     0.08 kB
dist/assets/stim27-9b3es68A.js                                                     0.06 kB │ gzip:     0.08 kB
dist/assets/stim28-DeJxICRB.js                                                     0.06 kB │ gzip:     0.08 kB
dist/assets/stim29-Zit8aPjQ.js                                                     0.06 kB │ gzip:     0.08 kB
dist/assets/stim30-y0dsblNB.js                                                     0.06 kB │ gzip:     0.08 kB
dist/assets/stim01-Bn8XFo_k.js                                                     0.06 kB │ gzip:     0.08 kB
dist/assets/stim02-Be7aVNgJ.js                                                     0.06 kB │ gzip:     0.08 kB
dist/assets/stim03-CBA5ajY8.js                                                     0.06 kB │ gzip:     0.08 kB
dist/assets/stim04-CSnWEvQC.js                                                     0.06 kB │ gzip:     0.08 kB
dist/assets/stim05-CAVjyVTB.js                                                     0.06 kB │ gzip:     0.08 kB
dist/assets/stim06-CUzLP_vq.js                                                     0.06 kB │ gzip:     0.08 kB
dist/assets/stim07-k6JspIZm.js                                                     0.06 kB │ gzip:     0.08 kB
dist/assets/stim08-BG5s40qm.js                                                     0.06 kB │ gzip:     0.08 kB
dist/assets/stim09-Ddi_R6gg.js                                                     0.06 kB │ gzip:     0.08 kB
dist/assets/stim10-Cyt9qwFG.js                                                     0.06 kB │ gzip:     0.08 kB
dist/assets/stim11-Br2quTNa.js                                                     0.06 kB │ gzip:     0.08 kB
dist/assets/stim12-4zcnYDnr.js                                                     0.06 kB │ gzip:     0.08 kB
dist/assets/stim13-BgofxBja.js                                                     0.06 kB │ gzip:     0.08 kB
dist/assets/stim14-C_d2Ojct.js                                                     0.06 kB │ gzip:     0.08 kB
dist/assets/stim15-CwCe4ScF.js                                                     0.06 kB │ gzip:     0.08 kB
dist/assets/stim16-DDNeqLN2.js                                                     0.06 kB │ gzip:     0.08 kB
dist/assets/stim17-Dd3hArDl.js                                                     0.06 kB │ gzip:     0.08 kB
dist/assets/stim18-mf780Y1d.js                                                     0.06 kB │ gzip:     0.08 kB
dist/assets/stim19-q_BuaSGX.js                                                     0.06 kB │ gzip:     0.08 kB
dist/assets/stim20-DhACtpTS.js                                                     0.06 kB │ gzip:     0.08 kB
dist/assets/stim21-C6rxr4My.js                                                     0.06 kB │ gzip:     0.08 kB
dist/assets/stim22-DXluHfl7.js                                                     0.06 kB │ gzip:     0.08 kB
dist/assets/stim23-C0p-toDH.js                                                     0.06 kB │ gzip:     0.08 kB
dist/assets/stim24-BgDk81eP.js                                                     0.06 kB │ gzip:     0.08 kB
dist/assets/stim25-6FZKJPI0.js                                                     0.06 kB │ gzip:     0.08 kB
dist/assets/stim26-C7GVC8l1.js                                                     0.06 kB │ gzip:     0.08 kB
dist/assets/stim27-Br5UTDwD.js                                                     0.06 kB │ gzip:     0.08 kB
dist/assets/stim28-DmI8AcrC.js                                                     0.06 kB │ gzip:     0.08 kB
dist/assets/stim29-DRc-J8lX.js                                                     0.06 kB │ gzip:     0.08 kB
dist/assets/stim30-rt8OJrx0.js                                                     0.06 kB │ gzip:     0.08 kB
dist/assets/stim01-DQkGdmrd.js                                                     0.06 kB │ gzip:     0.08 kB
dist/assets/stim02-dZufpAKE.js                                                     0.06 kB │ gzip:     0.08 kB
dist/assets/stim03-CpAZ58Dp.js                                                     0.06 kB │ gzip:     0.08 kB
dist/assets/stim04-Cw1MVtrg.js                                                     0.06 kB │ gzip:     0.08 kB
dist/assets/stim05-CoLpD6IK.js                                                     0.06 kB │ gzip:     0.08 kB
dist/assets/stim06-DAVVmI5z.js                                                     0.06 kB │ gzip:     0.08 kB
dist/assets/stim07-CSy22_UU.js                                                     0.06 kB │ gzip:     0.08 kB
dist/assets/stim08-Bap6wN_O.js                                                     0.06 kB │ gzip:     0.08 kB
dist/assets/stim09-Bf-7dOVs.js                                                     0.06 kB │ gzip:     0.08 kB
dist/assets/stim10-HSP0cvZP.js                                                     0.06 kB │ gzip:     0.08 kB
dist/assets/stim11-B9Eg3RJ7.js                                                     0.06 kB │ gzip:     0.08 kB
dist/assets/stim12-CwH2rIgS.js                                                     0.06 kB │ gzip:     0.08 kB
dist/assets/stim13-qTdXIUz8.js                                                     0.06 kB │ gzip:     0.08 kB
dist/assets/stim14-q1Z23WZl.js                                                     0.06 kB │ gzip:     0.08 kB
dist/assets/stim15-Ctw7VcIA.js                                                     0.06 kB │ gzip:     0.08 kB
dist/assets/stim16-BJpQx2Qm.js                                                     0.06 kB │ gzip:     0.08 kB
dist/assets/stim17-LKLlR4MV.js                                                     0.06 kB │ gzip:     0.08 kB
dist/assets/stim18-aecwiWoX.js                                                     0.06 kB │ gzip:     0.08 kB
dist/assets/stim19-CqqwYQZq.js                                                     0.06 kB │ gzip:     0.08 kB
dist/assets/stim20-qLt9cw3u.js                                                     0.06 kB │ gzip:     0.08 kB
dist/assets/stim21-_U2aFhVZ.js                                                     0.06 kB │ gzip:     0.08 kB
dist/assets/stim22-BqLasTmL.js                                                     0.06 kB │ gzip:     0.08 kB
dist/assets/stim23-DDBoG4yT.js                                                     0.06 kB │ gzip:     0.08 kB
dist/assets/stim24-JYZYNph9.js                                                     0.06 kB │ gzip:     0.08 kB
dist/assets/stim25-DG62pZaa.js                                                     0.06 kB │ gzip:     0.08 kB
dist/assets/stim26-DTVVWNw9.js                                                     0.06 kB │ gzip:     0.08 kB
dist/assets/stim27-CUsA2JeV.js                                                     0.06 kB │ gzip:     0.08 kB
dist/assets/stim28-CMfRZK9O.js                                                     0.06 kB │ gzip:     0.08 kB
dist/assets/stim29-CpDyJWzl.js                                                     0.06 kB │ gzip:     0.08 kB
dist/assets/stim30-BkVezUkq.js                                                     0.06 kB │ gzip:     0.08 kB
dist/assets/stim01-BQU0XOpy.js                                                     0.06 kB │ gzip:     0.08 kB
dist/assets/stim02-BlhdaQvV.js                                                     0.06 kB │ gzip:     0.08 kB
dist/assets/stim03-D-NtAgmR.js                                                     0.06 kB │ gzip:     0.08 kB
dist/assets/stim04-DQFeS3sO.js                                                     0.06 kB │ gzip:     0.08 kB
dist/assets/stim05-D2HIYwLh.js                                                     0.06 kB │ gzip:     0.08 kB
dist/assets/stim06-Ckw1LVdj.js                                                     0.06 kB │ gzip:     0.08 kB
dist/assets/stim07-DZi_MjCJ.js                                                     0.06 kB │ gzip:     0.08 kB
dist/assets/stim08-BICzVnFM.js                                                     0.06 kB │ gzip:     0.08 kB
dist/assets/stim09-DR6IEmG4.js                                                     0.06 kB │ gzip:     0.08 kB
dist/assets/stim10-C1YyC9V8.js                                                     0.06 kB │ gzip:     0.08 kB
dist/assets/stim11-q88c7ZJh.js                                                     0.06 kB │ gzip:     0.08 kB
dist/assets/stim12-DvWKiEuP.js                                                     0.06 kB │ gzip:     0.08 kB
dist/assets/stim13-BfNNbfyG.js                                                     0.06 kB │ gzip:     0.08 kB
dist/assets/stim14-BaOvMU5v.js                                                     0.06 kB │ gzip:     0.08 kB
dist/assets/stim15-BH0qhLJM.js                                                     0.06 kB │ gzip:     0.08 kB
dist/assets/stim16-BNnE56Me.js                                                     0.06 kB │ gzip:     0.08 kB
dist/assets/stim17-CxH9WDhI.js                                                     0.06 kB │ gzip:     0.08 kB
dist/assets/stim18-BOxMt1ev.js                                                     0.06 kB │ gzip:     0.08 kB
dist/assets/stim19-BFOxfhBT.js                                                     0.06 kB │ gzip:     0.08 kB
dist/assets/stim20-B7PypGA_.js                                                     0.06 kB │ gzip:     0.08 kB
dist/assets/stim21-Bf4Z1ZSV.js                                                     0.06 kB │ gzip:     0.08 kB
dist/assets/stim22-Dqp3AneN.js                                                     0.06 kB │ gzip:     0.08 kB
dist/assets/stim23-CK-kYfm-.js                                                     0.06 kB │ gzip:     0.08 kB
dist/assets/stim24-DSlNxcgV.js                                                     0.06 kB │ gzip:     0.08 kB
dist/assets/stim25-DxRAigsu.js                                                     0.06 kB │ gzip:     0.08 kB
dist/assets/stim26-v8SPzuF6.js                                                     0.06 kB │ gzip:     0.08 kB
dist/assets/stim27-DJead7NX.js                                                     0.06 kB │ gzip:     0.08 kB
dist/assets/stim28-32EsI92G.js                                                     0.06 kB │ gzip:     0.08 kB
dist/assets/stim29-pYEYt1kJ.js                                                     0.06 kB │ gzip:     0.08 kB
dist/assets/stim30-CngAxTvu.js                                                     0.06 kB │ gzip:     0.08 kB
dist/assets/stim01-CXR6f-pN.js                                                     0.06 kB │ gzip:     0.08 kB
dist/assets/stim02-DSrOwvXa.js                                                     0.06 kB │ gzip:     0.08 kB
dist/assets/stim03-Ccns9kDT.js                                                     0.06 kB │ gzip:     0.08 kB
dist/assets/stim04-BLe7vEtj.js                                                     0.06 kB │ gzip:     0.08 kB
dist/assets/stim05-B0DLyTjC.js                                                     0.06 kB │ gzip:     0.08 kB
dist/assets/stim06-BS-96TEo.js                                                     0.06 kB │ gzip:     0.08 kB
dist/assets/stim07-nXVSGz3b.js                                                     0.06 kB │ gzip:     0.08 kB
dist/assets/stim08-CQRY8atX.js                                                     0.06 kB │ gzip:     0.08 kB
dist/assets/stim09-DTAHmKlO.js                                                     0.06 kB │ gzip:     0.08 kB
dist/assets/stim10-CEZbuAYn.js                                                     0.06 kB │ gzip:     0.08 kB
dist/assets/stim11-C2u2x21c.js                                                     0.06 kB │ gzip:     0.08 kB
dist/assets/stim12-D0-nUrTA.js                                                     0.06 kB │ gzip:     0.08 kB
dist/assets/stim13-BOoHTZ36.js                                                     0.06 kB │ gzip:     0.08 kB
dist/assets/stim14-baNqQjsV.js                                                     0.06 kB │ gzip:     0.08 kB
dist/assets/stim15-DOZOjbhJ.js                                                     0.06 kB │ gzip:     0.08 kB
dist/assets/stim16-vcqrMR8G.js                                                     0.06 kB │ gzip:     0.08 kB
dist/assets/stim17-CEZsYigh.js                                                     0.06 kB │ gzip:     0.08 kB
dist/assets/stim18-B0FsfbFN.js                                                     0.06 kB │ gzip:     0.08 kB
dist/assets/stim19-p19sgQ-O.js                                                     0.06 kB │ gzip:     0.08 kB
dist/assets/stim20-CH9wINys.js                                                     0.06 kB │ gzip:     0.08 kB
dist/assets/stim21-MzuUZ8b-.js                                                     0.06 kB │ gzip:     0.08 kB
dist/assets/stim22-Cz7wIBCF.js                                                     0.06 kB │ gzip:     0.08 kB
dist/assets/stim23-Cve_9FIQ.js                                                     0.06 kB │ gzip:     0.08 kB
dist/assets/stim24-BYCzDlur.js                                                     0.06 kB │ gzip:     0.08 kB
dist/assets/stim25-_3WYyp0p.js                                                     0.06 kB │ gzip:     0.08 kB
dist/assets/stim26-Dstq2-ev.js                                                     0.06 kB │ gzip:     0.08 kB
dist/assets/stim27-DmiyBUW8.js                                                     0.06 kB │ gzip:     0.08 kB
dist/assets/stim28-2mmQTb5h.js                                                     0.06 kB │ gzip:     0.08 kB
dist/assets/stim29-C3itEX98.js                                                     0.06 kB │ gzip:     0.08 kB
dist/assets/stim30-tMmcNVeY.js                                                     0.06 kB │ gzip:     0.08 kB
dist/assets/stim01-tbxQTsIJ.js                                                     0.06 kB │ gzip:     0.08 kB
dist/assets/stim02-BLPsBr4s.js                                                     0.06 kB │ gzip:     0.08 kB
dist/assets/stim03-WHpMHcjW.js                                                     0.06 kB │ gzip:     0.08 kB
dist/assets/stim04-IonZgZra.js                                                     0.06 kB │ gzip:     0.08 kB
dist/assets/stim05-CRch8BGh.js                                                     0.06 kB │ gzip:     0.08 kB
dist/assets/stim06-BYKFXiNV.js                                                     0.06 kB │ gzip:     0.08 kB
dist/assets/stim07-VHoEgSgr.js                                                     0.06 kB │ gzip:     0.08 kB
dist/assets/stim08-BrjGg7NP.js                                                     0.06 kB │ gzip:     0.08 kB
dist/assets/stim09-B8u3CX8d.js                                                     0.06 kB │ gzip:     0.08 kB
dist/assets/stim10--p7BVYCz.js                                                     0.06 kB │ gzip:     0.08 kB
dist/assets/stim11-Dyi7RVZF.js                                                     0.06 kB │ gzip:     0.08 kB
dist/assets/stim12-BOjcqmlO.js                                                     0.06 kB │ gzip:     0.08 kB
dist/assets/stim13-DY_oWZ-5.js                                                     0.06 kB │ gzip:     0.08 kB
dist/assets/stim14-DCh8Y5o0.js                                                     0.06 kB │ gzip:     0.08 kB
dist/assets/stim15-n51S8DPY.js                                                     0.06 kB │ gzip:     0.08 kB
dist/assets/stim16-DzeMp-pD.js                                                     0.06 kB │ gzip:     0.08 kB
dist/assets/stim17-BbHL5HLq.js                                                     0.06 kB │ gzip:     0.08 kB
dist/assets/stim18-BE2bwGXI.js                                                     0.06 kB │ gzip:     0.08 kB
dist/assets/stim19-AWzzJKG7.js                                                     0.06 kB │ gzip:     0.08 kB
dist/assets/stim20-2XKFTTCn.js                                                     0.06 kB │ gzip:     0.08 kB
dist/assets/stim21-Cx5z2ft4.js                                                     0.06 kB │ gzip:     0.08 kB
dist/assets/stim22-nBEXCWmu.js                                                     0.06 kB │ gzip:     0.08 kB
dist/assets/stim23-DwtJMeBU.js                                                     0.06 kB │ gzip:     0.08 kB
dist/assets/stim24-owFHYD_8.js                                                     0.06 kB │ gzip:     0.08 kB
dist/assets/stim25-DS6jIPpx.js                                                     0.06 kB │ gzip:     0.08 kB
dist/assets/stim26-B5cCXv4p.js                                                     0.06 kB │ gzip:     0.08 kB
dist/assets/stim27-naBu6y4Y.js                                                     0.06 kB │ gzip:     0.08 kB
dist/assets/stim28-KRvnK9zk.js                                                     0.06 kB │ gzip:     0.08 kB
dist/assets/stim01-BqUOJN-4.js                                                     0.06 kB │ gzip:     0.08 kB
dist/assets/stim02-DTsS4Q3y.js                                                     0.06 kB │ gzip:     0.08 kB
dist/assets/stim03-DzzwvQEl.js                                                     0.06 kB │ gzip:     0.08 kB
dist/assets/stim04-ssWPZduU.js                                                     0.06 kB │ gzip:     0.08 kB
dist/assets/stim05-Oh6Ep2M_.js                                                     0.06 kB │ gzip:     0.08 kB
dist/assets/stim06-DbLhzpxq.js                                                     0.06 kB │ gzip:     0.08 kB
dist/assets/stim07-B57W2geX.js                                                     0.06 kB │ gzip:     0.08 kB
dist/assets/stim08-DZ5MERy3.js                                                     0.06 kB │ gzip:     0.08 kB
dist/assets/stim09-Cut4U4TV.js                                                     0.06 kB │ gzip:     0.08 kB
dist/assets/stim10-DC0v2Txj.js                                                     0.06 kB │ gzip:     0.08 kB
dist/assets/stim11-C_9mgH1k.js                                                     0.06 kB │ gzip:     0.08 kB
dist/assets/stim12-BrTQJi5o.js                                                     0.06 kB │ gzip:     0.08 kB
dist/assets/stim13-DMgc81yE.js                                                     0.06 kB │ gzip:     0.08 kB
dist/assets/stim14-RlurDbiW.js                                                     0.06 kB │ gzip:     0.08 kB
dist/assets/stim15-Ca5SWKaj.js                                                     0.06 kB │ gzip:     0.08 kB
dist/assets/stim16-DYBcWeJX.js                                                     0.06 kB │ gzip:     0.08 kB
dist/assets/stim17-CKlnBf1H.js                                                     0.06 kB │ gzip:     0.08 kB
dist/assets/stim18-DNXD4XYK.js                                                     0.06 kB │ gzip:     0.08 kB
dist/assets/stim19-ffp1Ws3f.js                                                     0.06 kB │ gzip:     0.08 kB
dist/assets/stim20-CMLCFgGv.js                                                     0.06 kB │ gzip:     0.08 kB
dist/assets/stim21-aueoXRyf.js                                                     0.06 kB │ gzip:     0.08 kB
dist/assets/stim22-DX3JgrQf.js                                                     0.06 kB │ gzip:     0.08 kB
dist/assets/stim23-IMbW3ZE0.js                                                     0.06 kB │ gzip:     0.08 kB
dist/assets/stim24-BTaMvgZy.js                                                     0.06 kB │ gzip:     0.08 kB
dist/assets/stim25-SyyjpWDZ.js                                                     0.06 kB │ gzip:     0.08 kB
dist/assets/stim26-BEz7dk6d.js                                                     0.06 kB │ gzip:     0.08 kB
dist/assets/stim27-CHRhWYZz.js                                                     0.06 kB │ gzip:     0.08 kB
dist/assets/stim28-BZHBkZRw.js                                                     0.06 kB │ gzip:     0.08 kB
dist/assets/stim01-2yYoDUkL.js                                                     0.06 kB │ gzip:     0.08 kB
dist/assets/stim02-BvwCxUjw.js                                                     0.06 kB │ gzip:     0.08 kB
dist/assets/stim03--x4zPy_U.js                                                     0.06 kB │ gzip:     0.08 kB
dist/assets/stim04-D7eKnBi2.js                                                     0.06 kB │ gzip:     0.08 kB
dist/assets/stim05-C98jyas2.js                                                     0.06 kB │ gzip:     0.08 kB
dist/assets/stim06-Qbit2NNo.js                                                     0.06 kB │ gzip:     0.08 kB
dist/assets/stim07-DGvzZQA8.js                                                     0.06 kB │ gzip:     0.08 kB
dist/assets/stim08-DMVioY05.js                                                     0.06 kB │ gzip:     0.08 kB
dist/assets/stim09-By-zq6Qm.js                                                     0.06 kB │ gzip:     0.08 kB
dist/assets/stim10-JmtK3Zgn.js                                                     0.06 kB │ gzip:     0.08 kB
dist/assets/stim11-IKbu_YV-.js                                                     0.06 kB │ gzip:     0.08 kB
dist/assets/stim12-q5Aw-kpc.js                                                     0.06 kB │ gzip:     0.08 kB
dist/assets/stim13-Cc8S1j-Q.js                                                     0.06 kB │ gzip:     0.08 kB
dist/assets/stim14-CZ1J8hKU.js                                                     0.06 kB │ gzip:     0.08 kB
dist/assets/stim15-BM6mIbUR.js                                                     0.06 kB │ gzip:     0.08 kB
dist/assets/stim16-CxK8hfoo.js                                                     0.06 kB │ gzip:     0.08 kB
dist/assets/stim17-tQEue6OD.js                                                     0.06 kB │ gzip:     0.08 kB
dist/assets/stim18-Dj3VUMT-.js                                                     0.06 kB │ gzip:     0.08 kB
dist/assets/stim19-C_0hNTGG.js                                                     0.06 kB │ gzip:     0.08 kB
dist/assets/stim20-D_qPml1M.js                                                     0.06 kB │ gzip:     0.08 kB
dist/assets/stim21-DaeyrysC.js                                                     0.06 kB │ gzip:     0.08 kB
dist/assets/stim22-D7n3bvAk.js                                                     0.06 kB │ gzip:     0.08 kB
dist/assets/stim23-gNVHVj62.js                                                     0.06 kB │ gzip:     0.08 kB
dist/assets/stim24-D2Cicjht.js                                                     0.06 kB │ gzip:     0.08 kB
dist/assets/stim25-CYKkBRUY.js                                                     0.06 kB │ gzip:     0.08 kB
dist/assets/stim26-CowJvIFz.js                                                     0.06 kB │ gzip:     0.08 kB
dist/assets/stim27-cjMsupS3.js                                                     0.06 kB │ gzip:     0.08 kB
dist/assets/stim28-CEOLmgFK.js                                                     0.06 kB │ gzip:     0.08 kB
dist/assets/stim01-B9Q0mHnx.js                                                     0.06 kB │ gzip:     0.08 kB
dist/assets/stim02-BFmsR5M-.js                                                     0.06 kB │ gzip:     0.08 kB
dist/assets/stim03-Bw-KfwCe.js                                                     0.06 kB │ gzip:     0.08 kB
dist/assets/stim04-Bx2eMsYr.js                                                     0.06 kB │ gzip:     0.08 kB
dist/assets/stim05-CcJwV44q.js                                                     0.06 kB │ gzip:     0.08 kB
dist/assets/stim06-CMbzQ9YH.js                                                     0.06 kB │ gzip:     0.08 kB
dist/assets/stim07-CvHpBHQe.js                                                     0.06 kB │ gzip:     0.08 kB
dist/assets/stim08-Dqhzz4zj.js                                                     0.06 kB │ gzip:     0.08 kB
dist/assets/stim09-DwuJA8cv.js                                                     0.06 kB │ gzip:     0.08 kB
dist/assets/stim10-kdAMsNuK.js                                                     0.06 kB │ gzip:     0.08 kB
dist/assets/stim11-D_cKMUBk.js                                                     0.06 kB │ gzip:     0.08 kB
dist/assets/stim12-BAGEIUEn.js                                                     0.06 kB │ gzip:     0.08 kB
dist/assets/stim13-hWa1H36v.js                                                     0.06 kB │ gzip:     0.08 kB
dist/assets/stim14-DWwVTZOx.js                                                     0.06 kB │ gzip:     0.08 kB
dist/assets/stim15-YaHWJgTA.js                                                     0.06 kB │ gzip:     0.08 kB
dist/assets/stim16-C6NKphsS.js                                                     0.06 kB │ gzip:     0.08 kB
dist/assets/stim17-CjFpRkIq.js                                                     0.06 kB │ gzip:     0.08 kB
dist/assets/stim18-C6K_j_kT.js                                                     0.06 kB │ gzip:     0.08 kB
dist/assets/stim19-hqXYrGYF.js                                                     0.06 kB │ gzip:     0.08 kB
dist/assets/stim20-TxttyVZC.js                                                     0.06 kB │ gzip:     0.08 kB
dist/assets/stim21-CJuhIpTd.js                                                     0.06 kB │ gzip:     0.08 kB
dist/assets/stim22-0bmgCP3f.js                                                     0.06 kB │ gzip:     0.08 kB
dist/assets/stim23-CyojdwjU.js                                                     0.06 kB │ gzip:     0.08 kB
dist/assets/stim24-Ccw4n5N1.js                                                     0.06 kB │ gzip:     0.08 kB
dist/assets/stim25-CrZ7gO7B.js                                                     0.06 kB │ gzip:     0.08 kB
dist/assets/stim26-D9ANJ3Ms.js                                                     0.06 kB │ gzip:     0.08 kB
dist/assets/stim27-DuyqnsWL.js                                                     0.06 kB │ gzip:     0.08 kB
dist/assets/stim28-YKGhBuI6.js                                                     0.06 kB │ gzip:     0.08 kB
dist/assets/stim01-DClPiksJ.js                                                     0.06 kB │ gzip:     0.08 kB
dist/assets/stim02-0eNvdY78.js                                                     0.06 kB │ gzip:     0.08 kB
dist/assets/stim03-uVGiDB83.js                                                     0.06 kB │ gzip:     0.08 kB
dist/assets/stim04-D2F9Cvs5.js                                                     0.06 kB │ gzip:     0.08 kB
dist/assets/stim05-hzWw00U4.js                                                     0.06 kB │ gzip:     0.08 kB
dist/assets/stim06-BnV5RkGj.js                                                     0.06 kB │ gzip:     0.08 kB
dist/assets/stim07-Dhq8RerG.js                                                     0.06 kB │ gzip:     0.08 kB
dist/assets/stim08-BEUBfa7E.js                                                     0.06 kB │ gzip:     0.08 kB
dist/assets/stim09-B-Mrbcg2.js                                                     0.06 kB │ gzip:     0.08 kB
dist/assets/stim10-Do2rmSh3.js                                                     0.06 kB │ gzip:     0.08 kB
dist/assets/stim11-j_qt3xkv.js                                                     0.06 kB │ gzip:     0.08 kB
dist/assets/stim12-Cp7YnT3j.js                                                     0.06 kB │ gzip:     0.08 kB
dist/assets/stim13-DbDIIETv.js                                                     0.06 kB │ gzip:     0.08 kB
dist/assets/stim14-B7Mt3RtL.js                                                     0.06 kB │ gzip:     0.08 kB
dist/assets/stim15-ChHl2mRq.js                                                     0.06 kB │ gzip:     0.08 kB
dist/assets/stim16-CROVBjxK.js                                                     0.06 kB │ gzip:     0.08 kB
dist/assets/stim17-RtcveYDx.js                                                     0.06 kB │ gzip:     0.08 kB
dist/assets/stim18-CyeiGBUF.js                                                     0.06 kB │ gzip:     0.08 kB
dist/assets/stim19-DiHf5jpJ.js                                                     0.06 kB │ gzip:     0.08 kB
dist/assets/stim20-C3A8yJXT.js                                                     0.06 kB │ gzip:     0.08 kB
dist/assets/stim21-Bb7_cuCM.js                                                     0.06 kB │ gzip:     0.08 kB
dist/assets/stim22-sRLbGtog.js                                                     0.06 kB │ gzip:     0.08 kB
dist/assets/stim23-BHh7m9dL.js                                                     0.06 kB │ gzip:     0.08 kB
dist/assets/stim24-BOnAZf7B.js                                                     0.06 kB │ gzip:     0.08 kB
dist/assets/stim25-BOxMt1ev.js                                                     0.06 kB │ gzip:     0.08 kB
dist/assets/stim26-CYIEbRqw.js                                                     0.06 kB │ gzip:     0.08 kB
dist/assets/stim27-v8SPzuF6.js                                                     0.06 kB │ gzip:     0.08 kB
dist/assets/stim28-DJead7NX.js                                                     0.06 kB │ gzip:     0.08 kB
dist/assets/stim01-B64j0Z1j.js                                                     0.06 kB │ gzip:     0.08 kB
dist/assets/stim02-DnxAjZFT.js                                                     0.06 kB │ gzip:     0.08 kB
dist/assets/stim03-DzY0ARaf.js                                                     0.06 kB │ gzip:     0.08 kB
dist/assets/stim04-BpjGgdTU.js                                                     0.06 kB │ gzip:     0.08 kB
dist/assets/stim05-BSTeNm_v.js                                                     0.06 kB │ gzip:     0.08 kB
dist/assets/stim06-Br_Yzirk.js                                                     0.06 kB │ gzip:     0.08 kB
dist/assets/stim07-DXaIz5nq.js                                                     0.06 kB │ gzip:     0.08 kB
dist/assets/stim08-PE6Iam6h.js                                                     0.06 kB │ gzip:     0.08 kB
dist/assets/stim09-Ccackw93.js                                                     0.06 kB │ gzip:     0.08 kB
dist/assets/stim10-C8ORbSUL.js                                                     0.06 kB │ gzip:     0.08 kB
dist/assets/stim11-BDj-FKFE.js                                                     0.06 kB │ gzip:     0.08 kB
dist/assets/stim12-DvsNls2G.js                                                     0.06 kB │ gzip:     0.08 kB
dist/assets/stim13-BzjJlfab.js                                                     0.06 kB │ gzip:     0.08 kB
dist/assets/stim14-DkGL6B4c.js                                                     0.06 kB │ gzip:     0.08 kB
dist/assets/stim15-BQvZ9yK-.js                                                     0.06 kB │ gzip:     0.08 kB
dist/assets/stim16-Uxa7ySUg.js                                                     0.06 kB │ gzip:     0.08 kB
dist/assets/stim17-C0yxem_c.js                                                     0.06 kB │ gzip:     0.08 kB
dist/assets/stim18-AyqFMjhR.js                                                     0.06 kB │ gzip:     0.08 kB
dist/assets/stim19-DFlxCYLQ.js                                                     0.06 kB │ gzip:     0.08 kB
dist/assets/stim20-DSP1bNaB.js                                                     0.06 kB │ gzip:     0.08 kB
dist/assets/stim21-B0_NJYsp.js                                                     0.06 kB │ gzip:     0.08 kB
dist/assets/stim22-BJBjWoKx.js                                                     0.06 kB │ gzip:     0.08 kB
dist/assets/stim23-o6_XIFye.js                                                     0.06 kB │ gzip:     0.08 kB
dist/assets/stim24-BxUF-LFy.js                                                     0.06 kB │ gzip:     0.08 kB
dist/assets/stim25-uI_L3d_l.js                                                     0.06 kB │ gzip:     0.08 kB
dist/assets/stim26-Di0pi_Wa.js                                                     0.06 kB │ gzip:     0.08 kB
dist/assets/stim27-CxbwyRBm.js                                                     0.06 kB │ gzip:     0.08 kB
dist/assets/stim28-CNo1vObV.js                                                     0.06 kB │ gzip:     0.08 kB
dist/assets/stim01-CzSk4K6b.js                                                     0.06 kB │ gzip:     0.08 kB
dist/assets/stim02-CbG6VWxv.js                                                     0.06 kB │ gzip:     0.08 kB
dist/assets/stim03-4u6RB6sJ.js                                                     0.06 kB │ gzip:     0.08 kB
dist/assets/stim04-D502QoVU.js                                                     0.06 kB │ gzip:     0.08 kB
dist/assets/stim05-ceyiNtDv.js                                                     0.06 kB │ gzip:     0.08 kB
dist/assets/stim06-HAXBUebT.js                                                     0.06 kB │ gzip:     0.08 kB
dist/assets/stim07-DZQyq0jp.js                                                     0.06 kB │ gzip:     0.08 kB
dist/assets/stim08-BClZtxdZ.js                                                     0.06 kB │ gzip:     0.08 kB
dist/assets/stim09-DAoQMJqi.js                                                     0.06 kB │ gzip:     0.08 kB
dist/assets/stim10-BHYfllur.js                                                     0.06 kB │ gzip:     0.08 kB
dist/assets/stim11-Dv26_xx5.js                                                     0.06 kB │ gzip:     0.08 kB
dist/assets/stim12-DJGnbDes.js                                                     0.06 kB │ gzip:     0.08 kB
dist/assets/stim13-D_2vp7uc.js                                                     0.06 kB │ gzip:     0.08 kB
dist/assets/stim14-k-xFNxIi.js                                                     0.06 kB │ gzip:     0.08 kB
dist/assets/stim15-BND_sV2-.js                                                     0.06 kB │ gzip:     0.08 kB
dist/assets/stim16-BdQkqPPL.js                                                     0.06 kB │ gzip:     0.08 kB
dist/assets/stim17-CYVifJiw.js                                                     0.06 kB │ gzip:     0.08 kB
dist/assets/stim18-yec2aRZr.js                                                     0.06 kB │ gzip:     0.08 kB
dist/assets/stim19-C_wzbM_v.js                                                     0.06 kB │ gzip:     0.08 kB
dist/assets/stim20-CT7IEkCh.js                                                     0.06 kB │ gzip:     0.08 kB
dist/assets/stim21-URMdDyp5.js                                                     0.06 kB │ gzip:     0.08 kB
dist/assets/stim22-BT9vVZnX.js                                                     0.06 kB │ gzip:     0.08 kB
dist/assets/stim23-BJL3TaA4.js                                                     0.06 kB │ gzip:     0.08 kB
dist/assets/stim24-CLNpWz4m.js                                                     0.06 kB │ gzip:     0.08 kB
dist/assets/stim25-K0a4jCcj.js                                                     0.06 kB │ gzip:     0.08 kB
dist/assets/stim26-CuIZH4Cs.js                                                     0.06 kB │ gzip:     0.08 kB
dist/assets/stim27-ClE-FM2o.js                                                     0.06 kB │ gzip:     0.08 kB
dist/assets/stim28-sxHW3gYx.js                                                     0.06 kB │ gzip:     0.08 kB
dist/assets/stim01-BupU5SP0.js                                                     0.06 kB │ gzip:     0.08 kB
dist/assets/stim02-CY2iaK7d.js                                                     0.06 kB │ gzip:     0.08 kB
dist/assets/stim03-DQYF3mcl.js                                                     0.06 kB │ gzip:     0.08 kB
dist/assets/stim04-BkyvxD7W.js                                                     0.06 kB │ gzip:     0.08 kB
dist/assets/stim05-zHU5uILM.js                                                     0.06 kB │ gzip:     0.08 kB
dist/assets/stim06-kY6vgVwL.js                                                     0.06 kB │ gzip:     0.08 kB
dist/assets/stim07-BLUUp2yG.js                                                     0.06 kB │ gzip:     0.08 kB
dist/assets/stim08-DwbcdYqM.js                                                     0.06 kB │ gzip:     0.08 kB
dist/assets/stim09-4nX67--i.js                                                     0.06 kB │ gzip:     0.08 kB
dist/assets/stim10-BoIwjVUg.js                                                     0.06 kB │ gzip:     0.08 kB
dist/assets/stim11-DNCtzYbj.js                                                     0.06 kB │ gzip:     0.08 kB
dist/assets/stim12-xV3K5ukS.js                                                     0.06 kB │ gzip:     0.08 kB
dist/assets/stim13-SMqzG-Ul.js                                                     0.06 kB │ gzip:     0.08 kB
dist/assets/stim14-DWgg2hio.js                                                     0.06 kB │ gzip:     0.08 kB
dist/assets/stim15-CeUeLK5b.js                                                     0.06 kB │ gzip:     0.08 kB
dist/assets/stim16-7AZ9YQS_.js                                                     0.06 kB │ gzip:     0.08 kB
dist/assets/stim17-IW72FsFF.js                                                     0.06 kB │ gzip:     0.08 kB
dist/assets/stim18-COLy1HxK.js                                                     0.06 kB │ gzip:     0.08 kB
dist/assets/stim19-BLuqBlfd.js                                                     0.06 kB │ gzip:     0.08 kB
dist/assets/stim20-BUuAdULy.js                                                     0.06 kB │ gzip:     0.08 kB
dist/assets/stim21-8G1OsBVc.js                                                     0.06 kB │ gzip:     0.08 kB
dist/assets/stim22-7euouVrW.js                                                     0.06 kB │ gzip:     0.08 kB
dist/assets/stim23-Cv9xRXjG.js                                                     0.06 kB │ gzip:     0.08 kB
dist/assets/stim24-DYWoNxU-.js                                                     0.06 kB │ gzip:     0.08 kB
dist/assets/stim25-DaOh88cG.js                                                     0.06 kB │ gzip:     0.08 kB
dist/assets/stim26-9Edkvukp.js                                                     0.06 kB │ gzip:     0.08 kB
dist/assets/stim27-D78q4ycv.js                                                     0.06 kB │ gzip:     0.08 kB
dist/assets/stim28-DdYBlCwy.js                                                     0.06 kB │ gzip:     0.08 kB
dist/assets/stim01-D5S1xOt5.js                                                     0.06 kB │ gzip:     0.08 kB
dist/assets/stim02-NNGEeE4h.js                                                     0.06 kB │ gzip:     0.08 kB
dist/assets/stim03-Bm3DwkNq.js                                                     0.06 kB │ gzip:     0.08 kB
dist/assets/stim04-CzjMs4I5.js                                                     0.06 kB │ gzip:     0.08 kB
dist/assets/stim05-DxkIEDsf.js                                                     0.06 kB │ gzip:     0.08 kB
dist/assets/stim06-BUbDCfzI.js                                                     0.06 kB │ gzip:     0.08 kB
dist/assets/stim07-DKhD0c7c.js                                                     0.06 kB │ gzip:     0.08 kB
dist/assets/stim08-DNoVGr9B.js                                                     0.06 kB │ gzip:     0.08 kB
dist/assets/stim09-Bg1dx3QO.js                                                     0.06 kB │ gzip:     0.08 kB
dist/assets/stim10-BfdPvicE.js                                                     0.06 kB │ gzip:     0.08 kB
dist/assets/stim11-Bd7j3Fpc.js                                                     0.06 kB │ gzip:     0.08 kB
dist/assets/stim12-B1M7Oo_a.js                                                     0.06 kB │ gzip:     0.08 kB
dist/assets/stim13-CS-4wli1.js                                                     0.06 kB │ gzip:     0.08 kB
dist/assets/stim14-BD15a1Pz.js                                                     0.06 kB │ gzip:     0.08 kB
dist/assets/stim15-l1UnZhUb.js                                                     0.06 kB │ gzip:     0.08 kB
dist/assets/stim16-trti0rOt.js                                                     0.06 kB │ gzip:     0.08 kB
dist/assets/stim17-DfxzEXUQ.js                                                     0.06 kB │ gzip:     0.08 kB
dist/assets/stim18-BzAHa2-L.js                                                     0.06 kB │ gzip:     0.08 kB
dist/assets/stim19-El6HtUIX.js                                                     0.06 kB │ gzip:     0.08 kB
dist/assets/stim20-DLY04kam.js                                                     0.06 kB │ gzip:     0.08 kB
dist/assets/stim21-oFavrZBW.js                                                     0.06 kB │ gzip:     0.08 kB
dist/assets/stim22-Bmdi4k41.js                                                     0.06 kB │ gzip:     0.08 kB
dist/assets/stim23-nXvmWkSK.js                                                     0.06 kB │ gzip:     0.08 kB
dist/assets/stim24-mSUnQehj.js                                                     0.06 kB │ gzip:     0.08 kB
dist/assets/stim25-NMusSYze.js                                                     0.06 kB │ gzip:     0.08 kB
dist/assets/stim26-CYWzPvN4.js                                                     0.06 kB │ gzip:     0.08 kB
dist/assets/stim27-BVwyeZhL.js                                                     0.06 kB │ gzip:     0.08 kB
dist/assets/stim28-CaZ7OUZe.js                                                     0.06 kB │ gzip:     0.08 kB
dist/assets/stim01-BBBIcDGq.js                                                     0.06 kB │ gzip:     0.08 kB
dist/assets/stim02-DeeYS5EO.js                                                     0.06 kB │ gzip:     0.08 kB
dist/assets/stim03-C8Qdt71J.js                                                     0.06 kB │ gzip:     0.08 kB
dist/assets/stim04-qy9Luw39.js                                                     0.06 kB │ gzip:     0.08 kB
dist/assets/stim05-ChYayrzr.js                                                     0.06 kB │ gzip:     0.08 kB
dist/assets/stim06-Dk263A1J.js                                                     0.06 kB │ gzip:     0.08 kB
dist/assets/stim07-jxZUbJmZ.js                                                     0.06 kB │ gzip:     0.08 kB
dist/assets/stim08-Bw5osV_D.js                                                     0.06 kB │ gzip:     0.08 kB
dist/assets/stim09-Bg6H0NRj.js                                                     0.06 kB │ gzip:     0.08 kB
dist/assets/stim10-C41W354F.js                                                     0.06 kB │ gzip:     0.08 kB
dist/assets/stim11-huM39udg.js                                                     0.06 kB │ gzip:     0.08 kB
dist/assets/stim12-g6XfNW76.js                                                     0.06 kB │ gzip:     0.08 kB
dist/assets/stim13-Q0RqLKGg.js                                                     0.06 kB │ gzip:     0.08 kB
dist/assets/stim14-CMXGWjFK.js                                                     0.06 kB │ gzip:     0.08 kB
dist/assets/stim15-h1IAIn8G.js                                                     0.06 kB │ gzip:     0.08 kB
dist/assets/stim16-DWuisBNW.js                                                     0.06 kB │ gzip:     0.08 kB
dist/assets/stim17-CM4jlWB7.js                                                     0.06 kB │ gzip:     0.08 kB
dist/assets/stim18-CgVQFTbg.js                                                     0.06 kB │ gzip:     0.08 kB
dist/assets/stim19-BjuldMpT.js                                                     0.06 kB │ gzip:     0.08 kB
dist/assets/stim20-CZ22VDjI.js                                                     0.06 kB │ gzip:     0.08 kB
dist/assets/stim21-BK7iCxpo.js                                                     0.06 kB │ gzip:     0.08 kB
dist/assets/stim22-BFcv5Vyw.js                                                     0.06 kB │ gzip:     0.08 kB
dist/assets/stim23--EuccNQC.js                                                     0.06 kB │ gzip:     0.08 kB
dist/assets/stim24-D-7VfDth.js                                                     0.06 kB │ gzip:     0.08 kB
dist/assets/stim25-D-0Wjr5Z.js                                                     0.06 kB │ gzip:     0.08 kB
dist/assets/stim26-Bb06bPQN.js                                                     0.06 kB │ gzip:     0.08 kB
dist/assets/stim27-CtLZvNIr.js                                                     0.06 kB │ gzip:     0.08 kB
dist/assets/stim28-DDZytZGb.js                                                     0.06 kB │ gzip:     0.08 kB
dist/assets/Anchor-STJzrcnM.js                                                     0.06 kB │ gzip:     0.08 kB
dist/assets/ERazor-D5EJ7Vq1.js                                                     0.06 kB │ gzip:     0.08 kB
dist/assets/4-gym_1-BffS6tl9.js                                                    0.06 kB │ gzip:     0.08 kB
dist/assets/4-gym_2-DjKaK7oA.js                                                    0.06 kB │ gzip:     0.08 kB
dist/assets/4-gym_3-C0FCEvXW.js                                                    0.06 kB │ gzip:     0.08 kB
dist/assets/4-gym_4-BGFhb8ME.js                                                    0.06 kB │ gzip:     0.08 kB
dist/assets/4-gym_5-DLbxMYdP.js                                                    0.06 kB │ gzip:     0.08 kB
dist/assets/4-gym_6-DU4qmcq9.js                                                    0.06 kB │ gzip:     0.08 kB
dist/assets/4-gym_7-CT54siw_.js                                                    0.06 kB │ gzip:     0.08 kB
dist/assets/4-gym_8-Ck88mPvy.js                                                    0.06 kB │ gzip:     0.08 kB
dist/assets/4-gym_9-B8EAzs2C.js                                                    0.06 kB │ gzip:     0.08 kB
dist/assets/1.56_40-bYSrczpn.js                                                    0.06 kB │ gzip:     0.08 kB
dist/assets/A29FORD-ChX3k6HS.js                                                    0.06 kB │ gzip:     0.08 kB
dist/assets/ABENCH2-CkBKpKcs.js                                                    0.06 kB │ gzip:     0.08 kB
dist/assets/AGONG11-J267DsTZ.js                                                    0.06 kB │ gzip:     0.08 kB
dist/assets/ATOWER3-WOWmQPn3.js                                                    0.06 kB │ gzip:     0.08 kB
dist/assets/AVIPER3-C7i6OpW8.js                                                    0.06 kB │ gzip:     0.08 kB
dist/assets/Apiano6-BFyvcMYt.js                                                    0.06 kB │ gzip:     0.08 kB
dist/assets/D_dryer-ElFB0ZUx.js                                                    0.06 kB │ gzip:     0.08 kB
dist/assets/D_stove-3p5it3CZ.js                                                    0.06 kB │ gzip:     0.08 kB
dist/assets/bunkbed-AF_OgYPO.js                                                    0.06 kB │ gzip:     0.08 kB
dist/assets/drumset-B1NCiSsu.js                                                    0.06 kB │ gzip:     0.08 kB
dist/assets/hammock-CEQ3zfEb.js                                                    0.06 kB │ gzip:     0.08 kB
dist/assets/mailbox-BK1c9AGZ.js                                                    0.06 kB │ gzip:     0.08 kB
dist/assets/tractor-cey8y4Qw.js                                                    0.06 kB │ gzip:     0.08 kB
dist/assets/A_razor-i9TvhkK4.js                                                    0.06 kB │ gzip:     0.08 kB
dist/assets/Abead10-pWulOd8U.js                                                    0.06 kB │ gzip:     0.08 kB
dist/assets/Abell44-CVPnnMQ2.js                                                    0.06 kB │ gzip:     0.08 kB
dist/assets/Acdrom4-bfSXQM9E.js                                                    0.06 kB │ gzip:     0.08 kB
dist/assets/Aleaf74-BXPyw3Wy.js                                                    0.06 kB │ gzip:     0.08 kB
dist/assets/Aleaf85-BZBFibGU.js                                                    0.06 kB │ gzip:     0.08 kB
dist/assets/B_brush-BstM3l_A.js                                                    0.06 kB │ gzip:     0.08 kB
dist/assets/knife01-Cvavkqlv.js                                                    0.06 kB │ gzip:     0.08 kB
dist/assets/perfume-B4hOmfwL.js                                                    0.06 kB │ gzip:     0.08 kB
dist/assets/socks01-CU0-V1L3.js                                                    0.06 kB │ gzip:     0.08 kB
dist/assets/bodies10-Bvfj_T9w.js                                                   0.06 kB │ gzip:     0.08 kB
dist/assets/bodies11-CE1nd9vU.js                                                   0.06 kB │ gzip:     0.08 kB
dist/assets/bodies12-DKMTVqns.js                                                   0.06 kB │ gzip:     0.08 kB
dist/assets/bodies13-D0o4f1CX.js                                                   0.06 kB │ gzip:     0.08 kB
dist/assets/bodies14-DSWWvlPM.js                                                   0.06 kB │ gzip:     0.08 kB
dist/assets/bodies15-DKjUYzay.js                                                   0.06 kB │ gzip:     0.08 kB
dist/assets/bodies16-B5fgclQ2.js                                                   0.06 kB │ gzip:     0.08 kB
dist/assets/bodies17-BwAhn6wm.js                                                   0.06 kB │ gzip:     0.08 kB
dist/assets/bodies18-CyOI7Py6.js                                                   0.06 kB │ gzip:     0.08 kB
dist/assets/bodies19-Be2gf9w9.js                                                   0.06 kB │ gzip:     0.08 kB
dist/assets/bodies20-CLeoQrGX.js                                                   0.06 kB │ gzip:     0.08 kB
dist/assets/bodies21-DDptDUum.js                                                   0.06 kB │ gzip:     0.08 kB
dist/assets/bodies22-CDXaohW1.js                                                   0.06 kB │ gzip:     0.08 kB
dist/assets/bodies23-DTyXf8HL.js                                                   0.06 kB │ gzip:     0.08 kB
dist/assets/bodies24-yS5sOoPS.js                                                   0.06 kB │ gzip:     0.08 kB
dist/assets/bodies25-Dsf1e86d.js                                                   0.06 kB │ gzip:     0.08 kB
dist/assets/bodies26-D_bSojMr.js                                                   0.06 kB │ gzip:     0.08 kB
dist/assets/bodies27-hyZ53aj6.js                                                   0.06 kB │ gzip:     0.08 kB
dist/assets/bodies28-Cpi_-6aN.js                                                   0.06 kB │ gzip:     0.08 kB
dist/assets/bodies29-nZCf0ncM.js                                                   0.06 kB │ gzip:     0.08 kB
dist/assets/bodies30-CT5i0ESr.js                                                   0.06 kB │ gzip:     0.08 kB
dist/assets/chairs10-D0gwU_HV.js                                                   0.06 kB │ gzip:     0.08 kB
dist/assets/chairs11-DKt-HF03.js                                                   0.06 kB │ gzip:     0.08 kB
dist/assets/chairs12-BVcjvZGU.js                                                   0.06 kB │ gzip:     0.08 kB
dist/assets/chairs13-DXRK0BjC.js                                                   0.06 kB │ gzip:     0.08 kB
dist/assets/chairs14-DfuKU8TE.js                                                   0.06 kB │ gzip:     0.08 kB
dist/assets/chairs15-cmk9xIlF.js                                                   0.06 kB │ gzip:     0.08 kB
dist/assets/chairs16-D3rolxly.js                                                   0.06 kB │ gzip:     0.08 kB
dist/assets/chairs17-zjKJ9Xro.js                                                   0.06 kB │ gzip:     0.08 kB
dist/assets/chairs18-YaG-LEHD.js                                                   0.06 kB │ gzip:     0.08 kB
dist/assets/chairs19-DCIPm5ye.js                                                   0.06 kB │ gzip:     0.08 kB
dist/assets/chairs20-CwcBe0xz.js                                                   0.06 kB │ gzip:     0.08 kB
dist/assets/chairs21-D1YtAQYO.js                                                   0.06 kB │ gzip:     0.08 kB
dist/assets/chairs22-rQgOGKnK.js                                                   0.06 kB │ gzip:     0.08 kB
dist/assets/chairs23-p0xE-57O.js                                                   0.06 kB │ gzip:     0.08 kB
dist/assets/chairs24-DNom6aCz.js                                                   0.06 kB │ gzip:     0.08 kB
dist/assets/chairs25-Dwg2u2rH.js                                                   0.06 kB │ gzip:     0.08 kB
dist/assets/chairs26-BmIAxGmR.js                                                   0.06 kB │ gzip:     0.08 kB
dist/assets/chairs27-DeXClSlc.js                                                   0.06 kB │ gzip:     0.08 kB
dist/assets/chairs28-wqVSc4a-.js                                                   0.06 kB │ gzip:     0.08 kB
dist/assets/chairs29-BlJP0ULz.js                                                   0.06 kB │ gzip:     0.08 kB
dist/assets/chairs30-D_vE_YDV.js                                                   0.06 kB │ gzip:     0.08 kB
dist/assets/hammers1-BvVee9e1.js                                                   0.06 kB │ gzip:     0.08 kB
dist/assets/hammers2-Bbg_gwMo.js                                                   0.06 kB │ gzip:     0.08 kB
dist/assets/hammers3-DQkxDJC5.js                                                   0.06 kB │ gzip:     0.08 kB
dist/assets/hammers4-Bp2OxYgs.js                                                   0.06 kB │ gzip:     0.08 kB
dist/assets/hammers5-GbP4uJrD.js                                                   0.06 kB │ gzip:     0.08 kB
dist/assets/hammers6-RNtZKK4G.js                                                   0.06 kB │ gzip:     0.08 kB
dist/assets/hammers7-CHKX0FDf.js                                                   0.06 kB │ gzip:     0.08 kB
dist/assets/hammers8-BfPov5PW.js                                                   0.06 kB │ gzip:     0.08 kB
dist/assets/hammers9-DE0bhgDR.js                                                   0.06 kB │ gzip:     0.08 kB
dist/assets/phones10-C7kYiEGj.js                                                   0.06 kB │ gzip:     0.08 kB
dist/assets/phones11-Cxy5pJ_Y.js                                                   0.06 kB │ gzip:     0.08 kB
dist/assets/phones12-DbDlRCOZ.js                                                   0.06 kB │ gzip:     0.08 kB
dist/assets/phones13-BTZkEAmo.js                                                   0.06 kB │ gzip:     0.08 kB
dist/assets/phones14-CBKcIjH3.js                                                   0.06 kB │ gzip:     0.08 kB
dist/assets/phones15-8fkBMf4t.js                                                   0.06 kB │ gzip:     0.08 kB
dist/assets/phones16-WsRG1K_G.js                                                   0.06 kB │ gzip:     0.08 kB
dist/assets/phones17-BWC6mhkM.js                                                   0.06 kB │ gzip:     0.08 kB
dist/assets/phones18-e7cql22r.js                                                   0.06 kB │ gzip:     0.08 kB
dist/assets/phones19-RPJOevoc.js                                                   0.06 kB │ gzip:     0.08 kB
dist/assets/phones20-CsHo5UGh.js                                                   0.06 kB │ gzip:     0.08 kB
dist/assets/phones21-DLpwBrMx.js                                                   0.06 kB │ gzip:     0.08 kB
dist/assets/phones22-D89eX4HQ.js                                                   0.06 kB │ gzip:     0.08 kB
dist/assets/phones23-rfm0viJn.js                                                   0.06 kB │ gzip:     0.08 kB
dist/assets/phones24-_D3aARLi.js                                                   0.06 kB │ gzip:     0.08 kB
dist/assets/phones25-BtVoIz0m.js                                                   0.06 kB │ gzip:     0.08 kB
dist/assets/phones26-D4TX2nWZ.js                                                   0.06 kB │ gzip:     0.08 kB
dist/assets/phones27-CmkuugI4.js                                                   0.06 kB │ gzip:     0.08 kB
dist/assets/phones28-DkdBMqB9.js                                                   0.06 kB │ gzip:     0.08 kB
dist/assets/phones29-Ct3dnKam.js                                                   0.06 kB │ gzip:     0.08 kB
dist/assets/phones30-DtUPsWY1.js                                                   0.06 kB │ gzip:     0.08 kB
dist/assets/Bagpipe-5-LYGelN.js                                                    0.06 kB │ gzip:     0.08 kB
dist/assets/deskfan-DKkuJ3ye.js                                                    0.06 kB │ gzip:     0.08 kB
dist/assets/mailbox-gR9uCuR0.js                                                    0.06 kB │ gzip:     0.08 kB
dist/assets/4-gym_10-CI1wo4_l.js                                                   0.06 kB │ gzip:     0.08 kB
dist/assets/4-gym_11-DKREK0_L.js                                                   0.06 kB │ gzip:     0.08 kB
dist/assets/4-gym_12-XqUKZa-M.js                                                   0.06 kB │ gzip:     0.08 kB
dist/assets/4-gym_13-Bd7phF42.js                                                   0.06 kB │ gzip:     0.08 kB
dist/assets/4-gym_14-SzaV_ws0.js                                                   0.06 kB │ gzip:     0.08 kB
dist/assets/4-gym_15-BrmYnFft.js                                                   0.06 kB │ gzip:     0.08 kB
dist/assets/4-gym_16-CHpbRAl7.js                                                   0.06 kB │ gzip:     0.08 kB
dist/assets/04_match-CJvl_x6p.js                                                   0.06 kB │ gzip:     0.08 kB
dist/assets/06_match-DlnHIXQC.js                                                   0.06 kB │ gzip:     0.08 kB
dist/assets/08_match-CcXv8QAt.js                                                   0.06 kB │ gzip:     0.08 kB
dist/assets/10_match-BsEBRaz2.js                                                   0.06 kB │ gzip:     0.08 kB
dist/assets/12_match-BY611R8H.js                                                   0.06 kB │ gzip:     0.08 kB
dist/assets/13_match-C_kaXnQY.js                                                   0.06 kB │ gzip:     0.08 kB
dist/assets/15_match-vIgEuJ14.js                                                   0.06 kB │ gzip:     0.08 kB
dist/assets/16_match-BZr1_1QE.js                                                   0.06 kB │ gzip:     0.08 kB
dist/assets/17_match-RZL9Fhte.js                                                   0.06 kB │ gzip:     0.08 kB
dist/assets/20_match-DDDYhUN5.js                                                   0.06 kB │ gzip:     0.08 kB
dist/assets/22_match-DEpJXSmI.js                                                   0.06 kB │ gzip:     0.08 kB
dist/assets/26_match-DJN6pMxo.js                                                   0.06 kB │ gzip:     0.08 kB
dist/assets/34_match-KgPdp_Ho.js                                                   0.06 kB │ gzip:     0.08 kB
dist/assets/37_match-D9pzJ6Eo.js                                                   0.06 kB │ gzip:     0.08 kB
dist/assets/39_match-BdwxBi-2.js                                                   0.06 kB │ gzip:     0.08 kB
dist/assets/42_match-BChtWcBb.js                                                   0.06 kB │ gzip:     0.08 kB
dist/assets/43_match-tKueUlCQ.js                                                   0.06 kB │ gzip:     0.08 kB
dist/assets/44_match-D8wd0Ljp.js                                                   0.06 kB │ gzip:     0.08 kB
dist/assets/46_match-CTCPp6LY.js                                                   0.06 kB │ gzip:     0.08 kB
dist/assets/48_match-orK89jol.js                                                   0.06 kB │ gzip:     0.08 kB
dist/assets/53_match-BcAvlC_2.js                                                   0.06 kB │ gzip:     0.08 kB
dist/assets/56_match-DCOM1XIu.js                                                   0.06 kB │ gzip:     0.08 kB
dist/assets/57_match-2s46EPh1.js                                                   0.06 kB │ gzip:     0.08 kB
dist/assets/59_match-D_uXDg-P.js                                                   0.06 kB │ gzip:     0.08 kB
dist/assets/64_match-Briu0mNu.js                                                   0.06 kB │ gzip:     0.08 kB
dist/assets/72_match-B0ZT4zYu.js                                                   0.06 kB │ gzip:     0.08 kB
dist/assets/74_match-Cou63-b8.js                                                   0.06 kB │ gzip:     0.08 kB
dist/assets/75_match-BepUwGIw.js                                                   0.06 kB │ gzip:     0.08 kB
dist/assets/78_match-CGXVRh-4.js                                                   0.06 kB │ gzip:     0.08 kB
dist/assets/80_match-CGpJaJY9.js                                                   0.06 kB │ gzip:     0.08 kB
dist/assets/81_match-BMd7ESoF.js                                                   0.06 kB │ gzip:     0.08 kB
dist/assets/83_match-CNaDDFgT.js                                                   0.06 kB │ gzip:     0.08 kB
dist/assets/pixface1-adauUNCG.js                                                   0.06 kB │ gzip:     0.08 kB
dist/assets/pixface2-D51a-QBF.js                                                   0.06 kB │ gzip:     0.08 kB
dist/assets/pixface3-CVD_XLqv.js                                                   0.06 kB │ gzip:     0.08 kB
dist/assets/pixface4-DMvVu37D.js                                                   0.06 kB │ gzip:     0.08 kB
dist/assets/pixface5-C7KRzg3t.js                                                   0.06 kB │ gzip:     0.08 kB
dist/assets/pixface6-DU0GZZ9w.js                                                   0.06 kB │ gzip:     0.08 kB
dist/assets/pixface7-Dd8NEwmE.js                                                   0.06 kB │ gzip:     0.08 kB
dist/assets/pixface8-DLDwWrTy.js                                                   0.06 kB │ gzip:     0.08 kB
dist/assets/pixface9-Cj59TIZK.js                                                   0.06 kB │ gzip:     0.08 kB
dist/assets/1.37_yak-Dv3vx607.js                                                   0.06 kB │ gzip:     0.08 kB
dist/assets/1.74_van-BXGIB57d.js                                                   0.06 kB │ gzip:     0.08 kB
dist/assets/0.87_rat-DIMIc31S.js                                                   0.06 kB │ gzip:     0.08 kB
dist/assets/1.00_bat-C6eX3Yrh.js                                                   0.06 kB │ gzip:     0.08 kB
dist/assets/A90CRUIS-DX7r6O-T.js                                                   0.06 kB │ gzip:     0.08 kB
dist/assets/ARACECAR-B9XqY6sQ.js                                                   0.06 kB │ gzip:     0.08 kB
dist/assets/ASHADES3-taHWaNHG.js                                                   0.06 kB │ gzip:     0.08 kB
dist/assets/ASKYDIVE-D0fz6eml.js                                                   0.06 kB │ gzip:     0.08 kB
dist/assets/ATRUNK15-C_G62vn6.js                                                   0.06 kB │ gzip:     0.08 kB
dist/assets/ATRUNK17-CLMtqPew.js                                                   0.06 kB │ gzip:     0.08 kB
dist/assets/ATRUNK21-DEXAMOeC.js                                                   0.06 kB │ gzip:     0.08 kB
dist/assets/Abench14-CTZYG6m6.js                                                   0.06 kB │ gzip:     0.08 kB
dist/assets/Abench20-B87x9LoZ.js                                                   0.06 kB │ gzip:     0.08 kB
dist/assets/Acanoe19-C54cdLcB.js                                                   0.06 kB │ gzip:     0.08 kB
dist/assets/Acouch42-BWQSr_p1.js                                                   0.06 kB │ gzip:     0.08 kB
dist/assets/Ashelf27-olk-IjK2.js                                                   0.06 kB │ gzip:     0.08 kB
dist/assets/D_podium-Ch8mAU0q.js                                                   0.06 kB │ gzip:     0.08 kB
dist/assets/Stroller-BOIIA7o8.js                                                   0.06 kB │ gzip:     0.08 kB
dist/assets/aquarium-Cit66Gvb.js                                                   0.06 kB │ gzip:     0.08 kB
dist/assets/phpThumb-hxmn23NC.js                                                   0.06 kB │ gzip:     0.08 kB
dist/assets/swingset-DaJDgNyv.js                                                   0.06 kB │ gzip:     0.08 kB
dist/assets/AARTIVE6-Dpu2kvAP.js                                                   0.06 kB │ gzip:     0.08 kB
dist/assets/ADISCMAN-C1MJHJFT.js                                                   0.06 kB │ gzip:     0.08 kB
dist/assets/ASCOTAPE-DnDdeN6z.js                                                   0.06 kB │ gzip:     0.08 kB
dist/assets/A_cookie-Ch7Qj8eX.js                                                   0.06 kB │ gzip:     0.08 kB
dist/assets/A_teabag-C4msKsLD.js                                                   0.06 kB │ gzip:     0.08 kB
dist/assets/Aapple15-CZrQvMbM.js                                                   0.06 kB │ gzip:     0.08 kB
dist/assets/Abinder6-9DpnwK6d.js                                                   0.06 kB │ gzip:     0.08 kB
dist/assets/Abread24-BGOb3L-d.js                                                   0.06 kB │ gzip:     0.08 kB
dist/assets/Abrush46-C3ocP-KP.js                                                   0.06 kB │ gzip:     0.08 kB
dist/assets/Acable13-ftwbGHjF.js                                                   0.06 kB │ gzip:     0.08 kB
dist/assets/Acandy50-flFh6OFc.js                                                   0.06 kB │ gzip:     0.08 kB
dist/assets/Acelery3-BoTtsYsZ.js                                                   0.06 kB │ gzip:     0.08 kB
dist/assets/Aflask23-wcY80Mgq.js                                                   0.06 kB │ gzip:     0.08 kB
dist/assets/Aglass45-BmuKqEAe.js                                                   0.06 kB │ gzip:     0.08 kB
dist/assets/Aladle18-BvPwiL4F.js                                                   0.06 kB │ gzip:     0.08 kB
dist/assets/Alemon11-3eDgAhc_.js                                                   0.06 kB │ gzip:     0.08 kB
dist/assets/Amitten6-Ds2ZTkfr.js                                                   0.06 kB │ gzip:     0.08 kB
dist/assets/Amouse27-8-km2fQv.js                                                   0.06 kB │ gzip:     0.08 kB
dist/assets/Arazor23-BtX4SaWG.js                                                   0.06 kB │ gzip:     0.08 kB
dist/assets/Asandal7-DZ0uWpn3.js                                                   0.06 kB │ gzip:     0.08 kB
dist/assets/Ashovel8-WXEx7KjF.js                                                   0.06 kB │ gzip:     0.08 kB
dist/assets/Ashrimp8-CzTge1qQ.js                                                   0.06 kB │ gzip:     0.08 kB
dist/assets/Aspoon14-Buckhq-h.js                                                   0.06 kB │ gzip:     0.08 kB
dist/assets/Atoyball-YS4HKOOU.js                                                   0.06 kB │ gzip:     0.08 kB
dist/assets/Awatch53-BPg-sYrD.js                                                   0.06 kB │ gzip:     0.08 kB
dist/assets/B_banana-hcRBUAXU.js                                                   0.06 kB │ gzip:     0.08 kB
dist/assets/B_coffee-dHy6Tc-F.js                                                   0.06 kB │ gzip:     0.08 kB
dist/assets/B_orange-CtAKqWac.js                                                   0.06 kB │ gzip:     0.08 kB
dist/assets/burger03-1EwWgaoP.js                                                   0.06 kB │ gzip:     0.08 kB
dist/assets/butter03-C1pwTtfc.js                                                   0.06 kB │ gzip:     0.08 kB
dist/assets/hotdog01-DCZElVok.js                                                   0.06 kB │ gzip:     0.08 kB
dist/assets/pepper01-kmfVD-fn.js                                                   0.06 kB │ gzip:     0.08 kB
dist/assets/hammers10-DafvtdEH.js                                                  0.06 kB │ gzip:     0.08 kB
dist/assets/hammers11-CU1Rt1qJ.js                                                  0.06 kB │ gzip:     0.08 kB
dist/assets/hammers12-BgNpEh3v.js                                                  0.06 kB │ gzip:     0.08 kB
dist/assets/hammers13-2z5SSFrq.js                                                  0.06 kB │ gzip:     0.08 kB
dist/assets/hammers14-D7JqyGNq.js                                                  0.06 kB │ gzip:     0.08 kB
dist/assets/hammers15-JzlW4qCg.js                                                  0.06 kB │ gzip:     0.08 kB
dist/assets/hammers16-BUp0uBAJ.js                                                  0.06 kB │ gzip:     0.08 kB
dist/assets/hammers17-DqPO6cRl.js                                                  0.06 kB │ gzip:     0.08 kB
dist/assets/hammers18-ClurCA9i.js                                                  0.06 kB │ gzip:     0.08 kB
dist/assets/hammers19-ZgIcTY0x.js                                                  0.06 kB │ gzip:     0.08 kB
dist/assets/hammers20-D8Xv9OTl.js                                                  0.06 kB │ gzip:     0.08 kB
dist/assets/hammers21-B3tALHES.js                                                  0.06 kB │ gzip:     0.08 kB
dist/assets/hammers22-itQfRvtr.js                                                  0.06 kB │ gzip:     0.08 kB
dist/assets/hammers23-Qk0Fnd-A.js                                                  0.06 kB │ gzip:     0.08 kB
dist/assets/hammers24-B948tlgs.js                                                  0.06 kB │ gzip:     0.08 kB
dist/assets/hammers25-BRNPVxe1.js                                                  0.06 kB │ gzip:     0.08 kB
dist/assets/hammers26-BrFoRulP.js                                                  0.06 kB │ gzip:     0.08 kB
dist/assets/hammers27-Cvx4z3pe.js                                                  0.06 kB │ gzip:     0.08 kB
dist/assets/hammers28-B7NoFkCU.js                                                  0.06 kB │ gzip:     0.08 kB
dist/assets/hammers29-BBGoyLHA.js                                                  0.06 kB │ gzip:     0.08 kB
dist/assets/hammers30-BR0wjKyI.js                                                  0.06 kB │ gzip:     0.08 kB
dist/assets/Cassette-DG7V74K6.js                                                   0.06 kB │ gzip:     0.08 kB
dist/assets/Chainsaw-D3bEykoP.js                                                   0.06 kB │ gzip:     0.08 kB
dist/assets/Coffemkr-COYBx8Lz.js                                                   0.06 kB │ gzip:     0.08 kB
dist/assets/Iceskate-DYYKymOw.js                                                   0.06 kB │ gzip:     0.08 kB
dist/assets/image_001-Czd7Mbs-.js                                                  0.06 kB │ gzip:     0.08 kB
dist/assets/image_002-epNYIakw.js                                                  0.06 kB │ gzip:     0.08 kB
dist/assets/image_003-DPLwiwzJ.js                                                  0.06 kB │ gzip:     0.08 kB
dist/assets/image_004-REwzMh6t.js                                                  0.06 kB │ gzip:     0.08 kB
dist/assets/image_005-CfFXmRvc.js                                                  0.06 kB │ gzip:     0.08 kB
dist/assets/image_006-CtGbHIe3.js                                                  0.06 kB │ gzip:     0.08 kB
dist/assets/image_007-DMALy3vI.js                                                  0.06 kB │ gzip:     0.08 kB
dist/assets/image_008-DnQt8kXJ.js                                                  0.06 kB │ gzip:     0.08 kB
dist/assets/image_009-CjGpRtF-.js                                                  0.06 kB │ gzip:     0.08 kB
dist/assets/image_010-DRkBvVYA.js                                                  0.06 kB │ gzip:     0.08 kB
dist/assets/image_011-BqJDI3xH.js                                                  0.06 kB │ gzip:     0.08 kB
dist/assets/image_012-Cfs0rJrd.js                                                  0.06 kB │ gzip:     0.08 kB
dist/assets/image_013-rraLDJXX.js                                                  0.06 kB │ gzip:     0.08 kB
dist/assets/image_014-DEQrfiOO.js                                                  0.06 kB │ gzip:     0.08 kB
dist/assets/image_015-B-_GmvrI.js                                                  0.06 kB │ gzip:     0.08 kB
dist/assets/image_016-BOOquD1A.js                                                  0.06 kB │ gzip:     0.08 kB
dist/assets/image_017-BydBYNrI.js                                                  0.06 kB │ gzip:     0.08 kB
dist/assets/image_018-D3LS8I95.js                                                  0.06 kB │ gzip:     0.08 kB
dist/assets/image_019-5EmX8_lu.js                                                  0.06 kB │ gzip:     0.08 kB
dist/assets/image_020-DkGqSr0P.js                                                  0.06 kB │ gzip:     0.08 kB
dist/assets/image_021-COB2KAML.js                                                  0.06 kB │ gzip:     0.08 kB
dist/assets/image_022-SryRaU8l.js                                                  0.06 kB │ gzip:     0.08 kB
dist/assets/image_023-_2pMNvDP.js                                                  0.06 kB │ gzip:     0.08 kB
dist/assets/image_024-B09MOnHs.js                                                  0.06 kB │ gzip:     0.08 kB
dist/assets/image_025-DPBGrREE.js                                                  0.06 kB │ gzip:     0.08 kB
dist/assets/image_101-CgDXf7JC.js                                                  0.06 kB │ gzip:     0.08 kB
dist/assets/image_102-VfGvjRHt.js                                                  0.06 kB │ gzip:     0.08 kB
dist/assets/image_103-D3EL0YuB.js                                                  0.06 kB │ gzip:     0.08 kB
dist/assets/image_104-BdgSjXkP.js                                                  0.06 kB │ gzip:     0.08 kB
dist/assets/image_105-RUEpcZYq.js                                                  0.06 kB │ gzip:     0.08 kB
dist/assets/image_106-D1SjpEZx.js                                                  0.06 kB │ gzip:     0.08 kB
dist/assets/image_107-zaLj2hX8.js                                                  0.06 kB │ gzip:     0.08 kB
dist/assets/image_108-Bdjd1g7D.js                                                  0.06 kB │ gzip:     0.08 kB
dist/assets/image_109-BI_kwBPu.js                                                  0.06 kB │ gzip:     0.08 kB
dist/assets/image_110-Bx7isWoK.js                                                  0.06 kB │ gzip:     0.08 kB
dist/assets/image_111-_EicT_qy.js                                                  0.06 kB │ gzip:     0.08 kB
dist/assets/image_112-C2ECy1qf.js                                                  0.06 kB │ gzip:     0.08 kB
dist/assets/image_113-ChEFBrhZ.js                                                  0.06 kB │ gzip:     0.08 kB
dist/assets/image_114-BgbUatR4.js                                                  0.06 kB │ gzip:     0.08 kB
dist/assets/image_115-VD-VaonQ.js                                                  0.06 kB │ gzip:     0.08 kB
dist/assets/image_116-DlS5Q45q.js                                                  0.06 kB │ gzip:     0.08 kB
dist/assets/image_117-B4VvqhU3.js                                                  0.06 kB │ gzip:     0.08 kB
dist/assets/image_118-2b41_WkG.js                                                  0.06 kB │ gzip:     0.08 kB
dist/assets/image_119-C_IcOyh9.js                                                  0.06 kB │ gzip:     0.08 kB
dist/assets/image_120-iCJzA8hY.js                                                  0.06 kB │ gzip:     0.08 kB
dist/assets/image_121-DkOsMyCv.js                                                  0.06 kB │ gzip:     0.08 kB
dist/assets/image_122-DjHT-8Be.js                                                  0.06 kB │ gzip:     0.08 kB
dist/assets/image_123-BJCyMbVc.js                                                  0.06 kB │ gzip:     0.08 kB
dist/assets/image_124-DlSGHT8l.js                                                  0.06 kB │ gzip:     0.08 kB
dist/assets/image_125-9Sw7wEFU.js                                                  0.06 kB │ gzip:     0.08 kB
dist/assets/image_026-V4p7CEkJ.js                                                  0.06 kB │ gzip:     0.08 kB
dist/assets/image_027-BJTTbeWN.js                                                  0.06 kB │ gzip:     0.08 kB
dist/assets/image_028-BrzLXm2v.js                                                  0.06 kB │ gzip:     0.08 kB
dist/assets/image_029-Bj-i5bI2.js                                                  0.06 kB │ gzip:     0.08 kB
dist/assets/image_030-CEW2-FNv.js                                                  0.06 kB │ gzip:     0.08 kB
dist/assets/image_031-UgccFJIf.js                                                  0.06 kB │ gzip:     0.08 kB
dist/assets/image_032-BIB-RGaS.js                                                  0.06 kB │ gzip:     0.08 kB
dist/assets/image_033-DPktNq-k.js                                                  0.06 kB │ gzip:     0.08 kB
dist/assets/image_034-Dldcz4Ka.js                                                  0.06 kB │ gzip:     0.08 kB
dist/assets/image_035-JB2d8ExB.js                                                  0.06 kB │ gzip:     0.08 kB
dist/assets/image_036-arvXRLvF.js                                                  0.06 kB │ gzip:     0.08 kB
dist/assets/image_037-D1YFu2F9.js                                                  0.06 kB │ gzip:     0.08 kB
dist/assets/image_038-XL1VqWZI.js                                                  0.06 kB │ gzip:     0.08 kB
dist/assets/image_039-C8hUV266.js                                                  0.06 kB │ gzip:     0.08 kB
dist/assets/image_040-hKwDWut4.js                                                  0.06 kB │ gzip:     0.08 kB
dist/assets/image_041-BVnZryOf.js                                                  0.06 kB │ gzip:     0.08 kB
dist/assets/image_042-JOnRDRVr.js                                                  0.06 kB │ gzip:     0.08 kB
dist/assets/image_043-0eRrvvUu.js                                                  0.06 kB │ gzip:     0.08 kB
dist/assets/image_044-NYIkRVch.js                                                  0.06 kB │ gzip:     0.08 kB
dist/assets/image_045-zhBZz6Oe.js                                                  0.06 kB │ gzip:     0.08 kB
dist/assets/image_046-D9wAhCfD.js                                                  0.06 kB │ gzip:     0.08 kB
dist/assets/image_047-FU9XkIF4.js                                                  0.06 kB │ gzip:     0.08 kB
dist/assets/image_048-B0q5tjFI.js                                                  0.06 kB │ gzip:     0.08 kB
dist/assets/image_049-_zPUZ5LP.js                                                  0.06 kB │ gzip:     0.08 kB
dist/assets/image_050-CdNiWM-8.js                                                  0.06 kB │ gzip:     0.08 kB
dist/assets/image_051-BCw_fPMW.js                                                  0.06 kB │ gzip:     0.08 kB
dist/assets/image_052-D7YwB0zr.js                                                  0.06 kB │ gzip:     0.08 kB
dist/assets/image_053-BZiBE3CO.js                                                  0.06 kB │ gzip:     0.08 kB
dist/assets/image_054-BUBcF019.js                                                  0.06 kB │ gzip:     0.08 kB
dist/assets/image_055-rKgi1aLU.js                                                  0.06 kB │ gzip:     0.08 kB
dist/assets/image_056-CPgoHD3J.js                                                  0.06 kB │ gzip:     0.08 kB
dist/assets/image_057-CDBFwtPb.js                                                  0.06 kB │ gzip:     0.08 kB
dist/assets/image_058-CCSo2J-B.js                                                  0.06 kB │ gzip:     0.08 kB
dist/assets/image_059-C34tFwYF.js                                                  0.06 kB │ gzip:     0.08 kB
dist/assets/image_060-XbZeY6Un.js                                                  0.06 kB │ gzip:     0.08 kB
dist/assets/image_061-CANDJsCp.js                                                  0.06 kB │ gzip:     0.08 kB
dist/assets/image_062-Dy8gF87y.js                                                  0.06 kB │ gzip:     0.08 kB
dist/assets/image_063-Dc3y7b5x.js                                                  0.06 kB │ gzip:     0.08 kB
dist/assets/image_064-LilyxU5-.js                                                  0.06 kB │ gzip:     0.08 kB
dist/assets/image_065-K-RcBofv.js                                                  0.06 kB │ gzip:     0.08 kB
dist/assets/image_066-xHRHCIJR.js                                                  0.06 kB │ gzip:     0.08 kB
dist/assets/image_067-DBBXZTfE.js                                                  0.06 kB │ gzip:     0.08 kB
dist/assets/image_068-DdaiUYZn.js                                                  0.06 kB │ gzip:     0.08 kB
dist/assets/image_069-vVOZBEnn.js                                                  0.06 kB │ gzip:     0.08 kB
dist/assets/image_070-C6GeQFR4.js                                                  0.06 kB │ gzip:     0.08 kB
dist/assets/image_071-qrzFWqDQ.js                                                  0.06 kB │ gzip:     0.08 kB
dist/assets/image_072-Dr0eKbNd.js                                                  0.06 kB │ gzip:     0.08 kB
dist/assets/image_073-Dqn83wxb.js                                                  0.06 kB │ gzip:     0.08 kB
dist/assets/image_074-BfLm18Q0.js                                                  0.06 kB │ gzip:     0.08 kB
dist/assets/image_075-15AsD66m.js                                                  0.06 kB │ gzip:     0.08 kB
dist/assets/image_151-CRpeNxAy.js                                                  0.06 kB │ gzip:     0.08 kB
dist/assets/image_152-Dvb8DWiw.js                                                  0.06 kB │ gzip:     0.08 kB
dist/assets/image_153-CkZHRiWr.js                                                  0.06 kB │ gzip:     0.08 kB
dist/assets/image_154-DCWkDMjW.js                                                  0.06 kB │ gzip:     0.08 kB
dist/assets/image_155-BV1UIxPo.js                                                  0.06 kB │ gzip:     0.08 kB
dist/assets/image_156-C4PEyGjC.js                                                  0.06 kB │ gzip:     0.08 kB
dist/assets/image_157-DxY_rl0e.js                                                  0.06 kB │ gzip:     0.08 kB
dist/assets/image_158-Dfoy3nXz.js                                                  0.06 kB │ gzip:     0.08 kB
dist/assets/image_159-DAdiG6oB.js                                                  0.06 kB │ gzip:     0.08 kB
dist/assets/image_160-vp2d7ulL.js                                                  0.06 kB │ gzip:     0.08 kB
dist/assets/image_161-Bub8kkHQ.js                                                  0.06 kB │ gzip:     0.08 kB
dist/assets/image_162-DXzrmBoP.js                                                  0.06 kB │ gzip:     0.08 kB
dist/assets/image_163-B57psEeW.js                                                  0.06 kB │ gzip:     0.08 kB
dist/assets/image_164-CCqYgQPk.js                                                  0.06 kB │ gzip:     0.08 kB
dist/assets/image_165-DNzEhc1U.js                                                  0.06 kB │ gzip:     0.08 kB
dist/assets/image_166-BmUak30u.js                                                  0.06 kB │ gzip:     0.08 kB
dist/assets/image_167-5RnC9nBZ.js                                                  0.06 kB │ gzip:     0.08 kB
dist/assets/image_168-BfwGmqk0.js                                                  0.06 kB │ gzip:     0.08 kB
dist/assets/image_169-NYtoANIj.js                                                  0.06 kB │ gzip:     0.08 kB
dist/assets/image_170-BUaWc7Ue.js                                                  0.06 kB │ gzip:     0.08 kB
dist/assets/image_171-DAyOF1aX.js                                                  0.06 kB │ gzip:     0.08 kB
dist/assets/image_172-aq6PachG.js                                                  0.06 kB │ gzip:     0.08 kB
dist/assets/image_173-CoCqSSTu.js                                                  0.06 kB │ gzip:     0.08 kB
dist/assets/image_174-DgzkbQ-j.js                                                  0.06 kB │ gzip:     0.08 kB
dist/assets/image_175-DUr9K9KP.js                                                  0.06 kB │ gzip:     0.08 kB
dist/assets/image_176-BUjrWIxG.js                                                  0.06 kB │ gzip:     0.08 kB
dist/assets/image_177-DCy5EZLC.js                                                  0.06 kB │ gzip:     0.08 kB
dist/assets/image_178-ByciX0c6.js                                                  0.06 kB │ gzip:     0.08 kB
dist/assets/image_179-C82hUM2K.js                                                  0.06 kB │ gzip:     0.08 kB
dist/assets/image_180-B71yZV7J.js                                                  0.06 kB │ gzip:     0.08 kB
dist/assets/image_181-CMiOltY0.js                                                  0.06 kB │ gzip:     0.08 kB
dist/assets/image_182-DKrPly_a.js                                                  0.06 kB │ gzip:     0.08 kB
dist/assets/image_183-C43j150V.js                                                  0.06 kB │ gzip:     0.08 kB
dist/assets/image_184-DW7iSMlA.js                                                  0.06 kB │ gzip:     0.08 kB
dist/assets/image_185-Dsz9aiNC.js                                                  0.06 kB │ gzip:     0.08 kB
dist/assets/image_076-CGXUbo2N.js                                                  0.06 kB │ gzip:     0.08 kB
dist/assets/image_077-CrahuQbv.js                                                  0.06 kB │ gzip:     0.08 kB
dist/assets/image_078-D1qsF4D0.js                                                  0.06 kB │ gzip:     0.08 kB
dist/assets/image_079-D67UVto1.js                                                  0.06 kB │ gzip:     0.08 kB
dist/assets/image_080-BKegAfKa.js                                                  0.06 kB │ gzip:     0.08 kB
dist/assets/image_081-EWdFUUfs.js                                                  0.06 kB │ gzip:     0.08 kB
dist/assets/image_082-CXsHs1Wh.js                                                  0.06 kB │ gzip:     0.08 kB
dist/assets/image_083-D0mpInje.js                                                  0.06 kB │ gzip:     0.08 kB
dist/assets/image_084-Cv9frs90.js                                                  0.06 kB │ gzip:     0.08 kB
dist/assets/image_085-CBqLmzZa.js                                                  0.06 kB │ gzip:     0.08 kB
dist/assets/image_086-DoSM3Iel.js                                                  0.06 kB │ gzip:     0.08 kB
dist/assets/image_087-DRycAZsv.js                                                  0.06 kB │ gzip:     0.08 kB
dist/assets/image_088-CA2ijP7q.js                                                  0.06 kB │ gzip:     0.08 kB
dist/assets/image_089-CyYfeGud.js                                                  0.06 kB │ gzip:     0.08 kB
dist/assets/image_090-3EPQFlqZ.js                                                  0.06 kB │ gzip:     0.08 kB
dist/assets/image_091-Co61A2fN.js                                                  0.06 kB │ gzip:     0.08 kB
dist/assets/image_092-Cmn7uWTK.js                                                  0.06 kB │ gzip:     0.08 kB
dist/assets/image_093-BAUAwL0F.js                                                  0.06 kB │ gzip:     0.08 kB
dist/assets/image_094-8KB_rfHr.js                                                  0.06 kB │ gzip:     0.08 kB
dist/assets/image_095-BeA0MUrJ.js                                                  0.06 kB │ gzip:     0.08 kB
dist/assets/image_096-Dwrsu93l.js                                                  0.06 kB │ gzip:     0.08 kB
dist/assets/image_097-DVSFevyM.js                                                  0.06 kB │ gzip:     0.08 kB
dist/assets/image_098-C9WIkAza.js                                                  0.06 kB │ gzip:     0.08 kB
dist/assets/image_099-DVB7IuFa.js                                                  0.06 kB │ gzip:     0.08 kB
dist/assets/image_100-gVIfL_ee.js                                                  0.06 kB │ gzip:     0.08 kB
dist/assets/image_126-BPWXkA-o.js                                                  0.06 kB │ gzip:     0.08 kB
dist/assets/image_127-D6uJjlnA.js                                                  0.06 kB │ gzip:     0.08 kB
dist/assets/image_128-D72d3_DO.js                                                  0.06 kB │ gzip:     0.08 kB
dist/assets/image_129-DzL2y3NY.js                                                  0.06 kB │ gzip:     0.08 kB
dist/assets/image_130-BwEEhhjN.js                                                  0.06 kB │ gzip:     0.08 kB
dist/assets/image_131-DjSPv7MC.js                                                  0.06 kB │ gzip:     0.08 kB
dist/assets/image_132-Bfxdl-Nw.js                                                  0.06 kB │ gzip:     0.08 kB
dist/assets/image_133-Hyt2lpJM.js                                                  0.06 kB │ gzip:     0.08 kB
dist/assets/image_134-Cxdzx7Sk.js                                                  0.06 kB │ gzip:     0.08 kB
dist/assets/image_135-Cr8ymNxx.js                                                  0.06 kB │ gzip:     0.08 kB
dist/assets/image_136-B00Yc94k.js                                                  0.06 kB │ gzip:     0.08 kB
dist/assets/image_137-OiTnf8q5.js                                                  0.06 kB │ gzip:     0.08 kB
dist/assets/image_138-CiSc_YQm.js                                                  0.06 kB │ gzip:     0.08 kB
dist/assets/image_139-BSWtpFTr.js                                                  0.06 kB │ gzip:     0.08 kB
dist/assets/image_140-Bpq8HGBq.js                                                  0.06 kB │ gzip:     0.08 kB
dist/assets/image_141-DQuBFZ3b.js                                                  0.06 kB │ gzip:     0.08 kB
dist/assets/image_142-DFlpD0Zt.js                                                  0.06 kB │ gzip:     0.08 kB
dist/assets/image_143-CmXoCbtF.js                                                  0.06 kB │ gzip:     0.08 kB
dist/assets/image_144-C1vTES8C.js                                                  0.06 kB │ gzip:     0.08 kB
dist/assets/image_145-DTnQeC0S.js                                                  0.06 kB │ gzip:     0.08 kB
dist/assets/image_146-CjbcHUvZ.js                                                  0.06 kB │ gzip:     0.08 kB
dist/assets/image_147-CnZOVXJK.js                                                  0.06 kB │ gzip:     0.08 kB
dist/assets/image_148-BIOABQOe.js                                                  0.06 kB │ gzip:     0.08 kB
dist/assets/image_149-LLU5B8Zc.js                                                  0.06 kB │ gzip:     0.08 kB
dist/assets/image_150-D8Sd8oNi.js                                                  0.06 kB │ gzip:     0.08 kB
dist/assets/4-4-gym_1-0Pye9UTn.js                                                  0.06 kB │ gzip:     0.08 kB
dist/assets/4-4-gym_2-DGdqB2YN.js                                                  0.06 kB │ gzip:     0.08 kB
dist/assets/4-4-gym_3-CHtsF5oT.js                                                  0.06 kB │ gzip:     0.08 kB
dist/assets/4-4-gym_4-xyHhdExx.js                                                  0.06 kB │ gzip:     0.08 kB
dist/assets/4-4-gym_5-CYA1iMIZ.js                                                  0.06 kB │ gzip:     0.08 kB
dist/assets/4-4-gym_6-B4YB5E8A.js                                                  0.06 kB │ gzip:     0.08 kB
dist/assets/4-4-gym_7-D2vDhDyO.js                                                  0.06 kB │ gzip:     0.08 kB
dist/assets/4-4-gym_8-2Q_jNz5b.js                                                  0.06 kB │ gzip:     0.08 kB
dist/assets/4-4-gym_9-Bap4qm5X.js                                                  0.06 kB │ gzip:     0.08 kB
dist/assets/4-lobby_1-BkbsAKOz.js                                                  0.06 kB │ gzip:     0.08 kB
dist/assets/4-lobby_2-wI6F9Qri.js                                                  0.06 kB │ gzip:     0.08 kB
dist/assets/4-lobby_3-BncX3vBh.js                                                  0.06 kB │ gzip:     0.08 kB
dist/assets/4-lobby_4-09gx3KJc.js                                                  0.06 kB │ gzip:     0.08 kB
dist/assets/4-lobby_5-d9YiAaZ3.js                                                  0.06 kB │ gzip:     0.08 kB
dist/assets/4-lobby_6-CNBal9mL.js                                                  0.06 kB │ gzip:     0.08 kB
dist/assets/4-lobby_7-CaxhoRRe.js                                                  0.06 kB │ gzip:     0.08 kB
dist/assets/4-lobby_8-fxcjR-yy.js                                                  0.06 kB │ gzip:     0.08 kB
dist/assets/4-lobby_9-BTDbyIar.js                                                  0.06 kB │ gzip:     0.08 kB
dist/assets/pixface10-B5ji1WrR.js                                                  0.06 kB │ gzip:     0.08 kB
dist/assets/pixface11-CalcEJQ_.js                                                  0.06 kB │ gzip:     0.08 kB
dist/assets/pixface12-CJljEyi4.js                                                  0.06 kB │ gzip:     0.08 kB
dist/assets/pixface13-CuWklC1M.js                                                  0.06 kB │ gzip:     0.08 kB
dist/assets/pixface14-GJhihJBO.js                                                  0.06 kB │ gzip:     0.08 kB
dist/assets/pixface15-DwDU1hn7.js                                                  0.06 kB │ gzip:     0.08 kB
dist/assets/pixface16-ZYiOabUw.js                                                  0.06 kB │ gzip:     0.08 kB
dist/assets/pixface17-B9rr-5iZ.js                                                  0.06 kB │ gzip:     0.08 kB
dist/assets/pixface18-Cg-pnVkP.js                                                  0.06 kB │ gzip:     0.08 kB
dist/assets/pixface19-i8wHpTPY.js                                                  0.06 kB │ gzip:     0.08 kB
dist/assets/pixface20-BqMBfpuS.js                                                  0.06 kB │ gzip:     0.08 kB
dist/assets/pixface21-gzWb9YOv.js                                                  0.06 kB │ gzip:     0.08 kB
dist/assets/pixface22-CtTofHQV.js                                                  0.06 kB │ gzip:     0.08 kB
dist/assets/pixface23-CQFZN0A9.js                                                  0.06 kB │ gzip:     0.08 kB
dist/assets/pixface24-CRBO8Zkm.js                                                  0.06 kB │ gzip:     0.08 kB
dist/assets/pixface25-D4KAo7R8.js                                                  0.06 kB │ gzip:     0.08 kB
dist/assets/pixface26-zj3BLjWf.js                                                  0.06 kB │ gzip:     0.08 kB
dist/assets/pixface27-CaZf5bU-.js                                                  0.06 kB │ gzip:     0.08 kB
dist/assets/pixface28-CQwVEGSx.js                                                  0.06 kB │ gzip:     0.08 kB
dist/assets/pixface29-PoKd8O8A.js                                                  0.06 kB │ gzip:     0.08 kB
dist/assets/pixface30-B8Qg6Ew2.js                                                  0.06 kB │ gzip:     0.08 kB
dist/assets/pixface31-DIYEepGW.js                                                  0.06 kB │ gzip:     0.08 kB
dist/assets/pixface32-RMUZeuFB.js                                                  0.06 kB │ gzip:     0.08 kB
dist/assets/pixface33-BRAzH0Cu.js                                                  0.06 kB │ gzip:     0.08 kB
dist/assets/pixface34-BvHMM-kY.js                                                  0.06 kB │ gzip:     0.08 kB
dist/assets/pixface35-DD7gdd_6.js                                                  0.06 kB │ gzip:     0.08 kB
dist/assets/pixface36-CYydzKwN.js                                                  0.06 kB │ gzip:     0.08 kB
dist/assets/pixface37-DOBSUBL9.js                                                  0.06 kB │ gzip:     0.08 kB
dist/assets/pixface38-Cb6KOWvo.js                                                  0.06 kB │ gzip:     0.08 kB
dist/assets/pixface39-TZn5Ohin.js                                                  0.06 kB │ gzip:     0.08 kB
dist/assets/pixface40-D-oWX7Qy.js                                                  0.06 kB │ gzip:     0.08 kB
dist/assets/pixface41-BfwNqC_E.js                                                  0.06 kB │ gzip:     0.08 kB
dist/assets/pixface42-D5yHK1j1.js                                                  0.06 kB │ gzip:     0.08 kB
dist/assets/pixface43-CAYb9uB6.js                                                  0.06 kB │ gzip:     0.08 kB
dist/assets/pixface44-B6NMRgEV.js                                                  0.06 kB │ gzip:     0.08 kB
dist/assets/pixface45-DiMFYyfg.js                                                  0.06 kB │ gzip:     0.08 kB
dist/assets/pixface46-va9KaWOg.js                                                  0.06 kB │ gzip:     0.08 kB
dist/assets/pixface47-BPyRJWnM.js                                                  0.06 kB │ gzip:     0.08 kB
dist/assets/pixface48-xOXXSGB6.js                                                  0.06 kB │ gzip:     0.08 kB
dist/assets/pixface49-CVTRaAew.js                                                  0.06 kB │ gzip:     0.08 kB
dist/assets/pixface50-Dzjdds_g.js                                                  0.06 kB │ gzip:     0.08 kB
dist/assets/pixface51-B1UVdoeZ.js                                                  0.06 kB │ gzip:     0.08 kB
dist/assets/pixface52-3fzSn2V8.js                                                  0.06 kB │ gzip:     0.08 kB
dist/assets/pixplace1-DGiDsjI1.js                                                  0.06 kB │ gzip:     0.08 kB
dist/assets/pixplace2-pQtOZrL_.js                                                  0.06 kB │ gzip:     0.08 kB
dist/assets/pixplace3-Cn2RCACC.js                                                  0.06 kB │ gzip:     0.08 kB
dist/assets/pixplace4-B_nOgMTF.js                                                  0.06 kB │ gzip:     0.08 kB
dist/assets/pixplace5-BlhFG1pK.js                                                  0.06 kB │ gzip:     0.08 kB
dist/assets/pixplace6-CcplgVuG.js                                                  0.06 kB │ gzip:     0.08 kB
dist/assets/pixplace7-4VMYYe59.js                                                  0.06 kB │ gzip:     0.08 kB
dist/assets/pixplace8-UsyTBtrT.js                                                  0.06 kB │ gzip:     0.08 kB
dist/assets/pixplace9-C_3ppg4y.js                                                  0.06 kB │ gzip:     0.08 kB
dist/assets/1.28_cow1-PskxAC5G.js                                                  0.06 kB │ gzip:     0.08 kB
dist/assets/0.77_oven-khFTQyGE.js                                                  0.06 kB │ gzip:     0.08 kB
dist/assets/1.05_crib-Ckch1VPr.js                                                  0.06 kB │ gzip:     0.08 kB
dist/assets/1.23_tent-C5eNj_fB.js                                                  0.06 kB │ gzip:     0.08 kB
dist/assets/0.72_owl2-67EPDgfK.js                                                  0.06 kB │ gzip:     0.08 kB
dist/assets/1.22_duck-Bib8Yj7Q.js                                                  0.06 kB │ gzip:     0.08 kB
dist/assets/1.79_mole-rlC-nVne.js                                                  0.06 kB │ gzip:     0.08 kB
dist/assets/A1991CHE7-BZLuiVg7.js                                                  0.06 kB │ gzip:     0.08 kB
dist/assets/A80RESCU3-48FSbYCV.js                                                  0.06 kB │ gzip:     0.08 kB
dist/assets/A95CHEROK-DQUSiBZi.js                                                  0.06 kB │ gzip:     0.08 kB
dist/assets/AAIRBALL2-CyjWVqeZ.js                                                  0.06 kB │ gzip:     0.08 kB
dist/assets/AAIRBALL8-CMBaSred.js                                                  0.06 kB │ gzip:     0.08 kB
dist/assets/AAIRBLIMP-BRFZAigB.js                                                  0.06 kB │ gzip:     0.08 kB
dist/assets/AAIRPLAN2-BX2kKMea.js                                                  0.06 kB │ gzip:     0.08 kB
dist/assets/AAIRPLNPR-Dy5I4Qbe.js                                                  0.06 kB │ gzip:     0.08 kB
dist/assets/AAMBULAN3-CLMDyXHp.js                                                  0.06 kB │ gzip:     0.08 kB
dist/assets/AAMBULAN7-BU3gPpGs.js                                                  0.06 kB │ gzip:     0.08 kB
dist/assets/AANTCANN5-Co918sBp.js                                                  0.06 kB │ gzip:     0.08 kB
dist/assets/AANTCANO5-BCNTanrH.js                                                  0.06 kB │ gzip:     0.08 kB
dist/assets/AANTCHAIR-CWuTbYlQ.js                                                  0.06 kB │ gzip:     0.08 kB
dist/assets/AANTRAD24-DjiWQ60f.js                                                  0.06 kB │ gzip:     0.08 kB
dist/assets/AANTRAD26-tfWueU2O.js                                                  0.06 kB │ gzip:     0.08 kB
dist/assets/AARMCHA13-BnSNetX6.js                                                  0.06 kB │ gzip:     0.08 kB
dist/assets/AARMCHA25-CvN9NniB.js                                                  0.06 kB │ gzip:     0.08 kB
dist/assets/AARMCHA30-diWT8hCE.js                                                  0.06 kB │ gzip:     0.08 kB
dist/assets/AARMCHA72-Bb4nwgWm.js                                                  0.06 kB │ gzip:     0.08 kB
dist/assets/AASPHEQUA-BL__oeuo.js                                                  0.06 kB │ gzip:     0.08 kB
dist/assets/ABILLTABL-dZDOQlsF.js                                                  0.06 kB │ gzip:     0.08 kB
dist/assets/ABLAKBEN2-BQdhBBsZ.js                                                  0.06 kB │ gzip:     0.08 kB
dist/assets/ABROWCONT-DOBkRPga.js                                                  0.06 kB │ gzip:     0.08 kB
dist/assets/ABUILDAR4-fDlapPSa.js                                                  0.06 kB │ gzip:     0.08 kB
dist/assets/ACHAIR158-G_j1awbE.js                                                  0.06 kB │ gzip:     0.08 kB
dist/assets/ACHAIR370-Li5tSvB7.js                                                  0.06 kB │ gzip:     0.08 kB
dist/assets/ACITROEN4-DLsnq1hW.js                                                  0.06 kB │ gzip:     0.08 kB
dist/assets/ADOORWA66-D4HenL7s.js                                                  0.06 kB │ gzip:     0.08 kB
dist/assets/ADOORWA69-B_7pzLzM.js                                                  0.06 kB │ gzip:     0.08 kB
dist/assets/ADUNEBUGG-DKrweovW.js                                                  0.06 kB │ gzip:     0.08 kB
dist/assets/AFILCAB10-DNnzZV2c.js                                                  0.06 kB │ gzip:     0.08 kB
dist/assets/AFILCABI4-DJiEhQzT.js                                                  0.06 kB │ gzip:     0.08 kB
dist/assets/AFIREPL10-Bfda88WZ.js                                                  0.06 kB │ gzip:     0.08 kB
dist/assets/AJUKEBOX3-CRhPROfi.js                                                  0.06 kB │ gzip:     0.08 kB
dist/assets/ALITERBOX-CKIt2BDc.js                                                  0.06 kB │ gzip:     0.08 kB
dist/assets/ALITTERB2-Denl783S.js                                                  0.06 kB │ gzip:     0.08 kB
dist/assets/ALOVSEA10-K1UIV7xS.js                                                  0.06 kB │ gzip:     0.08 kB
dist/assets/ALOVSEA12-Ch9eFxCF.js                                                  0.06 kB │ gzip:     0.08 kB
dist/assets/ALOVSEA14-v7QgD3w7.js                                                  0.06 kB │ gzip:     0.08 kB
dist/assets/ALOVSEA16-CMwUu8YQ.js                                                  0.06 kB │ gzip:     0.08 kB
dist/assets/ALOVSEA18-CrrkvxEm.js                                                  0.06 kB │ gzip:     0.08 kB
dist/assets/ALOVSEA19-D-FKz-KO.js                                                  0.06 kB │ gzip:     0.08 kB
dist/assets/ALOVSEA21-D4KYad-1.js                                                  0.06 kB │ gzip:     0.08 kB
dist/assets/ALOVSEA22-Lnm9K_na.js                                                  0.06 kB │ gzip:     0.08 kB
dist/assets/AMAILBO28-GfcfcNyL.js                                                  0.06 kB │ gzip:     0.08 kB
dist/assets/AMAILBOX6-CQDC4xwI.js                                                  0.06 kB │ gzip:     0.08 kB
dist/assets/AMODCONVE-DNGsxr3Y.js                                                  0.06 kB │ gzip:     0.08 kB
dist/assets/AOLDDOOR6-k2x2DxvG.js                                                  0.06 kB │ gzip:     0.08 kB
dist/assets/ARACECA21-CSHZZopB.js                                                  0.06 kB │ gzip:     0.08 kB
dist/assets/ARACECA50-IkjdgbgW.js                                                  0.06 kB │ gzip:     0.08 kB
dist/assets/ARACECAR4-N7iwcLwV.js                                                  0.06 kB │ gzip:     0.08 kB
dist/assets/ARCMPPOL2-3KRcQgh_.js                                                  0.06 kB │ gzip:     0.08 kB
dist/assets/ASHADES13-A1oxaIT1.js                                                  0.06 kB │ gzip:     0.08 kB
dist/assets/ATRIUMPH3-D6zX7BPL.js                                                  0.06 kB │ gzip:     0.08 kB
dist/assets/ATRIUMPHA-CAirNVEH.js                                                  0.06 kB │ gzip:     0.08 kB
dist/assets/ATRIUMPHR-CyLr9shl.js                                                  0.06 kB │ gzip:     0.08 kB
dist/assets/AWINDMILL-loFx0lJO.js                                                  0.06 kB │ gzip:     0.08 kB
dist/assets/AWINDSU21-DiX9j6j3.js                                                  0.06 kB │ gzip:     0.08 kB
dist/assets/AYELLCOUC-B4z6gu9c.js                                                  0.06 kB │ gzip:     0.08 kB
dist/assets/Abaggcon2-CK_R1vhg.js                                                  0.06 kB │ gzip:     0.08 kB
dist/assets/Abarrel30-CXOHpl1S.js                                                  0.06 kB │ gzip:     0.08 kB
dist/assets/Achair559-BM8bNFZ4.js                                                  0.06 kB │ gzip:     0.08 kB
dist/assets/Achair570-5Vn1yD_v.js                                                  0.06 kB │ gzip:     0.08 kB
dist/assets/Achair576-DGt-S_TC.js                                                  0.06 kB │ gzip:     0.08 kB
dist/assets/Achair582-B5Q6AryB.js                                                  0.06 kB │ gzip:     0.08 kB
dist/assets/Achair599-B43h1yia.js                                                  0.06 kB │ gzip:     0.08 kB
dist/assets/Achair604-pdQ4S19V.js                                                  0.06 kB │ gzip:     0.08 kB
dist/assets/Aclock261-C0MzZYNW.js                                                  0.06 kB │ gzip:     0.08 kB
dist/assets/Ajetski15-wEQjusPE.js                                                  0.06 kB │ gzip:     0.08 kB
dist/assets/Aredantiq-8OI7RwsA.js                                                  0.06 kB │ gzip:     0.08 kB
dist/assets/Atable130-CdIBcET3.js                                                  0.06 kB │ gzip:     0.08 kB
dist/assets/Atrailer5-BgWZljLd.js                                                  0.06 kB │ gzip:     0.08 kB
dist/assets/D_bathtub-CUoSA7-x.js                                                  0.06 kB │ gzip:     0.08 kB
dist/assets/D_dresser-BtvvXAms.js                                                  0.06 kB │ gzip:     0.08 kB
dist/assets/D_jukebox-u7jK5CaP.js                                                  0.06 kB │ gzip:     0.08 kB
dist/assets/E_tractor-D3E3_o64.js                                                  0.06 kB │ gzip:     0.08 kB
dist/assets/bumpercar-ClIJF2mm.js                                                  0.06 kB │ gzip:     0.08 kB
dist/assets/firetruck-6udGn_Cl.js                                                  0.06 kB │ gzip:     0.08 kB
dist/assets/schoolbus-COqEdyGx.js                                                  0.06 kB │ gzip:     0.08 kB
dist/assets/xylophone-C-9NY5GX.js                                                  0.06 kB │ gzip:     0.08 kB
dist/assets/A3leafcl4-B0KRXMbe.js                                                  0.06 kB │ gzip:     0.08 kB
dist/assets/AAGSPOON2-CQLd6tVM.js                                                  0.06 kB │ gzip:     0.08 kB
dist/assets/AANTICUP4-B0sjdn1f.js                                                  0.06 kB │ gzip:     0.08 kB
dist/assets/ABADBIRDY-CfhK8j1y.js                                                  0.06 kB │ gzip:     0.08 kB
dist/assets/ACUPSAU43-cBp3_fr6.js                                                  0.06 kB │ gzip:     0.08 kB
dist/assets/ACURLRIB2-BJ3wdE-e.js                                                  0.06 kB │ gzip:     0.08 kB
dist/assets/AEARPHON5-yUYxtQl4.js                                                  0.06 kB │ gzip:     0.08 kB
dist/assets/AELEAGEN3-B4fmPeHx.js                                                  0.06 kB │ gzip:     0.08 kB
dist/assets/AFEATHE36-C7uhHwdQ.js                                                  0.06 kB │ gzip:     0.08 kB
dist/assets/AMAGNGLA3-Bsw52g9V.js                                                  0.06 kB │ gzip:     0.08 kB
dist/assets/ARUBBST10-RNs5PF5R.js                                                  0.06 kB │ gzip:     0.08 kB
dist/assets/ASCISSO29-CxQVcOmG.js                                                  0.06 kB │ gzip:     0.08 kB
dist/assets/ASERVICEB-GGFuGoGy.js                                                  0.06 kB │ gzip:     0.08 kB
dist/assets/ASOCCBAL3-BkonbwW1.js                                                  0.06 kB │ gzip:     0.08 kB
dist/assets/ASOCCBALL-D7ffwXdY.js                                                  0.06 kB │ gzip:     0.08 kB
dist/assets/ASOCCMED7-gEM7hWCU.js                                                  0.06 kB │ gzip:     0.08 kB
dist/assets/Aavocado7-rD5QZTL0.js                                                  0.06 kB │ gzip:     0.08 kB
dist/assets/Ablackma3-cU050OFX.js                                                  0.06 kB │ gzip:     0.08 kB
dist/assets/Abrooch94-XMNxWCux.js                                                  0.06 kB │ gzip:     0.08 kB
dist/assets/Acompas19-CwdlplLl.js                                                  0.06 kB │ gzip:     0.08 kB
dist/assets/Aduckling-B00s0HpG.js                                                  0.06 kB │ gzip:     0.08 kB
dist/assets/Aductta15-DEFLcTgE.js                                                  0.06 kB │ gzip:     0.08 kB
dist/assets/Aflashl10-BxqsQIdW.js                                                  0.06 kB │ gzip:     0.08 kB
dist/assets/Agrater10-BtF_Eurp.js                                                  0.06 kB │ gzip:     0.08 kB
dist/assets/Aim4ribbo-D18LWxUl.js                                                  0.06 kB │ gzip:     0.08 kB
dist/assets/Athimble2-DstMit-v.js                                                  0.06 kB │ gzip:     0.08 kB
dist/assets/Atomato12-C5UGE42x.js                                                  0.06 kB │ gzip:     0.08 kB
dist/assets/Atoytaxi3-Cg_YVTiU.js                                                  0.06 kB │ gzip:     0.08 kB
dist/assets/Atrowel37-D7q3jkQF.js                                                  0.06 kB │ gzip:     0.08 kB
dist/assets/Awalnut10-BVEOvsL9.js                                                  0.06 kB │ gzip:     0.08 kB
dist/assets/Ayelltuli-BY8aOaHo.js                                                  0.06 kB │ gzip:     0.08 kB
dist/assets/B_handset-ekHUg9pQ.js                                                  0.06 kB │ gzip:     0.08 kB
dist/assets/B_stapler-BVV2q4og.js                                                  0.06 kB │ gzip:     0.08 kB
dist/assets/B_thermos-Dvg54G6u.js                                                  0.06 kB │ gzip:     0.08 kB
dist/assets/dustpan02-DU_NY5lt.js                                                  0.06 kB │ gzip:     0.08 kB
dist/assets/harmonica-D0vDrO42.js                                                  0.06 kB │ gzip:     0.08 kB
dist/assets/ringbox03-BzqgnYME.js                                                  0.06 kB │ gzip:     0.08 kB
dist/assets/buildings1-BvDXdPHZ.js                                                 0.06 kB │ gzip:     0.08 kB
dist/assets/buildings2-DajsfaCe.js                                                 0.06 kB │ gzip:     0.08 kB
dist/assets/buildings3-BewWoP6k.js                                                 0.06 kB │ gzip:     0.08 kB
dist/assets/buildings4-CwGwBsYQ.js                                                 0.06 kB │ gzip:     0.08 kB
dist/assets/buildings5-BlQGfaa4.js                                                 0.06 kB │ gzip:     0.08 kB
dist/assets/buildings6-CSROmyrh.js                                                 0.06 kB │ gzip:     0.08 kB
dist/assets/buildings7-CgQiCskQ.js                                                 0.06 kB │ gzip:     0.08 kB
dist/assets/buildings8-CL4o-H42.js                                                 0.06 kB │ gzip:     0.08 kB
dist/assets/buildings9-BpI8UKly.js                                                 0.06 kB │ gzip:     0.08 kB
dist/assets/Accordian-CmmNQV5u.js                                                  0.06 kB │ gzip:     0.08 kB
dist/assets/Harmonica-DXFrGeh0.js                                                  0.06 kB │ gzip:     0.08 kB
dist/assets/Sailboard-CX0_OYt8.js                                                  0.06 kB │ gzip:     0.08 kB
dist/assets/furnarr06-TVClpdrB.js                                                  0.06 kB │ gzip:     0.08 kB
dist/assets/furnarr07-CwHIFkN6.js                                                  0.06 kB │ gzip:     0.08 kB
dist/assets/furnarr08-yZ7RUKGv.js                                                  0.06 kB │ gzip:     0.08 kB
dist/assets/furnarr10-QTPwHCx-.js                                                  0.06 kB │ gzip:     0.08 kB
dist/assets/furnarr12-DOesg8mX.js                                                  0.06 kB │ gzip:     0.08 kB
dist/assets/furnarr14-CGRoHqqx.js                                                  0.06 kB │ gzip:     0.08 kB
dist/assets/furnarr16-YVfOSuqb.js                                                  0.06 kB │ gzip:     0.08 kB
dist/assets/furnarr18-BawbAYI7.js                                                  0.06 kB │ gzip:     0.08 kB
dist/assets/furnarr20-DWjWdUZ-.js                                                  0.06 kB │ gzip:     0.08 kB
dist/assets/furnarr22-CKMdBq9P.js                                                  0.06 kB │ gzip:     0.08 kB
dist/assets/furnarr24-DKcU36pu.js                                                  0.06 kB │ gzip:     0.08 kB
dist/assets/furnarr26-DzQb4VCL.js                                                  0.06 kB │ gzip:     0.08 kB
dist/assets/furnarr28-DvnALw3o.js                                                  0.06 kB │ gzip:     0.08 kB
dist/assets/furnarr30-6CUbVWDu.js                                                  0.06 kB │ gzip:     0.08 kB
dist/assets/furnarr06-C25DI2O2.js                                                  0.06 kB │ gzip:     0.08 kB
dist/assets/furnarr07-DARl5mHp.js                                                  0.06 kB │ gzip:     0.08 kB
dist/assets/furnarr08-C7vnFEET.js                                                  0.06 kB │ gzip:     0.08 kB
dist/assets/furnarr10-DpICU-FW.js                                                  0.06 kB │ gzip:     0.08 kB
dist/assets/furnarr12-YIG2Zm7_.js                                                  0.06 kB │ gzip:     0.08 kB
dist/assets/furnarr14-VdTWYSoG.js                                                  0.06 kB │ gzip:     0.08 kB
dist/assets/furnarr16-DysNKGJF.js                                                  0.06 kB │ gzip:     0.08 kB
dist/assets/furnarr18-CJiWPTPe.js                                                  0.06 kB │ gzip:     0.08 kB
dist/assets/furnarr20-DbZX7Cyg.js                                                  0.06 kB │ gzip:     0.08 kB
dist/assets/furnarr22-B7xFtdaD.js                                                  0.06 kB │ gzip:     0.08 kB
dist/assets/furnarr24-9TVQ-cHy.js                                                  0.06 kB │ gzip:     0.08 kB
dist/assets/furnarr26-B7AQ3kYX.js                                                  0.06 kB │ gzip:     0.08 kB
dist/assets/furnarr28-D8DnHmle.js                                                  0.06 kB │ gzip:     0.08 kB
dist/assets/furnarr30-icCZEWcU.js                                                  0.06 kB │ gzip:     0.08 kB
dist/assets/1-4-tent_1-BMFuU_TW.js                                                 0.06 kB │ gzip:     0.08 kB
dist/assets/1-4-tent_2-CrBFDOTH.js                                                 0.06 kB │ gzip:     0.08 kB
dist/assets/1-4-tent_3-DcDIt0bT.js                                                 0.06 kB │ gzip:     0.08 kB
dist/assets/1-4-tent_4-LaibOCpn.js                                                 0.06 kB │ gzip:     0.08 kB
dist/assets/1-4-tent_5-ByRq1EVy.js                                                 0.06 kB │ gzip:     0.08 kB
dist/assets/1-4-tent_6-HAbqNFBV.js                                                 0.06 kB │ gzip:     0.08 kB
dist/assets/1-4-tent_7-VuyBfIPL.js                                                 0.06 kB │ gzip:     0.08 kB
dist/assets/1-4-tent_8-DRRlyKYt.js                                                 0.06 kB │ gzip:     0.08 kB
dist/assets/1-4-tent_9-CVT4HLOp.js                                                 0.06 kB │ gzip:     0.08 kB
dist/assets/4-1-loft_1-B2rl42Oa.js                                                 0.06 kB │ gzip:     0.08 kB
dist/assets/4-1-loft_2-DEKfdvoY.js                                                 0.06 kB │ gzip:     0.08 kB
dist/assets/4-1-loft_3-SEcA2hMY.js                                                 0.06 kB │ gzip:     0.08 kB
dist/assets/4-1-loft_4-CbeX1hJD.js                                                 0.06 kB │ gzip:     0.08 kB
dist/assets/4-1-loft_5-7F0fBxrT.js                                                 0.06 kB │ gzip:     0.08 kB
dist/assets/4-1-loft_6-Cn7f17RI.js                                                 0.06 kB │ gzip:     0.08 kB
dist/assets/4-1-loft_7-CAWKqxjd.js                                                 0.06 kB │ gzip:     0.08 kB
dist/assets/4-1-loft_8-CJOwF1-4.js                                                 0.06 kB │ gzip:     0.08 kB
dist/assets/4-1-loft_9-Bgq4gVX3.js                                                 0.06 kB │ gzip:     0.08 kB
dist/assets/4-4-gym_10-Dyvy0dkj.js                                                 0.06 kB │ gzip:     0.08 kB
dist/assets/4-4-gym_11-DtG0J9US.js                                                 0.06 kB │ gzip:     0.08 kB
dist/assets/4-4-gym_12-BSQNT91j.js                                                 0.06 kB │ gzip:     0.08 kB
dist/assets/1-closet_1-DUryOqXd.js                                                 0.06 kB │ gzip:     0.08 kB
dist/assets/1-closet_2-Dg4Ze619.js                                                 0.06 kB │ gzip:     0.08 kB
dist/assets/1-closet_3-BYf8xcqR.js                                                 0.06 kB │ gzip:     0.08 kB
dist/assets/1-closet_4-rHZZlkBf.js                                                 0.06 kB │ gzip:     0.08 kB
dist/assets/1-closet_5-D2e3itp4.js                                                 0.06 kB │ gzip:     0.08 kB
dist/assets/1-closet_6-Bc1q6c1A.js                                                 0.06 kB │ gzip:     0.08 kB
dist/assets/1-closet_7-CKq76bgO.js                                                 0.06 kB │ gzip:     0.08 kB
dist/assets/1-closet_8-C1pN0VLn.js                                                 0.06 kB │ gzip:     0.08 kB
dist/assets/1-closet_9-BPG-oTVe.js                                                 0.06 kB │ gzip:     0.08 kB
dist/assets/1-pantry_1-IKZ1yeTv.js                                                 0.06 kB │ gzip:     0.08 kB
dist/assets/1-pantry_2-jHMUu-4p.js                                                 0.06 kB │ gzip:     0.08 kB
dist/assets/1-pantry_3-C_Ck64aY.js                                                 0.06 kB │ gzip:     0.08 kB
dist/assets/1-pantry_4-BYxd6fKE.js                                                 0.06 kB │ gzip:     0.08 kB
dist/assets/1-pantry_5-DdJ40m59.js                                                 0.06 kB │ gzip:     0.08 kB
dist/assets/1-pantry_6-CpKaA9SL.js                                                 0.06 kB │ gzip:     0.08 kB
dist/assets/1-pantry_7-bz_VTNkR.js                                                 0.06 kB │ gzip:     0.08 kB
dist/assets/1-pantry_8-DhDw-eGt.js                                                 0.06 kB │ gzip:     0.08 kB
dist/assets/1-pantry_9-B72r_ITF.js                                                 0.06 kB │ gzip:     0.08 kB
dist/assets/1-shower_1-DIQGsYG6.js                                                 0.06 kB │ gzip:     0.08 kB
dist/assets/1-shower_2-CRQ7MemR.js                                                 0.06 kB │ gzip:     0.08 kB
dist/assets/1-shower_3-DecR2--Q.js                                                 0.06 kB │ gzip:     0.08 kB
dist/assets/1-shower_4-C1_Q1H8Y.js                                                 0.06 kB │ gzip:     0.08 kB
dist/assets/1-shower_5-CvbTWm16.js                                                 0.06 kB │ gzip:     0.08 kB
dist/assets/1-shower_6-DLJHojto.js                                                 0.06 kB │ gzip:     0.08 kB
dist/assets/1-shower_7-DEYxRB49.js                                                 0.06 kB │ gzip:     0.08 kB
dist/assets/1-shower_8-BPT_G4bZ.js                                                 0.06 kB │ gzip:     0.08 kB
dist/assets/1-shower_9-L24gz3_V.js                                                 0.06 kB │ gzip:     0.08 kB
dist/assets/4-church_1-C-8c1GeR.js                                                 0.06 kB │ gzip:     0.08 kB
dist/assets/4-church_2-BBKpJHaE.js                                                 0.06 kB │ gzip:     0.08 kB
dist/assets/4-church_3-BDunHY3b.js                                                 0.06 kB │ gzip:     0.08 kB
dist/assets/4-church_4-joEEAE1s.js                                                 0.06 kB │ gzip:     0.08 kB
dist/assets/4-church_5-CtRDJDPf.js                                                 0.06 kB │ gzip:     0.08 kB
dist/assets/4-church_6-Dbd7oVMa.js                                                 0.06 kB │ gzip:     0.08 kB
dist/assets/4-church_7-CkAduBOL.js                                                 0.06 kB │ gzip:     0.08 kB
dist/assets/4-church_8-Bdl22_yR.js                                                 0.06 kB │ gzip:     0.08 kB
dist/assets/4-church_9-DNknLZX8.js                                                 0.06 kB │ gzip:     0.08 kB
dist/assets/4-lobby_10-u7h1amyF.js                                                 0.06 kB │ gzip:     0.08 kB
dist/assets/4-lobby_11-BerUS7F8.js                                                 0.06 kB │ gzip:     0.08 kB
dist/assets/4-lobby_12-YzKzZDYB.js                                                 0.06 kB │ gzip:     0.08 kB
dist/assets/4-lobby_13-C8OMPBy1.js                                                 0.06 kB │ gzip:     0.08 kB
dist/assets/4-lobby_14-QNagMIKZ.js                                                 0.06 kB │ gzip:     0.08 kB
dist/assets/4-lobby_15-DGDYTIfr.js                                                 0.06 kB │ gzip:     0.08 kB
dist/assets/4-lobby_16-CWjPPIOA.js                                                 0.06 kB │ gzip:     0.08 kB
dist/assets/5-hangar_1-DfWvHA6r.js                                                 0.06 kB │ gzip:     0.08 kB
dist/assets/5-hangar_2-DWnugnbl.js                                                 0.06 kB │ gzip:     0.08 kB
dist/assets/5-hangar_3-CWJOkNGv.js                                                 0.06 kB │ gzip:     0.08 kB
dist/assets/5-hangar_4-DYzzOE31.js                                                 0.06 kB │ gzip:     0.08 kB
dist/assets/5-hangar_5-CpxF3Qr7.js                                                 0.06 kB │ gzip:     0.08 kB
dist/assets/5-hangar_6-BVE_fHZ4.js                                                 0.06 kB │ gzip:     0.08 kB
dist/assets/5-hangar_7-BRo5dS3u.js                                                 0.06 kB │ gzip:     0.08 kB
dist/assets/5-hangar_8-DCTozq61.js                                                 0.06 kB │ gzip:     0.08 kB
dist/assets/5-hangar_9-DaAJyQ8A.js                                                 0.06 kB │ gzip:     0.08 kB
dist/assets/pointface1-DreZw2qy.js                                                 0.07 kB │ gzip:     0.09 kB
dist/assets/pointface2-DIzAHU5-.js                                                 0.07 kB │ gzip:     0.09 kB
dist/assets/pointface3-DzvqQwf6.js                                                 0.07 kB │ gzip:     0.09 kB
dist/assets/pointface4-DFQwh0zd.js                                                 0.07 kB │ gzip:     0.09 kB
dist/assets/pointface5-CV41vJJQ.js                                                 0.07 kB │ gzip:     0.09 kB
dist/assets/pointface6-DBBMF-2u.js                                                 0.07 kB │ gzip:     0.09 kB
dist/assets/pointface7-DuBxJ7IH.js                                                 0.07 kB │ gzip:     0.09 kB
dist/assets/pointface8-C6O7e-9B.js                                                 0.07 kB │ gzip:     0.09 kB
dist/assets/pointface9-DFGf-RBL.js                                                 0.07 kB │ gzip:     0.09 kB
dist/assets/pixplace10-nIEH5gJe.js                                                 0.07 kB │ gzip:     0.09 kB
dist/assets/pixplace11-Ap7CoscO.js                                                 0.07 kB │ gzip:     0.09 kB
dist/assets/pixplace12-Bz6vJ4-R.js                                                 0.07 kB │ gzip:     0.09 kB
dist/assets/pixplace13-U15GiKym.js                                                 0.07 kB │ gzip:     0.09 kB
dist/assets/pixplace14-Bq_DVCAd.js                                                 0.07 kB │ gzip:     0.09 kB
dist/assets/pixplace15-DP6roiSB.js                                                 0.07 kB │ gzip:     0.09 kB
dist/assets/pixplace16-D4uUzjRY.js                                                 0.07 kB │ gzip:     0.09 kB
dist/assets/pixplace17-DFtq2u3Z.js                                                 0.07 kB │ gzip:     0.09 kB
dist/assets/pixplace18-07GLnkh9.js                                                 0.07 kB │ gzip:     0.09 kB
dist/assets/pixplace19-DqIbPwJ2.js                                                 0.07 kB │ gzip:     0.09 kB
dist/assets/pixplace20-DAZIXk6N.js                                                 0.07 kB │ gzip:     0.09 kB
dist/assets/pixplace21-BQfdsiDL.js                                                 0.07 kB │ gzip:     0.09 kB
dist/assets/pixplace22-DSYEKESq.js                                                 0.07 kB │ gzip:     0.09 kB
dist/assets/pixplace23-CsGm973T.js                                                 0.07 kB │ gzip:     0.09 kB
dist/assets/pixplace24-CMLhK2ZD.js                                                 0.07 kB │ gzip:     0.09 kB
dist/assets/pixplace25-pFdPc-BE.js                                                 0.07 kB │ gzip:     0.09 kB
dist/assets/pixplace26-DbZCzaVX.js                                                 0.07 kB │ gzip:     0.09 kB
dist/assets/pixplace27-Smzrb5tu.js                                                 0.07 kB │ gzip:     0.09 kB
dist/assets/pixplace28-laoBgDEs.js                                                 0.07 kB │ gzip:     0.09 kB
dist/assets/pixplace29-CsmKWblG.js                                                 0.07 kB │ gzip:     0.09 kB
dist/assets/pixplace30-DQ_N6byo.js                                                 0.07 kB │ gzip:     0.09 kB
dist/assets/pixplace31-C-inS1uv.js                                                 0.07 kB │ gzip:     0.09 kB
dist/assets/pixplace32-DclrarUw.js                                                 0.07 kB │ gzip:     0.09 kB
dist/assets/pixplace33-Cw7J8LD9.js                                                 0.07 kB │ gzip:     0.09 kB
dist/assets/pixplace34-CogzxBOT.js                                                 0.07 kB │ gzip:     0.09 kB
dist/assets/pixplace35-D243XFI7.js                                                 0.07 kB │ gzip:     0.09 kB
dist/assets/pixplace36-cjiEgspP.js                                                 0.07 kB │ gzip:     0.09 kB
dist/assets/pixplace37-BAjkeUIF.js                                                 0.07 kB │ gzip:     0.09 kB
dist/assets/pixplace38-DUk5L43B.js                                                 0.07 kB │ gzip:     0.09 kB
dist/assets/pixplace39-eZJshIuK.js                                                 0.07 kB │ gzip:     0.09 kB
dist/assets/pixplace40-rZL_zdIN.js                                                 0.07 kB │ gzip:     0.09 kB
dist/assets/pixplace41-R4qbLSLd.js                                                 0.07 kB │ gzip:     0.09 kB
dist/assets/pixplace42-CRFtUBde.js                                                 0.07 kB │ gzip:     0.09 kB
dist/assets/pixplace43-Bo3KOMKb.js                                                 0.07 kB │ gzip:     0.09 kB
dist/assets/pixplace44-DsoH85V4.js                                                 0.07 kB │ gzip:     0.09 kB
dist/assets/pixplace45-DeW4fFaB.js                                                 0.07 kB │ gzip:     0.09 kB
dist/assets/pixplace46-D7KCdRzb.js                                                 0.07 kB │ gzip:     0.09 kB
dist/assets/pixplace47-B256llyW.js                                                 0.07 kB │ gzip:     0.09 kB
dist/assets/pixplace48-CIEEc1Gr.js                                                 0.07 kB │ gzip:     0.09 kB
dist/assets/pixplace50-CKqVyKD_.js                                                 0.07 kB │ gzip:     0.09 kB
dist/assets/pixplace51-CYHz40Wi.js                                                 0.07 kB │ gzip:     0.09 kB
dist/assets/pixplace52-eIBhWn3Q.js                                                 0.07 kB │ gzip:     0.09 kB
dist/assets/0.80_camel-D18AIlMo.js                                                 0.07 kB │ gzip:     0.09 kB
dist/assets/1.36_horse-BqVWw1ZV.js                                                 0.07 kB │ gzip:     0.09 kB
dist/assets/1.70_hippo-CVmVW_oP.js                                                 0.07 kB │ gzip:     0.09 kB
dist/assets/1.80_rhino-Bm0YXYMI.js                                                 0.07 kB │ gzip:     0.09 kB
dist/assets/0.58_AARCH-BSgarE4G.js                                                 0.07 kB │ gzip:     0.09 kB
dist/assets/0.64_easel-BvYBjWy-.js                                                 0.07 kB │ gzip:     0.09 kB
dist/assets/1.06_Abike-BgDDDcfy.js                                                 0.07 kB │ gzip:     0.09 kB
dist/assets/1.19_grill-Dd3KZwND.js                                                 0.07 kB │ gzip:     0.09 kB
dist/assets/2.07_couch-FJyzJINq.js                                                 0.07 kB │ gzip:     0.09 kB
dist/assets/0.83_mouse-DRtqvVZz.js                                                 0.07 kB │ gzip:     0.09 kB
dist/assets/1.19_bunny-C7Vg0Tg-.js                                                 0.07 kB │ gzip:     0.09 kB
dist/assets/1.21_chick-VZSyoQma.js                                                 0.07 kB │ gzip:     0.09 kB
dist/assets/1.28_crab2-CHYW6cTi.js                                                 0.07 kB │ gzip:     0.09 kB
dist/assets/1.44_frog2-0vnP5w0O.js                                                 0.07 kB │ gzip:     0.09 kB
dist/assets/1.46_duck1-fHZc_WdN.js                                                 0.07 kB │ gzip:     0.09 kB
dist/assets/1.59_frog1-1jnV0qRd.js                                                 0.07 kB │ gzip:     0.09 kB
dist/assets/1.71_duck2-BWq7OfAG.js                                                 0.07 kB │ gzip:     0.09 kB
dist/assets/1.84_snail-Dw63Bl4Z.js                                                 0.07 kB │ gzip:     0.09 kB
dist/assets/2.40_snake-BzJeZ5sS.js                                                 0.07 kB │ gzip:     0.09 kB
dist/assets/Aarmchair2-DxO50w8_.js                                                 0.07 kB │ gzip:     0.09 kB
dist/assets/Abathtub10-CIeoDKmL.js                                                 0.07 kB │ gzip:     0.09 kB
dist/assets/Acabinet11-DtZ9r2V8.js                                                 0.07 kB │ gzip:     0.09 kB
dist/assets/Acabinet14-CK0zz834.js                                                 0.07 kB │ gzip:     0.09 kB
dist/assets/Acabinet48-DczLYL7F.js                                                 0.07 kB │ gzip:     0.09 kB
dist/assets/Acabinet49-BrGUy3SM.js                                                 0.07 kB │ gzip:     0.09 kB
dist/assets/Acabinet55-DBNh5pbt.js                                                 0.07 kB │ gzip:     0.09 kB
dist/assets/Acabinet63-DoFqvWQ2.js                                                 0.07 kB │ gzip:     0.09 kB
dist/assets/Aemptydesk-DjjIQ_tJ.js                                                 0.07 kB │ gzip:     0.09 kB
dist/assets/Ajukebox10-rxr0wZlU.js                                                 0.07 kB │ gzip:     0.09 kB
dist/assets/Apedestal3-CfiijiSO.js                                                 0.07 kB │ gzip:     0.09 kB
dist/assets/Astatue113-B9rlYZpa.js                                                 0.07 kB │ gzip:     0.09 kB
dist/assets/D_dumpster-BnwhhJIH.js                                                 0.07 kB │ gzip:     0.09 kB
dist/assets/D_golfcart-BNNvZS1a.js                                                 0.07 kB │ gzip:     0.09 kB
dist/assets/E_fountain-CtoRl1z-.js                                                 0.07 kB │ gzip:     0.09 kB
dist/assets/garbagecan-Dkm8Ibin.js                                                 0.07 kB │ gzip:     0.09 kB
dist/assets/wheelchair-Dbp26v66.js                                                 0.07 kB │ gzip:     0.09 kB
dist/assets/Aashtray67-F_p0aNyy.js                                                 0.07 kB │ gzip:     0.09 kB
dist/assets/Ablackhat2-H4JSDxh2.js                                                 0.07 kB │ gzip:     0.09 kB
dist/assets/Abracelet3-D6PAWo2-.js                                                 0.07 kB │ gzip:     0.09 kB
dist/assets/Abracelet4-DigCxQ6q.js                                                 0.07 kB │ gzip:     0.09 kB
dist/assets/Abrooch100-Cb5CPmyO.js                                                 0.07 kB │ gzip:     0.09 kB
dist/assets/Acandle107-Dz-I6BoS.js                                                 0.07 kB │ gzip:     0.09 kB
dist/assets/Acliplatch-lAs9Rw5L.js                                                 0.07 kB │ gzip:     0.09 kB
dist/assets/Acreamer35-CQ9-rf1n.js                                                 0.07 kB │ gzip:     0.09 kB
dist/assets/Acroissant-DOTWY74m.js                                                 0.07 kB │ gzip:     0.09 kB
dist/assets/Acucumber2-BBVdR5EV.js                                                 0.07 kB │ gzip:     0.09 kB
dist/assets/Aenvelope3-BRhusZQt.js                                                 0.07 kB │ gzip:     0.09 kB
dist/assets/Afishhook2-Bho006oJ.js                                                 0.07 kB │ gzip:     0.09 kB
dist/assets/Agiftbag20-jmD4MypI.js                                                 0.07 kB │ gzip:     0.09 kB
dist/assets/Agreencup2-B4zX-pG-.js                                                 0.07 kB │ gzip:     0.09 kB
dist/assets/Alighter12-BxdUErhI.js                                                 0.07 kB │ gzip:     0.09 kB
dist/assets/Anectarine-gZDEAgHa.js                                                 0.07 kB │ gzip:     0.09 kB
dist/assets/Apepperoni-Dfcv1-tO.js                                                 0.07 kB │ gzip:     0.09 kB
dist/assets/Aredcandle-saDjEdZ_.js                                                 0.07 kB │ gzip:     0.09 kB
dist/assets/Astapler13-DJE3wn75.js                                                 0.07 kB │ gzip:     0.09 kB
dist/assets/Atoydoll12-By67QpPI.js                                                 0.07 kB │ gzip:     0.09 kB
dist/assets/Azucchini9-hNH8YjPy.js                                                 0.07 kB │ gzip:     0.09 kB
dist/assets/pinecone02-CmLL9lSa.js                                                 0.07 kB │ gzip:     0.09 kB
dist/assets/scissors01-BS2V7lHB.js                                                 0.07 kB │ gzip:     0.09 kB
dist/assets/buildings10-CBhb8ICm.js                                                0.07 kB │ gzip:     0.09 kB
dist/assets/buildings11-D3JkYq0Q.js                                                0.07 kB │ gzip:     0.09 kB
dist/assets/buildings12-B_1njuct.js                                                0.07 kB │ gzip:     0.09 kB
dist/assets/buildings13-0_I3f8Yl.js                                                0.07 kB │ gzip:     0.09 kB
dist/assets/buildings14-DRye9pqI.js                                                0.07 kB │ gzip:     0.09 kB
dist/assets/buildings15-DXjz3QAa.js                                                0.07 kB │ gzip:     0.09 kB
dist/assets/buildings16-ZvCiv9n2.js                                                0.07 kB │ gzip:     0.09 kB
dist/assets/buildings17-DnxR21F5.js                                                0.07 kB │ gzip:     0.09 kB
dist/assets/buildings18-BuS_DbKL.js                                                0.07 kB │ gzip:     0.09 kB
dist/assets/buildings19-ffuaJUxb.js                                                0.07 kB │ gzip:     0.09 kB
dist/assets/buildings20-5K08MTze.js                                                0.07 kB │ gzip:     0.09 kB
dist/assets/buildings21-DlA_cSS4.js                                                0.07 kB │ gzip:     0.09 kB
dist/assets/buildings22-C_0Ih1y-.js                                                0.07 kB │ gzip:     0.09 kB
dist/assets/buildings23-i2hrdOqW.js                                                0.07 kB │ gzip:     0.09 kB
dist/assets/buildings24-qwp2_6KK.js                                                0.07 kB │ gzip:     0.09 kB
dist/assets/buildings25-40g7SeSM.js                                                0.07 kB │ gzip:     0.09 kB
dist/assets/buildings26-D_uMzMlj.js                                                0.07 kB │ gzip:     0.09 kB
dist/assets/buildings27-D3BhFG8d.js                                                0.07 kB │ gzip:     0.09 kB
dist/assets/buildings28-BvUiJ5RC.js                                                0.07 kB │ gzip:     0.09 kB
dist/assets/buildings29-Bk2s7QYM.js                                                0.07 kB │ gzip:     0.09 kB
dist/assets/buildings30-CWc_eNKi.js                                                0.07 kB │ gzip:     0.09 kB
dist/assets/furnarr102-B08wVpvh.js                                                 0.07 kB │ gzip:     0.09 kB
dist/assets/furnarr104-Bq7OJrnt.js                                                 0.07 kB │ gzip:     0.09 kB
dist/assets/furnarr106-Ey805u5v.js                                                 0.07 kB │ gzip:     0.09 kB
dist/assets/furnarr109-_XTMY56P.js                                                 0.07 kB │ gzip:     0.09 kB
dist/assets/furnarr111-DVbYrSg5.js                                                 0.07 kB │ gzip:     0.09 kB
dist/assets/furnarr113-CZIrtSBK.js                                                 0.07 kB │ gzip:     0.09 kB
dist/assets/furnarr102-CRzE4VLa.js                                                 0.07 kB │ gzip:     0.09 kB
dist/assets/furnarr104-B90rTC-n.js                                                 0.07 kB │ gzip:     0.09 kB
dist/assets/furnarr106-BEDy-R67.js                                                 0.07 kB │ gzip:     0.09 kB
dist/assets/furnarr109-DeXpujuE.js                                                 0.07 kB │ gzip:     0.09 kB
dist/assets/furnarr111-CGYiYGby.js                                                 0.07 kB │ gzip:     0.09 kB
dist/assets/furnarr113-De_m9Az2.js                                                 0.07 kB │ gzip:     0.09 kB
dist/assets/1-4-tent_10-BuPJ_kAQ.js                                                0.07 kB │ gzip:     0.09 kB
dist/assets/1-4-tent_11-CxDJ-knp.js                                                0.07 kB │ gzip:     0.09 kB
dist/assets/1-4-tent_12-CVL6xrmY.js                                                0.07 kB │ gzip:     0.09 kB
dist/assets/2-2-sauna_1-DdPYipQQ.js                                                0.07 kB │ gzip:     0.09 kB
dist/assets/2-2-sauna_2-CW5sG9sQ.js                                                0.07 kB │ gzip:     0.09 kB
dist/assets/2-2-sauna_3-BwxOzlgQ.js                                                0.07 kB │ gzip:     0.09 kB
dist/assets/2-2-sauna_4-B23tcyi1.js                                                0.07 kB │ gzip:     0.09 kB
dist/assets/2-2-sauna_5-XmtUlYKz.js                                                0.07 kB │ gzip:     0.09 kB
dist/assets/2-2-sauna_6-BJPS7MET.js                                                0.07 kB │ gzip:     0.09 kB
dist/assets/2-2-sauna_7-Cd6JBAWY.js                                                0.07 kB │ gzip:     0.09 kB
dist/assets/2-2-sauna_8-BSm8nJxG.js                                                0.07 kB │ gzip:     0.09 kB
dist/assets/2-2-sauna_9-ClZvtVyZ.js                                                0.07 kB │ gzip:     0.09 kB
dist/assets/4-1-loft_10-B_139VBF.js                                                0.07 kB │ gzip:     0.09 kB
dist/assets/4-1-loft_11-CeN9hxrL.js                                                0.07 kB │ gzip:     0.09 kB
dist/assets/4-1-loft_12-DEH7ML6i.js                                                0.07 kB │ gzip:     0.09 kB
dist/assets/4-3-lobby_1-Cd0mYxB8.js                                                0.07 kB │ gzip:     0.09 kB
dist/assets/4-3-lobby_2-9__W6FuM.js                                                0.07 kB │ gzip:     0.09 kB
dist/assets/4-3-lobby_3-I6IBns86.js                                                0.07 kB │ gzip:     0.09 kB
dist/assets/4-3-lobby_4-CMEIzSTV.js                                                0.07 kB │ gzip:     0.09 kB
dist/assets/4-3-lobby_5-DtsVvcNG.js                                                0.07 kB │ gzip:     0.09 kB
dist/assets/4-3-lobby_6-Cq9in85y.js                                                0.07 kB │ gzip:     0.09 kB
dist/assets/4-3-lobby_7-BxZq-AuA.js                                                0.07 kB │ gzip:     0.09 kB
dist/assets/4-3-lobby_8-CW2Wadts.js                                                0.07 kB │ gzip:     0.09 kB
dist/assets/4-3-lobby_9-CkVz6M_J.js                                                0.07 kB │ gzip:     0.09 kB
dist/assets/6-6-arena_1-CiCk_IH9.js                                                0.07 kB │ gzip:     0.09 kB
dist/assets/6-6-arena_2-SWVzpjJd.js                                                0.07 kB │ gzip:     0.09 kB
dist/assets/6-6-arena_3-D3_cv_yh.js                                                0.07 kB │ gzip:     0.09 kB
dist/assets/6-6-arena_4-LHVywHUJ.js                                                0.07 kB │ gzip:     0.09 kB
dist/assets/6-6-arena_5-DPcKuwmY.js                                                0.07 kB │ gzip:     0.09 kB
dist/assets/6-6-arena_6-CAItBBia.js                                                0.07 kB │ gzip:     0.09 kB
dist/assets/6-6-arena_7-Ckmkbx0X.js                                                0.07 kB │ gzip:     0.09 kB
dist/assets/6-6-arena_8-XEIEOO82.js                                                0.07 kB │ gzip:     0.09 kB
dist/assets/6-6-arena_9-By4VHn-j.js                                                0.07 kB │ gzip:     0.09 kB
dist/assets/1-closet_10-jyJYS_ZJ.js                                                0.07 kB │ gzip:     0.08 kB
dist/assets/1-closet_11-WvjtD536.js                                                0.07 kB │ gzip:     0.08 kB
dist/assets/1-closet_12-CaKmZtQR.js                                                0.07 kB │ gzip:     0.08 kB
dist/assets/1-closet_13-DMuM6HGT.js                                                0.07 kB │ gzip:     0.08 kB
dist/assets/1-closet_14-BHEkW11P.js                                                0.07 kB │ gzip:     0.08 kB
dist/assets/1-closet_15-DisKPgYv.js                                                0.07 kB │ gzip:     0.08 kB
dist/assets/1-closet_16-Dn6OvXVP.js                                                0.07 kB │ gzip:     0.08 kB
dist/assets/1-pantry_10-D_ZBRsKE.js                                                0.07 kB │ gzip:     0.09 kB
dist/assets/1-pantry_11-xeFIhKbl.js                                                0.07 kB │ gzip:     0.09 kB
dist/assets/1-pantry_12-CMwac552.js                                                0.07 kB │ gzip:     0.09 kB
dist/assets/1-pantry_13-qI1cd1wr.js                                                0.07 kB │ gzip:     0.09 kB
dist/assets/1-pantry_14-BXYwO-Z2.js                                                0.07 kB │ gzip:     0.09 kB
dist/assets/1-pantry_15-Dn13rlKq.js                                                0.07 kB │ gzip:     0.09 kB
dist/assets/1-pantry_16-BgY4SuSm.js                                                0.07 kB │ gzip:     0.09 kB
dist/assets/1-shower_10-D-mPPj16.js                                                0.07 kB │ gzip:     0.09 kB
dist/assets/1-shower_11-oqyhiXSK.js                                                0.07 kB │ gzip:     0.09 kB
dist/assets/1-shower_12-KzL4YP1x.js                                                0.07 kB │ gzip:     0.09 kB
dist/assets/1-shower_13-CSEhwrxR.js                                                0.07 kB │ gzip:     0.09 kB
dist/assets/1-shower_14-CUUfaAMq.js                                                0.07 kB │ gzip:     0.09 kB
dist/assets/1-shower_15-DHkv_VOA.js                                                0.07 kB │ gzip:     0.09 kB
dist/assets/1-shower_16-BujoPGfQ.js                                                0.07 kB │ gzip:     0.09 kB
dist/assets/3-bedroom_1-BMpu2a1I.js                                                0.07 kB │ gzip:     0.09 kB
dist/assets/3-bedroom_2-CtiF-J7n.js                                                0.07 kB │ gzip:     0.09 kB
dist/assets/3-bedroom_3-C-_4kl-L.js                                                0.07 kB │ gzip:     0.09 kB
dist/assets/3-bedroom_4-CLplldpy.js                                                0.07 kB │ gzip:     0.09 kB
dist/assets/3-bedroom_5-Bmryy1s_.js                                                0.07 kB │ gzip:     0.09 kB
dist/assets/3-bedroom_6-CIwqh86s.js                                                0.07 kB │ gzip:     0.09 kB
dist/assets/3-bedroom_7-Dd40Nhue.js                                                0.07 kB │ gzip:     0.09 kB
dist/assets/3-bedroom_8-BzJl81fX.js                                                0.07 kB │ gzip:     0.09 kB
dist/assets/3-bedroom_9-C-THBurz.js                                                0.07 kB │ gzip:     0.09 kB
dist/assets/4-church_10-BGvRHHie.js                                                0.07 kB │ gzip:     0.09 kB
dist/assets/4-church_11-C__ljrDI.js                                                0.07 kB │ gzip:     0.09 kB
dist/assets/4-church_12-CSqK73U-.js                                                0.07 kB │ gzip:     0.09 kB
dist/assets/4-church_13-zsycCc9x.js                                                0.07 kB │ gzip:     0.09 kB
dist/assets/4-church_14-Bmkdf5as.js                                                0.07 kB │ gzip:     0.09 kB
dist/assets/4-church_15-pYHkp52q.js                                                0.07 kB │ gzip:     0.09 kB
dist/assets/4-church_16-CSNX35Bz.js                                                0.07 kB │ gzip:     0.09 kB
dist/assets/5-hangar_10-lPeYNrd3.js                                                0.07 kB │ gzip:     0.09 kB
dist/assets/5-hangar_11-nzlYyb_2.js                                                0.07 kB │ gzip:     0.09 kB
dist/assets/5-hangar_12-CNZtr2uD.js                                                0.07 kB │ gzip:     0.09 kB
dist/assets/5-hangar_13-CLSZvQ6b.js                                                0.07 kB │ gzip:     0.09 kB
dist/assets/5-hangar_14-DvM6c-HL.js                                                0.07 kB │ gzip:     0.09 kB
dist/assets/5-hangar_15-B-ar6Vl4.js                                                0.07 kB │ gzip:     0.09 kB
dist/assets/5-hangar_16-ce0p04q4.js                                                0.07 kB │ gzip:     0.09 kB
dist/assets/pointface10-CUrQ3l3P.js                                                0.07 kB │ gzip:     0.09 kB
dist/assets/pointface11-C0v8iDYr.js                                                0.07 kB │ gzip:     0.09 kB
dist/assets/pointface12-rthOjEyh.js                                                0.07 kB │ gzip:     0.09 kB
dist/assets/pointface13-DvLPZKOW.js                                                0.07 kB │ gzip:     0.09 kB
dist/assets/pointface14-BTXvqrgK.js                                                0.07 kB │ gzip:     0.09 kB
dist/assets/pointface15-C-MDiccD.js                                                0.07 kB │ gzip:     0.09 kB
dist/assets/pointface16-7iBc0M1r.js                                                0.07 kB │ gzip:     0.09 kB
dist/assets/pointface17-8Azs8a56.js                                                0.07 kB │ gzip:     0.09 kB
dist/assets/pointface18-D8DJePAP.js                                                0.07 kB │ gzip:     0.09 kB
dist/assets/pointface19-iFcbBIxa.js                                                0.07 kB │ gzip:     0.09 kB
dist/assets/pointface20-BJH81Qfh.js                                                0.07 kB │ gzip:     0.09 kB
dist/assets/pointface21-vgDLkkD2.js                                                0.07 kB │ gzip:     0.09 kB
dist/assets/pointface22-sg7x7NpD.js                                                0.07 kB │ gzip:     0.09 kB
dist/assets/pointface23-ycn8yee0.js                                                0.07 kB │ gzip:     0.09 kB
dist/assets/pointface24-BEYS2W4O.js                                                0.07 kB │ gzip:     0.09 kB
dist/assets/pointface25-Dqxj5-VY.js                                                0.07 kB │ gzip:     0.09 kB
dist/assets/pointface26-BOvoHaos.js                                                0.07 kB │ gzip:     0.09 kB
dist/assets/pointface27-D0MdGGH-.js                                                0.07 kB │ gzip:     0.09 kB
dist/assets/pointface28-D5Wim_LS.js                                                0.07 kB │ gzip:     0.09 kB
dist/assets/pointface29-DfKzhmkw.js                                                0.07 kB │ gzip:     0.09 kB
dist/assets/pointface30-SuGmIqwd.js                                                0.07 kB │ gzip:     0.09 kB
dist/assets/pointface31-mra3W5zH.js                                                0.07 kB │ gzip:     0.09 kB
dist/assets/pointface32-Dzx20wk1.js                                                0.07 kB │ gzip:     0.09 kB
dist/assets/pointface33-Mn4NbfwJ.js                                                0.07 kB │ gzip:     0.09 kB
dist/assets/pointface34-DWlh8dmu.js                                                0.07 kB │ gzip:     0.09 kB
dist/assets/pointface35-CPNb1_-G.js                                                0.07 kB │ gzip:     0.09 kB
dist/assets/pointface36-CwvPaHKi.js                                                0.07 kB │ gzip:     0.09 kB
dist/assets/pointface37-DLuK6JWN.js                                                0.07 kB │ gzip:     0.09 kB
dist/assets/pointface38-D-wPAWNX.js                                                0.07 kB │ gzip:     0.09 kB
dist/assets/pointface39-e7Ki8zJ4.js                                                0.07 kB │ gzip:     0.09 kB
dist/assets/pointface40-AjoJTgvC.js                                                0.07 kB │ gzip:     0.09 kB
dist/assets/pointface41-Cfz8Sr66.js                                                0.07 kB │ gzip:     0.09 kB
dist/assets/pointface42-Df4Ol85q.js                                                0.07 kB │ gzip:     0.09 kB
dist/assets/pointface43-aS1R2joE.js                                                0.07 kB │ gzip:     0.09 kB
dist/assets/pointface44-BfKgNE5-.js                                                0.07 kB │ gzip:     0.09 kB
dist/assets/pointface45-D9OjDaPV.js                                                0.07 kB │ gzip:     0.09 kB
dist/assets/pointface46-CYavLl4B.js                                                0.07 kB │ gzip:     0.09 kB
dist/assets/pointface47-BpiGy7dV.js                                                0.07 kB │ gzip:     0.09 kB
dist/assets/pointface48-DVfHvaMB.js                                                0.07 kB │ gzip:     0.09 kB
dist/assets/pointface49-Dd4BvS-h.js                                                0.07 kB │ gzip:     0.09 kB
dist/assets/pointface50-BL01LEeC.js                                                0.07 kB │ gzip:     0.09 kB
dist/assets/pointface51-OqKeaEYJ.js                                                0.07 kB │ gzip:     0.09 kB
dist/assets/pointface52-Ww0K8WJ2.js                                                0.07 kB │ gzip:     0.09 kB
dist/assets/pointplace1-BVchqLtz.js                                                0.07 kB │ gzip:     0.09 kB
dist/assets/pointplace2-CmNzvaLx.js                                                0.07 kB │ gzip:     0.09 kB
dist/assets/pointplace3-DXXybMv8.js                                                0.07 kB │ gzip:     0.09 kB
dist/assets/pointplace4-Bjde7f89.js                                                0.07 kB │ gzip:     0.09 kB
dist/assets/pointplace5-BDxk018j.js                                                0.07 kB │ gzip:     0.09 kB
dist/assets/pointplace6-DSF-la1U.js                                                0.07 kB │ gzip:     0.09 kB
dist/assets/pointplace7-FwQqg4NT.js                                                0.07 kB │ gzip:     0.09 kB
dist/assets/pointplace8-CBEBTd7A.js                                                0.07 kB │ gzip:     0.09 kB
dist/assets/pointplace9-jzFL18LQ.js                                                0.07 kB │ gzip:     0.09 kB
dist/assets/0.49_ladder-B7KBmSXA.js                                                0.07 kB │ gzip:     0.09 kB
dist/assets/1.23_E_tank-K7wYmODy.js                                                0.07 kB │ gzip:     0.09 kB
dist/assets/1.39_jetski-DDNe_Tkz.js                                                0.07 kB │ gzip:     0.08 kB
dist/assets/0.90_bunny2-DgtDR9OE.js                                                0.07 kB │ gzip:     0.09 kB
dist/assets/0.96_lemur2-Byxa8y9Y.js                                                0.07 kB │ gzip:     0.09 kB
dist/assets/1.15_kitty2-BbqRvq6-.js                                                0.07 kB │ gzip:     0.09 kB
dist/assets/1.25_gerbil-BI5mBQ4k.js                                                0.07 kB │ gzip:     0.09 kB
dist/assets/1.65_shrimp-B4DucbbG.js                                                0.07 kB │ gzip:     0.09 kB
dist/assets/2.29_ferret-ooOc9EV4.js                                                0.07 kB │ gzip:     0.09 kB
dist/assets/2.65_turtle-CswMKI1Q.js                                                0.07 kB │ gzip:     0.09 kB
dist/assets/1.01_funnel-Wwo86AL2.js                                                0.07 kB │ gzip:     0.09 kB
dist/assets/1.61_bait04-q4spCSzs.js                                                0.07 kB │ gzip:     0.09 kB
dist/assets/1.95_sponge-CAKPfPbC.js                                                0.07 kB │ gzip:     0.09 kB
dist/assets/2.02_Afan60-DDi2TaKc.js                                                0.07 kB │ gzip:     0.09 kB
dist/assets/Aantiquecar-CaJONEyM.js                                                0.07 kB │ gzip:     0.09 kB
dist/assets/Adunebuggy2-DwynJ_4M.js                                                0.07 kB │ gzip:     0.09 kB
dist/assets/Amotorboat8-CsrJ-lJF.js                                                0.07 kB │ gzip:     0.09 kB
dist/assets/Atombstone2-IN0LlaXV.js                                                0.07 kB │ gzip:     0.09 kB
dist/assets/hotdogstand-YN-VUmKl.js                                                0.07 kB │ gzip:     0.09 kB
dist/assets/sodamachine-Dl1C-bHu.js                                                0.07 kB │ gzip:     0.09 kB
dist/assets/wheelbarrow-ygVUUjls.js                                                0.07 kB │ gzip:     0.09 kB
dist/assets/A_safetypin-CHqNIq8_.js                                                0.07 kB │ gzip:     0.09 kB
dist/assets/Aartichoke2-DVLmiVHe.js                                                0.07 kB │ gzip:     0.09 kB
dist/assets/Acablelatch-tPiQhP8p.js                                                0.07 kB │ gzip:     0.09 kB
dist/assets/Acanopener4-LQiAHM2V.js                                                0.07 kB │ gzip:     0.09 kB
dist/assets/Aconnector2-Co0w5Z45.js                                                0.07 kB │ gzip:     0.09 kB
dist/assets/Acorkscrew3-D4_Nkrkp.js                                                0.07 kB │ gzip:     0.09 kB
dist/assets/Adayplanner-B9jVLqIB.js                                                0.07 kB │ gzip:     0.09 kB
dist/assets/Aheadphones-CcL24Syd.js                                                0.07 kB │ gzip:     0.09 kB
dist/assets/Anailpolish-B8zWpCZ4.js                                                0.07 kB │ gzip:     0.09 kB
dist/assets/Apaperclasp-CRmZEQnm.js                                                0.07 kB │ gzip:     0.09 kB
dist/assets/Apaperclip3-COHJvnTd.js                                                0.07 kB │ gzip:     0.09 kB
dist/assets/B_makeupbag-8h1wDI43.js                                                0.07 kB │ gzip:     0.09 kB
dist/assets/cigarette03-7uSwAB1e.js                                                0.07 kB │ gzip:     0.09 kB
dist/assets/corkscrew02-CnC50AJE.js                                                0.07 kB │ gzip:     0.09 kB
dist/assets/lightbulb02-B4npv2Pk.js                                                0.07 kB │ gzip:     0.09 kB
dist/assets/sharpener01-YW-xX_Ie.js                                                0.07 kB │ gzip:     0.09 kB
dist/assets/furn01-cFmv-43OUjpZN.js                                                0.07 kB │ gzip:     0.09 kB
dist/assets/furn02-cFmv-p76ooyzP.js                                                0.07 kB │ gzip:     0.09 kB
dist/assets/furn03-cFmv-CnqT9x4o.js                                                0.07 kB │ gzip:     0.09 kB
dist/assets/furn04-cFmv-znVAtqX2.js                                                0.07 kB │ gzip:     0.09 kB
dist/assets/furn07-cFmv-BodC2UVc.js                                                0.07 kB │ gzip:     0.09 kB
dist/assets/furn08-cFmv-Bl7DpsTW.js                                                0.07 kB │ gzip:     0.09 kB
dist/assets/furn10-cFmv-DaFBf1Nl.js                                                0.07 kB │ gzip:     0.09 kB
dist/assets/furn12-cFmv-BsDX4W5f.js                                                0.07 kB │ gzip:     0.09 kB
dist/assets/furn14-cFmv-BmsR0Bc8.js                                                0.07 kB │ gzip:     0.09 kB
dist/assets/furn16-cFmv-BwsA20-P.js                                                0.07 kB │ gzip:     0.09 kB
dist/assets/furn22-cFmv-BEhyCWGZ.js                                                0.07 kB │ gzip:     0.09 kB
dist/assets/furn24-cFmv-BEnIQKYe.js                                                0.07 kB │ gzip:     0.09 kB
dist/assets/furn26-cFmv-BuDA2_ZS.js                                                0.07 kB │ gzip:     0.09 kB
dist/assets/furn28-cFmv-UNbYCt3M.js                                                0.07 kB │ gzip:     0.09 kB
dist/assets/furn30-cFmv-DFhpNOyO.js                                                0.07 kB │ gzip:     0.09 kB
dist/assets/CameraFront-C-5FJW2c.js                                                0.07 kB │ gzip:     0.09 kB
dist/assets/furn02-cFmv-CQv9-SHT.js                                                0.07 kB │ gzip:     0.09 kB
dist/assets/furn03-cFmv-BMw0-sDg.js                                                0.07 kB │ gzip:     0.09 kB
dist/assets/furn04-cFmv-BwrJUM2-.js                                                0.07 kB │ gzip:     0.09 kB
dist/assets/furn06-cFmv-43OUjpZN.js                                                0.07 kB │ gzip:     0.09 kB
dist/assets/furn07-cFmv-4PRatqjM.js                                                0.07 kB │ gzip:     0.09 kB
dist/assets/furn08-cFmv-DT63WHvs.js                                                0.07 kB │ gzip:     0.09 kB
dist/assets/furn10-cFmv-BWr0teDm.js                                                0.07 kB │ gzip:     0.09 kB
dist/assets/furn12-cFmv-BQslz3R_.js                                                0.07 kB │ gzip:     0.09 kB
dist/assets/furn14-cFmv-CbtMb5VK.js                                                0.07 kB │ gzip:     0.09 kB
dist/assets/furn16-cFmv-gk5ncjtM.js                                                0.07 kB │ gzip:     0.09 kB
dist/assets/furn22-cFmv-yW0k3Wh3.js                                                0.07 kB │ gzip:     0.09 kB
dist/assets/furn24-cFmv-COdCV0WH.js                                                0.07 kB │ gzip:     0.09 kB
dist/assets/furn26-cFmv-ChhmzwMJ.js                                                0.07 kB │ gzip:     0.09 kB
dist/assets/furn28-cFmv-rgTlz8_l.js                                                0.07 kB │ gzip:     0.09 kB
dist/assets/furn30-cFmv-9Rj079BQ.js                                                0.07 kB │ gzip:     0.09 kB
dist/assets/1-1-closet_1-CE63cXqh.js                                               0.07 kB │ gzip:     0.08 kB
dist/assets/1-1-closet_3-pQV1LlW8.js                                               0.07 kB │ gzip:     0.08 kB
dist/assets/1-1-closet_5-CqkxM1v8.js                                               0.07 kB │ gzip:     0.08 kB
dist/assets/1-1-closet_7-DRfIbWoX.js                                               0.07 kB │ gzip:     0.08 kB
dist/assets/1-2-shower_1-kvb785ZG.js                                               0.07 kB │ gzip:     0.09 kB
dist/assets/1-2-shower_2-Ddc4GH52.js                                               0.07 kB │ gzip:     0.09 kB
dist/assets/1-2-shower_3-CSEUJwTG.js                                               0.07 kB │ gzip:     0.09 kB
dist/assets/1-2-shower_4-DKyUOP_d.js                                               0.07 kB │ gzip:     0.09 kB
dist/assets/1-2-shower_5-Rv4QqXRb.js                                               0.07 kB │ gzip:     0.09 kB
dist/assets/1-2-shower_6-BsE9LpJ8.js                                               0.07 kB │ gzip:     0.09 kB
dist/assets/1-2-shower_7-CY9iIaII.js                                               0.07 kB │ gzip:     0.09 kB
dist/assets/1-2-shower_8-Bxi_9PSJ.js                                               0.07 kB │ gzip:     0.09 kB
dist/assets/1-2-shower_9-DlT4jPqf.js                                               0.07 kB │ gzip:     0.09 kB
dist/assets/1-6-pantry_1-Bs2q11Xr.js                                               0.07 kB │ gzip:     0.09 kB
dist/assets/1-6-pantry_2-y1Dh7lfL.js                                               0.07 kB │ gzip:     0.09 kB
dist/assets/1-6-pantry_3-xrRaEnbj.js                                               0.07 kB │ gzip:     0.09 kB
dist/assets/1-6-pantry_4-D8lqR6X8.js                                               0.07 kB │ gzip:     0.09 kB
dist/assets/1-6-pantry_5-AWJ-qbzd.js                                               0.07 kB │ gzip:     0.09 kB
dist/assets/1-6-pantry_6-DdtjVWLD.js                                               0.07 kB │ gzip:     0.09 kB
dist/assets/1-6-pantry_7-CYLo5rXD.js                                               0.07 kB │ gzip:     0.09 kB
dist/assets/1-6-pantry_8-BlunPFPq.js                                               0.07 kB │ gzip:     0.09 kB
dist/assets/1-6-pantry_9-BSb5rZV_.js                                               0.07 kB │ gzip:     0.09 kB
dist/assets/2-2-sauna_10-DR5mjMWe.js                                               0.07 kB │ gzip:     0.09 kB
dist/assets/2-2-sauna_11-DfvBItuU.js                                               0.07 kB │ gzip:     0.09 kB
dist/assets/2-2-sauna_12-Y40WMBOx.js                                               0.07 kB │ gzip:     0.09 kB
dist/assets/3-1-garage_1-D6NkfRRP.js                                               0.07 kB │ gzip:     0.09 kB
dist/assets/3-1-garage_2-B6nGA5NN.js                                               0.07 kB │ gzip:     0.09 kB
dist/assets/3-1-garage_3-BUwACgDV.js                                               0.07 kB │ gzip:     0.09 kB
dist/assets/3-1-garage_4-CgGtLL1u.js                                               0.07 kB │ gzip:     0.09 kB
dist/assets/3-1-garage_5-DTH7lT3B.js                                               0.07 kB │ gzip:     0.09 kB
dist/assets/3-1-garage_6-Dsg8OUdR.js                                               0.07 kB │ gzip:     0.09 kB
dist/assets/3-1-garage_7-BkdZEJyA.js                                               0.07 kB │ gzip:     0.09 kB
dist/assets/3-1-garage_8-CV8pPEiq.js                                               0.07 kB │ gzip:     0.09 kB
dist/assets/3-1-garage_9-CLFX8tT2.js                                               0.07 kB │ gzip:     0.09 kB
dist/assets/4-3-lobby_10-DPTwX6vu.js                                               0.07 kB │ gzip:     0.09 kB
dist/assets/4-3-lobby_11-DpoPJpUo.js                                               0.07 kB │ gzip:     0.09 kB
dist/assets/4-3-lobby_12-BxFLTP47.js                                               0.07 kB │ gzip:     0.09 kB
dist/assets/5-3-hangar_1-oy7KtU5q.js                                               0.07 kB │ gzip:     0.09 kB
dist/assets/5-3-hangar_2-97S_cjM1.js                                               0.07 kB │ gzip:     0.09 kB
dist/assets/5-3-hangar_3-Dgjfp-JP.js                                               0.07 kB │ gzip:     0.09 kB
dist/assets/5-3-hangar_4-CxNAMqf4.js                                               0.07 kB │ gzip:     0.09 kB
dist/assets/5-3-hangar_5-BouLWHWo.js                                               0.07 kB │ gzip:     0.09 kB
dist/assets/5-3-hangar_6-DFkTB3a7.js                                               0.07 kB │ gzip:     0.09 kB
dist/assets/5-3-hangar_7-CHNaNLgo.js                                               0.07 kB │ gzip:     0.09 kB
dist/assets/5-3-hangar_8-CKwfnPVh.js                                               0.07 kB │ gzip:     0.09 kB
dist/assets/5-3-hangar_9-Cy2t9MRc.js                                               0.07 kB │ gzip:     0.09 kB
dist/assets/6-6-arena_10-8sAEjdzT.js                                               0.07 kB │ gzip:     0.09 kB
dist/assets/6-6-arena_11-D-vb74kQ.js                                               0.07 kB │ gzip:     0.09 kB
dist/assets/6-6-arena_12-H2ZGI5rK.js                                               0.07 kB │ gzip:     0.09 kB
dist/assets/2-bathroom_1-D2fHCglX.js                                               0.07 kB │ gzip:     0.09 kB
dist/assets/2-bathroom_2-DFtzUo8C.js                                               0.07 kB │ gzip:     0.09 kB
dist/assets/2-bathroom_3-CGvzYJfu.js                                               0.07 kB │ gzip:     0.09 kB
dist/assets/2-bathroom_4-DtYr8bOe.js                                               0.07 kB │ gzip:     0.09 kB
dist/assets/2-bathroom_5-BgzPVlB8.js                                               0.07 kB │ gzip:     0.09 kB
dist/assets/2-bathroom_6-CA2c4XOF.js                                               0.07 kB │ gzip:     0.09 kB
dist/assets/2-bathroom_7-1BGOqGlg.js                                               0.07 kB │ gzip:     0.09 kB
dist/assets/2-bathroom_8-C0wvBRh_.js                                               0.07 kB │ gzip:     0.09 kB
dist/assets/2-bathroom_9-L6tLxCUy.js                                               0.07 kB │ gzip:     0.09 kB
dist/assets/3-bedroom_10-Cs0S5Sjt.js                                               0.07 kB │ gzip:     0.09 kB
dist/assets/3-bedroom_11-CJhW43kn.js                                               0.07 kB │ gzip:     0.09 kB
dist/assets/3-bedroom_12-CgCe_WzQ.js                                               0.07 kB │ gzip:     0.09 kB
dist/assets/3-bedroom_13-CKcrF4fp.js                                               0.07 kB │ gzip:     0.09 kB
dist/assets/3-bedroom_14-yGw3QW2-.js                                               0.07 kB │ gzip:     0.09 kB
dist/assets/3-bedroom_15-CG3hF3_M.js                                               0.07 kB │ gzip:     0.09 kB
dist/assets/3-bedroom_16-Du2wRffy.js                                               0.07 kB │ gzip:     0.09 kB
dist/assets/pointplace10-BXTKIpHm.js                                               0.07 kB │ gzip:     0.09 kB
dist/assets/pointplace11-DBT0Kz7r.js                                               0.07 kB │ gzip:     0.09 kB
dist/assets/pointplace12-CEXARW1e.js                                               0.07 kB │ gzip:     0.09 kB
dist/assets/pointplace13-BIX7muAM.js                                               0.07 kB │ gzip:     0.09 kB
dist/assets/pointplace14-DFp7ajMc.js                                               0.07 kB │ gzip:     0.09 kB
dist/assets/pointplace15-B8_2egJc.js                                               0.07 kB │ gzip:     0.09 kB
dist/assets/pointplace16-BEYoWEyT.js                                               0.07 kB │ gzip:     0.09 kB
dist/assets/pointplace17-uU99DaRZ.js                                               0.07 kB │ gzip:     0.09 kB
dist/assets/pointplace18-Cuv-r70H.js                                               0.07 kB │ gzip:     0.09 kB
dist/assets/pointplace19-B33u76Dp.js                                               0.07 kB │ gzip:     0.09 kB
dist/assets/pointplace20-wFpm487T.js                                               0.07 kB │ gzip:     0.09 kB
dist/assets/pointplace21-jbvQ6dKy.js                                               0.07 kB │ gzip:     0.09 kB
dist/assets/pointplace22-BRqbGqoE.js                                               0.07 kB │ gzip:     0.09 kB
dist/assets/pointplace23-BVxVlXNB.js                                               0.07 kB │ gzip:     0.09 kB
dist/assets/pointplace24-DA95koRo.js                                               0.07 kB │ gzip:     0.09 kB
dist/assets/pointplace25-CirMWtyN.js                                               0.07 kB │ gzip:     0.09 kB
dist/assets/pointplace26-C0zkD4BG.js                                               0.07 kB │ gzip:     0.09 kB
dist/assets/pointplace27-CiHMN43w.js                                               0.07 kB │ gzip:     0.09 kB
dist/assets/pointplace28-CdOvK4hK.js                                               0.07 kB │ gzip:     0.09 kB
dist/assets/pointplace29-rfTAU5p5.js                                               0.07 kB │ gzip:     0.09 kB
dist/assets/pointplace30-BXnDfje1.js                                               0.07 kB │ gzip:     0.09 kB
dist/assets/pointplace31-D_PPFy58.js                                               0.07 kB │ gzip:     0.09 kB
dist/assets/pointplace32-ti7TEoHH.js                                               0.07 kB │ gzip:     0.09 kB
dist/assets/pointplace33-BWtiijh_.js                                               0.07 kB │ gzip:     0.09 kB
dist/assets/pointplace34-DESALJul.js                                               0.07 kB │ gzip:     0.09 kB
dist/assets/pointplace35-BkZCa122.js                                               0.07 kB │ gzip:     0.09 kB
dist/assets/pointplace36-C4Ffm1_a.js                                               0.07 kB │ gzip:     0.09 kB
dist/assets/pointplace37-DSHlm_Wf.js                                               0.07 kB │ gzip:     0.09 kB
dist/assets/pointplace38-DOywcE3m.js                                               0.07 kB │ gzip:     0.09 kB
dist/assets/pointplace39-Dh1J97mH.js                                               0.07 kB │ gzip:     0.09 kB
dist/assets/pointplace40-BK3-UBDu.js                                               0.07 kB │ gzip:     0.09 kB
dist/assets/pointplace41-9oDAPnp5.js                                               0.07 kB │ gzip:     0.09 kB
dist/assets/pointplace42-DzHfGihK.js                                               0.07 kB │ gzip:     0.09 kB
dist/assets/pointplace43-BfSGxKbC.js                                               0.07 kB │ gzip:     0.09 kB
dist/assets/pointplace44-BGCKkb2J.js                                               0.07 kB │ gzip:     0.09 kB
dist/assets/pointplace45-DZbn7IWf.js                                               0.07 kB │ gzip:     0.09 kB
dist/assets/pointplace46-bh_CYXwP.js                                               0.07 kB │ gzip:     0.09 kB
dist/assets/pointplace47-t7GIPCvi.js                                               0.07 kB │ gzip:     0.09 kB
dist/assets/pointplace48-BtHtwO1F.js                                               0.07 kB │ gzip:     0.09 kB
dist/assets/pointplace49-TGBEV5qA.js                                               0.07 kB │ gzip:     0.09 kB
dist/assets/pointplace50-DR2oDfBc.js                                               0.07 kB │ gzip:     0.09 kB
dist/assets/pointplace51-Dum5UkjT.js                                               0.07 kB │ gzip:     0.09 kB
dist/assets/pointplace52-Cd8yoSKe.js                                               0.07 kB │ gzip:     0.09 kB
dist/assets/1.03_giraffe-8GmcY8hY.js                                               0.07 kB │ gzip:     0.09 kB
dist/assets/1.03_gorilla-hkFMVcgY.js                                               0.07 kB │ gzip:     0.09 kB
dist/assets/1.18_ostrich-OU3sGw_O.js                                               0.07 kB │ gzip:     0.09 kB
dist/assets/1.37_buffalo-8tRNDEtx.js                                               0.07 kB │ gzip:     0.09 kB
dist/assets/0.53_mailbox-DhbTn3U1.js                                               0.07 kB │ gzip:     0.09 kB
dist/assets/0.71_D_dryer-DzjQkdIn.js                                               0.07 kB │ gzip:     0.09 kB
dist/assets/0.99_dishwasher-Om6DmIDB.js                                            0.07 kB │ gzip:     0.09 kB
dist/assets/1.11_bunkbed-C6UrI9bg.js                                               0.07 kB │ gzip:     0.09 kB
dist/assets/1.57_drumset-Bp_X1bkR.js                                               0.07 kB │ gzip:     0.08 kB
dist/assets/0.58_rooster-znW5sp9j.js                                               0.07 kB │ gzip:     0.09 kB
dist/assets/0.64_insect1-DK_7oPof.js                                               0.07 kB │ gzip:     0.09 kB
dist/assets/1.19_insect3-BVgh0NVx.js                                               0.07 kB │ gzip:     0.09 kB
dist/assets/1.25_lobster-jH71hBkq.js                                               0.07 kB │ gzip:     0.09 kB
dist/assets/1.38_hamster-BhKTqFjH.js                                               0.07 kB │ gzip:     0.09 kB
dist/assets/1.40_chicken-WthXEgj8.js                                               0.07 kB │ gzip:     0.09 kB
dist/assets/1.62_gerbil1-CBHlxpXL.js                                               0.07 kB │ gzip:     0.09 kB
dist/assets/1.78_lizard1-D9N9NBCu.js                                               0.07 kB │ gzip:     0.09 kB
dist/assets/0.99_perfume-Mdb_3Ie0.js                                               0.07 kB │ gzip:     0.09 kB
dist/assets/2.11_socks01-8fErcEcm.js                                               0.07 kB │ gzip:     0.09 kB
dist/assets/043033538966-DFAaDPu9.js                                               0.07 kB │ gzip:     0.09 kB
dist/assets/703204_sk_lg-kps0TEHd.js                                               0.07 kB │ gzip:     0.09 kB
dist/assets/Agrandpiano9-vdRevDjt.js                                               0.07 kB │ gzip:     0.09 kB
dist/assets/Awoodcarving-De7UJ7ZG.js                                               0.07 kB │ gzip:     0.09 kB
dist/assets/D_dishwasher-Om6DmIDB.js                                               0.07 kB │ gzip:     0.09 kB
dist/assets/E_helicopter-DM_rsvcV.js                                               0.07 kB │ gzip:     0.09 kB
dist/assets/uprightpiano-Bjec0P5R.js                                               0.07 kB │ gzip:     0.09 kB
dist/assets/Aantiquehat4-Dl_InfKY.js                                               0.07 kB │ gzip:     0.09 kB
dist/assets/Aantiquekey3-BVPrl35Z.js                                               0.07 kB │ gzip:     0.09 kB
dist/assets/Abicycleshoe-B31UDr5K.js                                               0.07 kB │ gzip:     0.09 kB
dist/assets/Abinoculars5-D8V84r2i.js                                               0.07 kB │ gzip:     0.09 kB
dist/assets/Acantaloupe4-D0IxkhRF.js                                               0.07 kB │ gzip:     0.09 kB
dist/assets/Aclothespin2-CNfKp4mc.js                                               0.07 kB │ gzip:     0.09 kB
dist/assets/Acoathanger4-B9dO_6RX.js                                               0.07 kB │ gzip:     0.09 kB
dist/assets/Adecorati133-D4fVMkTE.js                                               0.07 kB │ gzip:     0.09 kB
dist/assets/Aeasteregg14-CpabEYZ7.js                                               0.07 kB │ gzip:     0.09 kB
dist/assets/Afishinghat2-Bp9DtK6B.js                                               0.07 kB │ gzip:     0.09 kB
dist/assets/Aflashlight3-CdcTfWuy.js                                               0.07 kB │ gzip:     0.09 kB
dist/assets/Afloppydisk6-DWZHUrRM.js                                               0.07 kB │ gzip:     0.09 kB
dist/assets/Ahandcompass-CCR6d8BA.js                                               0.07 kB │ gzip:     0.09 kB
dist/assets/Ahotdogplain-CUrKSKup.js                                               0.07 kB │ gzip:     0.09 kB
dist/assets/Arubberduck2-CkvGdar_.js                                               0.07 kB │ gzip:     0.09 kB
dist/assets/Ascrewdriver-1gQZnpEU.js                                               0.07 kB │ gzip:     0.09 kB
dist/assets/Atennisball2-CTdQCZ-_.js                                               0.07 kB │ gzip:     0.09 kB
dist/assets/Awomansshoe3-Rqgbxit3.js                                               0.07 kB │ gzip:     0.09 kB
dist/assets/B_flashlight-B7oUOYP8.js                                               0.07 kB │ gzip:     0.09 kB
dist/assets/drumsticks01-B6sCU2Xz.js                                               0.07 kB │ gzip:     0.09 kB
dist/assets/041_wf_faces-y6Q61_z7.js                                               0.07 kB │ gzip:     0.09 kB
dist/assets/042_wf_faces-D3VUEs3C.js                                               0.07 kB │ gzip:     0.09 kB
dist/assets/043_wf_faces-CyyWjlkz.js                                               0.07 kB │ gzip:     0.09 kB
dist/assets/044_wf_faces-Cl_4mAe5.js                                               0.07 kB │ gzip:     0.09 kB
dist/assets/045_wf_faces-VCX_axQf.js                                               0.07 kB │ gzip:     0.09 kB
dist/assets/046_wf_faces-Co5OD3Q5.js                                               0.07 kB │ gzip:     0.09 kB
dist/assets/047_wf_faces-BfXeKFno.js                                               0.07 kB │ gzip:     0.09 kB
dist/assets/048_wf_faces-D-8twmN1.js                                               0.07 kB │ gzip:     0.09 kB
dist/assets/049_wf_faces-C6ECf-ea.js                                               0.07 kB │ gzip:     0.09 kB
dist/assets/050_wf_faces-CGMTUIuC.js                                               0.07 kB │ gzip:     0.09 kB
dist/assets/051_sf_faces-ogSwYnbz.js                                               0.07 kB │ gzip:     0.09 kB
dist/assets/052_sf_faces-Dtq11KC7.js                                               0.07 kB │ gzip:     0.09 kB
dist/assets/053_sf_faces-CWzMyI9G.js                                               0.07 kB │ gzip:     0.09 kB
dist/assets/054_sf_faces-BaXh7X6W.js                                               0.07 kB │ gzip:     0.09 kB
dist/assets/055_sf_faces-BILAr4Ot.js                                               0.07 kB │ gzip:     0.09 kB
dist/assets/056_sf_faces-DbWIGCaS.js                                               0.07 kB │ gzip:     0.09 kB
dist/assets/057_sf_faces-CTLclTlX.js                                               0.07 kB │ gzip:     0.09 kB
dist/assets/058_sf_faces-BTjRs-QK.js                                               0.07 kB │ gzip:     0.09 kB
dist/assets/059_sf_faces-bVSuYDQ-.js                                               0.07 kB │ gzip:     0.09 kB
dist/assets/060_sf_faces-D7Tr-_d0.js                                               0.07 kB │ gzip:     0.09 kB
dist/assets/furn104-cFmv-B9-YroPV.js                                               0.07 kB │ gzip:     0.09 kB
dist/assets/furn106-dFmv-BXr5eiHq.js                                               0.07 kB │ gzip:     0.09 kB
dist/assets/furn109-cFmv-bnJrK7Ww.js                                               0.07 kB │ gzip:     0.09 kB
dist/assets/furn111-cFmv-C2oU1LGk.js                                               0.07 kB │ gzip:     0.09 kB
dist/assets/furn113-cFmv-j5huGO4c.js                                               0.07 kB │ gzip:     0.09 kB
dist/assets/furn104-cFmv-3986hpod.js                                               0.07 kB │ gzip:     0.09 kB
dist/assets/furn106-dFmv-BM2VE1Jq.js                                               0.07 kB │ gzip:     0.09 kB
dist/assets/furn109-cFmv-D58Vfwwr.js                                               0.07 kB │ gzip:     0.09 kB
dist/assets/furn111-cFmv-x0eaJxQD.js                                               0.07 kB │ gzip:     0.09 kB
dist/assets/furn113-cFmv-DTXnviAp.js                                               0.07 kB │ gzip:     0.09 kB
dist/assets/1-1-closet_11-BL7noKAA.js                                              0.07 kB │ gzip:     0.09 kB
dist/assets/1-2-shower_10-COJdESIA.js                                              0.07 kB │ gzip:     0.09 kB
dist/assets/1-2-shower_11-Dsj5PgS0.js                                              0.07 kB │ gzip:     0.09 kB
dist/assets/1-2-shower_12-D0dJwOVI.js                                              0.07 kB │ gzip:     0.09 kB
dist/assets/1-5-cockpit_1-CM69u50d.js                                              0.07 kB │ gzip:     0.09 kB
dist/assets/1-5-cockpit_2-CrQ8mJ5T.js                                              0.07 kB │ gzip:     0.09 kB
dist/assets/1-5-cockpit_3-CQVt-d9-.js                                              0.07 kB │ gzip:     0.09 kB
dist/assets/1-5-cockpit_4-BjmDUKbD.js                                              0.07 kB │ gzip:     0.09 kB
dist/assets/1-5-cockpit_5-T2vVzu_B.js                                              0.07 kB │ gzip:     0.09 kB
dist/assets/1-5-cockpit_6-CTAI7knT.js                                              0.07 kB │ gzip:     0.09 kB
dist/assets/1-5-cockpit_7-DBZ_bvrm.js                                              0.07 kB │ gzip:     0.09 kB
dist/assets/1-5-cockpit_8-D6SMI99x.js                                              0.07 kB │ gzip:     0.09 kB
dist/assets/1-5-cockpit_9-DkOMPZNj.js                                              0.07 kB │ gzip:     0.09 kB
dist/assets/1-6-pantry_10-DtHS4HHq.js                                              0.07 kB │ gzip:     0.09 kB
dist/assets/1-6-pantry_11-CC5NLim5.js                                              0.07 kB │ gzip:     0.09 kB
dist/assets/1-6-pantry_12-CpHN6n-B.js                                              0.07 kB │ gzip:     0.09 kB
dist/assets/3-1-garage_10-sXHzwiPh.js                                              0.07 kB │ gzip:     0.09 kB
dist/assets/3-1-garage_11-CBU0NHwV.js                                              0.07 kB │ gzip:     0.09 kB
dist/assets/3-1-garage_12-COBrdoge.js                                              0.07 kB │ gzip:     0.09 kB
dist/assets/5-3-hangar_10-CPQkZ8ph.js                                              0.07 kB │ gzip:     0.09 kB
dist/assets/5-3-hangar_11-D4gLsfPF.js                                              0.07 kB │ gzip:     0.09 kB
dist/assets/5-3-hangar_12-uxFG_rFT.js                                              0.07 kB │ gzip:     0.09 kB
dist/assets/6-3-airport_1-DbSXBlvR.js                                              0.07 kB │ gzip:     0.09 kB
dist/assets/6-3-airport_2-Cbv00Ft8.js                                              0.07 kB │ gzip:     0.09 kB
dist/assets/6-3-airport_3-B--Alayg.js                                              0.07 kB │ gzip:     0.09 kB
dist/assets/6-3-airport_4-BOgiJzlq.js                                              0.07 kB │ gzip:     0.09 kB
dist/assets/6-3-airport_5-093kmoyG.js                                              0.07 kB │ gzip:     0.09 kB
dist/assets/6-3-airport_6-DrA8Q_mi.js                                              0.07 kB │ gzip:     0.09 kB
dist/assets/6-3-airport_7-rpkvrPml.js                                              0.07 kB │ gzip:     0.09 kB
dist/assets/6-3-airport_8-DW90gXAp.js                                              0.07 kB │ gzip:     0.09 kB
dist/assets/6-3-airport_9-Dypb3cyu.js                                              0.07 kB │ gzip:     0.09 kB
dist/assets/2-bathroom_10-ow17JZ2a.js                                              0.07 kB │ gzip:     0.09 kB
dist/assets/2-bathroom_11-vf8A3QWi.js                                              0.07 kB │ gzip:     0.09 kB
dist/assets/2-bathroom_12-hsHaxdN-.js                                              0.07 kB │ gzip:     0.09 kB
dist/assets/2-bathroom_13-D4EyW2pJ.js                                              0.07 kB │ gzip:     0.09 kB
dist/assets/2-bathroom_14-h3aA3omV.js                                              0.07 kB │ gzip:     0.09 kB
dist/assets/2-bathroom_15-BctVJRt2.js                                              0.07 kB │ gzip:     0.09 kB
dist/assets/2-bathroom_16-uaHedKSI.js                                              0.07 kB │ gzip:     0.09 kB
dist/assets/3-classroom_1-7JgdwCYS.js                                              0.07 kB │ gzip:     0.09 kB
dist/assets/3-classroom_2-5akYa0FT.js                                              0.07 kB │ gzip:     0.09 kB
dist/assets/3-classroom_3-CQfatBhT.js                                              0.07 kB │ gzip:     0.09 kB
dist/assets/3-classroom_4-DwzHJbiV.js                                              0.07 kB │ gzip:     0.09 kB
dist/assets/3-classroom_5-CNivWoS7.js                                              0.07 kB │ gzip:     0.09 kB
dist/assets/3-classroom_6-lSXe60b-.js                                              0.07 kB │ gzip:     0.09 kB
dist/assets/3-classroom_7-C0Vhz0fG.js                                              0.07 kB │ gzip:     0.09 kB
dist/assets/3-classroom_8-BMV6Zo8u.js                                              0.07 kB │ gzip:     0.09 kB
dist/assets/3-classroom_9-viiqozb-.js                                              0.07 kB │ gzip:     0.09 kB
dist/assets/3-hairsalon_1-12LAhOV7.js                                              0.07 kB │ gzip:     0.09 kB
dist/assets/3-hairsalon_2-BkvcOPAx.js                                              0.07 kB │ gzip:     0.09 kB
dist/assets/3-hairsalon_3-6--BlHG9.js                                              0.07 kB │ gzip:     0.09 kB
dist/assets/3-hairsalon_4-DlIJhvxk.js                                              0.07 kB │ gzip:     0.09 kB
dist/assets/3-hairsalon_5-BMS3Dtpw.js                                              0.07 kB │ gzip:     0.09 kB
dist/assets/3-hairsalon_6-CDdO0QBM.js                                              0.07 kB │ gzip:     0.09 kB
dist/assets/3-hairsalon_7-BbSww4Sd.js                                              0.07 kB │ gzip:     0.09 kB
dist/assets/3-hairsalon_8-CvJPwa_y.js                                              0.07 kB │ gzip:     0.09 kB
dist/assets/3-hairsalon_9-BUHiMunt.js                                              0.07 kB │ gzip:     0.09 kB
dist/assets/5-warehouse_1-D-MHRplo.js                                              0.07 kB │ gzip:     0.09 kB
dist/assets/5-warehouse_2-B8RbWuCo.js                                              0.07 kB │ gzip:     0.09 kB
dist/assets/5-warehouse_3-DMQdWCbA.js                                              0.07 kB │ gzip:     0.09 kB
dist/assets/5-warehouse_4-MV6OJQ8w.js                                              0.07 kB │ gzip:     0.09 kB
dist/assets/5-warehouse_5-D09rrvqF.js                                              0.07 kB │ gzip:     0.09 kB
dist/assets/5-warehouse_6-pTjjqoRL.js                                              0.07 kB │ gzip:     0.09 kB
dist/assets/5-warehouse_7-CpRZqsH2.js                                              0.07 kB │ gzip:     0.09 kB
dist/assets/5-warehouse_8-CTsoDxG8.js                                              0.07 kB │ gzip:     0.09 kB
dist/assets/5-warehouse_9-CSuhE9mI.js                                              0.07 kB │ gzip:     0.09 kB
dist/assets/0.61_gorilla1-D8loGLET.js                                              0.07 kB │ gzip:     0.09 kB
dist/assets/0.99_kangaroo-1vCkVp-C.js                                              0.07 kB │ gzip:     0.09 kB
dist/assets/1.25_cow-bull-BSESZ2Xx.js                                              0.07 kB │ gzip:     0.09 kB
dist/assets/0.69_bookcase-cxJtFrt0.js                                              0.07 kB │ gzip:     0.09 kB
dist/assets/0.74_Stroller-BRF7frYu.js                                              0.07 kB │ gzip:     0.09 kB
dist/assets/0.79_Acanoe19-BZ5z1mew.js                                              0.07 kB │ gzip:     0.09 kB
dist/assets/1.30_ASHADES3-Ce56ClI8.js                                              0.07 kB │ gzip:     0.09 kB
dist/assets/0.92_seahorse-CWcinlhw.js                                              0.07 kB │ gzip:     0.09 kB
dist/assets/1.05_squirrel-LAGp1HbP.js                                              0.07 kB │ gzip:     0.09 kB
dist/assets/1.58_chipmunk-qn2QEdPA.js                                              0.07 kB │ gzip:     0.09 kB
dist/assets/1.59_hedgehog-DzxHTBjJ.js                                              0.07 kB │ gzip:     0.09 kB
dist/assets/0.50_pepper01-6DsGDyvF.js                                              0.07 kB │ gzip:     0.09 kB
dist/assets/0.98_ADISCMAN-Bfu-arKI.js                                              0.07 kB │ gzip:     0.09 kB
dist/assets/0.99_ASCOTAPE-mgIjMc9V.js                                              0.07 kB │ gzip:     0.09 kB
dist/assets/1.05_B_coffee-CNQevHwL.js                                              0.07 kB │ gzip:     0.09 kB
dist/assets/1.23_pacifier-DLOTkUE2.js                                              0.07 kB │ gzip:     0.09 kB
dist/assets/1.47_Abrush46-BullWZcH.js                                              0.07 kB │ gzip:     0.09 kB
dist/assets/1.70_Asandal7-D_OpNNvv.js                                              0.07 kB │ gzip:     0.09 kB
dist/assets/1.95_Amitten6-TeCP9W_E.js                                              0.07 kB │ gzip:     0.09 kB
dist/assets/0-teak_tf53er-BOutB6lK.js                                              0.07 kB │ gzip:     0.09 kB
dist/assets/Aallterrain10-I6Wr6WHJ.js                                              0.07 kB │ gzip:     0.09 kB
dist/assets/Aantiquejuke2-Baa5BgJW.js                                              0.07 kB │ gzip:     0.09 kB
dist/assets/Aantiquesofa4-Dk0W3fsG.js                                              0.07 kB │ gzip:     0.09 kB
dist/assets/Abluebabybug4-7RkMwWLj.js                                              0.07 kB │ gzip:     0.09 kB
dist/assets/Aboxandchair1-BE5IBp8Q.js                                              0.07 kB │ gzip:     0.09 kB
dist/assets/Acabinetwith2-D7wolxMN.js                                              0.07 kB │ gzip:     0.09 kB
dist/assets/Acarontrailer-BenJlXRn.js                                              0.07 kB │ gzip:     0.09 kB
dist/assets/Acartofgroce3-CLkCZUOc.js                                              0.07 kB │ gzip:     0.09 kB
dist/assets/Adressertabl3-DIzYYjZM.js                                              0.07 kB │ gzip:     0.09 kB
dist/assets/Aexercisemac3-DR57BL9I.js                                              0.07 kB │ gzip:     0.09 kB
dist/assets/Aexercisemac4-DyWqVpoc.js                                              0.07 kB │ gzip:     0.09 kB
dist/assets/Afilingcabin2-DnprHLob.js                                              0.07 kB │ gzip:     0.09 kB
dist/assets/Agrandpiano13-Brtu4ghZ.js                                              0.07 kB │ gzip:     0.09 kB
dist/assets/Ajewelrybox26-79I2yqQx.js                                              0.07 kB │ gzip:     0.09 kB
dist/assets/Akitchenisla4-nbdPWczj.js                                              0.07 kB │ gzip:     0.09 kB
dist/assets/Aleathersofa5-BSb66rTt.js                                              0.07 kB │ gzip:     0.09 kB
dist/assets/Aprintingpre8-p0oP2L4X.js                                              0.07 kB │ gzip:     0.09 kB
dist/assets/Aroadsignind2-CU7UK0k8.js                                              0.07 kB │ gzip:     0.09 kB
dist/assets/Astatueofwild-DWgotiN6.js                                              0.07 kB │ gzip:     0.09 kB
dist/assets/Awickerchair8-CLY3xPHd.js                                              0.07 kB │ gzip:     0.09 kB
dist/assets/pingpongtable-CIaBO-MT.js                                              0.07 kB │ gzip:     0.09 kB
dist/assets/refridgerator-_x9sGYBl.js                                              0.07 kB │ gzip:     0.09 kB
dist/assets/A70ssunglass3-Cm5AcS4Q.js                                              0.07 kB │ gzip:     0.09 kB
dist/assets/A_computerkey-BWdnERud.js                                              0.07 kB │ gzip:     0.09 kB
dist/assets/Aadjustablec2-DTv50miH.js                                              0.07 kB │ gzip:     0.09 kB
dist/assets/Aadjustablech-tsw0GuZn.js                                              0.07 kB │ gzip:     0.09 kB
dist/assets/Aaircraftsni4-CGPw7l_6.js                                              0.07 kB │ gzip:     0.09 kB
dist/assets/Aballofyarn31-Dsxiu64Z.js                                              0.07 kB │ gzip:     0.09 kB
dist/assets/Aballofyarn35-CBnTh83J.js                                              0.07 kB │ gzip:     0.09 kB
dist/assets/Abananasundae-ZrCA_-mU.js                                              0.07 kB │ gzip:     0.09 kB
dist/assets/Abaseballglo4-DveoPfV1.js                                              0.07 kB │ gzip:     0.09 kB
dist/assets/Abellcookiec3-hsXwxMa0.js                                              0.07 kB │ gzip:     0.09 kB
dist/assets/Abicycleodome-CMpJjq7p.js                                              0.07 kB │ gzip:     0.09 kB
dist/assets/Aboxoftissue5-JAljlbe-.js                                              0.07 kB │ gzip:     0.09 kB
dist/assets/Abunchofgrap2-DYqRZcrs.js                                              0.07 kB │ gzip:     0.09 kB
dist/assets/Acalculator12-CkaAbr7O.js                                              0.07 kB │ gzip:     0.09 kB
dist/assets/Acalculator21-BLQ76-01.js                                              0.07 kB │ gzip:     0.09 kB
dist/assets/Acalculator22-CmsX8woP.js                                              0.07 kB │ gzip:     0.09 kB
dist/assets/Acanadianco10-CPkCi9Od.js                                              0.07 kB │ gzip:     0.09 kB
dist/assets/Acanadianco39-C3E-_jEM.js                                              0.07 kB │ gzip:     0.09 kB
dist/assets/Acannedaspa10-CATUBo_w.js                                              0.07 kB │ gzip:     0.09 kB
dist/assets/Acastingladl2-DJdbPE55.js                                              0.07 kB │ gzip:     0.09 kB
dist/assets/Achocolateice-DUBgRl_h.js                                              0.07 kB │ gzip:     0.09 kB
dist/assets/Acircularbut5-ungYk2DU.js                                              0.07 kB │ gzip:     0.09 kB
dist/assets/Acombination8-C2pMgxG9.js                                              0.07 kB │ gzip:     0.09 kB
dist/assets/Acontainerwi2-BnLbmNnI.js                                              0.07 kB │ gzip:     0.09 kB
dist/assets/Adecorativem2-T1zvcYpv.js                                              0.07 kB │ gzip:     0.09 kB
dist/assets/Adecorativet3-CvoW7yT5.js                                              0.07 kB │ gzip:     0.09 kB
dist/assets/Adiamondring3-CVgV3-IN.js                                              0.07 kB │ gzip:     0.09 kB
dist/assets/Aelectronicg9-YeArCoSe.js                                              0.07 kB │ gzip:     0.09 kB
dist/assets/Afeatherdust2-JtdxfA8j.js                                              0.07 kB │ gzip:     0.09 kB
dist/assets/Afingeraccess-KGQSGjFF.js                                              0.07 kB │ gzip:     0.09 kB
dist/assets/Agardeningrak-DYLWyR18.js                                              0.07 kB │ gzip:     0.09 kB
dist/assets/Ahandheldbel2-DyI6583Q.js                                              0.07 kB │ gzip:     0.09 kB
dist/assets/Amagnifyingg4-BSEKBelp.js                                              0.07 kB │ gzip:     0.09 kB
dist/assets/Anailscissors-BXWlWPDB.js                                              0.07 kB │ gzip:     0.09 kB
dist/assets/Anetworkplug3-Bxq9XAya.js                                              0.07 kB │ gzip:     0.09 kB
dist/assets/Apencilsharp5-DkW5Rg3S.js                                              0.07 kB │ gzip:     0.09 kB
dist/assets/Apicturefra12-X0AVtMfj.js                                              0.07 kB │ gzip:     0.09 kB
dist/assets/Arollofstrin2-Du3VZe-d.js                                              0.07 kB │ gzip:     0.09 kB
dist/assets/Arubberworksh-kBzYpqu3.js                                              0.07 kB │ gzip:     0.09 kB
dist/assets/Askigoggles10-BSpWPq27.js                                              0.07 kB │ gzip:     0.09 kB
dist/assets/Aspoolofthre6-BWxYgmHb.js                                              0.07 kB │ gzip:     0.09 kB
dist/assets/Asquashgoggl2-C3YiDpWc.js                                              0.07 kB │ gzip:     0.09 kB
dist/assets/Atoyfishorna3-Cd2Wz7eA.js                                              0.07 kB │ gzip:     0.09 kB
dist/assets/B_toiletpaper-CWeP3hRy.js                                              0.07 kB │ gzip:     0.09 kB
dist/assets/baseballbat04-COwjBAlx.js                                              0.07 kB │ gzip:     0.09 kB
dist/assets/changepurse03-rUvhEHX8.js                                              0.07 kB │ gzip:     0.09 kB
dist/assets/ignitionkey01-CgrO6MRc.js                                              0.07 kB │ gzip:     0.09 kB
dist/assets/furniture06-c-Bv6iq3Km.js                                              0.07 kB │ gzip:     0.09 kB
dist/assets/furniture07-c-Bn8wAKzr.js                                              0.07 kB │ gzip:     0.09 kB
dist/assets/furniture08-c-TVtfyMcP.js                                              0.07 kB │ gzip:     0.09 kB
dist/assets/furniture10-c-V343w_VL.js                                              0.07 kB │ gzip:     0.09 kB
dist/assets/furniture12-c-DcVz-9_f.js                                              0.07 kB │ gzip:     0.09 kB
dist/assets/furniture14-c-DSzHI-w5.js                                              0.07 kB │ gzip:     0.09 kB
dist/assets/furniture16-c-uQ_0D7ho.js                                              0.07 kB │ gzip:     0.09 kB
dist/assets/furniture18-c-CilohjDU.js                                              0.07 kB │ gzip:     0.09 kB
dist/assets/furniture20-c-DiU8Rj7M.js                                              0.07 kB │ gzip:     0.09 kB
dist/assets/furniture22-c-DimK0CV9.js                                              0.07 kB │ gzip:     0.09 kB
dist/assets/furniture24-c-RWclZdXc.js                                              0.07 kB │ gzip:     0.09 kB
dist/assets/furniture26-c-CejiD7vX.js                                              0.07 kB │ gzip:     0.09 kB
dist/assets/furniture28-c-BN07hpp1.js                                              0.07 kB │ gzip:     0.09 kB
dist/assets/furniture30-c-DVqGPymi.js                                              0.07 kB │ gzip:     0.09 kB
dist/assets/single_furn01-CpVZkZYs.js                                              0.07 kB │ gzip:     0.09 kB
dist/assets/single_furn02-BCqIbRCL.js                                              0.07 kB │ gzip:     0.09 kB
dist/assets/single_furn03-J0YqSgsn.js                                              0.07 kB │ gzip:     0.09 kB
dist/assets/single_furn04-BcZgOgM3.js                                              0.07 kB │ gzip:     0.09 kB
dist/assets/single_furn05-CGSp1l-L.js                                              0.07 kB │ gzip:     0.09 kB
dist/assets/single_furn06-Byq9UrYk.js                                              0.07 kB │ gzip:     0.09 kB
dist/assets/single_furn07-BdG3VSG_.js                                              0.07 kB │ gzip:     0.09 kB
dist/assets/single_furn08-CpjGz4XJ.js                                              0.07 kB │ gzip:     0.09 kB
dist/assets/single_furn09-C1D7RYor.js                                              0.07 kB │ gzip:     0.09 kB
dist/assets/single_furn10-ui7rk35x.js                                              0.07 kB │ gzip:     0.09 kB
dist/assets/single_furn11-C0eFolLp.js                                              0.07 kB │ gzip:     0.09 kB
dist/assets/single_furn12-IU8fwG-K.js                                              0.07 kB │ gzip:     0.09 kB
dist/assets/single_furn13-B5Jk66H4.js                                              0.07 kB │ gzip:     0.09 kB
dist/assets/single_furn14-DiMfXaew.js                                              0.07 kB │ gzip:     0.09 kB
dist/assets/single_furn15-CjUsOHM8.js                                              0.07 kB │ gzip:     0.09 kB
dist/assets/single_furn16-DfF4imsk.js                                              0.07 kB │ gzip:     0.09 kB
dist/assets/single_furn17-Br9N3VvE.js                                              0.07 kB │ gzip:     0.09 kB
dist/assets/single_furn18-BOHfoKYc.js                                              0.07 kB │ gzip:     0.09 kB
dist/assets/single_furn19-87qziWIj.js                                              0.07 kB │ gzip:     0.09 kB
dist/assets/single_furn20-BT9MQKb2.js                                              0.07 kB │ gzip:     0.09 kB
dist/assets/furniture06-a-BNAEfcg_.js                                              0.07 kB │ gzip:     0.09 kB
dist/assets/furniture07-a-DkMKtdgw.js                                              0.07 kB │ gzip:     0.09 kB
dist/assets/furniture08-a-Dq72n-ox.js                                              0.07 kB │ gzip:     0.09 kB
dist/assets/furniture10-a-D3lfyVyo.js                                              0.07 kB │ gzip:     0.09 kB
dist/assets/furniture12-a-CfgYgNoe.js                                              0.07 kB │ gzip:     0.09 kB
dist/assets/furniture14-a-D2HsZR9s.js                                              0.07 kB │ gzip:     0.09 kB
dist/assets/furniture16-a-B9Kq-iAT.js                                              0.07 kB │ gzip:     0.09 kB
dist/assets/furniture18-a-DP7cq9xg.js                                              0.07 kB │ gzip:     0.09 kB
dist/assets/furniture20-a-ChbEEEIc.js                                              0.07 kB │ gzip:     0.09 kB
dist/assets/furniture22-a-CyTjJM6r.js                                              0.07 kB │ gzip:     0.09 kB
dist/assets/furniture24-a-DLqvmXnx.js                                              0.07 kB │ gzip:     0.09 kB
dist/assets/furniture26-a-B1Sj4KDx.js                                              0.07 kB │ gzip:     0.09 kB
dist/assets/furniture28-a-Cg9a2FmR.js                                              0.07 kB │ gzip:     0.09 kB
dist/assets/furniture30-a-D4YQksqC.js                                              0.07 kB │ gzip:     0.09 kB
dist/assets/furniture06-c-DbmM7A1s.js                                              0.07 kB │ gzip:     0.09 kB
dist/assets/furniture07-c-C11P62no.js                                              0.07 kB │ gzip:     0.09 kB
dist/assets/furniture08-c-DfKfNthI.js                                              0.07 kB │ gzip:     0.09 kB
dist/assets/furniture10-c-x2sLTQmA.js                                              0.07 kB │ gzip:     0.09 kB
dist/assets/furniture12-c-B4N2vWp4.js                                              0.07 kB │ gzip:     0.09 kB
dist/assets/furniture14-c-WOSl_-Mb.js                                              0.07 kB │ gzip:     0.09 kB
dist/assets/furniture16-c-CGJwqwSj.js                                              0.07 kB │ gzip:     0.09 kB
dist/assets/furniture18-c-BwF-enLx.js                                              0.07 kB │ gzip:     0.09 kB
dist/assets/furniture20-c-CvOb3gjx.js                                              0.07 kB │ gzip:     0.09 kB
dist/assets/furniture22-c-CD3_DmuV.js                                              0.07 kB │ gzip:     0.09 kB
dist/assets/furniture24-c-Dq1eTnsW.js                                              0.07 kB │ gzip:     0.09 kB
dist/assets/furniture26-c-BwRHzGX5.js                                              0.07 kB │ gzip:     0.09 kB
dist/assets/furniture28-c-C6FbwhjE.js                                              0.07 kB │ gzip:     0.09 kB
dist/assets/furniture30-c-DXRfwLzl.js                                              0.07 kB │ gzip:     0.09 kB
dist/assets/1-5-cockpit_10-BRzKOW0s.js                                             0.07 kB │ gzip:     0.09 kB
dist/assets/1-5-cockpit_11-DqLQY078.js                                             0.07 kB │ gzip:     0.09 kB
dist/assets/1-5-cockpit_12-G9YE44ch.js                                             0.07 kB │ gzip:     0.09 kB
dist/assets/2-1-elevator_1-wuoGWKNZ.js                                             0.07 kB │ gzip:     0.09 kB
dist/assets/2-1-elevator_2-KRxmofc0.js                                             0.07 kB │ gzip:     0.09 kB
dist/assets/2-1-elevator_3-Cm7Gi4gJ.js                                             0.07 kB │ gzip:     0.09 kB
dist/assets/2-1-elevator_4-SzCMkrht.js                                             0.07 kB │ gzip:     0.09 kB
dist/assets/2-1-elevator_5-bvr7rcti.js                                             0.07 kB │ gzip:     0.09 kB
dist/assets/2-1-elevator_6-C4E-Ydaj.js                                             0.07 kB │ gzip:     0.09 kB
dist/assets/2-1-elevator_7-CYGeggEz.js                                             0.07 kB │ gzip:     0.09 kB
dist/assets/2-1-elevator_8-jQ2txeeL.js                                             0.07 kB │ gzip:     0.09 kB
dist/assets/2-1-elevator_9-BssYXYvn.js                                             0.07 kB │ gzip:     0.09 kB
dist/assets/2-3-restroom_1-BE08GAyb.js                                             0.07 kB │ gzip:     0.09 kB
dist/assets/2-3-restroom_2-BL2O37TT.js                                             0.07 kB │ gzip:     0.09 kB
dist/assets/2-3-restroom_3-Dgj8L2aC.js                                             0.07 kB │ gzip:     0.09 kB
dist/assets/2-3-restroom_4-fscxBVWm.js                                             0.07 kB │ gzip:     0.09 kB
dist/assets/2-3-restroom_5-Cv8WvWkm.js                                             0.07 kB │ gzip:     0.09 kB
dist/assets/2-3-restroom_6-DsNLpvad.js                                             0.07 kB │ gzip:     0.09 kB
dist/assets/2-3-restroom_7-Cq-eg2vO.js                                             0.07 kB │ gzip:     0.09 kB
dist/assets/2-3-restroom_8-B8iVrq5q.js                                             0.07 kB │ gzip:     0.09 kB
dist/assets/2-3-restroom_9-DwiRG9tu.js                                             0.07 kB │ gzip:     0.09 kB
dist/assets/2-4-bathroom_1-D9pLCcKp.js                                             0.07 kB │ gzip:     0.09 kB
dist/assets/2-4-bathroom_2-CUObMLo0.js                                             0.07 kB │ gzip:     0.09 kB
dist/assets/2-4-bathroom_3-BeWU-l5M.js                                             0.07 kB │ gzip:     0.09 kB
dist/assets/2-4-bathroom_4-CqJ41U53.js                                             0.07 kB │ gzip:     0.09 kB
dist/assets/2-4-bathroom_5-BwxWMnhu.js                                             0.07 kB │ gzip:     0.09 kB
dist/assets/2-4-bathroom_6-BG54ZzVO.js                                             0.07 kB │ gzip:     0.09 kB
dist/assets/2-4-bathroom_7-DNIXWDD8.js                                             0.07 kB │ gzip:     0.09 kB
dist/assets/2-4-bathroom_8-BF5NPZyn.js                                             0.07 kB │ gzip:     0.09 kB
dist/assets/2-4-bathroom_9-DY8RLrs3.js                                             0.07 kB │ gzip:     0.09 kB
dist/assets/3-5-workshop_1-BmwSrTte.js                                             0.07 kB │ gzip:     0.09 kB
dist/assets/3-5-workshop_2-BfMsauJq.js                                             0.07 kB │ gzip:     0.09 kB
dist/assets/3-5-workshop_3-DGU3WBqo.js                                             0.07 kB │ gzip:     0.09 kB
dist/assets/3-5-workshop_4-CpLoIf4v.js                                             0.07 kB │ gzip:     0.09 kB
dist/assets/3-5-workshop_5-DjVEnfjO.js                                             0.07 kB │ gzip:     0.09 kB
dist/assets/3-5-workshop_6-MgubylFn.js                                             0.07 kB │ gzip:     0.09 kB
dist/assets/3-5-workshop_7-CTv8Btqq.js                                             0.07 kB │ gzip:     0.09 kB
dist/assets/3-5-workshop_8-BOx_r2s-.js                                             0.07 kB │ gzip:     0.09 kB
dist/assets/3-5-workshop_9-Bd8OEXPm.js                                             0.07 kB │ gzip:     0.09 kB
dist/assets/4-6-airplane_1-BUnncVTv.js                                             0.07 kB │ gzip:     0.09 kB
dist/assets/4-6-airplane_2-CKghqNlk.js                                             0.07 kB │ gzip:     0.09 kB
dist/assets/4-6-airplane_3-CI0lIWDD.js                                             0.07 kB │ gzip:     0.09 kB
dist/assets/4-6-airplane_4-tb5K9I0L.js                                             0.07 kB │ gzip:     0.09 kB
dist/assets/4-6-airplane_5-MZSEOMD8.js                                             0.07 kB │ gzip:     0.09 kB
dist/assets/4-6-airplane_6-CNd4BZmt.js                                             0.07 kB │ gzip:     0.09 kB
dist/assets/4-6-airplane_7-Cvgtaw2M.js                                             0.07 kB │ gzip:     0.09 kB
dist/assets/4-6-airplane_8-DqUbdu99.js                                             0.07 kB │ gzip:     0.09 kB
dist/assets/4-6-airplane_9-Dq4qXlVD.js                                             0.07 kB │ gzip:     0.09 kB
dist/assets/5-1-ballroom_1-BrXyUhMr.js                                             0.07 kB │ gzip:     0.09 kB
dist/assets/5-1-ballroom_2-BlguI7tX.js                                             0.07 kB │ gzip:     0.09 kB
dist/assets/5-1-ballroom_3-BVYB2uYz.js                                             0.07 kB │ gzip:     0.09 kB
dist/assets/5-1-ballroom_4-D8tdimif.js                                             0.07 kB │ gzip:     0.09 kB
dist/assets/5-1-ballroom_5-BsT0es7_.js                                             0.07 kB │ gzip:     0.09 kB
dist/assets/5-1-ballroom_6-C7mIhsQd.js                                             0.07 kB │ gzip:     0.09 kB
dist/assets/5-1-ballroom_7-D5i-0W8E.js                                             0.07 kB │ gzip:     0.09 kB
dist/assets/5-1-ballroom_8-D54ZdP9l.js                                             0.07 kB │ gzip:     0.09 kB
dist/assets/5-1-ballroom_9-SMlA7tgt.js                                             0.07 kB │ gzip:     0.09 kB
dist/assets/6-3-airport_10-DGhIfuqs.js                                             0.07 kB │ gzip:     0.09 kB
dist/assets/6-3-airport_11-4tnK006L.js                                             0.07 kB │ gzip:     0.09 kB
dist/assets/6-3-airport_12-BjKVB8lS.js                                             0.07 kB │ gzip:     0.09 kB
dist/assets/2-pilothouse_1-Bm7KF2uF.js                                             0.07 kB │ gzip:     0.09 kB
dist/assets/2-pilothouse_2-CozsRJR6.js                                             0.07 kB │ gzip:     0.09 kB
dist/assets/2-pilothouse_3-CyWlvkvO.js                                             0.07 kB │ gzip:     0.09 kB
dist/assets/2-pilothouse_4-4RLKAAHM.js                                             0.07 kB │ gzip:     0.09 kB
dist/assets/2-pilothouse_5-BYkfGaYf.js                                             0.07 kB │ gzip:     0.09 kB
dist/assets/2-pilothouse_6-CzE9REhl.js                                             0.07 kB │ gzip:     0.09 kB
dist/assets/2-pilothouse_7-DCfs2QNO.js                                             0.07 kB │ gzip:     0.09 kB
dist/assets/2-pilothouse_8-C-YdXPHS.js                                             0.07 kB │ gzip:     0.09 kB
dist/assets/2-pilothouse_9-CTMYsJGO.js                                             0.07 kB │ gzip:     0.09 kB
dist/assets/3-classroom_10-dUoQwo-X.js                                             0.07 kB │ gzip:     0.09 kB
dist/assets/3-classroom_11-DT4ADALn.js                                             0.07 kB │ gzip:     0.09 kB
dist/assets/3-classroom_12-376TO1y0.js                                             0.07 kB │ gzip:     0.09 kB
dist/assets/3-classroom_13-BVcXnD51.js                                             0.07 kB │ gzip:     0.09 kB
dist/assets/3-classroom_14-DwzV2RBE.js                                             0.07 kB │ gzip:     0.09 kB
dist/assets/3-classroom_15-CJfuuHNi.js                                             0.07 kB │ gzip:     0.09 kB
dist/assets/3-classroom_16-D7jkIjuo.js                                             0.07 kB │ gzip:     0.09 kB
dist/assets/3-hairsalon_10-C6lmp6XM.js                                             0.07 kB │ gzip:     0.09 kB
dist/assets/3-hairsalon_11-Ck-dPlql.js                                             0.07 kB │ gzip:     0.09 kB
dist/assets/3-hairsalon_12-D96pExzf.js                                             0.07 kB │ gzip:     0.09 kB
dist/assets/3-hairsalon_13-BkrQv5QL.js                                             0.07 kB │ gzip:     0.09 kB
dist/assets/3-hairsalon_14-DDUPSHPt.js                                             0.07 kB │ gzip:     0.09 kB
dist/assets/3-hairsalon_15-B9Xlheft.js                                             0.07 kB │ gzip:     0.09 kB
dist/assets/3-hairsalon_16-DljIFm-h.js                                             0.07 kB │ gzip:     0.09 kB
dist/assets/5-warehouse_10-kHiOhmD5.js                                             0.07 kB │ gzip:     0.09 kB
dist/assets/5-warehouse_11-lkbagsC0.js                                             0.07 kB │ gzip:     0.09 kB
dist/assets/5-warehouse_12-BH2ndZvN.js                                             0.07 kB │ gzip:     0.09 kB
dist/assets/5-warehouse_13-DTfE4IT3.js                                             0.07 kB │ gzip:     0.09 kB
dist/assets/5-warehouse_14-V7wUnuhf.js                                             0.07 kB │ gzip:     0.09 kB
dist/assets/5-warehouse_15-DUPidMtv.js                                             0.07 kB │ gzip:     0.09 kB
dist/assets/5-warehouse_16-CX7lFxwY.js                                             0.07 kB │ gzip:     0.09 kB
dist/assets/0.64_orangutan-CJ5rF_RA.js                                             0.07 kB │ gzip:     0.09 kB
dist/assets/1.06_elephant1-BmqmfQGN.js                                             0.07 kB │ gzip:     0.09 kB
dist/assets/2.11_cat-lion1-DirYGxB2.js                                             0.07 kB │ gzip:     0.09 kB
dist/assets/0.68_deskchair-B-VrZiU8.js                                             0.07 kB │ gzip:     0.09 kB
dist/assets/0.75_AANTCHAIR-CgQX8Oh0.js                                             0.07 kB │ gzip:     0.09 kB
dist/assets/0.77_Abarrel30-CrGCJjmh.js                                             0.07 kB │ gzip:     0.09 kB
dist/assets/0.82_D_bathtub-Cz8MAgoo.js                                             0.07 kB │ gzip:     0.09 kB
dist/assets/0.94_AARMCHA25-B9OyjHb8.js                                             0.07 kB │ gzip:     0.09 kB
dist/assets/1.04_treadmill-ZRovAXJQ.js                                             0.07 kB │ gzip:     0.09 kB
dist/assets/1.60_firetruck-6RUI5WMU.js                                             0.07 kB │ gzip:     0.09 kB
dist/assets/1.78_schoolbus-Xy3nnYzY.js                                             0.07 kB │ gzip:     0.09 kB
dist/assets/0.44_prariedog-BDojYvWK.js                                             0.07 kB │ gzip:     0.09 kB
dist/assets/1.04_bird-misc-DMKIQe6X.js                                             0.07 kB │ gzip:     0.09 kB
dist/assets/1.14_armadillo-Ct6QlOj7.js                                             0.07 kB │ gzip:     0.09 kB
dist/assets/1.76_guineapig-B_sB1UCb.js                                             0.07 kB │ gzip:     0.09 kB
dist/assets/0.55_AMAGNGLA3-BBT2i3M1.js                                             0.07 kB │ gzip:     0.09 kB
dist/assets/0.55_lightbulb-DvHTqJRT.js                                             0.07 kB │ gzip:     0.09 kB
dist/assets/0.74_ringbox03-CQPhHjyp.js                                             0.07 kB │ gzip:     0.09 kB
dist/assets/0.82_AANTICUP4-iUXEkgOc.js                                             0.07 kB │ gzip:     0.09 kB
dist/assets/0.86_Acompas19-DgXUlLoE.js                                             0.07 kB │ gzip:     0.09 kB
dist/assets/0.93_Aductta15-BeLqJfWV.js                                             0.07 kB │ gzip:     0.09 kB
dist/assets/0.96_Athimble2-m68AleQf.js                                             0.07 kB │ gzip:     0.09 kB
dist/assets/1.01_ASOCCBALL-4jzUSDBt.js                                             0.07 kB │ gzip:     0.09 kB
dist/assets/1.07_B_stapler-B2cC_ZYu.js                                             0.07 kB │ gzip:     0.09 kB
dist/assets/1.26_ABADBIRDY-PQUVtB-q.js                                             0.07 kB │ gzip:     0.09 kB
dist/assets/1.29_ASERVICEB-DxPRnxW1.js                                             0.07 kB │ gzip:     0.09 kB
dist/assets/1.44_ACUPSAU43-DK0V-pKk.js                                             0.07 kB │ gzip:     0.09 kB
dist/assets/1.45_dustpan02-CDl3dVkp.js                                             0.07 kB │ gzip:     0.09 kB
dist/assets/1.73_Atrowel37-CVv8h_El.js                                             0.07 kB │ gzip:     0.09 kB
dist/assets/1.84_harmonica-BIYdnUKd.js                                             0.07 kB │ gzip:     0.09 kB
dist/assets/C_framedmirror-C6KZMYSS.js                                             0.07 kB │ gzip:     0.09 kB
dist/assets/D_exercisebike-DA_oU6V9.js                                             0.07 kB │ gzip:     0.09 kB
dist/assets/popcornmachine-CkVleVhH.js                                             0.07 kB │ gzip:     0.09 kB
dist/assets/shavingcream01-m4dOIZR6.js                                             0.07 kB │ gzip:     0.09 kB
dist/assets/furniture102-c-CIVBaN6D.js                                             0.07 kB │ gzip:     0.09 kB
dist/assets/furniture104-c-BFO8Tz-o.js                                             0.07 kB │ gzip:     0.09 kB
dist/assets/furniture106-d-BtG5i0J9.js                                             0.07 kB │ gzip:     0.09 kB
dist/assets/furniture109-c-BGSV5CL9.js                                             0.07 kB │ gzip:     0.09 kB
dist/assets/furniture111-c-knCEs0fp.js                                             0.07 kB │ gzip:     0.09 kB
dist/assets/furniture113-c-Dyhk_-w5.js                                             0.07 kB │ gzip:     0.09 kB
dist/assets/furniture102-a-BhHB9aDZ.js                                             0.07 kB │ gzip:     0.09 kB
dist/assets/furniture104-a-ByrWF6xK.js                                             0.07 kB │ gzip:     0.09 kB
dist/assets/furniture106-a-a58e31bS.js                                             0.07 kB │ gzip:     0.09 kB
dist/assets/furniture109-a-PuZ4Le8F.js                                             0.07 kB │ gzip:     0.09 kB
dist/assets/furniture111-a-TbbnVNcj.js                                             0.07 kB │ gzip:     0.09 kB
dist/assets/furniture113-a-CDy0V2oz.js                                             0.07 kB │ gzip:     0.09 kB
dist/assets/furniture102-c-CtqiAgdS.js                                             0.07 kB │ gzip:     0.09 kB
dist/assets/furniture104-c-B72R3X1p.js                                             0.07 kB │ gzip:     0.09 kB
dist/assets/furniture106-d-dnECTHNQ.js                                             0.07 kB │ gzip:     0.09 kB
dist/assets/furniture109-c-BLJPv02Y.js                                             0.07 kB │ gzip:     0.09 kB
dist/assets/furniture111-c-CWkqrcv3.js                                             0.07 kB │ gzip:     0.09 kB
dist/assets/furniture113-c-Cr2I3DRG.js                                             0.07 kB │ gzip:     0.09 kB
dist/assets/2-1-elevator_10-CEvhzS2H.js                                            0.07 kB │ gzip:     0.09 kB
dist/assets/2-1-elevator_11-Cge2Iiaa.js                                            0.07 kB │ gzip:     0.09 kB
dist/assets/2-1-elevator_12-CKe1ELPH.js                                            0.07 kB │ gzip:     0.09 kB
dist/assets/2-3-restroom_10-DetLoims.js                                            0.07 kB │ gzip:     0.09 kB
dist/assets/2-3-restroom_11-BQMQ_a0K.js                                            0.07 kB │ gzip:     0.09 kB
dist/assets/2-3-restroom_12-DeI2dbgB.js                                            0.07 kB │ gzip:     0.09 kB
dist/assets/2-4-bathroom_10-BdhrehFM.js                                            0.07 kB │ gzip:     0.09 kB
dist/assets/2-4-bathroom_11-D7GX2Vu7.js                                            0.07 kB │ gzip:     0.09 kB
dist/assets/2-4-bathroom_12-B_SPTb1F.js                                            0.07 kB │ gzip:     0.09 kB
dist/assets/3-4-hairsalon_1-186ZmmL0.js                                            0.07 kB │ gzip:     0.09 kB
dist/assets/3-4-hairsalon_2-C4xie-b0.js                                            0.07 kB │ gzip:     0.09 kB
dist/assets/3-4-hairsalon_3-CXu90w43.js                                            0.07 kB │ gzip:     0.09 kB
dist/assets/3-4-hairsalon_4-DHUYrrU5.js                                            0.07 kB │ gzip:     0.09 kB
dist/assets/3-4-hairsalon_5-C2SQ0G-A.js                                            0.07 kB │ gzip:     0.09 kB
dist/assets/3-4-hairsalon_6-B2mQlb7T.js                                            0.07 kB │ gzip:     0.09 kB
dist/assets/3-4-hairsalon_7-BTaKA8Se.js                                            0.07 kB │ gzip:     0.09 kB
dist/assets/3-4-hairsalon_8-BkhjP1W9.js                                            0.07 kB │ gzip:     0.09 kB
dist/assets/3-4-hairsalon_9-Daq2jTAI.js                                            0.07 kB │ gzip:     0.09 kB
dist/assets/3-5-workshop_10-xqwyD88G.js                                            0.07 kB │ gzip:     0.09 kB
dist/assets/3-5-workshop_11-DG1kvwN3.js                                            0.07 kB │ gzip:     0.09 kB
dist/assets/3-5-workshop_12-DNsuxAdb.js                                            0.07 kB │ gzip:     0.09 kB
dist/assets/4-6-airplane_10-MeHOEsoH.js                                            0.07 kB │ gzip:     0.09 kB
dist/assets/4-6-airplane_11-bP-YEpLu.js                                            0.07 kB │ gzip:     0.09 kB
dist/assets/4-6-airplane_12-DkyKyWZN.js                                            0.07 kB │ gzip:     0.09 kB
dist/assets/5-1-ballroom_10-CGMu-7cb.js                                            0.07 kB │ gzip:     0.09 kB
dist/assets/5-1-ballroom_11-C-CcAo3Y.js                                            0.07 kB │ gzip:     0.09 kB
dist/assets/5-1-ballroom_12-BHNhT6Xz.js                                            0.07 kB │ gzip:     0.09 kB
dist/assets/5-6-warehouse_1-CwFIVR8O.js                                            0.07 kB │ gzip:     0.09 kB
dist/assets/5-6-warehouse_2-a8PpJGME.js                                            0.07 kB │ gzip:     0.09 kB
dist/assets/5-6-warehouse_3-DQ5UY-m6.js                                            0.07 kB │ gzip:     0.09 kB
dist/assets/5-6-warehouse_4-DUTn2_kG.js                                            0.07 kB │ gzip:     0.09 kB
dist/assets/5-6-warehouse_5-C-m4xCzH.js                                            0.07 kB │ gzip:     0.09 kB
dist/assets/5-6-warehouse_6-Db3B5BWo.js                                            0.07 kB │ gzip:     0.09 kB
dist/assets/5-6-warehouse_7-Cl71U92H.js                                            0.07 kB │ gzip:     0.09 kB
dist/assets/5-6-warehouse_8-ColtshjA.js                                            0.07 kB │ gzip:     0.09 kB
dist/assets/5-6-warehouse_9-KbFDasg0.js                                            0.07 kB │ gzip:     0.09 kB
dist/assets/6-2-warehouse_1-btjUXk6x.js                                            0.07 kB │ gzip:     0.09 kB
dist/assets/6-2-warehouse_2-CC6ZSbdr.js                                            0.07 kB │ gzip:     0.09 kB
dist/assets/6-2-warehouse_3-DLPsgt-7.js                                            0.07 kB │ gzip:     0.09 kB
dist/assets/6-2-warehouse_4-Cfr9gAmo.js                                            0.07 kB │ gzip:     0.09 kB
dist/assets/6-2-warehouse_5-DPMb8ECS.js                                            0.07 kB │ gzip:     0.09 kB
dist/assets/6-2-warehouse_6-D6kMpWCz.js                                            0.07 kB │ gzip:     0.09 kB
dist/assets/6-2-warehouse_7-Lutkd7Hk.js                                            0.07 kB │ gzip:     0.09 kB
dist/assets/6-2-warehouse_8-aggwHhUa.js                                            0.07 kB │ gzip:     0.09 kB
dist/assets/6-2-warehouse_9-DsNhjIzv.js                                            0.07 kB │ gzip:     0.09 kB
dist/assets/2-pilothouse_10-CuYn78d2.js                                            0.07 kB │ gzip:     0.09 kB
dist/assets/2-pilothouse_11-CRatM3FC.js                                            0.07 kB │ gzip:     0.09 kB
dist/assets/2-pilothouse_12-D2qaQfb-.js                                            0.07 kB │ gzip:     0.09 kB
dist/assets/2-pilothouse_13-Brqojqsu.js                                            0.07 kB │ gzip:     0.09 kB
dist/assets/2-pilothouse_14-I8bdfHrn.js                                            0.07 kB │ gzip:     0.09 kB
dist/assets/2-pilothouse_15-DeOUv6ya.js                                            0.07 kB │ gzip:     0.09 kB
dist/assets/2-pilothouse_16-nD2gdDtG.js                                            0.07 kB │ gzip:     0.09 kB
dist/assets/2-studiomusic_1-BXdc9NI5.js                                            0.07 kB │ gzip:     0.09 kB
dist/assets/2-studiomusic_2-DIwRcjn9.js                                            0.07 kB │ gzip:     0.09 kB
dist/assets/2-studiomusic_3-BpLoRB2A.js                                            0.07 kB │ gzip:     0.09 kB
dist/assets/2-studiomusic_4-B4z342hz.js                                            0.07 kB │ gzip:     0.09 kB
dist/assets/2-studiomusic_5-qc59GfAI.js                                            0.07 kB │ gzip:     0.09 kB
dist/assets/2-studiomusic_6-Yzkk8nlA.js                                            0.07 kB │ gzip:     0.09 kB
dist/assets/2-studiomusic_7-DQx5M34q.js                                            0.07 kB │ gzip:     0.09 kB
dist/assets/2-studiomusic_8-DcIdYzvM.js                                            0.07 kB │ gzip:     0.09 kB
dist/assets/2-studiomusic_9-RdTUzNEj.js                                            0.07 kB │ gzip:     0.09 kB
dist/assets/6-concerthall_1-giI4-_t_.js                                            0.07 kB │ gzip:     0.09 kB
dist/assets/6-concerthall_2-giI4-_t_.js                                            0.07 kB │ gzip:     0.09 kB
dist/assets/6-concerthall_3-D_0yDXAx.js                                            0.07 kB │ gzip:     0.09 kB
dist/assets/6-concerthall_4-8bnYDOpd.js                                            0.07 kB │ gzip:     0.09 kB
dist/assets/6-concerthall_5-BPGWqWdz.js                                            0.07 kB │ gzip:     0.09 kB
dist/assets/6-concerthall_6-DDj1ooD9.js                                            0.07 kB │ gzip:     0.09 kB
dist/assets/6-concerthall_7-BtpaqJBE.js                                            0.07 kB │ gzip:     0.09 kB
dist/assets/6-concerthall_8-BCLHkvrA.js                                            0.07 kB │ gzip:     0.09 kB
dist/assets/6-concerthall_9-DtwfqUzm.js                                            0.07 kB │ gzip:     0.09 kB
dist/assets/0.69_cat-tiger1-qMpqcJeR.js                                            0.07 kB │ gzip:     0.09 kB
dist/assets/1.22_bear-panda-Cg7t9s69.js                                            0.07 kB │ gzip:     0.09 kB
dist/assets/0.76_Acabinet49-BmQDOt0x.js                                            0.07 kB │ gzip:     0.09 kB
dist/assets/0.88_garbagecan-DpsV18aM.js                                            0.07 kB │ gzip:     0.09 kB
dist/assets/0.89_Acabinet48-DlFs0Fw0.js                                            0.07 kB │ gzip:     0.09 kB
dist/assets/1.00_wheelchair-e00e6nRG.js                                            0.07 kB │ gzip:     0.09 kB
dist/assets/0.56_bird-finch-BjZPFstk.js                                            0.07 kB │ gzip:     0.09 kB
dist/assets/0.62_bird-hawk1-D9lg43b1.js                                            0.07 kB │ gzip:     0.09 kB
dist/assets/0.93_bird-quail-Bhk2BqGF.js                                            0.07 kB │ gzip:     0.09 kB
dist/assets/1.31_insect-ant-DQseYspD.js                                            0.07 kB │ gzip:     0.09 kB
dist/assets/1.87_insect-bee-BfYgQdfw.js                                            0.07 kB │ gzip:     0.09 kB
dist/assets/1.01_pinecone02-TXCbm-Jl.js                                            0.07 kB │ gzip:     0.09 kB
dist/assets/1.17_Aashtray67-_7ljWgA2.js                                            0.07 kB │ gzip:     0.09 kB
dist/assets/1.48_wristwatch-ssYzSG4W.js                                            0.07 kB │ gzip:     0.09 kB
dist/assets/1.55_Acreamer35-DwV9vlN2.js                                            0.07 kB │ gzip:     0.09 kB
dist/assets/1.88_Ablackhat2-CMePMmDC.js                                            0.07 kB │ gzip:     0.09 kB
dist/assets/2.38_scissors01-QVEpKvL4.js                                            0.07 kB │ gzip:     0.09 kB
dist/assets/WM2032HS_angled-0N3-kP5p.js                                            0.07 kB │ gzip:     0.09 kB
dist/assets/lawnmower-thumb-Cw-peEij.js                                            0.07 kB │ gzip:     0.09 kB
dist/assets/3-4-hairsalon_10-BHPXm0Mc.js                                           0.07 kB │ gzip:     0.09 kB
dist/assets/3-4-hairsalon_11-DyTDYTvd.js                                           0.07 kB │ gzip:     0.09 kB
dist/assets/3-4-hairsalon_12-DhpVCjPy.js                                           0.07 kB │ gzip:     0.09 kB
dist/assets/4-2-artgallery_1-CL6USqPK.js                                           0.07 kB │ gzip:     0.09 kB
dist/assets/4-2-artgallery_2-D0YQhwyo.js                                           0.07 kB │ gzip:     0.09 kB
dist/assets/4-2-artgallery_3-No6MLX6P.js                                           0.07 kB │ gzip:     0.09 kB
dist/assets/4-2-artgallery_4-BhhfXZT7.js                                           0.07 kB │ gzip:     0.09 kB
dist/assets/4-2-artgallery_5-ZihLqm96.js                                           0.07 kB │ gzip:     0.09 kB
dist/assets/4-2-artgallery_6-BsL554ST.js                                           0.07 kB │ gzip:     0.09 kB
dist/assets/4-2-artgallery_7-BxGjbcOJ.js                                           0.07 kB │ gzip:     0.09 kB
dist/assets/4-2-artgallery_8-B3GbS7lj.js                                           0.07 kB │ gzip:     0.09 kB
dist/assets/4-2-artgallery_9-BVwEBXug.js                                           0.07 kB │ gzip:     0.09 kB
dist/assets/5-2-palacehall_1-CvKKf6bN.js                                           0.07 kB │ gzip:     0.09 kB
dist/assets/5-2-palacehall_2-9Wr8s1sk.js                                           0.07 kB │ gzip:     0.09 kB
dist/assets/5-2-palacehall_3-sJJ4hHKM.js                                           0.07 kB │ gzip:     0.09 kB
dist/assets/5-2-palacehall_4-BAVsnEtR.js                                           0.07 kB │ gzip:     0.09 kB
dist/assets/5-2-palacehall_5-SGWhESUX.js                                           0.07 kB │ gzip:     0.09 kB
dist/assets/5-2-palacehall_6-B2MJGSVh.js                                           0.07 kB │ gzip:     0.09 kB
dist/assets/5-2-palacehall_7-Bc7wUbnr.js                                           0.07 kB │ gzip:     0.09 kB
dist/assets/5-2-palacehall_8-B73G1N1O.js                                           0.07 kB │ gzip:     0.09 kB
dist/assets/5-2-palacehall_9-CSwxkmb-.js                                           0.07 kB │ gzip:     0.09 kB
dist/assets/5-6-warehouse_10-DBSPBtgD.js                                           0.07 kB │ gzip:     0.09 kB
dist/assets/5-6-warehouse_11-D5ltdzIu.js                                           0.07 kB │ gzip:     0.09 kB
dist/assets/5-6-warehouse_12-BNvia9XZ.js                                           0.07 kB │ gzip:     0.09 kB
dist/assets/6-2-warehouse_10-C6jxnEbA.js                                           0.07 kB │ gzip:     0.09 kB
dist/assets/6-2-warehouse_11-DfFWUrvD.js                                           0.07 kB │ gzip:     0.09 kB
dist/assets/6-2-warehouse_12-B58Ifksl.js                                           0.07 kB │ gzip:     0.09 kB
dist/assets/2-studiomusic_10-DudFgA2z.js                                           0.07 kB │ gzip:     0.09 kB
dist/assets/2-studiomusic_11-D_P3dlo-.js                                           0.07 kB │ gzip:     0.09 kB
dist/assets/2-studiomusic_12-C8IRICGP.js                                           0.07 kB │ gzip:     0.09 kB
dist/assets/2-studiomusic_13-Duc9cBpH.js                                           0.07 kB │ gzip:     0.09 kB
dist/assets/2-studiomusic_14-C81JHYxY.js                                           0.07 kB │ gzip:     0.09 kB
dist/assets/2-studiomusic_15-BI_ONjUS.js                                           0.07 kB │ gzip:     0.09 kB
dist/assets/2-studiomusic_16-BaR24OAM.js                                           0.07 kB │ gzip:     0.09 kB
dist/assets/6-concerthall_10-COMsggh1.js                                           0.07 kB │ gzip:     0.09 kB
dist/assets/6-concerthall_11-BAc6utum.js                                           0.07 kB │ gzip:     0.09 kB
dist/assets/6-concerthall_12-CuX0X78m.js                                           0.07 kB │ gzip:     0.09 kB
dist/assets/6-concerthall_13-BYdL6x0Q.js                                           0.07 kB │ gzip:     0.09 kB
dist/assets/6-concerthall_14-C_XyuU7C.js                                           0.07 kB │ gzip:     0.09 kB
dist/assets/6-concerthall_15-CMLXhykV.js                                           0.07 kB │ gzip:     0.09 kB
dist/assets/6-concerthall_16-BMRcShiB.js                                           0.07 kB │ gzip:     0.09 kB
dist/assets/6-shoppingmall_1-DhCsQc68.js                                           0.07 kB │ gzip:     0.09 kB
dist/assets/6-shoppingmall_2-V4S_3qBa.js                                           0.07 kB │ gzip:     0.09 kB
dist/assets/6-shoppingmall_3-Dn0OL4Vy.js                                           0.07 kB │ gzip:     0.09 kB
dist/assets/6-shoppingmall_4-BMXlL_hg.js                                           0.07 kB │ gzip:     0.09 kB
dist/assets/6-shoppingmall_5-Cm50pdV3.js                                           0.07 kB │ gzip:     0.09 kB
dist/assets/6-shoppingmall_6-BYTm1Awm.js                                           0.07 kB │ gzip:     0.09 kB
dist/assets/6-shoppingmall_7-ByWfMeqV.js                                           0.07 kB │ gzip:     0.09 kB
dist/assets/6-shoppingmall_8-j7z-sGAL.js                                           0.07 kB │ gzip:     0.09 kB
dist/assets/6-shoppingmall_9-CCstICOo.js                                           0.07 kB │ gzip:     0.09 kB
dist/assets/0.63_hoofed-ibex-B2NEpqV1.js                                           0.07 kB │ gzip:     0.09 kB
dist/assets/1.04_cat-cougar1-ByEOmILA.js                                           0.07 kB │ gzip:     0.09 kB
dist/assets/1.33_cat-panther-D-8IMmUg.js                                           0.07 kB │ gzip:     0.09 kB
dist/assets/1.36_hoofed-agnu-DAxq7a3s.js                                           0.07 kB │ gzip:     0.09 kB
dist/assets/1.51_hoofed-misc-BD3AW_gF.js                                           0.07 kB │ gzip:     0.09 kB
dist/assets/1.94_water-whale-DTK-mioN.js                                           0.07 kB │ gzip:     0.09 kB
dist/assets/0.58_sodamachine-DH1yqqF8.js                                           0.07 kB │ gzip:     0.09 kB
dist/assets/1.59_picnictable-DWnP5ehy.js                                           0.07 kB │ gzip:     0.09 kB
dist/assets/1.92_wheelbarrow-CPjlnGFL.js                                           0.07 kB │ gzip:     0.09 kB
dist/assets/0.67_bird-pigeon-nCaVFJ7X.js                                           0.07 kB │ gzip:     0.09 kB
dist/assets/1.43_insect-moth-Cl-IZw-d.js                                           0.07 kB │ gzip:     0.09 kB
dist/assets/1.56_bird-canary-D0sZikQJ.js                                           0.07 kB │ gzip:     0.09 kB
dist/assets/1.60_chinchilla1-Da4LA5dJ.js                                           0.07 kB │ gzip:     0.09 kB
dist/assets/0.78_Aheadphones-GBdV616E.js                                           0.07 kB │ gzip:     0.09 kB
dist/assets/0.80_corkscrew02-Bz4puVxb.js                                           0.07 kB │ gzip:     0.09 kB
dist/assets/1.26_B_makeupbag-mXRcbCXA.js                                           0.07 kB │ gzip:     0.09 kB
dist/assets/1.36_Adayplanner-D0tpf15X.js                                           0.07 kB │ gzip:     0.09 kB
dist/assets/300px-Barnevogn2-k8Ae2HrH.js                                           0.07 kB │ gzip:     0.09 kB
dist/assets/butterfly_kernel-DmeImZwA.js                                           0.07 kB │ gzip:     0.09 kB
dist/assets/061_inv_wf_faces-Bg0KeCc3.js                                           0.07 kB │ gzip:     0.09 kB
dist/assets/062_inv_wf_faces-DnLQRWYT.js                                           0.07 kB │ gzip:     0.09 kB
dist/assets/063_inv_wf_faces-vOI2HUJ_.js                                           0.07 kB │ gzip:     0.09 kB
dist/assets/064_inv_wf_faces-DUUevY0I.js                                           0.07 kB │ gzip:     0.09 kB
dist/assets/065_inv_wf_faces-EFKv0Y4N.js                                           0.07 kB │ gzip:     0.09 kB
dist/assets/066_inv_wf_faces-D3Ws0ggE.js                                           0.07 kB │ gzip:     0.09 kB
dist/assets/067_inv_wf_faces-B60myOUR.js                                           0.07 kB │ gzip:     0.09 kB
dist/assets/068_inv_wf_faces-DKo4bTOL.js                                           0.07 kB │ gzip:     0.09 kB
dist/assets/069_inv_wf_faces-CKeQ6ibk.js                                           0.07 kB │ gzip:     0.09 kB
dist/assets/070_inv_wf_faces-DJAKoP9G.js                                           0.07 kB │ gzip:     0.09 kB
dist/assets/071_inv_sf_faces-B_QiNZQQ.js                                           0.07 kB │ gzip:     0.09 kB
dist/assets/072_inv_sf_faces-Defk6EMD.js                                           0.07 kB │ gzip:     0.09 kB
dist/assets/073_inv_sf_faces-Bu2srkY9.js                                           0.07 kB │ gzip:     0.09 kB
dist/assets/074_inv_sf_faces-CbNUHnIZ.js                                           0.07 kB │ gzip:     0.09 kB
dist/assets/075_inv_sf_faces-DkfEcpOg.js                                           0.07 kB │ gzip:     0.09 kB
dist/assets/076_inv_sf_faces-Va6N2137.js                                           0.07 kB │ gzip:     0.09 kB
dist/assets/077_inv_sf_faces-BvG2XTEs.js                                           0.07 kB │ gzip:     0.09 kB
dist/assets/078_inv_sf_faces-BssHKO5n.js                                           0.07 kB │ gzip:     0.09 kB
dist/assets/079_inv_sf_faces-Cc57ENHO.js                                           0.07 kB │ gzip:     0.09 kB
dist/assets/080_inv_sf_faces-DHqPaiI0.js                                           0.07 kB │ gzip:     0.09 kB
dist/assets/1-3-fittingroom_1-DVpF1KHA.js                                          0.07 kB │ gzip:     0.09 kB
dist/assets/1-3-fittingroom_2-CNJeLbsC.js                                          0.07 kB │ gzip:     0.09 kB
dist/assets/1-3-fittingroom_3-DiPnnyqg.js                                          0.07 kB │ gzip:     0.09 kB
dist/assets/1-3-fittingroom_4-BPZtBCdq.js                                          0.07 kB │ gzip:     0.09 kB
dist/assets/1-3-fittingroom_5-C_-aQYyQ.js                                          0.07 kB │ gzip:     0.09 kB
dist/assets/1-3-fittingroom_6-BZYcepQ1.js                                          0.07 kB │ gzip:     0.09 kB
dist/assets/1-3-fittingroom_7-5OI2hEqj.js                                          0.07 kB │ gzip:     0.09 kB
dist/assets/1-3-fittingroom_8-DINcw41N.js                                          0.07 kB │ gzip:     0.09 kB
dist/assets/1-3-fittingroom_9-CWlZ9u6n.js                                          0.07 kB │ gzip:     0.09 kB
dist/assets/2-6-movingtruck_1-DkuGqU5C.js                                          0.07 kB │ gzip:     0.09 kB
dist/assets/2-6-movingtruck_2-CJ8l67eg.js                                          0.07 kB │ gzip:     0.09 kB
dist/assets/2-6-movingtruck_3-x0MqGah1.js                                          0.07 kB │ gzip:     0.09 kB
dist/assets/2-6-movingtruck_4-BS0abiZo.js                                          0.07 kB │ gzip:     0.09 kB
dist/assets/2-6-movingtruck_5-DIar1Jn7.js                                          0.07 kB │ gzip:     0.09 kB
dist/assets/2-6-movingtruck_6-6L5ZyqB4.js                                          0.07 kB │ gzip:     0.09 kB
dist/assets/2-6-movingtruck_7-BQxt68E7.js                                          0.07 kB │ gzip:     0.09 kB
dist/assets/2-6-movingtruck_8-CNZyVekM.js                                          0.07 kB │ gzip:     0.09 kB
dist/assets/2-6-movingtruck_9-DNJv5vj1.js                                          0.07 kB │ gzip:     0.09 kB
dist/assets/3-6-messygarage_1-DuMf6lgZ.js                                          0.07 kB │ gzip:     0.09 kB
dist/assets/3-6-messygarage_2-DVQrsf-O.js                                          0.07 kB │ gzip:     0.09 kB
dist/assets/3-6-messygarage_3-BqvxgXNF.js                                          0.07 kB │ gzip:     0.09 kB
dist/assets/3-6-messygarage_4-DDUhLpWC.js                                          0.07 kB │ gzip:     0.09 kB
dist/assets/3-6-messygarage_5-IOp2E-tT.js                                          0.07 kB │ gzip:     0.09 kB
dist/assets/3-6-messygarage_6-p2kD6f4B.js                                          0.07 kB │ gzip:     0.09 kB
dist/assets/3-6-messygarage_7-CUQkZUYC.js                                          0.07 kB │ gzip:     0.09 kB
dist/assets/3-6-messygarage_8-BPoyxjEJ.js                                          0.07 kB │ gzip:     0.09 kB
dist/assets/3-6-messygarage_9-DKKjPyy4.js                                          0.07 kB │ gzip:     0.09 kB
dist/assets/4-2-artgallery_10-VmeCGMH6.js                                          0.07 kB │ gzip:     0.09 kB
dist/assets/4-2-artgallery_11-BoA2kBPE.js                                          0.07 kB │ gzip:     0.09 kB
dist/assets/4-2-artgallery_12-cMiyZrCX.js                                          0.07 kB │ gzip:     0.09 kB
dist/assets/4-5-banquethall_1-B5-UynyZ.js                                          0.07 kB │ gzip:     0.09 kB
dist/assets/4-5-banquethall_2-C_2h5F2c.js                                          0.07 kB │ gzip:     0.09 kB
dist/assets/4-5-banquethall_3-onqaQ4hO.js                                          0.07 kB │ gzip:     0.09 kB
dist/assets/4-5-banquethall_4-DqF3IOdM.js                                          0.07 kB │ gzip:     0.09 kB
dist/assets/4-5-banquethall_5-Bg7WiL-3.js                                          0.07 kB │ gzip:     0.09 kB
dist/assets/4-5-banquethall_6-DmO-TjcL.js                                          0.07 kB │ gzip:     0.09 kB
dist/assets/4-5-banquethall_7-BsOk52Bb.js                                          0.07 kB │ gzip:     0.09 kB
dist/assets/4-5-banquethall_8-_xmAuG7s.js                                          0.07 kB │ gzip:     0.09 kB
dist/assets/4-5-banquethall_9-l-_kQPhM.js                                          0.07 kB │ gzip:     0.09 kB
dist/assets/5-2-palacehall_10-qlZvuzPt.js                                          0.07 kB │ gzip:     0.09 kB
dist/assets/5-2-palacehall_11-DqTLculM.js                                          0.07 kB │ gzip:     0.09 kB
dist/assets/5-2-palacehall_12-D6G7zDDM.js                                          0.07 kB │ gzip:     0.09 kB
dist/assets/6-4-concerthall_1-DKKeiE0Y.js                                          0.07 kB │ gzip:     0.09 kB
dist/assets/6-4-concerthall_2-C5tth1MZ.js                                          0.07 kB │ gzip:     0.09 kB
dist/assets/6-4-concerthall_3-BKZAssx8.js                                          0.07 kB │ gzip:     0.09 kB
dist/assets/6-4-concerthall_4-BiY4GMtz.js                                          0.07 kB │ gzip:     0.09 kB
dist/assets/6-4-concerthall_5-CgQtTuks.js                                          0.07 kB │ gzip:     0.09 kB
dist/assets/6-4-concerthall_6-HGkeU1UH.js                                          0.07 kB │ gzip:     0.09 kB
dist/assets/6-4-concerthall_7-BgMOI3lo.js                                          0.07 kB │ gzip:     0.09 kB
dist/assets/6-4-concerthall_8-QJxNQBX7.js                                          0.07 kB │ gzip:     0.09 kB
dist/assets/6-4-concerthall_9-DhShGagd.js                                          0.07 kB │ gzip:     0.09 kB
dist/assets/6-shoppingmall_10-DEDATPS6.js                                          0.07 kB │ gzip:     0.09 kB
dist/assets/6-shoppingmall_11-DBnDLvLW.js                                          0.07 kB │ gzip:     0.09 kB
dist/assets/6-shoppingmall_12-BjpWM_bp.js                                          0.07 kB │ gzip:     0.09 kB
dist/assets/6-shoppingmall_13-Cj5N3UOi.js                                          0.07 kB │ gzip:     0.09 kB
dist/assets/6-shoppingmall_14-CIqO3fYh.js                                          0.07 kB │ gzip:     0.09 kB
dist/assets/6-shoppingmall_15-zNZJEeXS.js                                          0.07 kB │ gzip:     0.09 kB
dist/assets/6-shoppingmall_16--eMJOzHb.js                                          0.07 kB │ gzip:     0.09 kB
dist/assets/6-sportsstadium_1-Ctlk7rSh.js                                          0.07 kB │ gzip:     0.09 kB
dist/assets/6-sportsstadium_2-Dy2eZEBp.js                                          0.07 kB │ gzip:     0.09 kB
dist/assets/6-sportsstadium_3-C2899e0n.js                                          0.07 kB │ gzip:     0.09 kB
dist/assets/6-sportsstadium_4-Cfg0UM1t.js                                          0.07 kB │ gzip:     0.09 kB
dist/assets/6-sportsstadium_5-DE05Ct2r.js                                          0.07 kB │ gzip:     0.09 kB
dist/assets/6-sportsstadium_6-Di2ndHqe.js                                          0.07 kB │ gzip:     0.09 kB
dist/assets/6-sportsstadium_7-KpZyBDkO.js                                          0.07 kB │ gzip:     0.09 kB
dist/assets/6-sportsstadium_8-Bz_Pe-CR.js                                          0.07 kB │ gzip:     0.09 kB
dist/assets/6-sportsstadium_9-B3XydKx3.js                                          0.07 kB │ gzip:     0.09 kB
dist/assets/0.54_hoofed-okapi-CDiL9Tkj.js                                          0.07 kB │ gzip:     0.09 kB
dist/assets/0.67_hoofed-misc1-B61AZ-CW.js                                          0.07 kB │ gzip:     0.09 kB
dist/assets/0.89_llama-alpaca-Dj_8NIAS.js                                          0.07 kB │ gzip:     0.09 kB
dist/assets/1.00_hoofed-zebra-CoGi5sP6.js                                          0.07 kB │ gzip:     0.09 kB
dist/assets/1.15_hoofed-kulan-CUC8s-bh.js                                          0.07 kB │ gzip:     0.09 kB
dist/assets/1.17_hoofed-eland-BpntQIU2.js                                          0.07 kB │ gzip:     0.09 kB
dist/assets/1.31_hoofed-bongo-DKdiAXmI.js                                          0.07 kB │ gzip:     0.09 kB
dist/assets/0.42_703204_sk_lg-D_4F29du.js                                          0.07 kB │ gzip:     0.09 kB
dist/assets/0.64_5.8_obj_3444-DFaTzBde.js                                          0.07 kB │ gzip:     0.09 kB
dist/assets/0.65_5.6_obj_3688-LtLQSYis.js                                          0.07 kB │ gzip:     0.09 kB
dist/assets/0.67_6.4_obj_0146-B9e-7NsN.js                                          0.07 kB │ gzip:     0.09 kB
dist/assets/0.70_shoppingcart-kjgArIHo.js                                          0.07 kB │ gzip:     0.09 kB
dist/assets/0.80_5.8_obj_3128-C7rXhKuB.js                                          0.07 kB │ gzip:     0.09 kB
dist/assets/0.91_uprightpiano-Bqeoe6Px.js                                          0.07 kB │ gzip:     0.09 kB
dist/assets/1.01_6.2_obj_2769-CAAfIxt9.js                                          0.07 kB │ gzip:     0.09 kB
dist/assets/1.02_043033538966-DLsAvNKm.js                                          0.07 kB │ gzip:     0.09 kB
dist/assets/1.63_5.8_obj_1847-xWUJ4Bzv.js                                          0.07 kB │ gzip:     0.09 kB
dist/assets/0.46_bird-parrot2-C3Ys15l4.js                                          0.07 kB │ gzip:     0.09 kB
dist/assets/1.14_bird-seagull-BEG0Ez9j.js                                          0.07 kB │ gzip:     0.09 kB
dist/assets/0.75_Abinoculars5-B8Leb9CW.js                                          0.07 kB │ gzip:     0.09 kB
dist/assets/1.00_Atennisball2-CVPs1bzT.js                                          0.07 kB │ gzip:     0.09 kB
dist/assets/1.20_Aantiquehat4-jEAbsQnt.js                                          0.07 kB │ gzip:     0.09 kB
dist/assets/1.40_Abicycleshoe-Bz2uLNNr.js                                          0.07 kB │ gzip:     0.09 kB
dist/assets/1.45_Afloppydisk6-D-ktUVS9.js                                          0.07 kB │ gzip:     0.09 kB
dist/assets/1.50_Aflashlight3-Uxj4OELm.js                                          0.07 kB │ gzip:     0.09 kB
dist/assets/1.96_Acoathanger4-C-Pmn1tg.js                                          0.07 kB │ gzip:     0.09 kB
dist/assets/1-3-fittingroom_10-DTvDcuB9.js                                         0.07 kB │ gzip:     0.09 kB
dist/assets/1-3-fittingroom_11-D1BQudAY.js                                         0.07 kB │ gzip:     0.09 kB
dist/assets/1-3-fittingroom_12-Bci95aJl.js                                         0.07 kB │ gzip:     0.09 kB
dist/assets/2-5-walkincloset_1-BzbpPNMP.js                                         0.07 kB │ gzip:     0.09 kB
dist/assets/2-5-walkincloset_2-DRc3-gZh.js                                         0.07 kB │ gzip:     0.09 kB
dist/assets/2-5-walkincloset_3-D06lcdLi.js                                         0.07 kB │ gzip:     0.09 kB
dist/assets/2-5-walkincloset_4-DYVHQDrV.js                                         0.07 kB │ gzip:     0.09 kB
dist/assets/2-5-walkincloset_5-D0o1OONT.js                                         0.07 kB │ gzip:     0.09 kB
dist/assets/2-5-walkincloset_6-PSi-0UtZ.js                                         0.07 kB │ gzip:     0.09 kB
dist/assets/2-5-walkincloset_7-BCdlnEAZ.js                                         0.07 kB │ gzip:     0.09 kB
dist/assets/2-5-walkincloset_8-CaGQ5mLq.js                                         0.07 kB │ gzip:     0.09 kB
dist/assets/2-5-walkincloset_9-CQx8kJfc.js                                         0.07 kB │ gzip:     0.09 kB
dist/assets/2-6-movingtruck_10-CDPLeoMN.js                                         0.07 kB │ gzip:     0.09 kB
dist/assets/2-6-movingtruck_11-NsT4K8-o.js                                         0.07 kB │ gzip:     0.09 kB
dist/assets/2-6-movingtruck_12-CVViPiWa.js                                         0.07 kB │ gzip:     0.09 kB
dist/assets/3-3-japaneseroom_1-D8ZC9B7A.js                                         0.07 kB │ gzip:     0.09 kB
dist/assets/3-3-japaneseroom_2-CJ_6Uejq.js                                         0.07 kB │ gzip:     0.09 kB
dist/assets/3-3-japaneseroom_3-D_K9eskJ.js                                         0.07 kB │ gzip:     0.09 kB
dist/assets/3-3-japaneseroom_4-BdNeF0Z6.js                                         0.07 kB │ gzip:     0.09 kB
dist/assets/3-3-japaneseroom_5-Bxx5TBs8.js                                         0.07 kB │ gzip:     0.09 kB
dist/assets/3-3-japaneseroom_6-DaeDju7t.js                                         0.07 kB │ gzip:     0.09 kB
dist/assets/3-3-japaneseroom_7-D9YwuFHq.js                                         0.07 kB │ gzip:     0.09 kB
dist/assets/3-3-japaneseroom_8-BqkTw8vG.js                                         0.07 kB │ gzip:     0.09 kB
dist/assets/3-3-japaneseroom_9-nbblPE_d.js                                         0.07 kB │ gzip:     0.09 kB
dist/assets/3-6-messygarage_10-CGDOrj1X.js                                         0.07 kB │ gzip:     0.09 kB
dist/assets/3-6-messygarage_11-DIT-UnsF.js                                         0.07 kB │ gzip:     0.09 kB
dist/assets/3-6-messygarage_12-CYunt_Zs.js                                         0.07 kB │ gzip:     0.09 kB
dist/assets/4-5-banquethall_10-DYZKnqbC.js                                         0.07 kB │ gzip:     0.09 kB
dist/assets/4-5-banquethall_11-Bw76o_bP.js                                         0.07 kB │ gzip:     0.09 kB
dist/assets/4-5-banquethall_12-26Nvc6M9.js                                         0.07 kB │ gzip:     0.09 kB
dist/assets/5-4-movietheater_1-CkLI8LsK.js                                         0.07 kB │ gzip:     0.09 kB
dist/assets/5-4-movietheater_2-Dp7XRvYK.js                                         0.07 kB │ gzip:     0.09 kB
dist/assets/5-4-movietheater_3-DlBkPLrU.js                                         0.07 kB │ gzip:     0.09 kB
dist/assets/5-4-movietheater_4-BRYFPQ5z.js                                         0.07 kB │ gzip:     0.09 kB
dist/assets/5-4-movietheater_5-DLdfdUJw.js                                         0.07 kB │ gzip:     0.09 kB
dist/assets/5-4-movietheater_6-DMU4YQRc.js                                         0.07 kB │ gzip:     0.09 kB
dist/assets/5-4-movietheater_7-DVPyK-LR.js                                         0.07 kB │ gzip:     0.09 kB
dist/assets/5-4-movietheater_8-D_7o2lHP.js                                         0.07 kB │ gzip:     0.09 kB
dist/assets/5-4-movietheater_9-BuI-gDeS.js                                         0.07 kB │ gzip:     0.09 kB
dist/assets/6-4-concerthall_10-CdSHoDBO.js                                         0.07 kB │ gzip:     0.09 kB
dist/assets/6-4-concerthall_11-ChVbY_8t.js                                         0.07 kB │ gzip:     0.09 kB
dist/assets/6-4-concerthall_12-BrcKU1aL.js                                         0.07 kB │ gzip:     0.09 kB
dist/assets/6-sportsstadium_10-BzfEA7kL.js                                         0.07 kB │ gzip:     0.09 kB
dist/assets/6-sportsstadium_11-BR6Hpsoz.js                                         0.07 kB │ gzip:     0.09 kB
dist/assets/6-sportsstadium_12-CO4BHGJy.js                                         0.07 kB │ gzip:     0.09 kB
dist/assets/6-sportsstadium_13-BidkPw3R.js                                         0.07 kB │ gzip:     0.09 kB
dist/assets/6-sportsstadium_14-gjyj3FqZ.js                                         0.07 kB │ gzip:     0.09 kB
dist/assets/6-sportsstadium_15-DAvcko4W.js                                         0.07 kB │ gzip:     0.09 kB
dist/assets/6-sportsstadium_16-mBB0zQc2.js                                         0.07 kB │ gzip:     0.09 kB
dist/assets/0.76_hoofed-lechwe-DIcsOcoZ.js                                         0.07 kB │ gzip:     0.09 kB
dist/assets/0.96_hoofed-moose1-D0L3jL1J.js                                         0.07 kB │ gzip:     0.09 kB
dist/assets/1.03_hoofed-nyala1-vueMyoo4.js                                         0.07 kB │ gzip:     0.09 kB
dist/assets/1.04_cow-hornedcow-BvtCYS7w.js                                         0.07 kB │ gzip:     0.09 kB
dist/assets/1.05_hoofed-saiga1-C3ZrJB0Z.js                                         0.07 kB │ gzip:     0.09 kB
dist/assets/1.08_water-dolphin-DZDNZj5j.js                                         0.07 kB │ gzip:     0.09 kB
dist/assets/1.22_water-sealion-jMLT1l6Z.js                                         0.07 kB │ gzip:     0.09 kB
dist/assets/1.26_hoofed-koudou-Bn_8MHu4.js                                         0.07 kB │ gzip:     0.09 kB
dist/assets/1.70_water-manatee-Ctxizd_B.js                                         0.07 kB │ gzip:     0.09 kB
dist/assets/1.95_water-walrus1-C5fbZS2_.js                                         0.07 kB │ gzip:     0.09 kB
dist/assets/0.56_Acabinetwith2-DQZY98KH.js                                         0.07 kB │ gzip:     0.09 kB
dist/assets/0.56_refridgerator-z1QZdWmf.js                                         0.07 kB │ gzip:     0.09 kB
dist/assets/1.01_Adressertabl3-D5wGU2Fk.js                                         0.07 kB │ gzip:     0.09 kB
dist/assets/1.07_Agrandpiano13-W1Ay2zQ0.js                                         0.07 kB │ gzip:     0.09 kB
dist/assets/1.16_0-teak_tf53er-CQwWrbBz.js                                         0.07 kB │ gzip:     0.09 kB
dist/assets/1.54_pingpongtable-DxbawXV5.js                                         0.07 kB │ gzip:     0.09 kB
dist/assets/0.45_bird-cardinal-CVsPJkMo.js                                         0.07 kB │ gzip:     0.09 kB
dist/assets/0.67_dog-chihuahua-BNpwjEkT.js                                         0.07 kB │ gzip:     0.09 kB
dist/assets/0.93_insect-beetle-5r5WsPof.js                                         0.07 kB │ gzip:     0.09 kB
dist/assets/1.33_fish-goldfish-x3ir7-hx.js                                         0.07 kB │ gzip:     0.09 kB
dist/assets/0.57_Ahandheldbel2-CMIhqSsu.js                                         0.07 kB │ gzip:     0.09 kB
dist/assets/0.59_Afingeraccess-BTy7OEvD.js                                         0.07 kB │ gzip:     0.09 kB
dist/assets/0.60_Acombination8-CFGvvvJi.js                                         0.07 kB │ gzip:     0.09 kB
dist/assets/0.65_ignitionkey01-uLKpfoFo.js                                         0.07 kB │ gzip:     0.09 kB
dist/assets/0.98_Arollofstrin2-B0MYWW87.js                                         0.07 kB │ gzip:     0.09 kB
dist/assets/1.07_changepurse03-Dkpknmw6.js                                         0.07 kB │ gzip:     0.09 kB
dist/assets/1.37_Askigoggles10-PvJ9Z03z.js                                         0.07 kB │ gzip:     0.09 kB
dist/assets/1.45_A70ssunglass3-DX5Ao7R2.js                                         0.07 kB │ gzip:     0.09 kB
dist/assets/1.47_Arubberworksh-4zsB_rWm.js                                         0.07 kB │ gzip:     0.09 kB
dist/assets/1.49_Acalculator21-Bi-AFw1M.js                                         0.07 kB │ gzip:     0.09 kB
dist/assets/1.50_Aspoolofthre6--RS3t_Z5.js                                         0.07 kB │ gzip:     0.09 kB
dist/assets/1.54_Aboxoftissue5-cv3h88Pb.js                                         0.07 kB │ gzip:     0.09 kB
dist/assets/1.55_Acalculator12-BfIn06lV.js                                         0.07 kB │ gzip:     0.09 kB
dist/assets/toothbrushholder02-CyHNdSPq.js                                         0.07 kB │ gzip:     0.09 kB
dist/assets/2-5-walkincloset_10-DheI-naq.js                                        0.07 kB │ gzip:     0.09 kB
dist/assets/2-5-walkincloset_11-CP9cAXiz.js                                        0.07 kB │ gzip:     0.09 kB
dist/assets/2-5-walkincloset_12-Bmc8n6KT.js                                        0.07 kB │ gzip:     0.09 kB
dist/assets/3-3-japaneseroom_10-DP-4-mQ4.js                                        0.07 kB │ gzip:     0.09 kB
dist/assets/3-3-japaneseroom_11-BSRUxICm.js                                        0.07 kB │ gzip:     0.09 kB
dist/assets/3-3-japaneseroom_12-BJOCOwsb.js                                        0.07 kB │ gzip:     0.09 kB
dist/assets/5-4-movietheater_10-1x7i-kdC.js                                        0.07 kB │ gzip:     0.09 kB
dist/assets/5-4-movietheater_11-DX1CVINW.js                                        0.07 kB │ gzip:     0.09 kB
dist/assets/5-4-movietheater_12-hvUmTZoq.js                                        0.07 kB │ gzip:     0.09 kB
dist/assets/5-5-barrelstorage_1-D69EfWZS.js                                        0.07 kB │ gzip:     0.09 kB
dist/assets/5-5-barrelstorage_2-B-jj9IJy.js                                        0.07 kB │ gzip:     0.09 kB
dist/assets/5-5-barrelstorage_3-DEjrCVhg.js                                        0.07 kB │ gzip:     0.09 kB
dist/assets/5-5-barrelstorage_4-6BrxiJKc.js                                        0.07 kB │ gzip:     0.09 kB
dist/assets/5-5-barrelstorage_5-CAxavlxD.js                                        0.07 kB │ gzip:     0.09 kB
dist/assets/5-5-barrelstorage_6-BFWh93P2.js                                        0.07 kB │ gzip:     0.09 kB
dist/assets/5-5-barrelstorage_7-VoCWwEqI.js                                        0.07 kB │ gzip:     0.09 kB
dist/assets/5-5-barrelstorage_8-DTqdY-TN.js                                        0.07 kB │ gzip:     0.09 kB
dist/assets/5-5-barrelstorage_9-DjNScj6d.js                                        0.07 kB │ gzip:     0.09 kB
dist/assets/6-1-parkinggarage_1-CDn03BsQ.js                                        0.07 kB │ gzip:     0.09 kB
dist/assets/6-1-parkinggarage_2-CidLzkE4.js                                        0.07 kB │ gzip:     0.09 kB
dist/assets/6-1-parkinggarage_3-CrN2-iJC.js                                        0.07 kB │ gzip:     0.09 kB
dist/assets/6-1-parkinggarage_4-C6r_4EDZ.js                                        0.07 kB │ gzip:     0.09 kB
dist/assets/6-1-parkinggarage_5-B00og6u-.js                                        0.07 kB │ gzip:     0.09 kB
dist/assets/6-1-parkinggarage_6-_SYKOswi.js                                        0.07 kB │ gzip:     0.09 kB
dist/assets/6-1-parkinggarage_7-BGlxpQXB.js                                        0.07 kB │ gzip:     0.09 kB
dist/assets/6-1-parkinggarage_8-Db7Vqvx5.js                                        0.07 kB │ gzip:     0.09 kB
dist/assets/6-1-parkinggarage_9-CAK1a9kG.js                                        0.07 kB │ gzip:     0.09 kB
dist/assets/0.78_hoofed-lechwe1-CuJJfIfo.js                                        0.07 kB │ gzip:     0.09 kB
dist/assets/0.89_cat-tigerwhite-B9Vx1svn.js                                        0.07 kB │ gzip:     0.09 kB
dist/assets/1.02_water-sealion1-BW2vCMDO.js                                        0.07 kB │ gzip:     0.09 kB
dist/assets/1.07_elephant-asian-Bo4kYoQB.js                                        0.07 kB │ gzip:     0.09 kB
dist/assets/1.24_bear-blackbear-BzHrYHxj.js                                        0.07 kB │ gzip:     0.09 kB
dist/assets/1.78_bear-polarbear-wtJ4Xnly.js                                        0.07 kB │ gzip:     0.09 kB
dist/assets/0.47_telephonebooth-Bgjd7uvc.js                                        0.07 kB │ gzip:     0.09 kB
dist/assets/0.61_popcornmachine-efwvLjc4.js                                        0.07 kB │ gzip:     0.09 kB
dist/assets/0.64_vendingmachine-D0WDLcQJ.js                                        0.07 kB │ gzip:     0.09 kB
dist/assets/1.33_fooseballtable-DrfkxCfo.js                                        0.07 kB │ gzip:     0.09 kB
dist/assets/1.27_insect-ladybug-DDS53i_-.js                                        0.07 kB │ gzip:     0.09 kB
dist/assets/1.58_insect-cricket-CMreN5RG.js                                        0.07 kB │ gzip:     0.09 kB
dist/assets/1.92_fish-angelfish-B_R7Bf3n.js                                        0.07 kB │ gzip:     0.09 kB
dist/assets/001_wb_001_bodyreed-DfcYmMW_.js                                        0.07 kB │ gzip:     0.09 kB
dist/assets/002_wb_005_bodyreed-ClWFC-uU.js                                        0.07 kB │ gzip:     0.09 kB
dist/assets/006_wb_012_bodyreed-BKskfaeC.js                                        0.07 kB │ gzip:     0.09 kB
dist/assets/007_wb_014_bodyreed-Csd86Auy.js                                        0.07 kB │ gzip:     0.09 kB
dist/assets/008_wb_020_bodyreed-C7Oax_Qo.js                                        0.07 kB │ gzip:     0.09 kB
dist/assets/011_sb_001_bodyreed-Can6lqAQ.js                                        0.07 kB │ gzip:     0.09 kB
dist/assets/012_sb_005_bodyreed-D0Fm4wCl.js                                        0.07 kB │ gzip:     0.09 kB
dist/assets/016_sb_012_bodyreed-DebFO7xG.js                                        0.07 kB │ gzip:     0.09 kB
dist/assets/017_sb_014_bodyreed-CQlO5-B0.js                                        0.07 kB │ gzip:     0.09 kB
dist/assets/018_sb_020_bodyreed-PJs0DxIJ.js                                        0.07 kB │ gzip:     0.09 kB
dist/assets/ExtScramFace_090_01-Cneu4hUl.js                                        0.07 kB │ gzip:     0.09 kB
dist/assets/ExtScramFace_090_02-ClwUDtLh.js                                        0.07 kB │ gzip:     0.09 kB
dist/assets/ExtScramFace_090_03-CeSoImZJ.js                                        0.07 kB │ gzip:     0.09 kB
dist/assets/ExtScramFace_090_04-Dv-WXfx9.js                                        0.07 kB │ gzip:     0.09 kB
dist/assets/ExtScramFace_090_05-C33onFUk.js                                        0.07 kB │ gzip:     0.09 kB
dist/assets/ExtScramFace_090_07-CpIm3emY.js                                        0.07 kB │ gzip:     0.09 kB
dist/assets/ExtScramFace_090_08-BqK2QzVt.js                                        0.07 kB │ gzip:     0.09 kB
dist/assets/ExtScramFace_090_09-BhOrvQhV.js                                        0.07 kB │ gzip:     0.09 kB
dist/assets/ExtScramFace_090_10-CZ33CpbJ.js                                        0.07 kB │ gzip:     0.09 kB
dist/assets/ExtScramFace_090_12-DwM83atc.js                                        0.07 kB │ gzip:     0.09 kB
dist/assets/ExtScramFace_090_14-BZwJaEkb.js                                        0.07 kB │ gzip:     0.09 kB
dist/assets/ExtScramFace_090_15-B7-as_tB.js                                        0.07 kB │ gzip:     0.09 kB
dist/assets/ExtScramFace_090_16-r-7TTweE.js                                        0.07 kB │ gzip:     0.09 kB
dist/assets/ExtScramFace_090_18-BVAHgJwO.js                                        0.07 kB │ gzip:     0.09 kB
dist/assets/ExtScramFace_090_19-BJU3H7wn.js                                        0.07 kB │ gzip:     0.09 kB
dist/assets/ExtScramFace_090_20-DBAIChXC.js                                        0.07 kB │ gzip:     0.09 kB
dist/assets/ExtScramFace_090_21-DGrEAEYh.js                                        0.07 kB │ gzip:     0.09 kB
dist/assets/ExtScramFace_090_22-2XOqgsDy.js                                        0.07 kB │ gzip:     0.09 kB
dist/assets/ExtScramFace_090_23-DHplHvB6.js                                        0.07 kB │ gzip:     0.09 kB
dist/assets/ExtScramFace_090_24-2Pjk3ZMj.js                                        0.07 kB │ gzip:     0.09 kB
dist/assets/IntScramFace_090_22-CAL2PKO-.js                                        0.07 kB │ gzip:     0.09 kB
dist/assets/IntScramFace_090_24-XMN1xoDP.js                                        0.07 kB │ gzip:     0.09 kB
dist/assets/Arrangedface_090_24-CsZzIF0J.js                                        0.07 kB │ gzip:     0.09 kB
dist/assets/5-5-barrelstorage_10-Dtbw36mU.js                                       0.07 kB │ gzip:     0.09 kB
dist/assets/5-5-barrelstorage_11-MRGj1DQh.js                                       0.07 kB │ gzip:     0.09 kB
dist/assets/5-5-barrelstorage_12-CAsMI-Hi.js                                       0.07 kB │ gzip:     0.09 kB
dist/assets/6-1-parkinggarage_10-QOpmtvu3.js                                       0.07 kB │ gzip:     0.09 kB
dist/assets/6-1-parkinggarage_11-DMaA-ivx.js                                       0.07 kB │ gzip:     0.09 kB
dist/assets/6-1-parkinggarage_12-B2rWKaHM.js                                       0.07 kB │ gzip:     0.09 kB
dist/assets/6-5-exhibitionhall_1-DZDHx-xI.js                                       0.07 kB │ gzip:     0.09 kB
dist/assets/6-5-exhibitionhall_2-Dg0NyP_s.js                                       0.07 kB │ gzip:     0.09 kB
dist/assets/6-5-exhibitionhall_3-BlJHEvoE.js                                       0.07 kB │ gzip:     0.09 kB
dist/assets/6-5-exhibitionhall_4-C8UFKdop.js                                       0.07 kB │ gzip:     0.09 kB
dist/assets/6-5-exhibitionhall_5-CxjSTbSC.js                                       0.07 kB │ gzip:     0.09 kB
dist/assets/6-5-exhibitionhall_6-DyP7vs1n.js                                       0.07 kB │ gzip:     0.09 kB
dist/assets/6-5-exhibitionhall_7-CqFK9IyC.js                                       0.07 kB │ gzip:     0.09 kB
dist/assets/6-5-exhibitionhall_8-C_v4zEsz.js                                       0.07 kB │ gzip:     0.09 kB
dist/assets/6-5-exhibitionhall_9-mKQ0JR-5.js                                       0.07 kB │ gzip:     0.09 kB
dist/assets/5-airport_terminal_1-BWd6GSIy.js                                       0.07 kB │ gzip:     0.09 kB
dist/assets/5-airport_terminal_2-BOQv362A.js                                       0.07 kB │ gzip:     0.09 kB
dist/assets/5-airport_terminal_3-C2pXhJiF.js                                       0.07 kB │ gzip:     0.09 kB
dist/assets/5-airport_terminal_4-c6C6SkQ_.js                                       0.07 kB │ gzip:     0.09 kB
dist/assets/5-airport_terminal_5-DR_XxfQ9.js                                       0.07 kB │ gzip:     0.09 kB
dist/assets/5-airport_terminal_6-Bp7L7geu.js                                       0.07 kB │ gzip:     0.09 kB
dist/assets/5-airport_terminal_7-B-tHnV0l.js                                       0.07 kB │ gzip:     0.09 kB
dist/assets/5-airport_terminal_8-CQMsVb5N.js                                       0.07 kB │ gzip:     0.09 kB
dist/assets/5-airport_terminal_9-B2TzP5p8.js                                       0.07 kB │ gzip:     0.09 kB
dist/assets/0.56_hoofed-gemsbok1-Dqgu_xEi.js                                       0.08 kB │ gzip:     0.10 kB
dist/assets/0.88_bear-brownbear1-B8lcZU1w.js                                       0.08 kB │ gzip:     0.09 kB
dist/assets/1.07_hoofed-chamois1-BIjwTJ6y.js                                       0.08 kB │ gzip:     0.10 kB
dist/assets/1.10_hoofed-reindeer-BmkjjoWs.js                                       0.08 kB │ gzip:     0.10 kB
dist/assets/2.07_water-crocodile-Cw3_xrU_.js                                       0.08 kB │ gzip:     0.10 kB
dist/assets/0.67_WM2032HS_angled-GZpO8ZUP.js                                       0.08 kB │ gzip:     0.10 kB
dist/assets/1.45_bird-roadrunner-CO-MMYmF.js                                       0.08 kB │ gzip:     0.10 kB
dist/assets/003_wb_006d_bodyreed-0CoartpU.js                                       0.08 kB │ gzip:     0.10 kB
dist/assets/004_wb_007d_bodyreed-D-WXgMd6.js                                       0.08 kB │ gzip:     0.10 kB
dist/assets/005_wb_011d_bodyreed-BQAaJK_0.js                                       0.08 kB │ gzip:     0.10 kB
dist/assets/009_wb_021d_bodyreed-CdiDgSvC.js                                       0.08 kB │ gzip:     0.10 kB
dist/assets/013_sb_006d_bodyreed-CdXSt5Mn.js                                       0.08 kB │ gzip:     0.10 kB
dist/assets/014_sb_007d_bodyreed-quNCtCTM.js                                       0.08 kB │ gzip:     0.10 kB
dist/assets/015_sb_011d_bodyreed-BgqoI8sJ.js                                       0.08 kB │ gzip:     0.10 kB
dist/assets/019_sb_021d_bodyreed-BqEbbfZF.js                                       0.08 kB │ gzip:     0.10 kB
dist/assets/3-2-anechoicchamber_1-DcUK7ssj.js                                      0.08 kB │ gzip:     0.10 kB
dist/assets/3-2-anechoicchamber_2-C6xYp8RA.js                                      0.08 kB │ gzip:     0.10 kB
dist/assets/3-2-anechoicchamber_3-lQPqj-a5.js                                      0.08 kB │ gzip:     0.10 kB
dist/assets/3-2-anechoicchamber_4-RiHVHMeS.js                                      0.08 kB │ gzip:     0.10 kB
dist/assets/3-2-anechoicchamber_5-DYChWZhk.js                                      0.08 kB │ gzip:     0.10 kB
dist/assets/3-2-anechoicchamber_6-B0lxgeqU.js                                      0.08 kB │ gzip:     0.10 kB
dist/assets/3-2-anechoicchamber_7-Pu7ioqZj.js                                      0.08 kB │ gzip:     0.10 kB
dist/assets/3-2-anechoicchamber_8-C5oy-Bsl.js                                      0.08 kB │ gzip:     0.10 kB
dist/assets/3-2-anechoicchamber_9-vt4oDyrY.js                                      0.08 kB │ gzip:     0.10 kB
dist/assets/6-5-exhibitionhall_10-CYn_fxg2.js                                      0.08 kB │ gzip:     0.10 kB
dist/assets/6-5-exhibitionhall_11-Cs5YwPi1.js                                      0.08 kB │ gzip:     0.10 kB
dist/assets/6-5-exhibitionhall_12-B_Q9nO4g.js                                      0.08 kB │ gzip:     0.10 kB
dist/assets/5-airport_terminal_10-DhDJDcMQ.js                                      0.08 kB │ gzip:     0.09 kB
dist/assets/5-airport_terminal_11-CywFTHtH.js                                      0.08 kB │ gzip:     0.09 kB
dist/assets/5-airport_terminal_12-CTDhU3w4.js                                      0.08 kB │ gzip:     0.09 kB
dist/assets/5-airport_terminal_13-0DqwDCp8.js                                      0.08 kB │ gzip:     0.09 kB
dist/assets/5-airport_terminal_14-NImdz-0h.js                                      0.08 kB │ gzip:     0.09 kB
dist/assets/5-airport_terminal_15-Co5XW-i9.js                                      0.08 kB │ gzip:     0.09 kB
dist/assets/5-airport_terminal_16-CkgOjx1s.js                                      0.08 kB │ gzip:     0.09 kB
dist/assets/0.94_cow-waterbuffalo-CatlY5AF.js                                      0.08 kB │ gzip:     0.10 kB
dist/assets/0.86_300px-Barnevogn2-ClzY84hB.js                                      0.08 kB │ gzip:     0.10 kB
dist/assets/0.63_bird-hummingbird-CiUfhS-b.js                                      0.08 kB │ gzip:     0.09 kB
dist/assets/1.37_insect-butterfly-BWgnLr9_.js                                      0.08 kB │ gzip:     0.10 kB
dist/assets/1.46_computer mouse-CXrrxDdJ.js                                        0.08 kB │ gzip:     0.10 kB
dist/assets/NoInternalFace_090_01-hvXq0T8W.js                                      0.08 kB │ gzip:     0.10 kB
dist/assets/NoInternalFace_090_02-C3WwAXpd.js                                      0.08 kB │ gzip:     0.10 kB
dist/assets/NoInternalFace_090_03-K4FwK6zS.js                                      0.08 kB │ gzip:     0.10 kB
dist/assets/NoInternalFace_090_04-BolvCpwb.js                                      0.08 kB │ gzip:     0.10 kB
dist/assets/NoInternalFace_090_05-CZyemv35.js                                      0.08 kB │ gzip:     0.10 kB
dist/assets/NoInternalFace_090_07-Du687t7M.js                                      0.08 kB │ gzip:     0.10 kB
dist/assets/NoInternalFace_090_08-Cc7whnjX.js                                      0.08 kB │ gzip:     0.10 kB
dist/assets/NoInternalFace_090_09-B5ggt8zE.js                                      0.08 kB │ gzip:     0.09 kB
dist/assets/NoInternalFace_090_10-KjbfGMtD.js                                      0.08 kB │ gzip:     0.10 kB
dist/assets/NoInternalFace_090_12-CPklm9Mj.js                                      0.08 kB │ gzip:     0.10 kB
dist/assets/NoInternalFace_090_14-md_EURGa.js                                      0.08 kB │ gzip:     0.10 kB
dist/assets/NoInternalFace_090_15-BcmN34LX.js                                      0.08 kB │ gzip:     0.10 kB
dist/assets/NoInternalFace_090_16-DuEV_RDL.js                                      0.08 kB │ gzip:     0.10 kB
dist/assets/NoInternalFace_090_18-BUdli-Cp.js                                      0.08 kB │ gzip:     0.10 kB
dist/assets/NoInternalFace_090_19-DdbGL_0s.js                                      0.08 kB │ gzip:     0.10 kB
dist/assets/NoInternalFace_090_20-CKh8KU0M.js                                      0.08 kB │ gzip:     0.10 kB
dist/assets/NoInternalFace_090_21-CjnGjjIk.js                                      0.08 kB │ gzip:     0.10 kB
dist/assets/NoInternalFace_090_22-WymqPmLH.js                                      0.08 kB │ gzip:     0.10 kB
dist/assets/NoInternalFace_090_23-Dalci42_.js                                      0.08 kB │ gzip:     0.10 kB
dist/assets/NoInternalFace_090_24-CNNraFWL.js                                      0.08 kB │ gzip:     0.10 kB
dist/assets/3-2-anechoicchamber_10-DQFX_Xww.js                                     0.08 kB │ gzip:     0.10 kB
dist/assets/3-2-anechoicchamber_11-DkLvRXnL.js                                     0.08 kB │ gzip:     0.10 kB
dist/assets/3-2-anechoicchamber_12-DXSGJpHu.js                                     0.08 kB │ gzip:     0.10 kB
dist/assets/1.05_cow-waterbuffalo1-yTNSckwe.js                                     0.08 kB │ gzip:     0.10 kB
dist/assets/1.26_hoofed-wildebeest-IWGvXHIz.js                                     0.08 kB │ gzip:     0.10 kB
dist/assets/1.44_insect-butterfly9-46PhGfNC.js                                     0.08 kB │ gzip:     0.10 kB
dist/assets/0.85_hoofed-damagazelle-wVPR0mJN.js                                    0.08 kB │ gzip:     0.10 kB
dist/assets/Horizon_EX44_Elliptical-CWUxZWLK.js                                    0.08 kB │ gzip:     0.10 kB
dist/assets/010_wb_021new2_bodyreed-DdDsCXH4.js                                    0.08 kB │ gzip:     0.10 kB
dist/assets/021_inv_wb_001_bodyreed-CmWhvyB2.js                                    0.08 kB │ gzip:     0.10 kB
dist/assets/022_inv_wb_005_bodyreed-BKgCsT_d.js                                    0.08 kB │ gzip:     0.10 kB
dist/assets/026_inv_wb_012_bodyreed-DmxUPVzt.js                                    0.08 kB │ gzip:     0.10 kB
dist/assets/027_inv_wb_014_bodyreed-CEgxljH1.js                                    0.08 kB │ gzip:     0.10 kB
dist/assets/028_inv_wb_020_bodyreed-BAXo2Nf-.js                                    0.08 kB │ gzip:     0.10 kB
dist/assets/020_sb_021new2_bodyreed-Do5VjRIK.js                                    0.08 kB │ gzip:     0.10 kB
dist/assets/031_inv_sb_001_bodyreed-CTBX31xl.js                                    0.08 kB │ gzip:     0.10 kB
dist/assets/032_inv_sb_005_bodyreed-BtTM0L9w.js                                    0.08 kB │ gzip:     0.10 kB
dist/assets/036_inv_sb_012_bodyreed-CSnHMyJ6.js                                    0.08 kB │ gzip:     0.10 kB
dist/assets/037_inv_sb_014_bodyreed-KdBL5dlV.js                                    0.08 kB │ gzip:     0.10 kB
dist/assets/038_inv_sb_020_bodyreed-DcqB54Ck.js                                    0.08 kB │ gzip:     0.10 kB
dist/assets/0.97_hoofed-barbarysheep-kXqOFvDJ.js                                   0.08 kB │ gzip:     0.10 kB
dist/assets/023_inv_wb_006d_bodyreed-BcFltkoJ.js                                   0.08 kB │ gzip:     0.10 kB
dist/assets/024_inv_wb_007d_bodyreed-CyhMEro4.js                                   0.08 kB │ gzip:     0.10 kB
dist/assets/025_inv_wb_011d_bodyreed-BVukU0xg.js                                   0.08 kB │ gzip:     0.10 kB
dist/assets/029_inv_wb_021d_bodyreed-rCjhKq-Z.js                                   0.08 kB │ gzip:     0.10 kB
dist/assets/033_inv_sb_006d_bodyreed-CiQv5Qm7.js                                   0.08 kB │ gzip:     0.10 kB
dist/assets/034_inv_sb_007d_bodyreed-BW1rlPdF.js                                   0.08 kB │ gzip:     0.10 kB
dist/assets/035_inv_sb_011d_bodyreed-Cz4l1eQO.js                                   0.08 kB │ gzip:     0.10 kB
dist/assets/039_inv_sb_021d_bodyreed-1EFgUk4R.js                                   0.08 kB │ gzip:     0.10 kB
dist/assets/0.84_hoofed-sableantelope-Duz6eTfw.js                                  0.08 kB │ gzip:     0.10 kB
dist/assets/1.13_hoofed-mountaingoat1-jN025iFe.js                                  0.08 kB │ gzip:     0.10 kB
dist/assets/1-IntScram_06_nobackground-mIa1Wqre.js                                 0.08 kB │ gzip:     0.10 kB
dist/assets/2-IntScram_07_nobackground-Bquq362K.js                                 0.08 kB │ gzip:     0.10 kB
dist/assets/3-IntScram_08_nobackground-dYbwC9Y4.js                                 0.08 kB │ gzip:     0.10 kB
dist/assets/4-IntScram_10_nobackground-Bekxhj_K.js                                 0.08 kB │ gzip:     0.10 kB
dist/assets/5-IntScram_12_nobackground-D80LSxES.js                                 0.08 kB │ gzip:     0.10 kB
dist/assets/6-IntScram_14_nobackground-CCvNIdcN.js                                 0.08 kB │ gzip:     0.10 kB
dist/assets/7-IntScram_16_nobackground-XFKOqR4H.js                                 0.08 kB │ gzip:     0.10 kB
dist/assets/8-IntScram_18_nobackground-C6Yyft-2.js                                 0.08 kB │ gzip:     0.10 kB
dist/assets/9-IntScram_20_nobackground-8YQ_9Wmt.js                                 0.08 kB │ gzip:     0.10 kB
dist/assets/IntScramFace_090_01 copy-ClkxN9i9.js                                   0.08 kB │ gzip:     0.10 kB
dist/assets/IntScramFace_090_02 copy-CX3HS6sT.js                                   0.08 kB │ gzip:     0.10 kB
dist/assets/IntScramFace_090_03 copy-CHoTHK9y.js                                   0.08 kB │ gzip:     0.10 kB
dist/assets/IntScramFace_090_04 copy-2WPV4pEc.js                                   0.08 kB │ gzip:     0.10 kB
dist/assets/IntScramFace_090_05 copy-CzP14eGs.js                                   0.08 kB │ gzip:     0.10 kB
dist/assets/IntScramFace_090_07 copy-JB57Xjwl.js                                   0.08 kB │ gzip:     0.10 kB
dist/assets/IntScramFace_090_08 copy-DQF8zpd7.js                                   0.08 kB │ gzip:     0.10 kB
dist/assets/IntScramFace_090_09 copy-Bwz8CFIE.js                                   0.08 kB │ gzip:     0.10 kB
dist/assets/IntScramFace_090_10 copy-CyIM1VaF.js                                   0.08 kB │ gzip:     0.10 kB
dist/assets/IntScramFace_090_12 copy-enAC8Kj4.js                                   0.08 kB │ gzip:     0.10 kB
dist/assets/IntScramFace_090_14 copy-BMVU4XLn.js                                   0.08 kB │ gzip:     0.10 kB
dist/assets/IntScramFace_090_15 copy-QNX1zPwR.js                                   0.08 kB │ gzip:     0.10 kB
dist/assets/IntScramFace_090_16 copy-BIKHcKaX.js                                   0.08 kB │ gzip:     0.10 kB
dist/assets/IntScramFace_090_18 copy-DWv1UY89.js                                   0.08 kB │ gzip:     0.10 kB
dist/assets/IntScramFace_090_19 copy-Bj_WdYlQ.js                                   0.08 kB │ gzip:     0.10 kB
dist/assets/IntScramFace_090_20 copy-D1lyLytm.js                                   0.08 kB │ gzip:     0.10 kB
dist/assets/IntScramFace_090_21 copy-CVzYLSDK.js                                   0.08 kB │ gzip:     0.10 kB
dist/assets/IntScramFace_090_23 copy-CZ-j_oPM.js                                   0.08 kB │ gzip:     0.10 kB
dist/assets/Arrangedface_090_01 copy-62Gbi8qa.js                                   0.08 kB │ gzip:     0.10 kB
dist/assets/Arrangedface_090_02 copy-CK6X6uez.js                                   0.08 kB │ gzip:     0.10 kB
dist/assets/Arrangedface_090_03 copy-DdmV8ash.js                                   0.08 kB │ gzip:     0.10 kB
dist/assets/Arrangedface_090_04 copy-B5lVnzbO.js                                   0.08 kB │ gzip:     0.10 kB
dist/assets/Arrangedface_090_05 copy-COgbpRuL.js                                   0.08 kB │ gzip:     0.10 kB
dist/assets/Arrangedface_090_07 copy-CHbgOaR2.js                                   0.08 kB │ gzip:     0.10 kB
dist/assets/Arrangedface_090_08 copy-WXWjURl4.js                                   0.08 kB │ gzip:     0.10 kB
dist/assets/Arrangedface_090_09 copy-BJeLIt46.js                                   0.08 kB │ gzip:     0.10 kB
dist/assets/Arrangedface_090_10 copy-DR359dPi.js                                   0.08 kB │ gzip:     0.10 kB
dist/assets/Arrangedface_090_12 copy-BRaiOKIh.js                                   0.08 kB │ gzip:     0.10 kB
dist/assets/Arrangedface_090_14 copy-Cdo-rm2O.js                                   0.08 kB │ gzip:     0.10 kB
dist/assets/Arrangedface_090_15 copy-0TaiX68w.js                                   0.08 kB │ gzip:     0.10 kB
dist/assets/Arrangedface_090_16 copy-DNYc-bYC.js                                   0.08 kB │ gzip:     0.10 kB
dist/assets/Arrangedface_090_18 copy-cydWvK4Y.js                                   0.08 kB │ gzip:     0.10 kB
dist/assets/Arrangedface_090_19 copy-zb8-Ub6w.js                                   0.08 kB │ gzip:     0.10 kB
dist/assets/Arrangedface_090_20 copy-Cv0v8jPn.js                                   0.08 kB │ gzip:     0.10 kB
dist/assets/Arrangedface_090_21 copy-JzuW8Zag.js                                   0.08 kB │ gzip:     0.10 kB
dist/assets/Arrangedface_090_22 copy-BU4YWbUU.js                                   0.08 kB │ gzip:     0.10 kB
dist/assets/Arrangedface_090_23 copy-CGRtbL-i.js                                   0.08 kB │ gzip:     0.10 kB
dist/assets/1-IntScram_06_nobackground-BXxV5uuE.js                                 0.08 kB │ gzip:     0.10 kB
dist/assets/2-IntScram_07_nobackground-C_TLlHEs.js                                 0.08 kB │ gzip:     0.10 kB
dist/assets/3-IntScram_08_nobackground-CTlprxtM.js                                 0.08 kB │ gzip:     0.10 kB
dist/assets/4-IntScram_10_nobackground-_qTGm4iy.js                                 0.08 kB │ gzip:     0.10 kB
dist/assets/5-IntScram_12_nobackground-8DGwtQza.js                                 0.08 kB │ gzip:     0.10 kB
dist/assets/6-IntScram_14_nobackground-BoYaoA8W.js                                 0.08 kB │ gzip:     0.10 kB
dist/assets/7-IntScram_16_nobackground-DP-Nj0iv.js                                 0.08 kB │ gzip:     0.10 kB
dist/assets/8-IntScram_18_nobackground-DRE8Lnjl.js                                 0.08 kB │ gzip:     0.10 kB
dist/assets/9-IntScram_20_nobackground-CC3fycnl.js                                 0.08 kB │ gzip:     0.10 kB
dist/assets/1.98_water-shark-hammerhead-CG9D9Vl3.js                                0.08 kB │ gzip:     0.10 kB
dist/assets/030_inv_wb_021new2_bodyreed-CYg0M3YH.js                                0.08 kB │ gzip:     0.10 kB
dist/assets/040_inv_sb_021new2_bodyreed-CuR_eNmv.js                                0.08 kB │ gzip:     0.10 kB
dist/assets/10-IntScram_22_nobackground-BeQGh3zb.js                                0.08 kB │ gzip:     0.10 kB
dist/assets/11-IntScram_24_nobackground-DEdPVTHx.js                                0.08 kB │ gzip:     0.10 kB
dist/assets/12-IntScram_26_nobackground-CsHiIefB.js                                0.08 kB │ gzip:     0.10 kB
dist/assets/13-IntScram_28_nobackground-oI3IUwwQ.js                                0.08 kB │ gzip:     0.10 kB
dist/assets/14-IntScram_30_nobackground-DvySHWD0.js                                0.08 kB │ gzip:     0.10 kB
dist/assets/10-IntScram_22_nobackground-CfwCXUG-.js                                0.08 kB │ gzip:     0.10 kB
dist/assets/11-IntScram_24_nobackground-BeXnPliN.js                                0.08 kB │ gzip:     0.10 kB
dist/assets/12-IntScram_26_nobackground-zQrADY7z.js                                0.08 kB │ gzip:     0.10 kB
dist/assets/13-IntScram_28_nobackground-DqpC7IVn.js                                0.08 kB │ gzip:     0.10 kB
dist/assets/14-IntScram_30_nobackground-BoTRU190.js                                0.08 kB │ gzip:     0.10 kB
dist/assets/0.64_Horizon_EX44_Elliptical-BxfuM9su.js                               0.08 kB │ gzip:     0.10 kB
dist/assets/15-IntScram_102_nobackground-6_ZoFBlU.js                               0.08 kB │ gzip:     0.10 kB
dist/assets/16-IntScram_104_nobackground-CwXRWpqJ.js                               0.08 kB │ gzip:     0.10 kB
dist/assets/17-IntScram_106_nobackground-C6NExRt9.js                               0.08 kB │ gzip:     0.10 kB
dist/assets/18-IntScram_109_nobackground-B-DOsGkh.js                               0.08 kB │ gzip:     0.10 kB
dist/assets/19-IntScram_111_nobackground-qB2rD0lV.js                               0.08 kB │ gzip:     0.10 kB
dist/assets/20-IntScram_113_nobackground-D2_Sff-l.js                               0.08 kB │ gzip:     0.10 kB
dist/assets/15-IntScram_102_nobackground-DN9SO6wd.js                               0.08 kB │ gzip:     0.10 kB
dist/assets/16-IntScram_104_nobackground-C-WHbLtE.js                               0.08 kB │ gzip:     0.10 kB
dist/assets/17-IntScram_106_nobackground-B7qH5VfZ.js                               0.08 kB │ gzip:     0.10 kB
dist/assets/18-IntScram_109_nobackground-CO5gQ557.js                               0.08 kB │ gzip:     0.10 kB
dist/assets/19-IntScram_111_nobackground-CCihpVP9.js                               0.08 kB │ gzip:     0.10 kB
dist/assets/20-IntScram_113_nobackground-CLuM5E_0.js                               0.08 kB │ gzip:     0.10 kB
dist/assets/life-fitness-r3-5-lifecycle-recumbent-exercise-bike-Bx9QwoX1.js        0.11 kB │ gzip:     0.12 kB
dist/assets/modulepreload-polyfill-B5Qt9EMX.js                                     0.71 kB │ gzip:     0.40 kB
dist/assets/walkthrough-DQ-OP57x.js                                                2.81 kB │ gzip:     1.35 kB
dist/assets/bp22-BWOdYOYa.js                                                       3.55 kB │ gzip:     1.92 kB
dist/assets/bp14-BmK3B0Pp.js                                                       3.67 kB │ gzip:     1.90 kB
dist/assets/1-1-closet_12-BhZS6Xpz.js                                              3.75 kB │ gzip:     2.68 kB
dist/assets/bp4-B5viP6it.js                                                        3.87 kB │ gzip:     2.22 kB
dist/assets/bp49-DVLZxVkU.js                                                       4.07 kB │ gzip:     2.25 kB
dist/assets/bp47-Cho3CmcY.js                                                       4.15 kB │ gzip:     2.36 kB
dist/assets/bp45-PUjcUzCZ.js                                                       4.18 kB │ gzip:     2.60 kB
dist/assets/bp18-BagbotRD.js                                                       4.21 kB │ gzip:     2.50 kB
dist/assets/bp31-DTEqw50d.js                                                       4.27 kB │ gzip:     2.37 kB
dist/assets/bp46-CbCPIugX.js                                                       4.33 kB │ gzip:     2.50 kB
dist/assets/bp50-DS1dNmEX.js                                                       4.36 kB │ gzip:     2.62 kB
dist/assets/bp20-Cfo9cTfG.js                                                       4.36 kB │ gzip:     2.42 kB
dist/assets/bp40-Bn0KKBiT.js                                                       4.41 kB │ gzip:     2.65 kB
dist/assets/bp43-DfAAA2CU.js                                                       4.42 kB │ gzip:     2.59 kB
dist/assets/bp12-DTDlQOrJ.js                                                       4.47 kB │ gzip:     2.66 kB
dist/assets/bp33-DLbw14iI.js                                                       4.47 kB │ gzip:     2.62 kB
dist/assets/bp34-DNMP748s.js                                                       4.47 kB │ gzip:     2.54 kB
dist/assets/1-1-closet_2-B9U_df6f.js                                               4.47 kB │ gzip:     3.28 kB
dist/assets/1-1-closet_6-2mIBS_Py.js                                               4.47 kB │ gzip:     3.29 kB
dist/assets/bp51-CSszPHsU.js                                                       4.58 kB │ gzip:     2.70 kB
dist/assets/bp16-C6VyHPhS.js                                                       4.60 kB │ gzip:     2.76 kB
dist/assets/bp42-CNDbxVzL.js                                                       4.60 kB │ gzip:     2.55 kB
dist/assets/bp37-DCeHShTE.js                                                       4.60 kB │ gzip:     3.28 kB
dist/assets/bp32-CHkm9TRe.js                                                       4.62 kB │ gzip:     2.68 kB
dist/assets/bp48-u2porSxP.js                                                       4.63 kB │ gzip:     2.81 kB
dist/assets/bp37-C9K4NSgt.js                                                       4.64 kB │ gzip:     2.49 kB
dist/assets/bp27-BDFghhTK.js                                                       4.65 kB │ gzip:     2.78 kB
dist/assets/bp23-MLtitlXW.js                                                       4.78 kB │ gzip:     2.89 kB
dist/assets/bp29-DAUKTzXq.js                                                       4.83 kB │ gzip:     2.99 kB
dist/assets/bp36-lAn64eaT.js                                                       4.84 kB │ gzip:     3.02 kB
dist/assets/bp11-BP7zT-Tv.js                                                       4.91 kB │ gzip:     3.01 kB
dist/assets/bp10-CcBfImBS.js                                                       4.94 kB │ gzip:     3.14 kB
dist/assets/bp13-DBWShYLk.js                                                       4.96 kB │ gzip:     3.11 kB
dist/assets/bp2-DS0Z7Pw5.js                                                        4.99 kB │ gzip:     2.96 kB
dist/assets/bp44-mEe6vsSW.js                                                       5.00 kB │ gzip:     3.18 kB
dist/assets/bp7-DAFbInqQ.js                                                        5.06 kB │ gzip:     3.19 kB
dist/assets/bp38-B7AhDyJ_.js                                                       5.10 kB │ gzip:     3.11 kB
dist/assets/bp39-CWfcLvER.js                                                       5.10 kB │ gzip:     2.96 kB
dist/assets/bp21-CFYKic-m.js                                                       5.10 kB │ gzip:     3.22 kB
dist/assets/bp15-D7QUkxH8.js                                                       5.14 kB │ gzip:     3.32 kB
dist/assets/bp26-DOEApY2O.js                                                       5.19 kB │ gzip:     3.15 kB
dist/assets/1-1-closet_9-DKnNQfx-.js                                               5.19 kB │ gzip:     3.84 kB
dist/assets/bp17-CIGqDw0S.js                                                       5.26 kB │ gzip:     3.30 kB
dist/assets/bp5-BGwABPy3.js                                                        5.27 kB │ gzip:     3.20 kB
dist/assets/1-1-closet_8-CsjqPj6a.js                                               5.27 kB │ gzip:     3.93 kB
dist/assets/bp1-fqWsUOE7.js                                                        5.36 kB │ gzip:     3.41 kB
dist/assets/1-1-closet_10-CRuW_EqK.js                                              5.36 kB │ gzip:     3.96 kB
dist/assets/pixplace49-I5Ci8l-d.js                                                 5.38 kB │ gzip:     4.10 kB
dist/assets/1-1-closet_4-CZbAYx32.js                                               5.44 kB │ gzip:     4.03 kB
dist/assets/bp9-Cv5YcdG-.js                                                        5.50 kB │ gzip:     3.45 kB
dist/assets/DownOutlined-CMNsLD-j.js                                              13.66 kB │ gzip:     5.50 kB
dist/assets/scoredboardQuality-D-a-fJ6P.js                                        18.66 kB │ gzip:     6.24 kB
dist/assets/linear-H-r9_2yh.js                                                    27.70 kB │ gzip:    10.37 kB
dist/assets/transform-DdjN_Fve.js                                                 41.68 kB │ gzip:    14.19 kB
dist/assets/roicard-hS0RJTeD.js                                                  127.54 kB │ gzip:    28.43 kB
dist/assets/scoreboardQuantitative-DgE1b8i2.js                                   143.17 kB │ gzip:    44.28 kB
dist/assets/index-AmPEgN8S.js                                                    162.30 kB │ gzip:    52.19 kB
dist/assets/imagePreviewGrid-Bf5Blok2.js                                         225.48 kB │ gzip:    71.73 kB
dist/assets/labWholeBrain-ditjKHIX.js                                            260.53 kB │ gzip:    80.35 kB
dist/assets/FormGroup-BG7ruzxx.js                                                542.60 kB │ gzip:   163.69 kB
dist/assets/lab-Cr6Uyu_V.js                                                      565.66 kB │ gzip:    82.10 kB
dist/assets/main-D7fcgpQr.js                                                     601.15 kB │ gzip:   152.89 kB
dist/assets/clip_rn50_nsd_1000_ffa-BNtOvfUl.js                                 1,571.91 kB │ gzip:   691.76 kB
dist/assets/clip_rn50_nsd_1000_ppa-BrExVeJ8.js                                 1,657.25 kB │ gzip:   722.84 kB
dist/assets/clip_rn50_nsd_1000_eba-DduH03tX.js                                 4,148.21 kB │ gzip: 1,850.01 kB
dist/assets/clip_rn50_murty185_ffa-DXZCH1a-.js                                 4,285.49 kB │ gzip: 1,877.38 kB
dist/assets/clip_rn50_murty185_eba-kq7ZfOoa.js                                 7,441.21 kB │ gzip: 3,284.44 kB
dist/assets/clip_rn50_murty185_ppa-fNfOFXg8.js                                 7,991.17 kB │ gzip: 3,568.33 kB

(!) Some chunks are larger than 500 kB after minification. Consider:
- Using dynamic import() to code-split the application
- Use build.rollupOptions.output.manualChunks to improve chunking: https://rollupjs.org/configuration-options/#output-manualchunks
- Adjust chunk size limit for this warning via build.chunkSizeWarningLimit.
✓ built in 10.85s
